05-22 02:38:01.636 14841 14841 W .bueller.photo: and incorrect proguard optimizations.
05-22 02:38:01.637 14841 14860 W MinervaServiceWrapper: record : MinervaService not yet bound. Buffered Metric Event String. Buffer Size: 1
05-22 02:38:01.648 14841 14860 W com.amazon.bueller.photos/WhatsAppAutoreadPluginHelper: WhatsAppAutoreadPlugin is not supported for this package: com.amazon.bueller.photos
05-22 02:38:01.651 14841 14867 I com.amazon.bueller.photos/DataStorageFactoryImpl: Creating new DataStorageFactoryImpl
05-22 02:38:01.651 14841 14867 I com.amazon.bueller.photos/MAPInitTasks: Get DataStorage instance for initialization
05-22 02:38:01.651 14841 14860 W MinervaServiceWrapper: record : MinervaService not yet bound. Buffered Metric Event String. Buffer Size: 2
05-22 02:38:01.651 14841 14867 I com.amazon.bueller.photos/DataStorageFactoryImpl: Initializing new DataStorage
05-22 02:38:01.653 14841 14867 I com.amazon.bueller.photos/ClientToCentralTrustLogicImpl: Current package is: com.amazon.bueller.photos. Directly trust central package: com.amazon.imp, since it is system MAP library
05-22 02:38:01.657 14841 14867 I com.amazon.bueller.photos/ClientToCentralTrustLogicImpl: Current package is: com.amazon.bueller.photos. Directly trust central package: com.amazon.imp, since it is system MAP library
05-22 02:38:01.660 14841 14867 I com.amazon.bueller.photos/IsolatedModeSwitcher: App does not support client driven runtime isolation.
05-22 02:38:01.661 14841 14867 I com.amazon.bueller.photos/ClientToCentralTrustLogicImpl: Current package is: com.amazon.bueller.photos. Directly trust central package: com.amazon.imp, since it is system MAP library
05-22 02:38:01.663 14841 14867 I com.amazon.bueller.photos/ClientToCentralTrustLogicImpl: Current package is: com.amazon.bueller.photos. Directly trust central package: com.amazon.imp, since it is system MAP library
05-22 02:38:01.667 14841 14867 I com.amazon.bueller.photos/DeviceAttributeCache: Setting device attribute CentralAPK to true
05-22 02:38:01.668 14841 14867 I com.amazon.bueller.photos/DataStorageFactoryImpl: Creating and using new NonCanonicalDataStorage
05-22 02:38:01.670 14841 14867 I com.amazon.bueller.photos/LocalKeyValueStore: Create DE shared preference, OS supports direct boot.
05-22 02:38:01.671 14841 14867 I com.amazon.bueller.photos/MAPInitTasks: Initialize DataStorage instance
05-22 02:38:01.671 14841 14867 I com.amazon.bueller.photos/MAPInitTasks: Setup DataStorage instance
05-22 02:38:01.672 14841 14867 I com.amazon.bueller.photos/ClientToCentralTrustLogicImpl: Current package is: com.amazon.bueller.photos. Directly trust central package: com.amazon.imp, since it is system MAP library
05-22 02:38:01.678 14841 14867 I chatty  : uid=10077(com.amazon.bueller.photos) identical 7 lines
05-22 02:38:01.681 14841 14867 I com.amazon.bueller.photos/ClientToCentralTrustLogicImpl: Current package is: com.amazon.bueller.photos. Directly trust central package: com.amazon.imp, since it is system MAP library
05-22 02:38:01.683 14841 14867 I com.amazon.bueller.photos/IsolatedModeSwitcher: App does not support client driven runtime isolation.
05-22 02:38:01.706 14841 14867 I com.amazon.bueller.photos/AmazonSerialNumber: MAP Client side on FireOS 7+ calls IPC to get the DSN.
05-22 02:38:01.715   951  1202 I com.amazon.imp/SSODeviceInfo[0]: Amazon Device Info will try to get central device serial
05-22 02:38:01.715   951  1202 I com.amazon.imp/AmazonDeviceSecurityFactoryImpl[0]: Use device hardware auth.
05-22 02:38:01.722 14841 14867 I com.amazon.bueller.photos/LocalKeyValueStore: Create DE shared preference, OS supports direct boot.
05-22 02:38:01.724 14841 14867 I com.amazon.bueller.photos/LocalKeyValueStore: Create DE shared preference, OS supports direct boot.
05-22 02:38:01.726   305   305 W IMGMemtrackHAL: hal_get_memory: memtrack cache rebuild was required
05-22 02:38:01.727 14841 14867 I com.amazon.bueller.photos/LocalKeyValueStore: Create DE shared preference, OS supports direct boot.
05-22 02:38:01.728 14841 14867 I com.amazon.bueller.photos/LocalKeyValueStore: Create DE shared preference, OS supports direct boot.
05-22 02:38:01.753 14841 14867 I com.amazon.bueller.photos/ClientToCentralTrustLogicImpl: Current package is: com.amazon.bueller.photos. Directly trust central package: com.amazon.imp, since it is system MAP library
05-22 02:38:01.756 14841 14867 I com.amazon.bueller.photos/ClientToCentralTrustLogicImpl: Current package is: com.amazon.bueller.photos. Directly trust central package: com.amazon.imp, since it is system MAP library
05-22 02:38:01.758 14841 14867 I com.amazon.bueller.photos/MAPInitTasks: Start update legacy authportal domain in database if needed
05-22 02:38:01.764 14841 14867 I .bueller.photo: Rejecting re-init on previously-failed class java.lang.Class<com.amazon.identity.auth.device.framework.LWASSOPluginHelper$LWASSODependencyImpl>: java.lang.NoClassDefFoundError: Failed resolution of: Lcom/amazon/identity/mobi/lwasso/api/LWASSODependency;
05-22 02:38:01.765 14841 14867 I .bueller.photo:   at void com.amazon.identity.auth.device.framework.MAPInitTasks.performInitOperations() (MAPInitTasks.java:125)
05-22 02:38:01.765 14841 14867 I .bueller.photo:   at void com.amazon.identity.auth.device.api.MAPInit$2.run() (MAPInit.java:1)
05-22 02:38:01.765 14841 14867 I .bueller.photo:   at void com.amazon.identity.auth.device.utils.ThreadUtils$1.run() (ThreadUtils.java:2)
05-22 02:38:01.765 14841 14867 I .bueller.photo:   at void java.util.concurrent.ThreadPoolExecutor.runWorker(java.util.concurrent.ThreadPoolExecutor$Worker) (ThreadPoolExecutor.java:1167)
05-22 02:38:01.765 14841 14867 I .bueller.photo:   at void java.util.concurrent.ThreadPoolExecutor$Worker.run() (ThreadPoolExecutor.java:641)
05-22 02:38:01.765 14841 14867 I .bueller.photo:   at void java.lang.Thread.run() (Thread.java:764)
05-22 02:38:01.765 14841 14867 I .bueller.photo: Caused by: java.lang.ClassNotFoundException: Didn't find class "com.amazon.identity.mobi.lwasso.api.LWASSODependency" on path: DexPathList[[zip file "/system/framework/com.amazon.identity.auth.device.jar", zip file "/system/priv-app/MetricsApi/MetricsApi.apk", zip file "/system/framework/retaildemoapi.jar", zip file "/system/priv-app/DeviceMessagingAndroidSDK/DeviceMessagingAndroidSDK.apk", zip file "/system/priv-app/MinervaApi/MinervaApi.apk", zip file "/data/app/com.amazon.bueller.photos-AwmZxIAb0Lk7_JV6vKe80w==/base.apk"],nativeLibraryDirectories=[/data/app/com.amazon.bueller.photos-AwmZxIAb0Lk7_JV6vKe80w==/lib/arm, /data/app/com.amazon.bueller.photos-AwmZxIAb0Lk7_JV6vKe80w==/base.apk!/lib/armeabi-v7a, /system/priv-app/MetricsApi/MetricsApi.apk!/lib/armeabi-v7a, /system/priv-app/DeviceMessagingAndroidSDK/DeviceMessagingAndroidSDK.apk!/lib/armeabi-v7a, /system/priv-app/MinervaApi/MinervaApi.apk!/lib/armeabi-v7a, /system/lib]]
05-22 02:38:01.765 14841 14867 I .bueller.photo:   at java.lang.Class dalvik.system.BaseDexClassLoader.findClass(java.lang.String) (BaseDexClassLoader.java:134)
05-22 02:38:01.765 14841 14867 I .bueller.photo:   at java.lang.Class java.lang.ClassLoader.loadClass(java.lang.String, boolean) (ClassLoader.java:379)
05-22 02:38:01.765 14841 14867 I .bueller.photo:   at java.lang.Class java.lang.ClassLoader.loadClass(java.lang.String) (ClassLoader.java:312)
05-22 02:38:01.765 14841 14867 I .bueller.photo:   at void com.amazon.identity.auth.device.framework.MAPInitTasks.performInitOperations() (MAPInitTasks.java:125)
05-22 02:38:01.765 14841 14867 I .bueller.photo:   at void com.amazon.identity.auth.device.api.MAPInit$2.run() (MAPInit.java:1)
05-22 02:38:01.765 14841 14867 I .bueller.photo:   at void com.amazon.identity.auth.device.utils.ThreadUtils$1.run() (ThreadUtils.java:2)
05-22 02:38:01.765 14841 14867 I .bueller.photo:   at void java.util.concurrent.ThreadPoolExecutor.runWorker(java.util.concurrent.ThreadPoolExecutor$Worker) (ThreadPoolExecutor.java:1167)
05-22 02:38:01.765 14841 14867 I .bueller.photo:   at void java.util.concurrent.ThreadPoolExecutor$Worker.run() (ThreadPoolExecutor.java:641)
05-22 02:38:01.765 14841 14867 I .bueller.photo:   at void java.lang.Thread.run() (Thread.java:764)
05-22 02:38:01.765 14841 14867 I .bueller.photo: 
05-22 02:38:01.765 14841 14867 I .bueller.photo: Rejecting re-init on previously-failed class java.lang.Class<com.amazon.identity.auth.device.framework.LWASSOPluginHelper$LWASSODependencyImpl>: java.lang.NoClassDefFoundError: Failed resolution of: Lcom/amazon/identity/mobi/lwasso/api/LWASSODependency;
05-22 02:38:01.765 14841 14867 I .bueller.photo:   at void com.amazon.identity.auth.device.framework.MAPInitTasks.performInitOperations() (MAPInitTasks.java:125)
05-22 02:38:01.765 14841 14867 I .bueller.photo:   at void com.amazon.identity.auth.device.api.MAPInit$2.run() (MAPInit.java:1)
05-22 02:38:01.765 14841 14867 I .bueller.photo:   at void com.amazon.identity.auth.device.utils.ThreadUtils$1.run() (ThreadUtils.java:2)
05-22 02:38:01.765 14841 14867 I .bueller.photo:   at void java.util.concurrent.ThreadPoolExecutor.runWorker(java.util.concurrent.ThreadPoolExecutor$Worker) (ThreadPoolExecutor.java:1167)
05-22 02:38:01.765 14841 14867 I .bueller.photo:   at void java.util.concurrent.ThreadPoolExecutor$Worker.run() (ThreadPoolExecutor.java:641)
05-22 02:38:01.766 14841 14867 I .bueller.photo:   at void java.lang.Thread.run() (Thread.java:764)
05-22 02:38:01.766 14841 14867 I .bueller.photo: Caused by: java.lang.ClassNotFoundException: Didn't find class "com.amazon.identity.mobi.lwasso.api.LWASSODependency" on path: DexPathList[[zip file "/system/framework/com.amazon.identity.auth.device.jar", zip file "/system/priv-app/MetricsApi/MetricsApi.apk", zip file "/system/framework/retaildemoapi.jar", zip file "/system/priv-app/DeviceMessagingAndroidSDK/DeviceMessagingAndroidSDK.apk", zip file "/system/priv-app/MinervaApi/MinervaApi.apk", zip file "/data/app/com.amazon.bueller.photos-AwmZxIAb0Lk7_JV6vKe80w==/base.apk"],nativeLibraryDirectories=[/data/app/com.amazon.bueller.photos-AwmZxIAb0Lk7_JV6vKe80w==/lib/arm, /data/app/com.amazon.bueller.photos-AwmZxIAb0Lk7_JV6vKe80w==/base.apk!/lib/armeabi-v7a, /system/priv-app/MetricsApi/MetricsApi.apk!/lib/armeabi-v7a, /system/priv-app/DeviceMessagingAndroidSDK/DeviceMessagingAndroidSDK.apk!/lib/armeabi-v7a, /system/priv-app/MinervaApi/MinervaApi.apk!/lib/armeabi-v7a, /system/lib]]
05-22 02:38:01.766 14841 14867 I .bueller.photo:   at java.lang.Class dalvik.system.BaseDexClassLoader.findClass(java.lang.String) (BaseDexClassLoader.java:134)
05-22 02:38:01.766 14841 14867 I .bueller.photo:   at java.lang.Class java.lang.ClassLoader.loadClass(java.lang.String, boolean) (ClassLoader.java:379)
05-22 02:38:01.766 14841 14867 I .bueller.photo:   at java.lang.Class java.lang.ClassLoader.loadClass(java.lang.String) (ClassLoader.java:312)
05-22 02:38:01.766 14841 14867 I .bueller.photo:   at void com.amazon.identity.auth.device.framework.MAPInitTasks.performInitOperations() (MAPInitTasks.java:125)
05-22 02:38:01.766 14841 14867 I .bueller.photo:   at void com.amazon.identity.auth.device.api.MAPInit$2.run() (MAPInit.java:1)
05-22 02:38:01.766 14841 14867 I .bueller.photo:   at void com.amazon.identity.auth.device.utils.ThreadUtils$1.run() (ThreadUtils.java:2)
05-22 02:38:01.766 14841 14867 I .bueller.photo:   at void java.util.concurrent.ThreadPoolExecutor.runWorker(java.util.concurrent.ThreadPoolExecutor$Worker) (ThreadPoolExecutor.java:1167)
05-22 02:38:01.766 14841 14867 I .bueller.photo:   at void java.util.concurrent.ThreadPoolExecutor$Worker.run() (ThreadPoolExecutor.java:641)
05-22 02:38:01.766 14841 14867 I .bueller.photo:   at void java.lang.Thread.run() (Thread.java:764)
05-22 02:38:01.766 14841 14867 I .bueller.photo: 
05-22 02:38:01.768 14841 14867 W com.amazon.bueller.photos/WhatsAppAutoreadPluginHelper: WhatsAppAutoreadPlugin is not supported for this package: com.amazon.bueller.photos
05-22 02:38:01.770 14841 14867 W MinervaServiceWrapper: record : MinervaService not yet bound. Buffered Metric Event String. Buffer Size: 3
05-22 02:38:01.791 14841 14841 W Java7Support: Unable to load JDK7 types (annotations, java.nio.file.Path): no Java7 support added
05-22 02:38:01.838 14841 14876 I com.amazon.bueller.photos/LocalKeyValueStore: Create DE shared preference, OS supports direct boot.
05-22 02:38:01.848   951 14877 I com.amazon.imp/CustomerAttributeStoreLogic[0]: Callback with value empty: false
05-22 02:38:01.852 14841 14876 I com.amazon.bueller.photos/LocalKeyValueStore: Create DE shared preference, OS supports direct boot.
05-22 02:38:01.864 14841 14876 I com.amazon.bueller.photos/LocalKeyValueStore: Create DE shared preference, OS supports direct boot.
05-22 02:38:01.896 14841 14841 I AmznGallery__RemoteConfigurationManager: Cancelling previous jobs.
05-22 02:38:01.900 14841 14841 I AmznGallery__ScheduledJobsManager: Registering initial job services
05-22 02:38:01.917 14841 14863 I AmznGallery__MapAccountPreferences: Non-member mode check supported. isNonMemberMode: false
05-22 02:38:01.936 14841 14863 I AmznGallery__PhotosAppDisablePreferences: Successfully synchronized app-disabled setting.
05-22 02:38:01.940 14841 14841 I AmznGallery__RemoteConfigurationManager: Adding to job scheduler.
05-22 02:38:01.941 14841 14882 I AmznGallery__MapAccountPreferences: Non-member mode check supported. isNonMemberMode: false
05-22 02:38:01.943 14841 14841 I AmznGallery__RemoteConfigurationManager: 1 remote config fetch jobs scheduled
05-22 02:38:01.950 14841 14895 W JobInfo : Requested interval +10m0s0ms for job 5235 is too small; raising to +15m0s0ms
05-22 02:38:01.990   951 14877 I com.amazon.imp/CustomerAttributeStoreLogic[0]: Callback with value empty: false
05-22 02:38:01.999 14841 14841 I LauncherLibrary: Received trim memory warning. Level 15
05-22 02:38:02.000 14841 14863 I AmznGallery__MinervaChildProfileFilter: canRecordMetric = true
05-22 02:38:02.010 14841 14876 I AmznGallery__ArcusManager: Skipping remote config sync. Current config was synced recently. Config Id: arn:aws:remote-config:us-west-2:073681691401:appConfig:aqq1sei0
05-22 02:38:02.016 14841 14876 I AmznGallery__MinervaChildProfileFilter: canRecordMetric = true
05-22 02:38:02.016 14841 14841 I AmznGallery__PhotosApplication: Trim Memory level 15
05-22 02:38:02.018 14841 14876 W MinervaServiceWrapper: record : MinervaService not yet bound. Buffered Metric Event String. Buffer Size: 4
05-22 02:38:02.020 14841 14863 W MinervaServiceWrapper: record : MinervaService not yet bound. Buffered Metric Event String. Buffer Size: 5
05-22 02:38:02.041   530   679 W Process : Unable to open /proc/0/status
05-22 02:38:02.056   951 14877 I com.amazon.imp/CustomerAttributeStoreLogic[0]: Callback with value empty: false
05-22 02:38:02.060   530   549 I ActivityManager: Start proc 14909:com.android.proxyhandler/u0a7 for service com.fireos.arcus.proxy/.ArcusProxy
05-22 02:38:02.097 14909 14909 E id.proxyhandle: Not starting debugger since process cannot load the jdwp agent.
05-22 02:38:02.097  1318  1318 I main.wifi_score: dump_wifi_score_ctxt(): is2g=0, is11ac=1, is11ax=0, chan_bw=80, nss=2, bcn_rssi=-52, data_rssi=-59, tx_ok=5634746, tx_failed=53955, cca_idle_pct=99
05-22 02:38:02.097  1318  1318 I main.wifi_score: dump_wifi_score_ctxt(): last_tx_stats: sgi=0, pream=2, mcs=9, ss=2, bw=2
05-22 02:38:02.120 14841 14841 I LauncherLibrary: Received trim memory warning. Level 80
05-22 02:38:02.120 14841 14841 I AmznGallery__PhotosApplication: Trim Memory level 80
05-22 02:38:02.140 14841 14876 I AmznGallery__ArcusManager: Skipping remote config sync. Current config was synced recently. Config Id: arn:aws:remote-config:us-west-2:073681691401:appConfig:au5chxnk
05-22 02:38:02.141 14841 14876 I AmznGallery__MinervaChildProfileFilter: canRecordMetric = true
05-22 02:38:02.149 14841 14882 I AmznGallery__MapAccountPreferences: Non-member mode check supported. isNonMemberMode: false
05-22 02:38:02.170 14909 14909 I id.proxyhandle: The ClassLoaderContext is a special shared library.
05-22 02:38:02.177 14841 14882 I AmznGallery__MapAccountPreferences: Non-member mode check supported. isNonMemberMode: false
05-22 02:38:02.183 14841 14876 I AmznGallery__ArcusManager: Skipping remote config sync. Current config was synced recently. Config Id: arn:aws:remote-config:us-west-2:042058650461:appConfig:admbl7od
05-22 02:38:02.228   530  2301 I ActivityManager: Process com.amazon.bueller.photos (pid 14841) has died: cch+1CEM 
05-22 02:38:02.229   530   550 W libprocessgroup: kill(-14841, 9) failed: No such process
05-22 02:38:02.232   275   275 I Zygote  : Process 14841 exited due to signal 9 (Killed)
05-22 02:38:02.271   530   550 W libprocessgroup: kill(-14841, 9) failed: No such process
05-22 02:38:02.271   530   550 I libprocessgroup: Successfully killed process cgroup uid 10077 pid 14841 in 43ms
05-22 02:38:02.289  1577  5615 I AVSClient: [12] I HTTP2Transport:sendMessagesAndPings:this=0x96ef0800,connectionId=3556581828-1-2,engineType=1:sendingPingRequest,m_state=CONNECTED
05-22 02:38:02.314   951 14877 I com.amazon.imp/TokenJobQueue[0]: Begin executing task GetToken:com.amazon.vizzini/com.amazon.dcp.sso.token.oauth.amazon.access_token
05-22 02:38:02.315   951 14877 I com.amazon.imp/TokenJobQueue[0]: Scheduled running concurrent job GetToken:com.amazon.vizzini/com.amazon.dcp.sso.token.oauth.amazon.access_token.
05-22 02:38:02.315   951 14940 I com.amazon.imp/MAPApplicationInformationQueryer[0]: Populate change for remote MAP info.
05-22 02:38:02.315   951 14940 I com.amazon.imp/MAPApplicationInformationQueryer[0]: CacheContainsPartialResults? true
05-22 02:38:02.319   951 14940 I com.amazon.imp/TokenJobQueue[0]: Finish executing task GetToken:com.amazon.vizzini/com.amazon.dcp.sso.token.oauth.amazon.access_token.
05-22 02:38:02.324  1577  5615 I AVSClient: [12] I HTTP2Transport:sendMessagesAndPings:this=0x96ef0800,connectionId=3556581828-1-2,engineType=1:CreatingPingHandler
05-22 02:38:02.700   305   305 W IMGMemtrackHAL: hal_get_memory: memtrack cache rebuild was required
05-22 02:38:03.722   305   305 W IMGMemtrackHAL: hal_get_memory: memtrack cache rebuild was required
05-22 02:38:04.367  1261  4992 I MinervaRemoteDmlConfigDataProvider: Cached value expired. Syncing with config.
05-22 02:38:04.467  1261  4992 I BatchCreator: enqueueBatchForTransmission - enqueueBatchForTransmission;
05-22 02:38:04.503  1261  4992 I BoundedBatchFileQueue: batch file added: 1779428284499_us-east-1_0001
05-22 02:38:04.664  1261  4992 I BatchCreator: enqueueBatchForTransmission - enqueueBatchForTransmission;
05-22 02:38:04.686  1261  4992 I BoundedBatchFileQueue: batch file added: 1779428284684_us-east-1_0001
05-22 02:38:04.700   305   305 W IMGMemtrackHAL: hal_get_memory: memtrack cache rebuild was required
05-22 02:38:05.561 11818 11818 I chatty  : uid=10334(com.redflix.tvmoderno) expire 54 lines
05-22 02:38:05.570 11818 12547 I chatty  : uid=10334(com.redflix.tvmoderno) pool-2-thread-1 expire 9 lines
05-22 02:38:05.583 11818 12280 I chatty  : uid=10334(com.redflix.tvmoderno) pool-2-thread-8 expire 9 lines
05-22 02:38:05.584 11818 12283 I chatty  : uid=10334(com.redflix.tvmoderno) pool-2-thread-1 expire 9 lines
05-22 02:38:05.588 11818 12067 I chatty  : uid=10334(com.redflix.tvmoderno) pool-2-thread-1 expire 9 lines
05-22 02:38:05.596 11818 13184 I chatty  : uid=10334(com.redflix.tvmoderno) pool-2-thread-1 expire 9 lines
05-22 02:38:05.700   305   305 W IMGMemtrackHAL: hal_get_memory: memtrack cache rebuild was required
05-22 02:38:05.721   530  2339 I ActivityManager: Process com.android.proxyhandler (pid 14909) has died: cch+1CEM 
05-22 02:38:05.721   530   550 W libprocessgroup: kill(-14909, 9) failed: No such process
05-22 02:38:05.721   275   275 I Zygote  : Process 14909 exited due to signal 9 (Killed)
05-22 02:38:05.721   530   550 I libprocessgroup: Successfully killed process cgroup uid 10007 pid 14909 in 0ms
05-22 02:38:06.694   305   305 W IMGMemtrackHAL: hal_get_memory: memtrack cache rebuild was required
05-22 02:38:07.199  1318  1318 I main.wifi_score: dump_wifi_score_ctxt(): is2g=0, is11ac=1, is11ax=0, chan_bw=80, nss=2, bcn_rssi=-52, data_rssi=-56, tx_ok=5634907, tx_failed=53956, cca_idle_pct=99
05-22 02:38:07.199  1318  1318 I main.wifi_score: dump_wifi_score_ctxt(): last_tx_stats: sgi=0, pream=2, mcs=9, ss=2, bw=2
05-22 02:38:07.714   305   305 W IMGMemtrackHAL: hal_get_memory: memtrack cache rebuild was required
05-22 02:38:08.702   305   305 W IMGMemtrackHAL: hal_get_memory: memtrack cache rebuild was required
05-22 02:38:09.719   305   305 W IMGMemtrackHAL: hal_get_memory: memtrack cache rebuild was required
05-22 02:38:10.096  1318  1318 I main.wifi_score: dump_wifi_score_ctxt(): is2g=0, is11ac=1, is11ax=0, chan_bw=80, nss=2, bcn_rssi=-52, data_rssi=-57, tx_ok=5635007, tx_failed=53956, cca_idle_pct=99
05-22 02:38:10.096  1318  1318 I main.wifi_score: dump_wifi_score_ctxt(): last_tx_stats: sgi=0, pream=2, mcs=9, ss=2, bw=2
05-22 02:38:10.445 11818 12068 I chatty  : uid=10334(com.redflix.tvmoderno) pool-2-thread-2 expire 12 lines
05-22 02:38:10.708   530   659 I ArcusSyncManager/AmazonInputManager: onCapabilitiesChanged arcusId: arn:aws:remote-config:us-west-2:148732287600:appConfig:aezitige
05-22 02:38:10.708   530   659 I ArcusSyncManager/AmazonInputManager: onCapabilitiesChanged arcusId: arn:aws:remote-config:us-west-2:148732287600:appConfig:a06u7jxn
05-22 02:38:10.710  2597  2642 I ArcusSyncManager/RemoteDeviceManagerArcus: onCapabilitiesChanged arcusId: arn:aws:remote-config:us-west-2:875023860230:appConfig:aenxb37n
05-22 02:38:10.712  3474  3583 I NetworkMonitorStates: Network capabilities changed: 100, hasValidatedInternet=true, validatedNetworks: [100]
05-22 02:38:10.712  3474  3583 I NetworkMonitorStates: checkInternetState: validatedNetworks=[100], result=Available
05-22 02:38:10.712  3474  3583 I NetworkMonitorStates: updateInternetState: Available -> Available
05-22 02:38:10.722   305   305 W IMGMemtrackHAL: hal_get_memory: memtrack cache rebuild was required
05-22 02:38:11.718   305   305 W IMGMemtrackHAL: hal_get_memory: memtrack cache rebuild was required
05-22 02:38:12.552 11818 11818 I chatty  : uid=10334(com.redflix.tvmoderno) expire 54 lines
05-22 02:38:12.565 11818 12547 I chatty  : uid=10334(com.redflix.tvmoderno) pool-2-thread-1 expire 9 lines
05-22 02:38:12.568 11818 12280 I chatty  : uid=10334(com.redflix.tvmoderno) pool-2-thread-8 expire 9 lines
05-22 02:38:12.572 11818 12283 I chatty  : uid=10334(com.redflix.tvmoderno) pool-2-thread-1 expire 9 lines
05-22 02:38:12.574 11818 13184 I chatty  : uid=10334(com.redflix.tvmoderno) pool-2-thread-1 expire 9 lines
05-22 02:38:12.574 11818 12067 I chatty  : uid=10334(com.redflix.tvmoderno) pool-2-thread-1 expire 15 lines
05-22 02:38:12.731   305   305 W IMGMemtrackHAL: hal_get_memory: memtrack cache rebuild was required
05-22 02:38:13.712   305   305 W IMGMemtrackHAL: hal_get_memory: memtrack cache rebuild was required
05-22 02:38:14.098  1318  1318 I main.wifi_score: dump_wifi_score_ctxt(): is2g=0, is11ac=1, is11ax=0, chan_bw=80, nss=2, bcn_rssi=-58, data_rssi=-59, tx_ok=5635142, tx_failed=53956, cca_idle_pct=99
05-22 02:38:14.099  1318  1318 I main.wifi_score: dump_wifi_score_ctxt(): last_tx_stats: sgi=0, pream=0, mcs=24, ss=0, bw=0
05-22 02:38:14.732   305   305 W IMGMemtrackHAL: hal_get_memory: memtrack cache rebuild was required
05-22 02:38:15.695   305   305 W IMGMemtrackHAL: hal_get_memory: memtrack cache rebuild was required
05-22 02:38:16.716   530  2301 E SELinux : avc:  denied  { see_home_task } for  scontext=u:r:platform_app:s0:c512,c768 tcontext=u:r:system_server:s0 tclass=amazon_policies permissive=0
05-22 02:38:16.717   822  3779 I NwkMonitor.NwkMonitor: foreground app com.redflix.tvmoderno
05-22 02:38:16.720   305   305 W IMGMemtrackHAL: hal_get_memory: memtrack cache rebuild was required
05-22 02:38:17.394   530   631 W BestClock: java.time.DateTimeException: Missing NTP fix
05-22 02:38:17.469   530   631 W BestClock: java.time.DateTimeException: Missing NTP fix
05-22 02:38:17.478   530   632 W BestClock: java.time.DateTimeException: Missing NTP fix
05-22 02:38:17.695   305   305 W IMGMemtrackHAL: hal_get_memory: memtrack cache rebuild was required
05-22 02:38:18.098  1318  1318 I main.wifi_score: dump_wifi_score_ctxt(): is2g=0, is11ac=1, is11ax=0, chan_bw=80, nss=2, bcn_rssi=-58, data_rssi=-58, tx_ok=5635260, tx_failed=53956, cca_idle_pct=99
05-22 02:38:18.098  1318  1318 I main.wifi_score: dump_wifi_score_ctxt(): last_tx_stats: sgi=0, pream=0, mcs=24, ss=0, bw=0
05-22 02:38:18.712   305   305 W IMGMemtrackHAL: hal_get_memory: memtrack cache rebuild was required
05-22 02:38:18.924 11818 11818 I chatty  : uid=10334(com.redflix.tvmoderno) expire 54 lines
05-22 02:38:18.942 11818 12283 I chatty  : uid=10334(com.redflix.tvmoderno) pool-2-thread-1 expire 9 lines
05-22 02:38:18.943 11818 12547 I chatty  : uid=10334(com.redflix.tvmoderno) pool-2-thread-1 expire 9 lines
05-22 02:38:18.944 11818 13184 I chatty  : uid=10334(com.redflix.tvmoderno) pool-2-thread-1 expire 9 lines
05-22 02:38:18.949 11818 12068 I chatty  : uid=10334(com.redflix.tvmoderno) pool-2-thread-2 expire 9 lines
05-22 02:38:18.950 11818 12280 I chatty  : uid=10334(com.redflix.tvmoderno) pool-2-thread-8 expire 9 lines
05-22 02:38:19.715   305   305 W IMGMemtrackHAL: hal_get_memory: memtrack cache rebuild was required
05-22 02:38:20.575 14096 14096 I StockPhotos_LegacyStockPhotoScreens: No prep needed. Item already prepped.
05-22 02:38:20.719   305   305 W IMGMemtrackHAL: hal_get_memory: memtrack cache rebuild was required
05-22 02:38:20.813  1577 14992 I SPCH-Cont_HealthLogger: Current State = {"AlexaCaptionsEnabled":"false","Account":"valid","ProfileValidated":"true","ProfileType":"ADULT","AlexaCaptionsSupported":"true","memoryTotalPss":"16693","DeviceFamily":"SMP","memoryTotalSharedDirty":"504","ActiveSpeechUI":"Classic","ReleaseVersion":"660.0.0","AlexaLegalTermsAccepted":"true","AppVersion":"3.0.21044.0","AlexaExperience":"FULL","SupportsFarField":"false","short_press_overlay_state":"{\"enabled\": true, \"hintsEnabled\": false, \"isChild\": false, \"override\": 0}","memoryAvailable":"243703808","Gateway":"avs-alexa-18-na.amazon.com:443","memoryLow":"true","RemoteSettingsStrategy":"VizArcus","ConnectionState":"CONNECTED","OOBECompleted":"true","memoryTotalPrivateDirty":"10774","str.auto_wake_up_always":"0"}
05-22 02:38:21.709   305   305 W IMGMemtrackHAL: hal_get_memory: memtrack cache rebuild was required
05-22 02:38:22.106  1318  1318 I main.wifi_score: dump_wifi_score_ctxt(): is2g=0, is11ac=1, is11ax=0, chan_bw=80, nss=2, bcn_rssi=-58, data_rssi=-59, tx_ok=5635381, tx_failed=53957, cca_idle_pct=99
05-22 02:38:22.106  1318  1318 I main.wifi_score: dump_wifi_score_ctxt(): last_tx_stats: sgi=0, pream=0, mcs=24, ss=0, bw=0
05-22 02:38:22.696   305   305 W IMGMemtrackHAL: hal_get_memory: memtrack cache rebuild was required
05-22 02:38:23.521 11818 12067 I chatty  : uid=10334(com.redflix.tvmoderno) pool-2-thread-1 expire 12 lines
05-22 02:38:23.575 14096 14096 I Screensaver_CompositeScheduler: Done rendering (hiding) k4.k@4266a71
05-22 02:38:23.578 14096 14096 I Screensaver_CompositeScheduler: Ready to composite k4.k@333f713
05-22 02:38:23.583 14096 14190 I StockPhotos_StockPhotoScreensaverIt: Finished preparing resources
05-22 02:38:23.712   305   305 W IMGMemtrackHAL: hal_get_memory: memtrack cache rebuild was required
05-22 02:38:24.729   305   305 W IMGMemtrackHAL: hal_get_memory: memtrack cache rebuild was required
05-22 02:38:25.732  3474  3583 I NetworkMonitorStates: Network capabilities changed: 100, hasValidatedInternet=true, validatedNetworks: [100]
05-22 02:38:25.733  3474  3583 I NetworkMonitorStates: checkInternetState: validatedNetworks=[100], result=Available
05-22 02:38:25.733  3474  3583 I NetworkMonitorStates: updateInternetState: Available -> Available
05-22 02:38:25.735  2597  2642 I ArcusSyncManager/RemoteDeviceManagerArcus: onCapabilitiesChanged arcusId: arn:aws:remote-config:us-west-2:875023860230:appConfig:aenxb37n
05-22 02:38:25.735   530   659 I ArcusSyncManager/AmazonInputManager: onCapabilitiesChanged arcusId: arn:aws:remote-config:us-west-2:148732287600:appConfig:aezitige
05-22 02:38:25.735   530   659 I ArcusSyncManager/AmazonInputManager: onCapabilitiesChanged arcusId: arn:aws:remote-config:us-west-2:148732287600:appConfig:a06u7jxn
05-22 02:38:25.748   305   305 W IMGMemtrackHAL: hal_get_memory: memtrack cache rebuild was required
05-22 02:38:25.882 11818 11818 I chatty  : uid=10334(com.redflix.tvmoderno) expire 50 lines
05-22 02:38:25.889 11818 12280 I chatty  : uid=10334(com.redflix.tvmoderno) pool-2-thread-8 expire 9 lines
05-22 02:38:25.903 11818 12068 I chatty  : uid=10334(com.redflix.tvmoderno) pool-2-thread-2 expire 7 lines
05-22 02:38:25.916 11818 13184 I chatty  : uid=10334(com.redflix.tvmoderno) pool-2-thread-1 expire 9 lines
05-22 02:38:25.917 11818 12547 I chatty  : uid=10334(com.redflix.tvmoderno) pool-2-thread-1 expire 9 lines
05-22 02:38:25.918 11818 12283 I chatty  : uid=10334(com.redflix.tvmoderno) pool-2-thread-1 expire 15 lines
05-22 02:38:26.709   305   305 W IMGMemtrackHAL: hal_get_memory: memtrack cache rebuild was required
05-22 02:38:27.200  1318  1318 I main.wifi_score: dump_wifi_score_ctxt(): is2g=0, is11ac=1, is11ax=0, chan_bw=80, nss=2, bcn_rssi=-54, data_rssi=-58, tx_ok=5635494, tx_failed=53959, cca_idle_pct=98
05-22 02:38:27.200  1318  1318 I main.wifi_score: dump_wifi_score_ctxt(): last_tx_stats: sgi=0, pream=2, mcs=9, ss=2, bw=2
05-22 02:38:27.716   305   305 W IMGMemtrackHAL: hal_get_memory: memtrack cache rebuild was required
05-22 02:38:28.708   305   305 W IMGMemtrackHAL: hal_get_memory: memtrack cache rebuild was required
05-22 02:38:29.575 14096 14096 I Screensaver_CompositeScheduler: Done rendering (hiding) u2.z@45d753d
05-22 02:38:29.715   305   305 W IMGMemtrackHAL: hal_get_memory: memtrack cache rebuild was required
05-22 02:38:30.001  1624  2110 I whad    : Maintenance:sendStitches:groups=StableParticipants localStateHashes=MediaSession&bf21a9e8fbc5a3846fb05b4fa0859e0917b2202f localLastUpdated=MediaSession&79915259355
05-22 02:38:30.097  1318  1318 I main.wifi_score: dump_wifi_score_ctxt(): is2g=0, is11ac=1, is11ax=0, chan_bw=80, nss=2, bcn_rssi=-55, data_rssi=-57, tx_ok=5635634, tx_failed=53960, cca_idle_pct=98
05-22 02:38:30.097  1318  1318 I main.wifi_score: dump_wifi_score_ctxt(): last_tx_stats: sgi=0, pream=2, mcs=9, ss=2, bw=2
05-22 02:38:30.097  1318  1318 I main.wifi_score: cca_idle 98%, bcn_rssi -55, data_rssi -57, per 0% (ok=140, failed=1), AC MCS 9, BW 2 SS 2  780mbps, AMPDU length 64, dur 1167us UDP tput 500mbps.
05-22 02:38:30.097  1318  1318 I main.wifi_score: Score 6, mcs 90 (phyrate cur/min/avg/max= 780/6/779/780 mbps), expected  UDP throughput cur/min/avg/max= 500/1/499/500 mbps.
05-22 02:38:30.218  1624 14838 I whad    : ControlPlaneManager:handleCommand:caller=Libevent,cmd=sendMessage,xmit=1516007258,recv=1515997131,delta=-10127,tss=XX01GE,senderId=XX06AG,tssStale=true
05-22 02:38:30.219  1624 14838 I whad    : Fabric:onMessage:id=Stitch_1faefc0f-a7a0-40d5-892b-e5e793f239d6, name=Stitch, sender=XX06AG
05-22 02:38:30.720   305   305 W IMGMemtrackHAL: hal_get_memory: memtrack cache rebuild was required
05-22 02:38:30.776  1261  1507 E MetricBatchJsonSerializer: Unexpected non-zero timestamp offset detected: -180 minutes. All timestamps should be in UTC.
05-22 02:38:30.779  1261  1507 I chatty  : uid=10044(com.amazon.client.metrics) MnvBchOpnWch_KP identical 12 lines
05-22 02:38:30.780  1261  1507 E MetricBatchJsonSerializer: Unexpected non-zero timestamp offset detected: -180 minutes. All timestamps should be in UTC.
05-22 02:38:30.780  1261  1507 E MetricBatchJsonSerializer: Unexpected non-zero timestamp offset detected: -180 minutes. All timestamps should be in UTC.
05-22 02:38:30.782  1261  1507 E MetricBatchJsonSerializer: Unexpected non-zero timestamp offset detected: -180 minutes. All timestamps should be in UTC.
05-22 02:38:31.035 11818 12068 I chatty  : uid=10334(com.redflix.tvmoderno) pool-2-thread-2 expire 8 lines
05-22 02:38:31.038 11818 11818 I chatty  : uid=10334(com.redflix.tvmoderno) expire 42 lines
05-22 02:38:31.715   305   305 W IMGMemtrackHAL: hal_get_memory: memtrack cache rebuild was required
05-22 02:38:31.738   530  2339 E SELinux : avc:  denied  { see_home_task } for  scontext=u:r:platform_app:s0:c512,c768 tcontext=u:r:system_server:s0 tclass=amazon_policies permissive=0
05-22 02:38:31.739   822  3779 I NwkMonitor.NwkMonitor: foreground app com.redflix.tvmoderno
05-22 02:38:32.436 11818 13184 I chatty  : uid=10334(com.redflix.tvmoderno) pool-2-thread-1 expire 6 lines
05-22 02:38:32.438 11818 12280 I chatty  : uid=10334(com.redflix.tvmoderno) pool-2-thread-8 expire 6 lines
05-22 02:38:32.440 11818 12067 I chatty  : uid=10334(com.redflix.tvmoderno) pool-2-thread-1 expire 6 lines
05-22 02:38:32.446 11818 12547 I chatty  : uid=10334(com.redflix.tvmoderno) pool-2-thread-1 expire 6 lines
05-22 02:38:32.701   305   305 W IMGMemtrackHAL: hal_get_memory: memtrack cache rebuild was required
05-22 02:38:32.746  1387  1400 I NEO_DIAL_SVC: Received HTTP method POST
05-22 02:38:32.748  1387  1400 I NEO_DIAL_SVC: Received request /apps/FireTVRemote
05-22 02:38:32.748  1387  1400 I NEO_DIAL_SVC: handle_app_start, App Id = FireTVRemote:
05-22 02:38:32.748  1387  1400 I NEO_DIAL_SVC: Payload: checking 0 bytes
05-22 02:38:32.778   530  2335 I AmazonProfileService: onWakeUp, reason = [com.amazon.ssdpservice, com.amazon.dialservice], wakefulness = 2
05-22 02:38:32.780   530  2335 I SuspendToRamVendorCallback: Device was woken up
05-22 02:38:32.781   530   559 I SuspendToRamVendorCallback: STR handler's callbacks removed
05-22 02:38:32.782   530  2335 I PowerManagerService: Waking up from dream (uid=1000 reason=[com.amazon.ssdpservice, com.amazon.dialservice])...
05-22 02:38:32.786   530   530 W UsageStatsService: Event reported without a package name
05-22 02:38:32.791   822 24033 I NEODelegate: [com.amazon.ssdpservice, com.amazon.dialservice] acquiring wake lock for 500ms
05-22 02:38:32.793   530   561 I DreamManagerService: Gently waking up from dream.
05-22 02:38:32.794   530   553 I DreamManagerService: Performing gentle wake from dream.
05-22 02:38:32.796  1383  1383 I com_amazon_devicecont..: Proxying wake up event to JavaDCS
05-22 02:38:32.800   530  2335 I AmazonHdmiService: Turning TV on via OTP
05-22 02:38:32.801   530   693 I AmazonHdmiService: OneTouchPlay: Call starting
05-22 02:38:32.807  1387  1400 I NEO_DIAL_SVC: NEO_SERVICE launch: com.amazon.neodelegate, com.amazon.tv.turnstile.LAUNCH_HTTP_SERVER
05-22 02:38:32.808  1383  1383 I com_amazon_devicecont..: Proxying event -> id: WakeUp, value: "[com.amazon.ssdpservice, com.amazon.dialservice]"
05-22 02:38:32.817   530   530 W StillWatchingService: Timer is already running..ignoring this call
05-22 02:38:32.822   530  2339 I DreamManagerService: Leaving dreamland.
05-22 02:38:32.822   530   553 I DreamManagerService: Performing gentle wake from dream.
05-22 02:38:32.823   530   553 I DreamController: Stopping dream: name=ComponentInfo{com.amazon.ftv.screensaver/com.amazon.ftv.screensaver.app.services.ScreensaverService}, isTest=false, canDoze=false, userId=0
05-22 02:38:32.835   822   822 I NwkReceiver.NwkMonitor: screensaver off
05-22 02:38:32.842  1577  1577 I SPCH-Cont_PowerStateChangeReceiver: PowerStateChangeReceiver received android.intent.action.DREAMING_STOPPED
05-22 02:38:32.863  1577  1577 I SPCH-SIM_DefaultDevicePowerStateHelper: Received action android.intent.action.DREAMING_STOPPED
05-22 02:38:32.865  1577  1577 I DTM/provid/ScreenEventProvider: Posting screen interaction event. Is screen off? false
05-22 02:38:32.866  1577  1577 I DTM/event/TimeoutEventHandler: Received event: SCREEN_ON
05-22 02:38:32.882   306   306 I hdmi_cec: [HWCEC] send_message init:4, dest:0, opcode: 0xd, size:0, body[0]=0x0
05-22 02:38:32.902   530   553 I ActivityManager: Force stopping com.amazon.ftv.screensaver appid=10101 user=0: from pid 530
05-22 02:38:32.906   530   553 I ActivityManager: Killing 14096:com.amazon.ftv.screensaver/u0a101 (adj 0): stop com.amazon.ftv.screensaver
05-22 02:38:32.909   530   550 W libprocessgroup: kill(-14096, 9) failed: No such process
05-22 02:38:32.913  1577 14991 I SPCH-SIM_ApplicationStateMonitor: Idle state change detected - false
05-22 02:38:32.919   822  2351 I PeriodicKPIReporter: Shutdown was invoked.
05-22 02:38:32.928   822  2351 I PeriodicKPIReporter: Shutdown was invoked.
05-22 02:38:32.928  1577 15009 I SPCH-SIM_SimDeviceContextContract: Adding device context for Alexa.ApplicationStateReporter.ForegroundApplication, called by com.amazon.vizzini
05-22 02:38:32.929   283   303 I neo_service_coordinat..: Begin launch-service com.amazon.tv.turnstile
05-22 02:38:32.943  1577  2215 I CSM-ProactiveReporter: Context with namespace Alexa.ApplicationStateReporter allowlisted? true. Cloud-configured allowlist available? false. Allowlisted by cloud: false, device override: true, arcus: false
05-22 02:38:32.943  1577  2215 I ContextChangeObserver: Context namespace (Alexa.ApplicationStateReporter) name (ForegroundApplication) passed proactive check. Will schedule ChangeReport.
05-22 02:38:32.943  1577  2215 I CSM-ProactiveReporter: Scheduling new changeReport job for Alexa.ApplicationStateReporter
05-22 02:38:32.946  1577 15010 I CSM-ProactiveReporter: Uninterruptibly waiting for 400
05-22 02:38:32.948   306   306 I hdmi_cec: [HWCEC] send_message end, opcode: 0xd, mResult:0
05-22 02:38:32.948   530   550 W libprocessgroup: kill(-14096, 9) failed: No such process
05-22 02:38:32.953   530   530 I AmazonHdmiServiceUtils: setActiveCecState: jsonCaps: {"activeCecState":"active"}, activeCecState: active, isCecSink:true
05-22 02:38:32.953   530   530 W Looper  : Slow dispatch took 136ms main h=android.os.Handler c=com.android.server.hdmi.HdmiControlService$BinderService$4@4ddf38b m=0
05-22 02:38:32.967   306   306 I hdmi_cec: [HWCEC] send_message init:4, dest:15, opcode: 0x82, size:2, body[0]=0x40
05-22 02:38:32.969   530   553 W Looper  : Slow dispatch took 147ms android.fg h=com.android.server.dreams.DreamManagerService$DreamHandler c=com.android.server.dreams.DreamManagerService$3@b373c68 m=0
05-22 02:38:32.972 15011 15011 I neo_init: Updating the OOM score to: 800.
05-22 02:38:32.992  1383  1383 I com_amazon_devicecont..: DART: Battery level capability published: false
05-22 02:38:32.992  1383  1383 I com_amazon_devicecont..: DART: Capability not yet published, skipping reporting job scheduling
05-22 02:38:32.993   530   550 W libprocessgroup: kill(-14096, 9) failed: No such process
05-22 02:38:33.001   530   547 W Process : Unable to open /proc/0/status
05-22 02:38:33.019   530   623 W InputDispatcher: channel '44b84ab Sys2023:dream (server)' ~ Consumer closed input channel or an error occurred.  events=0x9
05-22 02:38:33.020   530   623 E InputDispatcher: channel '44b84ab Sys2023:dream (server)' ~ Channel is unrecoverably broken and will be disposed!
05-22 02:38:33.022   530  2454 I WindowManager: WIN DEATH: Window{44b84ab u0 Sys2023:dream}
05-22 02:38:33.023 15011 15011 E neo_init: Unable to dlopen shared_lib: dlopen failed: library "/system/priv-app/com.amazon.tv.turnstile/lib/arm/libcom_amazon_tv_turnstile.so" not found. Exit.
05-22 02:38:33.023   275   275 I Zygote  : Process 14096 exited due to signal 9 (Killed)
05-22 02:38:33.028   530   549 I ActivityManager: Start proc 15012:com.amazon.tv.devicecontrol/u0a147 for broadcast com.amazon.tv.devicecontrol/.nativedcs.NativeDelegateReceiver
05-22 02:38:33.030   530  2454 W InputDispatcher: Attempted to unregister already unregistered input channel '44b84ab Sys2023:dream (server)'
05-22 02:38:33.038   530   550 W libprocessgroup: kill(-14096, 9) failed: No such process
05-22 02:38:33.039   530   550 I libprocessgroup: Successfully killed process cgroup uid 10101 pid 14096 in 131ms
05-22 02:38:33.069 15011 15011 I neo_init: libcom_amazon_tv_turnstile.so loaded from APK
05-22 02:38:33.070 15011 15011 I Binder  : Attempting to open binder driver with thread_count=4 max_transaction_size=524288 bytes
05-22 02:38:33.070 15011 15011 I Binder  : Opened binder driver
05-22 02:38:33.088   306   306 I hdmi_cec: [HWCEC] send_message end, opcode: 0x82, mResult:0
05-22 02:38:33.088   306   306 I hdmi_cec: [HWCEC] send_message init:4, dest:0, opcode: 0x8e, size:1, body[0]=0x0
05-22 02:38:33.089 15011 15011 I com_amazon_tv_turnsti..: on_create(): Initializing Turnstile Service on FOS!
05-22 02:38:33.102 15011 15011 I com_amazon_tv_turnsti..: Successfully installed AWS LC-RS crypto provider for Rustls
05-22 02:38:33.106   530   701 W AmazonProfileService: Active profile for the package xxx not present for customer Id xxx
05-22 02:38:33.168 15012 15012 E v.devicecontro: Not starting debugger since process cannot load the jdwp agent.
05-22 02:38:33.188   306   306 I hdmi_cec: [HWCEC] send_message end, opcode: 0x8e, mResult:0
05-22 02:38:33.188   306   306 I hdmi_cec: [HWCEC] send_message init:4, dest:0, opcode: 0x8f, size:0, body[0]=0x0
05-22 02:38:33.213   530   548 W AmazonProfileService: Active profile for the package xxx not present for customer Id xxx
05-22 02:38:33.226   530   548 W Looper  : Slow dispatch took 122ms android.ui h=com.android.server.policy.PhoneWindowManager$PolicyHandler c=null m=15
05-22 02:38:33.256   530   555 I AmazonProfileService: Sending broadcast as the package is a non-enabled app
05-22 02:38:33.265  1577  1577 I SPCH-ADW_FireTVDismissStrategy: Not dismissing due to system exiting screensaver.
05-22 02:38:33.268   306   306 I hdmi_cec: [HWCEC] send_message end, opcode: 0x8f, mResult:0
05-22 02:38:33.276 11818 11829 I chatty  : uid=10334(com.redflix.tvmoderno) HeapTaskDaemon expire 1 line
05-22 02:38:33.291 15011 15011 I com_amazon_tv_turnsti..: Successfully loaded arcus
05-22 02:38:33.291 15011 15011 I com_amazon_tv_turnsti..: Arcus was synced before, initializing in a new thread.
05-22 02:38:33.293 15011 15027 I com_amazon_tv_turnsti..: Arcus config is up-to-date, sync is not needed.
05-22 02:38:33.293 15011 15027 I com_amazon_tv_turnsti..: Loading arcus config from desk.
05-22 02:38:33.294 15011 15027 I com_amazon_tv_turnsti..: Successfully initialized arcus
05-22 02:38:33.303   330  1740 W SurfaceFlinger: Attempting to destroy on removed layer: 44b84ab Sys2023:dream#0
05-22 02:38:33.312   310   503 I AudioALSAHardware: +setParameters(): continuous_audio_mode=0
05-22 02:38:33.312   310   503 W AudioALSAHardware: setParameters(), still have param.size() = 1, remain param = "continuous_audio_mode=0"
05-22 02:38:33.312   310   503 I AudioALSAHardware: -setParameters(): continuous_audio_mode=0 
05-22 02:38:33.319   328 14296 I hash_map_utils: key: 'continuous_audio_mode' value: '0'
05-22 02:38:33.333   530   555 W ActivityManager: setHasOverlayUi called on unknown pid: 14096
05-22 02:38:33.329   328 14296 I hash_map_utils: key: 'continuous_audio_mode' value: '0'
05-22 02:38:33.339  1577  1577 I SPCH-Cont_ExternalPlaybackStateManager: Focus already acquired
05-22 02:38:33.341  1577  1577 I SPCH-Cont_ExternalPlaybackStateManager: Media State Update: CODEC_STATE_DETECTION is ACTIVE
05-22 02:38:33.341  1577  1577 I SPCH-Cont_ExternalPlaybackStateManager: no focus change expected, immediately updating context
05-22 02:38:33.341  1577  1577 I SPCH-Cont_ExternalPlaybackStateManager: Getting media context for source CODEC_STATE_DETECTION
05-22 02:38:33.342  1577  1577 I SPCH-Cont_AlexaContextClient: Adding device context namespace: LocalMediaPlayer, name: PlaybackState
05-22 02:38:33.343  1577  1577 I SPCH-SIM_SimDeviceContextContract: Adding device context for LocalMediaPlayer.PlaybackState, called by com.amazon.vizzini
05-22 02:38:33.345   530 15029 W MouseModeService: Switched to same activity:com.redx.tvbox.MainActivity
05-22 02:38:33.375  1577  1577 I SPCH-Cont_ExternalPlaybackStateManager: Focus already acquired
05-22 02:38:33.376  1577 14991 I Vizzini:AppCache: App not found in cache: com.redflix.tvmoderno
05-22 02:38:33.376  1577  1577 I UICM_Service_ForegroundAppMonitor_1.0.60752.0: current foreground app: com.redflix.tvmoderno
05-22 02:38:33.380  1577  1577 W AlexaFocusPackageManagerParser: Package (com.redflix.tvmoderno) has not declared permission (amazon.speech.permission.SEND_DATA_TO_ALEXA) for implicit focus
05-22 02:38:33.383  1577  1577 W AlexaFocusVisualChannelSet: Package (com.redflix.tvmoderno) has not registered a namespace; attempting clear
05-22 02:38:33.384  1577  1577 I AlexaFocusInFocusChannel: Releasing all system focus for com.amazon.vizzini with client null
05-22 02:38:33.384  1577  1577 I AlexaFocusInFocusChannel: No system focus to release for com.amazon.vizzini with client null
05-22 02:38:33.435  1577  2215 I SPCH-SIM_SimStateMachine: Got AlexaEvent in ReadyState
05-22 02:38:33.451   530   530 I AmzHdmiServiceCallback: power status is 0
05-22 02:38:33.454  1577  3092 I SPCH-SIM_SIMSCLSession: sendEvent Alexa:ChangeReport
05-22 02:38:33.454   822   854 I OZ-DCSCEC:HdmiCecAgent: Received message: Source: 0x00; Destination: 0x04; Opcode: 0x90; Params: 0x00
05-22 02:38:33.455   306   306 I hdmi_cec: [HWCEC] send_message init:4, dest:15, opcode: 0x82, size:2, body[0]=0x40
05-22 02:38:33.455  1577  3092 I DeviceEvent: CSMSIM#alexa_event#1#Alexa#ChangeReport#true#false
05-22 02:38:33.455   530   530 I AmazonHdmiServiceUtils: setActiveCecState: jsonCaps: {"activeCecState":"active"}, activeCecState: active, isCecSink:true
05-22 02:38:33.456  1577  3092 I SPCH-SIM_RequestDataMapperController: Adding to mapper, new size 100
05-22 02:38:33.456  1577  3092 I SPCH-EventMetadata: getEndpoint isEndpointSet => false
05-22 02:38:33.459   530   530 I AmazonHdmiService: OneTouchPlay: worked :Result:0
05-22 02:38:33.491  1577  5615 I AVSClient: [12] I HTTP2Transport:sendMessagesAndPings:this=0x96ef0800,connectionId=3556581828-1-2,engineType=1:sendingMessageRequest,m_state=CONNECTED
05-22 02:38:33.492  1577  3328 I AvsMetricRecorder: ACL_MESSAGE_REQUEST_QUEUE metadata: MetricName, MessageRequestEnqueue
05-22 02:38:33.492  1577  3328 I AvsMetricRecorder: ACL_MESSAGE_REQUEST_QUEUE counter metric: CounterValue, 1.0
05-22 02:38:33.494  1577  3328 I AvsMetricRecorder: ACL_MESSAGE_REQUEST_QUEUE metadata: MetricName, MessageRequestDequeue
05-22 02:38:33.494  1577  3328 I AvsMetricRecorder: ACL_MESSAGE_REQUEST_QUEUE metadata: NameSpace, Alexa
05-22 02:38:33.494  1577  3328 I AvsMetricRecorder: ACL_MESSAGE_REQUEST_QUEUE metadata: Name, ChangeReport
05-22 02:38:33.494  1577  3328 I AvsMetricRecorder: ACL_MESSAGE_REQUEST_QUEUE duration metric: TimerValue, 5
05-22 02:38:33.494  1577  3328 I AvsMetricRecorder: ACL_MESSAGE_REQUEST_QUEUE counter metric: CounterValue, 0.0
05-22 02:38:33.496   951 14877 I com.amazon.imp/TokenJobQueue[0]: Begin executing task GetToken:com.amazon.vizzini/com.amazon.dcp.sso.token.oauth.amazon.access_token
05-22 02:38:33.496   951 14877 I com.amazon.imp/TokenJobQueue[0]: Scheduled running concurrent job GetToken:com.amazon.vizzini/com.amazon.dcp.sso.token.oauth.amazon.access_token.
05-22 02:38:33.496   951 14940 I com.amazon.imp/MAPApplicationInformationQueryer[0]: Populate change for remote MAP info.
05-22 02:38:33.496   951 14940 I com.amazon.imp/MAPApplicationInformationQueryer[0]: CacheContainsPartialResults? true
05-22 02:38:33.497  1577  1765 E SPCH-MinervaSchemaStorage: No schema was found for source ACL_MESSAGE_REQUEST_QUEUE
05-22 02:38:33.497  1577  1765 E SPCH-MinervaSchemaRetriever: No schema was found for metric CounterValue in source ACL_MESSAGE_REQUEST_QUEUE
05-22 02:38:33.499  1577  1765 E SPCH-MinervaSchemaStorage: No schema was found for source ACL_MESSAGE_REQUEST_QUEUE
05-22 02:38:33.499  1577  1765 E SPCH-MinervaSchemaRetriever: No schema was found for metric CounterValue in source ACL_MESSAGE_REQUEST_QUEUE
05-22 02:38:33.506   951 14940 I com.amazon.imp/TokenJobQueue[0]: Finish executing task GetToken:com.amazon.vizzini/com.amazon.dcp.sso.token.oauth.amazon.access_token.
05-22 02:38:33.513  1577  5615 I AVSClient: [12] I MessageRequestHandler:create:context=0x96ef0834,messageRequest=0xa7386ac0,connectionId=3556581828-1-2
05-22 02:38:33.520   822   854 I PeriodicKPIReporter: Shutdown was invoked.
05-22 02:38:33.527   283   283 I neo_service_coordinat..: ServiceRecord: Hardcoded config for service: com.amazon.tv.turnstile oom_score: 100 priority: 0 cgroup: Cgroup { cpuset: Foreground, cpuctl: None }
05-22 02:38:33.529  1577  5614 W AVSClient: [14] W MetricEventBuilder:addDataPointFailed:reason=invalidDataPoint
05-22 02:38:33.531   283   283 I neo_service_coordinat..: Service(com.amazon.tv.turnstile, User(0)) connected
05-22 02:38:33.533 15011 15011 I com_amazon_tv_turnsti..: Turnstile Native received broadcast
05-22 02:38:33.533 15011 15011 I com_amazon_tv_turnsti..: Turnstile Native got http launch intent
05-22 02:38:33.533 15011 15011 I com_amazon_tv_turnsti..: Executing start_local_server_manager() API call.
05-22 02:38:33.533 15011 15011 I com_amazon_tv_turnsti..: Setting inactivity timeout to 300s
05-22 02:38:33.534 15011 15011 I com_amazon_tv_turnsti..: Setting periodic check duration to 900s
05-22 02:38:33.534 15011 15011 I com_amazon_tv_turnsti..: Keeping service running
05-22 02:38:33.534 15011 15011 I com_amazon_tv_turnsti..: Binding to our service to keep it running
05-22 02:38:33.545   283   303 I neo_service_coordinat..: ServiceRecord: Hardcoded config for service: com.amazon.tv.turnstile oom_score: 100 priority: 0 cgroup: Cgroup { cpuset: Foreground, cpuctl: None }
05-22 02:38:33.546 15011 15011 I com_amazon_tv_turnsti..: Scheduling periodic inactivity check
05-22 02:38:33.556   530  2313 I AmazonProfileService: Event is not filtered because it is not in filter key list.
05-22 02:38:33.562   530  2313 I KeyMapManagerUtil: Unknown remote sku id 0. Fetch remote sku id from system property
