05-22 02:38:33.569   822   854 I NeoJobScheduling: Calling scheduleV2 on requestedJobId (1) for service (name=com.amazon.tv.turnstile, uid=10163).
05-22 02:38:33.571   530   623 I AmzPhoneWindowManager: Event is injected by system, discarding it! latency:29
05-22 02:38:33.572   822   854 I NeoJobScheduling: Scheduling job for requesting service: com.amazon.tv.turnstile
05-22 02:38:33.587   822   854 I PeriodicKPIReporter: Shutdown was invoked.
05-22 02:38:33.588   306   306 I hdmi_cec: [HWCEC] send_message end, opcode: 0x82, mResult:0
05-22 02:38:33.588   306   306 I hdmi_cec: [HWCEC] send_message init:4, dest:0, opcode: 0x8e, size:1, body[0]=0x0
05-22 02:38:33.600   822   854 W NeoJobScheduler: jobId 1 from service com.amazon.tv.turnstile with uid 10163 could not be found
05-22 02:38:33.606   822   854 W NeoJobScheduler: jobId 1 from service com.amazon.tv.turnstile with uid 10163 could not be found
05-22 02:38:33.641   822   822 I NeoJobService: Creating WorkSchedulingJobService
05-22 02:38:33.649   822   854 I NeoJobScheduler: job 327690613 for service com.amazon.tv.turnstile scheduled Successfully
05-22 02:38:33.650   822   854 I PeriodicKPIReporter: Shutdown was invoked.
05-22 02:38:33.654   822   822 I NeoJobService: Previously scheduled work is now starting. JobId: 327690613
05-22 02:38:33.657   822   854 I NeoJobScheduling: # of scheduled jobs by the delegate service / total: 7 / 33
05-22 02:38:33.659   822   854 I PeriodicKPIReporter: Shutdown was invoked.
05-22 02:38:33.660   822   854 I PeriodicKPIReporter: Shutdown was invoked.
05-22 02:38:33.662 15011 15011 I com_amazon_tv_turnsti..: Job: HttpServerInactivityCheck with periodic_interval_millis: 900s scheduled successfully
05-22 02:38:33.662 15011 15011 I com_amazon_tv_turnsti..: Inactivity check scheduled successfully
05-22 02:38:33.663 15011 15011 I com_amazon_tv_turnsti..: Fetching default certificate if needed?
05-22 02:38:33.663 15011 15011 I com_amazon_tv_turnsti..: Default certificate is already available. Skipping!
05-22 02:38:33.669   283   303 I neo_service_coordinat..: ServiceRecord: Hardcoded config for service: com.amazon.tv.turnstile oom_score: 100 priority: 0 cgroup: Cgroup { cpuset: Foreground, cpuctl: None }
05-22 02:38:33.670 15011 15034 I com_amazon_tv_turnsti..: Generating custom certificate if needed?
05-22 02:38:33.670 15011 15034 I com_amazon_tv_turnsti..: Custom certificate is already available. Skipping!
05-22 02:38:33.672   283   303 I neo_service_coordinat..: Job type(start) operation called. [service name=com.amazon.tv.turnstile, job id=1, user=User(0)]
05-22 02:38:33.688   306   306 I hdmi_cec: [HWCEC] send_message end, opcode: 0x8e, mResult:0
05-22 02:38:33.690   822 24033 I PeriodicKPIReporter: Shutdown was invoked.
05-22 02:38:33.691 15011 15011 I com_amazon_tv_turnsti..: Starting Turnstile HTTP server...
05-22 02:38:33.691 15011 15011 I com_amazon_tv_turnsti..: Starting the server with custom certificate.
05-22 02:38:33.692   822 24033 I PeriodicKPIReporter: Shutdown was invoked.
05-22 02:38:33.697  1577  5614 I AVSClient: [14] I MimeResponseSink:onReceiveResponseCode:this=0x96ed9cf0,connectionId=3556581828-1-2,id=AVSEvent-1203,responseCode=200
05-22 02:38:33.697  1577  5614 I AVSClient: [14] I MimeResponseSink:receivedRequestId:this=0x96ed9cf0,connectionId=3556581828-1-2,id=AVSEvent-1203,value=x-amzn-requestid\: 74c987e6-4787-4a3c-be15-41c1b8a33269
05-22 02:38:33.698  1577  5614 I AVSClient: [14] I MimeResponseSink:receivedRequestId:this=0x96ed9cf0,connectionId=3556581828-1-2,id=AVSEvent-1203,value=x-amzn-requestid\: 0affeffffea07b57-000035a2-07f89cdb-d4e454fd49a98e93-6fbdc046-193
05-22 02:38:33.699  1577  5614 I SPCH-SCL_MessageObserverImpl: MessageRequestObserver.onSendCompleted [CSM_06a72aad-2dc8-422a-b695-6072753a92bd_1779428313433.0..CSM_06a72aad-2dc8-422a-b695-6072753a92bd_1779428313433]: SUCCESS
05-22 02:38:33.699  1577  5614 I SPCH-SIM_EventResponseHandler: Finish. Invoking EventCallback for SUCCESS
05-22 02:38:33.700  1577  1577 I CSM-ProactiveReporter: Got result SUCCESS
05-22 02:38:33.700  1577 15010 I CSM-ProactiveReporter: Uninterruptibly waiting for 400
05-22 02:38:33.700  1577  5614 W AVSClient: [14] W LibcurlHTTP2Connection:streamFinished:this=0x96ed4180,streamId=AVSEvent-1203,result=Failed writing received data to disk/application,CURLcode=23
05-22 02:38:33.702 15011 15011 I actix_server::builder: starting 4 workers
05-22 02:38:33.702 15011 15011 I com_amazon_tv_turnsti..: Starting Turnstile HTTP server. Listening on 0.0.0.0:8080
05-22 02:38:33.702 15011 15011 I com_amazon_tv_turnsti..: Starting Turnstile WebSocket server...
05-22 02:38:33.702 15011 15011 I com_amazon_tv_turnsti..: Starting the server with custom certificate.
05-22 02:38:33.703 15011 15035 I actix_server::server: Actix runtime found; starting in Actix runtime
05-22 02:38:33.703 15011 15035 I actix_server::server: starting service: "actix-web-service-0.0.0.0:8080", workers: 4, listening on: 0.0.0.0:8080
05-22 02:38:33.704   822 24033 I PeriodicKPIReporter: Shutdown was invoked.
05-22 02:38:33.712 15011 15037 I com_amazon_tv_turnsti..: [RingMyController] Initializing new instance
05-22 02:38:33.713 15011 15011 I actix_server::builder: starting 4 workers
05-22 02:38:33.713 15011 15011 I com_amazon_tv_turnsti..: Starting Turnstile WebSocket server. Listening on 0.0.0.0:9090
05-22 02:38:33.713 15011 15041 I actix_server::server: Actix runtime found; starting in Actix runtime
05-22 02:38:33.714 15011 15041 I actix_server::server: starting service: "actix-web-service-0.0.0.0:9090", workers: 4, listening on: 0.0.0.0:9090
05-22 02:38:33.718   283   303 I neo_service_coordinat..: ServiceRecord: Hardcoded config for service: com.amazon.tv.turnstile oom_score: 100 priority: 0 cgroup: Cgroup { cpuset: Foreground, cpuctl: None }
05-22 02:38:33.718 15011 15011 E Binder  : oneway call with request object has error(code: 5, PID 0 -> 15011): IPCN_ERR_EOF
05-22 02:38:33.718 15011 15011 I com_amazon_tv_turnsti..: Starting JobHandler (id = 1)
05-22 02:38:33.718 15011 15011 I com_amazon_tv_turnsti..: Handling Http Service Inactivity Check
05-22 02:38:33.718 15011 15011 I com_amazon_tv_turnsti..: Checking if service is inactive
05-22 02:38:33.719 15011 15011 I com_amazon_tv_turnsti..: Service is active, skipping unbinding!
05-22 02:38:33.722   822   854 I NeoJobScheduling: Calling jobFinished on requestedJobId (1) for service (name=com.amazon.tv.turnstile, uid=10163).
05-22 02:38:33.724   283   303 I neo_service_coordinat..: ServiceRecord: Hardcoded config for service: com.amazon.tv.turnstile oom_score: 100 priority: 0 cgroup: Cgroup { cpuset: Foreground, cpuctl: None }
05-22 02:38:33.724   822 15033 I BinderUtils: Binder released from coordinator
05-22 02:38:33.733   822   822 I NeoJobService: Destroying WorkSchedulingJobService
05-22 02:38:33.734   822 15033 I NeoDestroyJobsRunnable: On-Destroy: Service handles released (successes=0, fails=0).
05-22 02:38:33.789 15012 15012 I v.devicecontro: The ClassLoaderContext is a special shared library.
05-22 02:38:33.795 15011 15037 I com_amazon_tv_turnsti..: Subscribing for switch_profile listener...
05-22 02:38:33.798   530  2454 I AmazonProfileService: Registering callback
05-22 02:38:33.800 15012 15012 W v.devicecontro: ClassLoaderContext classpath size mismatch for position 0. expected=0, found=1 (PCL[] | PCL[/system/framework/com.amazon.identity.auth.device.jar*1759628808])
05-22 02:38:33.803 15011 15037 I com_amazon_tv_turnsti..: Checking if migration of client tokens is needed
05-22 02:38:33.803 15011 15037 I com_amazon_tv_turnsti..: Migration is not needed, skipping
05-22 02:38:33.823 15012 15012 I v.devicecontro: The ClassLoaderContext is a special shared library.
05-22 02:38:33.834 15012 15012 W v.devicecontro: ClassLoaderContext classpath size mismatch for position 0. expected=0, found=4 (PCL[] | PCL[/system/framework/com.amazon.identity.auth.device.jar*1759628808:/system/priv-app/DeviceMessagingAndroidInternalSDK/DeviceMessagingAndroidInternalSDK.apk*1700992038:/system/priv-app/MinervaApi/MinervaApi.apk*2651230893:/system/framework/com.amazon.ceviche.sdk.jar*1534895123])
05-22 02:38:33.847 15012 15012 I v.devicecontro: The ClassLoaderContext is a special shared library.
05-22 02:38:33.861 15012 15012 I chatty  : uid=10147(com.amazon.tv.devicecontrol) identical 3 lines
05-22 02:38:33.865 15012 15012 I v.devicecontro: The ClassLoaderContext is a special shared library.
05-22 02:38:33.969 15012 15012 I FireTvDeviceInfo: Device type for model AFTSS is FTV_STICK_SH
05-22 02:38:33.979 15012 15012 I OZ-DCS:SecureSettingsImpl: Register content observer for SecureSettings
05-22 02:38:33.983 15012 15012 I OZ-DCS:SoundSettingsValuesProvider: set settingsValuesChangeCallback
05-22 02:38:34.002 15012 15012 I OZ-MET:MinervaMetrics: Create minerva metrics: ero3/2/0b330400
05-22 02:38:34.002 15012 15072 I OZ-MET:MinervaMetrics: Initializing Minerva in background.
05-22 02:38:34.003 15012 15072 I OZ-MET:MinervaMetrics: Minerva is initialized with v2 client.
05-22 02:38:34.014 15012 15012 I OZ-DCS:ConnectivityEventCallbackImpl: register listeners
05-22 02:38:34.014 15012 15012 I OZ-DCS:ConnectivityManagerWrapper: Register RemoteDevicePairListener: com.amazon.tv.devicecontrol.remotepair.RemoteDevicePairListenerImpl@b903dd6
05-22 02:38:34.014 15012 15012 I OZ-DCS:ConnectivityManagerWrapper: Register RemoteDevicePairListener: com.amazon.tv.devicecontrol.remotepair.RemotePairedStateChangeListener@8c5b857
05-22 02:38:34.014 15012 15012 I OZ-DCS:DependencyInitializer: initialization finished
05-22 02:38:34.021 15012 15012 I OZ-DCS:NativeDelegateReceiver: Received intent: com.amazon.tv.devicecontrol.DELEGATE_CALLBACKS_TO_JAVA_DCS
05-22 02:38:34.021 15012 15012 I OZ-DCS:NativeDelegateReceiver: Handling event: id_wake_up_event
05-22 02:38:34.022 15012 15012 I OZ-DCS:NativeDelegateReceiver: Parsing json: "[com.amazon.ssdpservice, com.amazon.dialservice]"
05-22 02:38:34.024 15012 15072 I OZ-MET:MinervaMetrics: Recording scheduler scheduled. Group id: 8bamlzlc Interval: 5
05-22 02:38:34.032   530   679 W Process : Unable to open /proc/0/status
05-22 02:38:34.050 15012 15012 I OZ-DCS:ProcessStartMetric: Recording DCS process start metric: Intent.com.amazon.tv.devicecontrol.DELEGATE_CALLBACKS_TO_JAVA_DCS.id_wake_up_event.[com.amazon.ssdpservice, com.amazon.dialservice]
05-22 02:38:34.053 15012 15076 I OZ-DCS:DeviceControlApplication: DCS version 1.0.221924.0-nativePersistent_1003665710
05-22 02:38:34.054   530   549 I ActivityManager: Start proc 15080:com.android.proxyhandler/u0a7 for service com.fireos.arcus.proxy/.ArcusProxy
05-22 02:38:34.055 15012 15012 I OZ-DCS:NativeDelegateReceiver: Got wake up event: [com.amazon.ssdpservice, com.amazon.dialservice]
05-22 02:38:34.059 15012 15076 I OZ-DCS:DeviceControlApplication: DCS is not persistent; priming heavy dependencies
05-22 02:38:34.069 15012 15076 I AmazonHdmiServiceManager: AmazonHdmiServiceManager created
05-22 02:38:34.069 15012 15076 I OZ-DCSCEC:HdmiCecAgent: Version: 1.13
05-22 02:38:34.071 15012 15076 I OZ-DCSCEC:HdmiCecAgent: Registering CEC agent with HDMI service
05-22 02:38:34.075 15012 15076 I OZ-DCS:HdmiCecCommandSender: Using real HdmiCecAgent
05-22 02:38:34.079 15080 15080 E id.proxyhandle: Not starting debugger since process cannot load the jdwp agent.
05-22 02:38:34.084 15012 15073 I OZ-MET:MinervaMetricsStore: Counter metric ProcessStart.Intent.com.amazon.tv.devicecontrol.DELEGATE_CALLBACKS_TO_JAVA_DCS.id_wake_up_event.[com.amazon.ssdpservice, com.amazon.dialservice] is stored. Count: 1
05-22 02:38:34.084 15012 15073 I OZ-MET:MinervaMetricsStore: Duration metric NativeDCS.nativeServiceConnectionSuccess is stored
05-22 02:38:34.089 15012 15076 I OZ-DCS:HdmiCecCommandSender: Customer Service:EDID - Raw: 00FFFFFFFFFFFF00410C0000010101010A160103808048782AE692A3544A99260F4A4C21080081800101010101010101010101010101023A801871382D40582C450000D05200001E662150B051001B304070360076F23100001E000000FC005048494C4950530A2020202020000000FD00303E0F4611000A2020202020200144020337F152901F2022210514041312031102160715060126097F05157F508301000070030C004000B82DA02E2EC804014101FFE3050301011D803E73382D407E2C458000D05200001E011D80D0721C1620102C258000D05200009E011D00BC52D01E20B828554000D05200001E011D8018711C1620582C250000D05200009EE2
05-22 02:38:34.091 15012 15076 I OZ-DCS:HdmiCecCommandSender: Customer Service:EDID - Manufacturer Id: PHL Model: 0 Serial: 16843009
05-22 02:38:34.094  1383  1383 I com_amazon_devicecont..: Received blocking call - function code: 25, PID: 15012, UID: 10147
05-22 02:38:34.100  1577 15010 I CSM-ProactiveReporter: Job is done
05-22 02:38:34.101  1318  1318 I main.wifi_score: dump_wifi_score_ctxt(): is2g=0, is11ac=1, is11ax=0, chan_bw=80, nss=2, bcn_rssi=-54, data_rssi=-58, tx_ok=5635821, tx_failed=53960, cca_idle_pct=98
05-22 02:38:34.101  1318  1318 I main.wifi_score: dump_wifi_score_ctxt(): last_tx_stats: sgi=0, pream=2, mcs=9, ss=2, bw=2
05-22 02:38:34.107 15012 15076 I OZ-DCS:DeviceStateProviderManager: initialize provider
05-22 02:38:34.110   822  1613 I PeriodicKPIReporter: Shutdown was invoked.
05-22 02:38:34.110 15012 15076 I OZ-DCS:SelfAddressTracker: Initializing Self Address tracker
05-22 02:38:34.112 15012 15076 I OZ-DCS:SelfAddressTracker: Self address updated : 4.0.0.0
05-22 02:38:34.112 15012 15084 I NativeResponseHandler: Native DCS successfully handled GetAllPreferences responseData exists: true
05-22 02:38:34.112 15012 15073 I OZ-MET:MinervaMetricsStore: Counter metric NativeDCS.nativeServiceInvocationSuccess is stored. Count: 1
05-22 02:38:34.115 15012 15073 I OZ-MET:MinervaMetricsStore: Counter metric NativeDCS.nativeServiceExecutionSuccess.GetAllPreferences is stored. Count: 1
05-22 02:38:34.114 15012 15076 I OZ-DCS:SelfAddressTracker: do not reInit
05-22 02:38:34.116   530   540 I AmazonHdmiService: Get Current HDCP Version
05-22 02:38:34.117   283   283 E neo_service_coordinat..: Failed to release dependency of service: DependencyNotExist { dependency_pid: 15012, target_service: "com.amazon.tv.devicecontrol" }
05-22 02:38:34.119   822  1613 I PeriodicKPIReporter: Shutdown was invoked.
05-22 02:38:34.121 15012 15076 I OZ-DCS:DeviceStateProvider: DP : HDMI_DEVICE -> sink device position: 1
05-22 02:38:34.121 15012 15084 I BinderUtils: Binder released from coordinator
05-22 02:38:34.121 15012 15076 I OZ-DCS:DeviceStateProvider: DP : HDMI_DEVICE -> state: hpd : true hdcp: true
05-22 02:38:34.121 15012 15073 I OZ-MET:MinervaMetricsStore: Duration metric NativeDCS.nativeServiceConnectionSuccess is stored
05-22 02:38:34.121  1383  1383 I com_amazon_devicecont..: Received blocking call - function code: 26, PID: 15012, UID: 10147
05-22 02:38:34.123 15012 15076 I OZ-DCS:DeviceStateProvider: DP : HDMI_DEVICE -> POSTING: DT: TV state: { "power":{"on":0.8,"off":0.2}} timeUpdated: 1779428314122
05-22 02:38:34.125 15080 15080 I id.proxyhandle: The ClassLoaderContext is a special shared library.
05-22 02:38:34.126 15012 15076 I OZ-DCS:DeviceStateProvider: DP : HPD_DEVICE -> hdcp stored state: 1
05-22 02:38:34.128 15012 15076 I OZ-DCS:DeviceStateProvider: DP : HPD_DEVICE -> sink device position: 1
05-22 02:38:34.129 15012 15076 I OZ-DCS:DeviceStateProvider: DP : HPD_DEVICE -> POSTING: DT: TV state: { "power":{"on":0.9,"off":0.1}} timeUpdated: 1779428314128
05-22 02:38:34.132   822 24033 I PeriodicKPIReporter: Shutdown was invoked.
05-22 02:38:34.135 15012 15098 I NativeResponseHandler: Native DCS successfully handled SetPreference
05-22 02:38:34.135 15012 15073 I OZ-MET:MinervaMetricsStore: Counter metric NativeDCS.nativeServiceInvocationSuccess is stored. Count: 2
05-22 02:38:34.136   283   303 E neo_service_coordinat..: Failed to release dependency of service: DependencyNotExist { dependency_pid: 15012, target_service: "com.amazon.tv.devicecontrol" }
05-22 02:38:34.138 15012 15076 I OZ-DCS:WeightProvider: Adjusting weight for provider: HPD_DEVICE with weight: 5
05-22 02:38:34.138 15012 15076 I OZ-DCS:WeightProvider: Adjusting weight for provider: HPD_DEVICE_ONLY_OFF with weight: 0
05-22 02:38:34.139   822 24033 I PeriodicKPIReporter: Shutdown was invoked.
05-22 02:38:34.139 15012 15098 I BinderUtils: Binder released from coordinator
05-22 02:38:34.140 15012 15073 I OZ-MET:MinervaMetricsStore: Counter metric NativeDCS.nativeServiceExecutionSuccess.SetPreference is stored. Count: 1
05-22 02:38:34.143 15012 15076 I OZ-DCSCEC:HdmiCecAgent: Starting scan of sources: [0, 4, 5, 8, 9, 11, 14]
05-22 02:38:34.144 15012 15076 I OZ-DCSCEC:HdmiCecAgent: Registering power state change callback
05-22 02:38:34.144 15012 15076 I OZ-DCSCEC:HdmiCecAgent: Registering active source change listener
05-22 02:38:34.146 15012 15076 I OZ-DCSCEC:HdmiCecAgent: Registering topology change callback
05-22 02:38:34.146 15012 15076 I OZ-DCSCEC:HdmiCecAgent: Registering cec message listener
05-22 02:38:34.125   530   540 I AmazonHdmiService: Get Current HDCP Version
05-22 02:38:34.146   530  2454 E AmazonHdmiService: No handle to TV client
05-22 02:38:34.147   306   306 I hdmi_cec: [HWCEC] send_message init:4, dest:0, opcode: 0x83, size:0, body[0]=0x0
05-22 02:38:34.149   530  2454 I AmazonHdmiService: Get Current HDCP Version
05-22 02:38:34.150 15012 15076 I OZ-DCS:DeviceStateProvider: DP : HDCP_DEVICE -> hdcp stored state: 1
05-22 02:38:34.151 15012 15076 I OZ-DCS:DeviceStateProvider: DP : HDCP_DEVICE -> sink device position: 1
05-22 02:38:34.153 15012 15076 I OZ-DCS:DeviceStateProvider: DP : HDCP_DEVICE -> POSTING: DT: TV state: { "inputs": {HDMI_4=0.9}} timeUpdated: 1779428314152
05-22 02:38:34.155 15012 15076 I OZ-DCS:DeviceStateProvider: DP : HPD_DEVICE_ONLY_OFF -> initializing HPD only off Device Provider....
05-22 02:38:34.157 15012 15076 I OZ-DCS:DeviceStateProvider: DP : HPD_DEVICE_ONLY_OFF -> hdcp stored state: 1
05-22 02:38:34.158 15012 15076 I OZ-DCS:DeviceStateProvider: DP : HPD_DEVICE_ONLY_OFF -> sink device position: 1
05-22 02:38:34.158 15012 15076 I OZ-DCS:DeviceStateProvider: DP : HPD_DEVICE_ONLY_OFF -> Provider reports nothing - invalidating states
05-22 02:38:34.159 15012 15076 I OZ-DCS:DeviceStateProvider: DP : HPD_DEVICE_ONLY_OFF -> POSTING: DT: TV state: { "power":{}} timeUpdated: 1779428314158
05-22 02:38:34.156   530  2454 I AmazonHdmiService: Get Current HDCP Version
05-22 02:38:34.197   530  2335 E AmazonHdmiService: Settings client binder died.
05-22 02:38:34.197   530  2454 I ActivityManager: Process com.amazon.tv.devicecontrol (pid 15012) has died: cch+1CEM 
05-22 02:38:34.198   530   550 W libprocessgroup: kill(-15012, 9) failed: No such process
05-22 02:38:34.198   530   550 I libprocessgroup: Successfully killed process cgroup uid 10147 pid 15012 in 0ms
05-22 02:38:34.199   275   275 I Zygote  : Process 15012 exited due to signal 9 (Killed)
05-22 02:38:34.218   306   306 I hdmi_cec: [HWCEC] send_message end, opcode: 0x83, mResult:0
05-22 02:38:34.380   530   530 I AmzHdmiServiceCallback: power status is 0
05-22 02:38:34.381   822 24033 I OZ-DCSCEC:HdmiCecAgent: Received message: Source: 0x00; Destination: 0x0F; Opcode: 0x84; Params: 0x00:0x00:0x00
05-22 02:38:34.381   822   822 I NEODelegate:AutomaticCecScanner: Received message <132> from address: 0
05-22 02:38:34.381   822   822 I NEODelegate:AutomaticCecScanner: Scanning address: 0
05-22 02:38:34.382   822   822 I NEODelegate:RobustCecScanner: Scanning CEC devices at source: 0
05-22 02:38:34.382   822   822 I OZ-DCSCEC:HdmiCecAgent: Starting scan of sources: [0]
05-22 02:38:34.384   530  1864 E AmazonHdmiService: No handle to TV client
05-22 02:38:34.385   306   306 I hdmi_cec: [HWCEC] send_message init:4, dest:0, opcode: 0x83, size:0, body[0]=0x0
05-22 02:38:34.458   306   306 I hdmi_cec: [HWCEC] send_message end, opcode: 0x83, mResult:0
05-22 02:38:34.640   530   530 I AmzHdmiServiceCallback: power status is 0
05-22 02:38:34.641   822 24033 I OZ-DCSCEC:HdmiCecAgent: Received message: Source: 0x00; Destination: 0x0F; Opcode: 0x84; Params: 0x00:0x00:0x00
05-22 02:38:34.641   822   822 I NEODelegate:AutomaticCecScanner: Received message <132> from address: 0
05-22 02:38:34.641   822   822 I NEODelegate:AutomaticCecScanner: Dropping scan. Address 0 is in cooldown.
05-22 02:38:34.642   530  1864 E AmazonHdmiService: No handle to TV client
05-22 02:38:34.642   306   306 I hdmi_cec: [HWCEC] send_message init:4, dest:0, opcode: 0x8c, size:0, body[0]=0x0
05-22 02:38:34.644   822   822 I OZ-DCSCEC:HdmiCecAgent: [elapsed: 260ms] Processing expected scan response: Source: 0x00; Destination: 0x0F; Opcode: 0x84; Params: 0x00:0x00:0x00
05-22 02:38:34.718   306   306 I hdmi_cec: [HWCEC] send_message end, opcode: 0x8c, mResult:0
05-22 02:38:34.718   306   306 I hdmi_cec: [HWCEC] send_message init:4, dest:0, opcode: 0x46, size:0, body[0]=0x0
05-22 02:38:34.750   822 24033 I PeriodicKPIReporter: Shutdown was invoked.
05-22 02:38:34.751 15011 15037 I actix_web::middleware..: 192.168.0.9 "GET /v1/FireTV/status HTTP/2.0" 200 85 "-" "okhttp/4.10.0" 0.006362
05-22 02:38:34.642   530  1864 I chatty  : uid=1000(system) Binder:530_11 identical 1 line
05-22 02:38:34.643   530  1864 E AmazonHdmiService: No handle to TV client
05-22 02:38:34.770   530  1864 I ActivityManager: Process com.android.proxyhandler (pid 15080) has died: cch+1CEM 
05-22 02:38:34.770   530   550 W libprocessgroup: kill(-15080, 9) failed: No such process
05-22 02:38:34.771   275   275 I Zygote  : Process 15080 exited due to signal 9 (Killed)
05-22 02:38:34.798   306   306 I hdmi_cec: [HWCEC] send_message end, opcode: 0x46, mResult:0
05-22 02:38:34.798   306   306 I hdmi_cec: [HWCEC] send_message init:4, dest:0, opcode: 0x9f, size:0, body[0]=0x0
05-22 02:38:34.812   530   550 W libprocessgroup: kill(-15080, 9) failed: No such process
05-22 02:38:34.813   530   550 I libprocessgroup: Successfully killed process cgroup uid 10007 pid 15080 in 42ms
05-22 02:38:34.998   306   306 I hdmi_cec: [HWCEC] send_message end, opcode: 0x9f, mResult:0
05-22 02:38:35.000   530   530 I AmzHdmiServiceCallback: power status is 0
05-22 02:38:35.002   822 24033 I OZ-DCSCEC:HdmiCecAgent: Received message: Source: 0x00; Destination: 0x0F; Opcode: 0x87; Params: 0x00:0x90:0x3E
05-22 02:38:35.002   822   822 I OZ-DCSCEC:HdmiCecAgent: [elapsed: 361ms] Processing expected scan response: Source: 0x00; Destination: 0x0F; Opcode: 0x87; Params: 0x00:0x90:0x3E
05-22 02:38:35.159   530   530 I AmzHdmiServiceCallback: power status is 0
05-22 02:38:35.160   530   530 W HDMI    : [3]:Unhandled cec command:<Cec Version> 04:9E:05
05-22 02:38:35.162   822 24033 I OZ-DCSCEC:HdmiCecAgent: Received message: Source: 0x00; Destination: 0x04; Opcode: 0x9E; Params: 0x05
05-22 02:38:35.162   306   306 I hdmi_cec: [HWCEC] send_message init:4, dest:0, opcode: 0x0, size:2, body[0]=0x9e
05-22 02:38:35.162   822   822 I OZ-DCSCEC:HdmiCecAgent: [elapsed: 519ms] Processing expected scan response: Source: 0x00; Destination: 0x04; Opcode: 0x9E; Params: 0x05
05-22 02:38:35.298   306   306 I hdmi_cec: [HWCEC] send_message end, opcode: 0x0, mResult:0
05-22 02:38:35.399   530   530 I AmzHdmiServiceCallback: power status is 0
05-22 02:38:35.400   530   530 W HDMI    : [3]:Unhandled cec command:<Set Osd Name> 04:47:54:56
05-22 02:38:35.401   822 24033 I OZ-DCSCEC:HdmiCecAgent: Received message: Source: 0x00; Destination: 0x04; Opcode: 0x47; Params: 0x54:0x56
05-22 02:38:35.401   306   306 I hdmi_cec: [HWCEC] send_message init:4, dest:0, opcode: 0x0, size:2, body[0]=0x47
05-22 02:38:35.402   822   822 I OZ-DCSCEC:HdmiCecAgent: [elapsed: 759ms] Processing expected scan response: Source: 0x00; Destination: 0x04; Opcode: 0x47; Params: 0x54:0x56
05-22 02:38:35.402   822   822 I NEODelegate:RobustCecScanner: Scanning CEC devices at source: 0
05-22 02:38:35.402   822   822 I OZ-DCSCEC:HdmiCecAgent: Starting scan of sources: [0]
05-22 02:38:35.404   530  1864 E AmazonHdmiService: No handle to TV client
05-22 02:38:35.538   306   306 I hdmi_cec: [HWCEC] send_message end, opcode: 0x0, mResult:0
05-22 02:38:35.538   306   306 I hdmi_cec: [HWCEC] send_message init:4, dest:0, opcode: 0x83, size:0, body[0]=0x0
05-22 02:38:35.618   306   306 I hdmi_cec: [HWCEC] send_message end, opcode: 0x83, mResult:0
05-22 02:38:35.800   530   530 I AmzHdmiServiceCallback: power status is 0
05-22 02:38:35.801   822 24033 I OZ-DCSCEC:HdmiCecAgent: Received message: Source: 0x00; Destination: 0x0F; Opcode: 0x84; Params: 0x00:0x00:0x00
05-22 02:38:35.801   822   822 I NEODelegate:AutomaticCecScanner: Received message <132> from address: 0
05-22 02:38:35.802   822   822 I NEODelegate:AutomaticCecScanner: Dropping scan. Address 0 is in cooldown.
05-22 02:38:35.802   530  1864 E AmazonHdmiService: No handle to TV client
05-22 02:38:35.803   306   306 I hdmi_cec: [HWCEC] send_message init:4, dest:0, opcode: 0x8c, size:0, body[0]=0x0
05-22 02:38:35.806   822   822 I OZ-DCSCEC:HdmiCecAgent: [elapsed: 403ms] Processing expected scan response: Source: 0x00; Destination: 0x0F; Opcode: 0x84; Params: 0x00:0x00:0x00
05-22 02:38:35.878   306   306 I hdmi_cec: [HWCEC] send_message end, opcode: 0x8c, mResult:0
05-22 02:38:35.878   306   306 I hdmi_cec: [HWCEC] send_message init:4, dest:0, opcode: 0x46, size:0, body[0]=0x0
05-22 02:38:35.958   306   306 I hdmi_cec: [HWCEC] send_message end, opcode: 0x46, mResult:0
05-22 02:38:35.959   306   306 I hdmi_cec: [HWCEC] send_message init:4, dest:0, opcode: 0x9f, size:0, body[0]=0x0
05-22 02:38:36.158   306   306 I hdmi_cec: [HWCEC] send_message end, opcode: 0x9f, mResult:0
05-22 02:38:35.804   530  1864 I chatty  : uid=1000(system) Binder:530_11 identical 1 line
05-22 02:38:35.805   530  1864 E AmazonHdmiService: No handle to TV client
05-22 02:38:36.160   530   530 I AmzHdmiServiceCallback: power status is 0
05-22 02:38:36.162   822 24033 I OZ-DCSCEC:HdmiCecAgent: Received message: Source: 0x00; Destination: 0x0F; Opcode: 0x87; Params: 0x00:0x90:0x3E
05-22 02:38:36.163   822   822 I OZ-DCSCEC:HdmiCecAgent: [elapsed: 360ms] Processing expected scan response: Source: 0x00; Destination: 0x0F; Opcode: 0x87; Params: 0x00:0x90:0x3E
05-22 02:38:36.302   822 24033 I OZ-DCSCEC:HdmiCecAgent: Received message: Source: 0x00; Destination: 0x04; Opcode: 0x9E; Params: 0x05
05-22 02:38:36.302   306   306 I hdmi_cec: [HWCEC] send_message init:4, dest:0, opcode: 0x0, size:2, body[0]=0x9e
05-22 02:38:36.303   822   822 I OZ-DCSCEC:HdmiCecAgent: [elapsed: 498ms] Processing expected scan response: Source: 0x00; Destination: 0x04; Opcode: 0x9E; Params: 0x05
05-22 02:38:36.438   306   306 I hdmi_cec: [HWCEC] send_message end, opcode: 0x0, mResult:0
05-22 02:38:36.541   822 24033 I OZ-DCSCEC:HdmiCecAgent: Received message: Source: 0x00; Destination: 0x04; Opcode: 0x47; Params: 0x54:0x56
05-22 02:38:36.541   306   306 I hdmi_cec: [HWCEC] send_message init:4, dest:0, opcode: 0x0, size:2, body[0]=0x47
05-22 02:38:36.541   822   822 I OZ-DCSCEC:HdmiCecAgent: [elapsed: 738ms] Processing expected scan response: Source: 0x00; Destination: 0x04; Opcode: 0x47; Params: 0x54:0x56
05-22 02:38:36.542   822   822 I NEODelegate:RobustCecScanner: Discovered 1 CEC device at address: [0]
05-22 02:38:36.542   822   822 I NEODelegate:CecService: CEC scan completed. Found 1 devices: [
05-22 02:38:36.542   822   822 I NEODelegate:CecService: ===========>
05-22 02:38:36.542   822   822 I NEODelegate:CecService: Logical address: 0
05-22 02:38:36.542   822   822 I NEODelegate:CecService: Physical address: 0.0.0.0
05-22 02:38:36.542   822   822 I NEODelegate:CecService: Type: DEVICE_TV
05-22 02:38:36.542   822   822 I NEODelegate:CecService: CEC Vendor id: 36926
05-22 02:38:36.542   822   822 I NEODelegate:CecService: OSD: TV
05-22 02:38:36.542   822   822 I NEODelegate:CecService: CEC version: CEC_VERSION_1_4
05-22 02:38:36.542   822   822 I NEODelegate:CecService: Timestamp: 1779428316541
05-22 02:38:36.542   822   822 I NEODelegate:CecService: <===========]
05-22 02:38:36.678   306   306 I hdmi_cec: [HWCEC] send_message end, opcode: 0x0, mResult:0
05-22 02:38:36.301   530   530 I chatty  : uid=1000 system_server identical 1 line
05-22 02:38:36.539   530   530 I AmzHdmiServiceCallback: power status is 0
05-22 02:38:37.295   530   624 I AmazonProfileService: Event is not filtered because it is not in filter key list.
05-22 02:38:37.295   530   624 I KeyMapManagerUtil: Unknown remote sku id 8. Fetch remote sku id from system property
05-22 02:38:37.295   822 24033 I PeriodicKPIReporter: Shutdown was invoked.
05-22 02:38:37.295  1383  1383 E amzn_neo_service_api:..: handle_key_event_callback: Got empty key-event
05-22 02:38:37.296  1383  1383 I com_amazon_devicecont..: Received Key name: DPAD_CENTER, code: 23, action: 0
05-22 02:38:37.298 15011 15037 I actix_web::middleware..: 192.168.0.9 "POST /v1/FireTV?action=select HTTP/2.0" 200 20 "-" "okhttp/4.10.0" 0.006298
05-22 02:38:37.398  1383  1383 E amzn_neo_service_api:..: handle_key_event_callback: Got empty key-event
05-22 02:38:37.398   530   624 I KeyMapManagerUtil: Unknown remote sku id 8. Fetch remote sku id from system property
05-22 02:38:37.398  1383  1383 I com_amazon_devicecont..: Received Key name: DPAD_CENTER, code: 23, action: 1
05-22 02:38:37.400   822 24033 I PeriodicKPIReporter: Shutdown was invoked.
05-22 02:38:37.402 15011 15037 I actix_web::middleware..: 192.168.0.9 "POST /v1/FireTV?action=select HTTP/2.0" 200 20 "-" "okhttp/4.10.0" 0.006818
05-22 02:38:37.510   530   624 I KeyMapManagerUtil: Unknown remote sku id 8. Fetch remote sku id from system property
05-22 02:38:37.510  1383  1383 E amzn_neo_service_api:..: handle_key_event_callback: Got empty key-event
05-22 02:38:37.511  1383  1383 I com_amazon_devicecont..: Received Key name: DPAD_CENTER, code: 23, action: 0
05-22 02:38:37.511   822 24033 I PeriodicKPIReporter: Shutdown was invoked.
05-22 02:38:37.512 15011 15037 I actix_web::middleware..: 192.168.0.9 "POST /v1/FireTV?action=select HTTP/2.0" 200 20 "-" "okhttp/4.10.0" 0.003907
05-22 02:38:37.527 11818 11818 I chatty  : uid=10334(com.redflix.tvmoderno) expire 50 lines
05-22 02:38:37.539 11818 12280 I chatty  : uid=10334(com.redflix.tvmoderno) pool-2-thread-8 expire 9 lines
05-22 02:38:37.543 11818 13184 I chatty  : uid=10334(com.redflix.tvmoderno) pool-2-thread-1 expire 9 lines
05-22 02:38:37.543 11818 12068 I chatty  : uid=10334(com.redflix.tvmoderno) pool-2-thread-2 expire 9 lines
05-22 02:38:37.545 11818 12067 I chatty  : uid=10334(com.redflix.tvmoderno) pool-2-thread-1 expire 9 lines
05-22 02:38:37.547 11818 12547 I chatty  : uid=10334(com.redflix.tvmoderno) pool-2-thread-1 expire 9 lines
05-22 02:38:37.547 11818 12283 I chatty  : uid=10334(com.redflix.tvmoderno) pool-2-thread-1 expire 16 lines
05-22 02:38:37.687   530   624 I KeyMapManagerUtil: Unknown remote sku id 8. Fetch remote sku id from system property
05-22 02:38:37.688  1383  1383 E amzn_neo_service_api:..: handle_key_event_callback: Got empty key-event
05-22 02:38:37.688  1383  1383 I com_amazon_devicecont..: Received Key name: DPAD_CENTER, code: 23, action: 1
05-22 02:38:37.688   822 24033 I PeriodicKPIReporter: Shutdown was invoked.
05-22 02:38:37.693 15011 15037 I actix_web::middleware..: 192.168.0.9 "POST /v1/FireTV?action=select HTTP/2.0" 200 20 "-" "okhttp/4.10.0" 0.008399
05-22 02:38:38.097  1318  1318 I main.wifi_score: dump_wifi_score_ctxt(): is2g=0, is11ac=1, is11ax=0, chan_bw=80, nss=2, bcn_rssi=-54, data_rssi=-58, tx_ok=5636058, tx_failed=53960, cca_idle_pct=98
05-22 02:38:38.097  1318  1318 I main.wifi_score: dump_wifi_score_ctxt(): last_tx_stats: sgi=0, pream=2, mcs=9, ss=2, bw=2
05-22 02:38:38.110   530   624 I KeyMapManagerUtil: Unknown remote sku id 8. Fetch remote sku id from system property
05-22 02:38:38.111  1383  1383 E amzn_neo_service_api:..: handle_key_event_callback: Got empty key-event
05-22 02:38:38.111  1383  1383 I com_amazon_devicecont..: Received Key name: DPAD_CENTER, code: 23, action: 0
05-22 02:38:38.112   822 24033 I PeriodicKPIReporter: Shutdown was invoked.
05-22 02:38:38.113 15011 15037 I actix_web::middleware..: 192.168.0.9 "POST /v1/FireTV?action=select HTTP/2.0" 200 20 "-" "okhttp/4.10.0" 0.004643
05-22 02:38:38.219   530   624 I KeyMapManagerUtil: Unknown remote sku id 8. Fetch remote sku id from system property
05-22 02:38:38.219  1383  1383 E amzn_neo_service_api:..: handle_key_event_callback: Got empty key-event
05-22 02:38:38.219  1383  1383 I com_amazon_devicecont..: Received Key name: DPAD_CENTER, code: 23, action: 1
05-22 02:38:38.220   822 24033 I PeriodicKPIReporter: Shutdown was invoked.
05-22 02:38:38.223 15011 15037 I actix_web::middleware..: 192.168.0.9 "POST /v1/FireTV?action=select HTTP/2.0" 200 20 "-" "okhttp/4.10.0" 0.005973
05-22 02:38:38.328   530   624 I KeyMapManagerUtil: Unknown remote sku id 8. Fetch remote sku id from system property
05-22 02:38:38.328  1383  1383 E amzn_neo_service_api:..: handle_key_event_callback: Got empty key-event
05-22 02:38:38.329  1383  1383 I com_amazon_devicecont..: Received Key name: DPAD_CENTER, code: 23, action: 0
05-22 02:38:38.330   822 24033 I PeriodicKPIReporter: Shutdown was invoked.
05-22 02:38:38.331 15011 15037 I actix_web::middleware..: 192.168.0.9 "POST /v1/FireTV?action=select HTTP/2.0" 200 20 "-" "okhttp/4.10.0" 0.005384
05-22 02:38:38.378  1577  1577 I SPCH-Cont_ExternalPlaybackStateManager: Getting media context for source CODEC_STATE_DETECTION
05-22 02:38:38.378  1577  1577 I SPCH-Cont_AlexaContextClient: Adding device context namespace: LocalMediaPlayer, name: PlaybackState
05-22 02:38:38.380  1577  1577 I SPCH-SIM_SimDeviceContextContract: Adding device context for LocalMediaPlayer.PlaybackState, called by com.amazon.vizzini
05-22 02:38:38.439   530   624 I KeyMapManagerUtil: Unknown remote sku id 8. Fetch remote sku id from system property
05-22 02:38:38.440  1383  1383 E amzn_neo_service_api:..: handle_key_event_callback: Got empty key-event
05-22 02:38:38.440  1383  1383 I com_amazon_devicecont..: Received Key name: DPAD_CENTER, code: 23, action: 1
05-22 02:38:38.440   822 24033 I PeriodicKPIReporter: Shutdown was invoked.
05-22 02:38:38.442 15011 15037 I actix_web::middleware..: 192.168.0.9 "POST /v1/FireTV?action=select HTTP/2.0" 200 20 "-" "okhttp/4.10.0" 0.004493
05-22 02:38:38.328   530   624 I chatty  : uid=1000(system) InputReader identical 6 lines
05-22 02:38:38.439   530   624 I AmazonProfileService: Event is not filtered because it is not in filter key list.
05-22 02:38:39.432   530   624 I AmazonProfileService: Event not filtered. KPM proceeds the key
05-22 02:38:39.433  1383  1383 E amzn_neo_service_api:..: handle_key_event_callback: Got empty key-event
05-22 02:38:39.433  1383  1383 I com_amazon_devicecont..: Received Key name: BACK, code: 4, action: 0
05-22 02:38:39.433   530   624 I KeyMapManagerUtil: Unknown remote sku id 8. Fetch remote sku id from system property
05-22 02:38:39.534   530   624 I KeyMapManagerUtil: Unknown remote sku id 8. Fetch remote sku id from system property
05-22 02:38:39.534  1383  1383 E amzn_neo_service_api:..: handle_key_event_callback: Got empty key-event
05-22 02:38:39.534  1383  1383 I com_amazon_devicecont..: Received Key name: BACK, code: 4, action: 1
05-22 02:38:39.535   822 24033 I PeriodicKPIReporter: Shutdown was invoked.
05-22 02:38:39.536 15011 15037 I actix_web::middleware..: 192.168.0.9 "POST /v1/FireTV?action=back HTTP/2.0" 200 20 "-" "okhttp/4.10.0" 0.105339
05-22 02:38:40.102   530   539 I system_server: Background concurrent copying GC freed 134770(5MB) AllocSpace objects, 7(332KB) LOS objects, 25% free, 17MB/23MB, paused 500us total 323.514ms
05-22 02:38:40.502  1383  1383 E amzn_neo_service_api:..: handle_key_event_callback: Got empty key-event
05-22 02:38:40.502  1383  1383 I com_amazon_devicecont..: Received Key name: BACK, code: 4, action: 0
05-22 02:38:40.502   530   624 I KeyMapManagerUtil: Unknown remote sku id 8. Fetch remote sku id from system property
05-22 02:38:40.603  1383  1383 E amzn_neo_service_api:..: handle_key_event_callback: Got empty key-event
05-22 02:38:40.604   530   624 I KeyMapManagerUtil: Unknown remote sku id 8. Fetch remote sku id from system property
05-22 02:38:40.604  1383  1383 I com_amazon_devicecont..: Received Key name: BACK, code: 4, action: 1
05-22 02:38:40.608   822 24033 I PeriodicKPIReporter: Shutdown was invoked.
05-22 02:38:40.609 15011 15037 I actix_web::middleware..: 192.168.0.9 "POST /v1/FireTV?action=back HTTP/2.0" 200 20 "-" "okhttp/4.10.0" 0.109906
05-22 02:38:40.690  1383  1383 E amzn_neo_service_api:..: handle_key_event_callback: Got empty key-event
05-22 02:38:40.690  1383  1383 I com_amazon_devicecont..: Received Key name: BACK, code: 4, action: 0
05-22 02:38:40.690   530   624 I KeyMapManagerUtil: Unknown remote sku id 8. Fetch remote sku id from system property
05-22 02:38:40.790  1383  1383 E amzn_neo_service_api:..: handle_key_event_callback: Got empty key-event
05-22 02:38:40.790   530   624 I KeyMapManagerUtil: Unknown remote sku id 8. Fetch remote sku id from system property
05-22 02:38:40.790  1383  1383 I com_amazon_devicecont..: Received Key name: BACK, code: 4, action: 1
05-22 02:38:40.792   822 24033 I PeriodicKPIReporter: Shutdown was invoked.
05-22 02:38:40.793 15011 15037 I actix_web::middleware..: 192.168.0.9 "POST /v1/FireTV?action=back HTTP/2.0" 200 20 "-" "okhttp/4.10.0" 0.106042
05-22 02:38:40.897  1383  1383 E amzn_neo_service_api:..: handle_key_event_callback: Got empty key-event
05-22 02:38:40.898  1383  1383 I com_amazon_devicecont..: Received Key name: BACK, code: 4, action: 0
05-22 02:38:40.898   530   624 I KeyMapManagerUtil: Unknown remote sku id 8. Fetch remote sku id from system property
05-22 02:38:40.999   530   624 I KeyMapManagerUtil: Unknown remote sku id 8. Fetch remote sku id from system property
05-22 02:38:40.999  1383  1383 E amzn_neo_service_api:..: handle_key_event_callback: Got empty key-event
05-22 02:38:40.999  1383  1383 I com_amazon_devicecont..: Received Key name: BACK, code: 4, action: 1
05-22 02:38:41.000   822 24033 I PeriodicKPIReporter: Shutdown was invoked.
05-22 02:38:41.000 15011 15037 I actix_web::middleware..: 192.168.0.9 "POST /v1/FireTV?action=back HTTP/2.0" 200 20 "-" "okhttp/4.10.0" 0.105160
05-22 02:38:41.109   530   624 I KeyMapManagerUtil: Unknown remote sku id 8. Fetch remote sku id from system property
05-22 02:38:41.110  1383  1383 E amzn_neo_service_api:..: handle_key_event_callback: Got empty key-event
05-22 02:38:41.110  1383  1383 I com_amazon_devicecont..: Received Key name: BACK, code: 4, action: 0
05-22 02:38:41.210   530   624 I KeyMapManagerUtil: Unknown remote sku id 8. Fetch remote sku id from system property
05-22 02:38:41.210  1383  1383 E amzn_neo_service_api:..: handle_key_event_callback: Got empty key-event
05-22 02:38:41.211  1383  1383 I com_amazon_devicecont..: Received Key name: BACK, code: 4, action: 1
05-22 02:38:41.212   822 24033 I PeriodicKPIReporter: Shutdown was invoked.
05-22 02:38:41.215 15011 15037 I actix_web::middleware..: 192.168.0.9 "POST /v1/FireTV?action=back HTTP/2.0" 200 20 "-" "okhttp/4.10.0" 0.108725
05-22 02:38:41.940  1383  1383 E amzn_neo_service_api:..: handle_key_event_callback: Got empty key-event
05-22 02:38:41.940  1383  1383 I com_amazon_devicecont..: Received Key name: BACK, code: 4, action: 0
05-22 02:38:41.940   530   624 I KeyMapManagerUtil: Unknown remote sku id 8. Fetch remote sku id from system property
05-22 02:38:42.042   530   624 I KeyMapManagerUtil: Unknown remote sku id 8. Fetch remote sku id from system property
05-22 02:38:42.042  1383  1383 E amzn_neo_service_api:..: handle_key_event_callback: Got empty key-event
05-22 02:38:42.042  1383  1383 I com_amazon_devicecont..: Received Key name: BACK, code: 4, action: 1
05-22 02:38:42.043   822 24033 I PeriodicKPIReporter: Shutdown was invoked.
05-22 02:38:42.046 15011 15037 I actix_web::middleware..: 192.168.0.9 "POST /v1/FireTV?action=back HTTP/2.0" 200 20 "-" "okhttp/4.10.0" 0.106813
05-22 02:38:42.098  1318  1318 I main.wifi_score: dump_wifi_score_ctxt(): is2g=0, is11ac=1, is11ax=0, chan_bw=80, nss=2, bcn_rssi=-54, data_rssi=-58, tx_ok=5636170, tx_failed=53960, cca_idle_pct=98
05-22 02:38:42.099  1318  1318 I main.wifi_score: dump_wifi_score_ctxt(): last_tx_stats: sgi=0, pream=2, mcs=9, ss=2, bw=2
05-22 02:38:42.159  1383  1383 E amzn_neo_service_api:..: handle_key_event_callback: Got empty key-event
05-22 02:38:42.159  1383  1383 I com_amazon_devicecont..: Received Key name: BACK, code: 4, action: 0
05-22 02:38:42.159   530   624 I KeyMapManagerUtil: Unknown remote sku id 8. Fetch remote sku id from system property
05-22 02:38:42.259   530   624 I KeyMapManagerUtil: Unknown remote sku id 8. Fetch remote sku id from system property
05-22 02:38:42.259  1383  1383 E amzn_neo_service_api:..: handle_key_event_callback: Got empty key-event
05-22 02:38:42.259  1383  1383 I com_amazon_devicecont..: Received Key name: BACK, code: 4, action: 1
05-22 02:38:42.259   822 24033 I PeriodicKPIReporter: Shutdown was invoked.
05-22 02:38:42.260 15011 15037 I actix_web::middleware..: 192.168.0.9 "POST /v1/FireTV?action=back HTTP/2.0" 200 20 "-" "okhttp/4.10.0" 0.104235
05-22 02:38:42.371  1383  1383 E amzn_neo_service_api:..: handle_key_event_callback: Got empty key-event
05-22 02:38:42.371  1383  1383 I com_amazon_devicecont..: Received Key name: BACK, code: 4, action: 0
05-22 02:38:42.371   530   624 I KeyMapManagerUtil: Unknown remote sku id 8. Fetch remote sku id from system property
05-22 02:38:42.472  1383  1383 E amzn_neo_service_api:..: handle_key_event_callback: Got empty key-event
05-22 02:38:42.472  1383  1383 I com_amazon_devicecont..: Received Key name: BACK, code: 4, action: 1
05-22 02:38:42.472   530   624 I KeyMapManagerUtil: Unknown remote sku id 8. Fetch remote sku id from system property
05-22 02:38:42.473   822 24033 I PeriodicKPIReporter: Shutdown was invoked.
05-22 02:38:42.474 15011 15037 I actix_web::middleware..: 192.168.0.9 "POST /v1/FireTV?action=back HTTP/2.0" 200 20 "-" "okhttp/4.10.0" 0.105214
05-22 02:38:42.596 11818 11818 I chatty  : uid=10334(com.redflix.tvmoderno) expire 46 lines
05-22 02:38:43.770  2597  2642 I ArcusSyncManager/RemoteDeviceManagerArcus: onCapabilitiesChanged arcusId: arn:aws:remote-config:us-west-2:875023860230:appConfig:aenxb37n
05-22 02:38:43.771  3474  3583 I NetworkMonitorStates: Network capabilities changed: 100, hasValidatedInternet=true, validatedNetworks: [100]
05-22 02:38:43.771  3474  3583 I NetworkMonitorStates: checkInternetState: validatedNetworks=[100], result=Available
05-22 02:38:43.771  3474  3583 I NetworkMonitorStates: updateInternetState: Available -> Available
05-22 02:38:43.774   530   659 I ArcusSyncManager/AmazonInputManager: onCapabilitiesChanged arcusId: arn:aws:remote-config:us-west-2:148732287600:appConfig:aezitige
05-22 02:38:43.775   530   659 I ArcusSyncManager/AmazonInputManager: onCapabilitiesChanged arcusId: arn:aws:remote-config:us-west-2:148732287600:appConfig:a06u7jxn
05-22 02:38:43.941 11818 12067 I chatty  : uid=10334(com.redflix.tvmoderno) pool-2-thread-1 expire 7 lines
05-22 02:38:43.942 11818 12280 I chatty  : uid=10334(com.redflix.tvmoderno) pool-2-thread-8 expire 7 lines
05-22 02:38:43.942 11818 13184 I chatty  : uid=10334(com.redflix.tvmoderno) pool-2-thread-1 expire 7 lines
05-22 02:38:43.944 11818 12547 I chatty  : uid=10334(com.redflix.tvmoderno) pool-2-thread-1 expire 7 lines
05-22 02:38:43.945 11818 12068 I chatty  : uid=10334(com.redflix.tvmoderno) pool-2-thread-2 expire 15 lines
05-22 02:38:46.777  2597  2642 I ArcusSyncManager/RemoteDeviceManagerArcus: onCapabilitiesChanged arcusId: arn:aws:remote-config:us-west-2:875023860230:appConfig:aenxb37n
05-22 02:38:46.779  3474  3583 I NetworkMonitorStates: Network capabilities changed: 100, hasValidatedInternet=true, validatedNetworks: [100]
05-22 02:38:46.779  3474  3583 I NetworkMonitorStates: checkInternetState: validatedNetworks=[100], result=Available
05-22 02:38:46.779  3474  3583 I NetworkMonitorStates: updateInternetState: Available -> Available
05-22 02:38:46.781   530   659 I ArcusSyncManager/AmazonInputManager: onCapabilitiesChanged arcusId: arn:aws:remote-config:us-west-2:148732287600:appConfig:aezitige
05-22 02:38:46.781   530   659 I ArcusSyncManager/AmazonInputManager: onCapabilitiesChanged arcusId: arn:aws:remote-config:us-west-2:148732287600:appConfig:a06u7jxn
05-22 02:38:47.197  1318  1318 I main.wifi_score: dump_wifi_score_ctxt(): is2g=0, is11ac=1, is11ax=0, chan_bw=80, nss=2, bcn_rssi=-56, data_rssi=-60, tx_ok=5636278, tx_failed=53960, cca_idle_pct=99
05-22 02:38:47.197  1318  1318 I main.wifi_score: dump_wifi_score_ctxt(): last_tx_stats: sgi=0, pream=2, mcs=9, ss=2, bw=2
05-22 02:38:47.200  1318  1318 E wlan_stats: rtnetlink recv failure
05-22 02:38:47.200  1318  1318 E wlan_stats: ERROR: Error fetching Kernel stats from driver
05-22 02:38:47.209  1318  1318 I wlan_stats: BMC Stats not supported on the chip
05-22 02:38:47.211  1318  1318 I main.wlan_stats: wlan0:rssi=-60;rssi2=-51;noise=-92;noise2=-92;s_channel=36;txframes=5690238;txfails=53960;txper=0%;txaggr=233 19 0 0 0 0 0 ;rxframes=7073621;rxcrc=938611;rxper=11.7%;rxdrop=343375;phymod=AC;phyrate=780;lasttxrate=24M_BW20;lastrxrate=NSS2_MCS9_BW80;
05-22 02:38:47.211  1318  1318 I main.wlan_stats: tx_packets=0;tx_bytes=0;tx_errors=0;tx_dropped=0;rx_packets=0;rx_bytes=0;rx_errors=0;rx_dropped=0;
05-22 02:38:47.211  1318  1318 I main.wlan_stats: max_rssi=-20;min_rssi=-85;max_noise=-92;min_noise=-92;noise histogram=0 0 0 0 0 0 0 0 0 0 120833;
05-22 02:38:47.213  1318  1318 I main.wlan_stats: ch_busy=1%;ch_idle=99%;ch_tx=1%;ch_rx=0%;total=995575;busy=41053;my_tx=12829;my_rx=9207;tx_ok=100%;tx_fail=0%;tx_retry=0%;rx_ok=93%;rx_fcs=7%;tx_ok=96;tx_fail=0;txretry=0;rx_ok=92;rx_fcs=6;cck_false=0;cck_crc=0;ofdm_false=553;ofdm_crc=3;
05-22 02:38:47.213  1318  1318 I main.wlan_stats: TXRATE=1M, BW20, LP, CCK, BCC ; PER=0; PERCNT=100%;RXRATE=NSS2_MCS9, BW80, SGI, VHT, LDPC; PERCNT=100%;
05-22 02:38:47.213  1318  1318 I main.wlan_stats: process metric stats: num of samples95; beacon rssi: ins=-56, avg=-53; data rssi: ins=-60, avg=-57; data rssi2: ins=-51, avg=-53; noise:  ins=-92, avg=-92; noise2:  ins=-92, avg=-92; idle per: ins=99, sum=9221; max idle per: 99; min idle per: 70; 
05-22 02:38:47.213  1318  1318 I main.wlan_stats: Chip Reset Report: 0-0;1-0;2-0;3-0;4-0;5-0;6-0;7-0;8-0;9-0;10-0;11-0;
05-22 02:38:47.214  1318  1318 I main.wlan_stats: LOGGING RSSI LEVEL: Bcn(Avg 6 bar Ins 5 bar) Dat(Avg 5 bar Avg2 6 bar Ins 5 bar Ins2 6 bar) ChBW: 80Mhz ScreenStat on
05-22 02:38:42.371   530   624 I chatty  : uid=1000(system) InputReader identical 14 lines
05-22 02:38:42.472   530   624 I AmazonProfileService: Event not filtered. KPM proceeds the key
05-22 02:38:47.556   395   487 E storaged: getDiskStats failed with result NOT_SUPPORTED and size 0
05-22 02:38:47.754 11818 12280 I chatty  : uid=10334(com.redflix.tvmoderno) pool-2-thread-8 expire 8 lines
05-22 02:38:47.755 11818 13184 I chatty  : uid=10334(com.redflix.tvmoderno) pool-2-thread-1 expire 8 lines
05-22 02:38:47.786 11818 11818 I chatty  : uid=10334(com.redflix.tvmoderno) expire 48 lines
05-22 02:38:47.801 11818 12067 I chatty  : uid=10334(com.redflix.tvmoderno) pool-2-thread-1 expire 8 lines
05-22 02:38:48.121 11818 12547 I chatty  : uid=10334(com.redflix.tvmoderno) pool-2-thread-1 expire 8 lines
05-22 02:38:48.274 11818 12283 I chatty  : uid=10334(com.redflix.tvmoderno) pool-2-thread-1 expire 17 lines
05-22 02:38:49.778   530  1864 E SELinux : avc:  denied  { see_home_task } for  scontext=u:r:platform_app:s0:c512,c768 tcontext=u:r:system_server:s0 tclass=amazon_policies permissive=0
05-22 02:38:49.779   822  3779 I NwkMonitor.NwkMonitor: foreground app com.redflix.tvmoderno
05-22 02:38:52.779   530  1864 E SELinux : avc:  denied  { see_home_task } for  scontext=u:r:platform_app:s0:c512,c768 tcontext=u:r:system_server:s0 tclass=amazon_policies permissive=0
05-22 02:38:52.780   822  3779 I NwkMonitor.NwkMonitor: foreground app com.redflix.tvmoderno
05-22 02:38:54.162 11818 11818 I chatty  : uid=10334(com.redflix.tvmoderno) expire 54 lines
05-22 02:38:54.179 11818 12547 I chatty  : uid=10334(com.redflix.tvmoderno) pool-2-thread-1 expire 9 lines
05-22 02:38:54.179 11818 12067 I chatty  : uid=10334(com.redflix.tvmoderno) pool-2-thread-1 expire 9 lines
05-22 02:38:54.181 11818 12068 I chatty  : uid=10334(com.redflix.tvmoderno) pool-2-thread-2 expire 9 lines
05-22 02:38:54.185 11818 13184 I chatty  : uid=10334(com.redflix.tvmoderno) pool-2-thread-1 expire 9 lines
05-22 02:38:54.185 11818 12280 I chatty  : uid=10334(com.redflix.tvmoderno) pool-2-thread-8 expire 18 lines
05-22 02:38:54.792  1577  1577 I Vizzini:SimApplicationImpl: onLowMemory
05-22 02:38:54.792  1577  1577 W Vizzini:OverlayControllerLifetimeProxy: Tearing down UI overlay without preload due to low memory
05-22 02:38:54.792  1577  1577 I Vizzini:OverlayControllerLifetimeProxy: Tearing down overlay controller
05-22 02:38:54.792  1577  1577 I Vizzini:ShortPressOverlayManager: Low memory detected, dismissing overlay
05-22 02:38:54.792  1577  1577 I Vizzini:ShortPressOverlayManager: Tearing down ShortPressOverlayManager with reason DISMISS_MEMORY_LOW
05-22 02:38:54.938  1577  1590 I .amazon.vizzin: Background concurrent copying GC freed 6396(596KB) AllocSpace objects, 0(0B) LOS objects, 49% free, 5MB/11MB, paused 321us total 131.089ms
05-22 02:39:00.289  1624 14998 I whad    : ControlPlaneManager:handleCommand:caller=Libevent,cmd=sendMessage,xmit=1516037328,recv=1516027201,delta=-10127,tss=XX01GE,senderId=XX06AG,tssStale=true
05-22 02:39:00.289  1624 14998 I whad    : Fabric:onMessage:id=Stitch_675b12a7-c554-4480-b637-90e172b508f3, name=Stitch, sender=XX06AG
05-22 02:39:00.879 11818 11818 I chatty  : uid=10334(com.redflix.tvmoderno) expire 54 lines
05-22 02:39:00.887 11818 12283 I chatty  : uid=10334(com.redflix.tvmoderno) pool-2-thread-1 expire 9 lines
05-22 02:39:00.895 11818 12068 I chatty  : uid=10334(com.redflix.tvmoderno) pool-2-thread-2 expire 9 lines
