--------- beginning of system
05-22 02:17:39.086   821  2012 D TVKitService: getProjectID
05-22 02:17:39.086   821  2012 D DeviceInfoImpl: getProjectID from map is 4357
05-22 02:17:39.087   821  2012 D TVKitService: getSoftwareVersion
05-22 02:17:39.087   821  2012 D DeviceInfoImpl: getSoftwareVersion is V8-R51AT01-LF1V126
05-22 02:17:44.094   821  2012 D TVKitService: getProjectID
05-22 02:17:44.094   821  2012 D DeviceInfoImpl: getProjectID from map is 4357
05-22 02:17:44.096   821  2012 D TVKitService: getSoftwareVersion
05-22 02:17:44.096   821  2012 D DeviceInfoImpl: getSoftwareVersion is V8-R51AT01-LF1V126
05-22 02:17:49.104   821  2012 D TVKitService: getProjectID
05-22 02:17:49.104   821  2012 D DeviceInfoImpl: getProjectID from map is 4357
05-22 02:17:49.106   821  2012 D TVKitService: getSoftwareVersion
05-22 02:17:49.106   821  2012 D DeviceInfoImpl: getSoftwareVersion is V8-R51AT01-LF1V126
05-22 02:17:54.114   821  2012 D TVKitService: getProjectID
05-22 02:17:54.114   821  2012 D DeviceInfoImpl: getProjectID from map is 4357
05-22 02:17:54.116   821  2012 D TVKitService: getSoftwareVersion
05-22 02:17:54.116   821  2012 D DeviceInfoImpl: getSoftwareVersion is V8-R51AT01-LF1V126
--------- beginning of perf
05-22 02:17:57.232   790  1149 P Quality : 09 03 info 1779427077230 procName:com.google.android.apps.tv.launcherx 2 callback:vur,target:android.os.Handler $ latencyTime:0,WallTime:504 android.os.MessageQueue.nativePollOnce:-2,android.os.MessageQueue.next:335,android.os.Looper.loop:200,android.app.ActivityThread.main:7848,java.lang.reflect.Method.invoke:-2,com.android.internal.os.RuntimeInit$MethodAndArgsCaller.run:592,com.android.internal.os.ZygoteInit.main:1070, allocWait:0,ionwait:0,dstate:0,sched:0,iowait:0 $ $
05-22 02:17:57.233   815   872 D BMS-BlockMonitorManagerService: ProcessName: com.google.android.apps.tv.launcherx
05-22 02:17:57.233   815   872 D BMS-BlockMonitorManagerService: Timestamp: 2026-05-22 02:17:57
05-22 02:17:57.233   815   872 D BMS-BlockMonitorManagerService: HandlerName: android.os.Handler
05-22 02:17:57.233   815   872 D BMS-BlockMonitorManagerService: Message.what: 0
05-22 02:17:57.233   815   872 D BMS-BlockMonitorManagerService: blockDuration: 504
05-22 02:17:57.233   815   872 D BMS-BlockMonitorManagerService: BlockTraces: 
05-22 02:17:57.233   815   872 D BMS-BlockMonitorManagerService: android.os.MessageQueue.nativePollOnce:-2,android.os.MessageQueue.next:335,android.os.Looper.loop:200,android.app.ActivityThread.main:7848,java.lang.reflect.Method.invoke:-2,com.android.internal.os.RuntimeInit$MethodAndArgsCaller.run:592,com.android.internal.os.ZygoteInit.main:1070,
05-22 02:17:59.123   821  2012 D TVKitService: getProjectID
05-22 02:17:59.123   821  2012 D DeviceInfoImpl: getProjectID from map is 4357
05-22 02:17:59.124   821  2012 D TVKitService: getSoftwareVersion
05-22 02:17:59.124   821  2012 D DeviceInfoImpl: getSoftwareVersion is V8-R51AT01-LF1V126
05-22 02:18:04.132   821  2012 D TVKitService: getProjectID
05-22 02:18:04.132   821  2012 D DeviceInfoImpl: getProjectID from map is 4357
05-22 02:18:04.134   821  2012 D TVKitService: getSoftwareVersion
05-22 02:18:04.134   821  2012 D DeviceInfoImpl: getSoftwareVersion is V8-R51AT01-LF1V126
05-22 02:18:07.621   815  1009 D DeviceStorageMonitorService: updateBroadcasts,oldlevel is 0,newLevel is 0
05-22 02:18:09.139   821  2012 D TVKitService: getProjectID
05-22 02:18:09.139   821  2012 D DeviceInfoImpl: getProjectID from map is 4357
05-22 02:18:09.141   821  2012 D TVKitService: getSoftwareVersion
05-22 02:18:09.141   821  2012 D DeviceInfoImpl: getSoftwareVersion is V8-R51AT01-LF1V126
05-22 02:18:14.149   821  2012 D TVKitService: getProjectID
05-22 02:18:14.149   821  2012 D DeviceInfoImpl: getProjectID from map is 4357
05-22 02:18:14.151   821  2012 D TVKitService: getSoftwareVersion
05-22 02:18:14.151   821  2012 D DeviceInfoImpl: getSoftwareVersion is V8-R51AT01-LF1V126
05-22 02:18:19.158   821  2012 D TVKitService: getProjectID
05-22 02:18:19.158   821  2012 D DeviceInfoImpl: getProjectID from map is 4357
05-22 02:18:19.160   821  2012 D TVKitService: getSoftwareVersion
05-22 02:18:19.160   821  2012 D DeviceInfoImpl: getSoftwareVersion is V8-R51AT01-LF1V126
05-22 02:18:24.167   821  2012 D TVKitService: getProjectID
05-22 02:18:24.167   821  2012 D DeviceInfoImpl: getProjectID from map is 4357
05-22 02:18:24.169   821  2012 D TVKitService: getSoftwareVersion
05-22 02:18:24.169   821  2012 D DeviceInfoImpl: getSoftwareVersion is V8-R51AT01-LF1V126
05-22 02:18:29.178   821  2012 D TVKitService: getProjectID
05-22 02:18:29.178   821  2012 D DeviceInfoImpl: getProjectID from map is 4357
05-22 02:18:29.179   821  2012 D TVKitService: getSoftwareVersion
05-22 02:18:29.179   821  2012 D DeviceInfoImpl: getSoftwareVersion is V8-R51AT01-LF1V126
05-22 02:18:34.187   821  2012 D TVKitService: getProjectID
05-22 02:18:34.187   821  2012 D DeviceInfoImpl: getProjectID from map is 4357
05-22 02:18:34.190   821  2012 D TVKitService: getSoftwareVersion
05-22 02:18:34.190   821  2012 D DeviceInfoImpl: getSoftwareVersion is V8-R51AT01-LF1V126
05-22 02:18:39.198   821  2012 D TVKitService: getProjectID
05-22 02:18:39.198   821  2012 D DeviceInfoImpl: getProjectID from map is 4357
05-22 02:18:39.199   821  2012 D TVKitService: getSoftwareVersion
05-22 02:18:39.199   821  2012 D DeviceInfoImpl: getSoftwareVersion is V8-R51AT01-LF1V126
05-22 02:18:44.207   821  2012 D TVKitService: getProjectID
05-22 02:18:44.207   821  2012 D DeviceInfoImpl: getProjectID from map is 4357
05-22 02:18:44.209   821  2012 D TVKitService: getSoftwareVersion
05-22 02:18:44.209   821  2012 D DeviceInfoImpl: getSoftwareVersion is V8-R51AT01-LF1V126
05-22 02:18:49.217   821  2012 D TVKitService: getProjectID
05-22 02:18:49.217   821  2012 D DeviceInfoImpl: getProjectID from map is 4357
05-22 02:18:49.218   821  2012 D TVKitService: getSoftwareVersion
05-22 02:18:49.218   821  2012 D DeviceInfoImpl: getSoftwareVersion is V8-R51AT01-LF1V126
05-22 02:18:54.226   821  2012 D TVKitService: getProjectID
05-22 02:18:54.226   821  2012 D DeviceInfoImpl: getProjectID from map is 4357
05-22 02:18:54.227   821  2012 D TVKitService: getSoftwareVersion
05-22 02:18:54.227   821  2012 D DeviceInfoImpl: getSoftwareVersion is V8-R51AT01-LF1V126
05-22 02:18:57.246   790  1149 P Quality : 09 03 info 1779427137246 procName:com.google.android.apps.tv.launcherx 2 callback:vur,target:android.os.Handler $ latencyTime:1,WallTime:503 android.os.MessageQueue.nativePollOnce:-2,android.os.MessageQueue.next:335,android.os.Looper.loop:200,android.app.ActivityThread.main:7848,java.lang.reflect.Method.invoke:-2,com.android.internal.os.RuntimeInit$MethodAndArgsCaller.run:592,com.android.internal.os.ZygoteInit.main:1070, allocWait:0,ionwait:0,dstate:0,sched:0,iowait:0 $ $
05-22 02:18:57.248   815   872 D BMS-BlockMonitorManagerService: ProcessName: com.google.android.apps.tv.launcherx
05-22 02:18:57.248   815   872 D BMS-BlockMonitorManagerService: Timestamp: 2026-05-22 02:18:57
05-22 02:18:57.248   815   872 D BMS-BlockMonitorManagerService: HandlerName: android.os.Handler
05-22 02:18:57.248   815   872 D BMS-BlockMonitorManagerService: Message.what: 0
05-22 02:18:57.248   815   872 D BMS-BlockMonitorManagerService: blockDuration: 503
05-22 02:18:57.248   815   872 D BMS-BlockMonitorManagerService: BlockTraces: 
05-22 02:18:57.248   815   872 D BMS-BlockMonitorManagerService: android.os.MessageQueue.nativePollOnce:-2,android.os.MessageQueue.next:335,android.os.Looper.loop:200,android.app.ActivityThread.main:7848,java.lang.reflect.Method.invoke:-2,com.android.internal.os.RuntimeInit$MethodAndArgsCaller.run:592,com.android.internal.os.ZygoteInit.main:1070,
05-22 02:18:57.249   815   872 W ContextImpl: Calling a method in the system process without a qualified user: android.app.ContextImpl.sendBroadcast:1125 com.tcl.server.rm.BlockReport.reportBlock:35 com.tcl.server.rm.BlockMonitorManagerService.handleBlock:76 com.tcl.server.rm.BlockMonitorManagerService.access$000:31 com.tcl.server.rm.BlockMonitorManagerService$H.handleMessage:61 
05-22 02:18:59.235   821  2012 D TVKitService: getProjectID
05-22 02:18:59.235   821  2012 D DeviceInfoImpl: getProjectID from map is 4357
05-22 02:18:59.236   821  2012 D TVKitService: getSoftwareVersion
05-22 02:18:59.236   821  2012 D DeviceInfoImpl: getSoftwareVersion is V8-R51AT01-LF1V126
05-22 02:19:04.244   821  2012 D TVKitService: getProjectID
05-22 02:19:04.244   821  2012 D DeviceInfoImpl: getProjectID from map is 4357
05-22 02:19:04.246   821  2012 D TVKitService: getSoftwareVersion
05-22 02:19:04.246   821  2012 D DeviceInfoImpl: getSoftwareVersion is V8-R51AT01-LF1V126
05-22 02:19:07.720   815  1009 D DeviceStorageMonitorService: updateBroadcasts,oldlevel is 0,newLevel is 0
05-22 02:19:09.254   821  2012 D TVKitService: getProjectID
05-22 02:19:09.254   821  2012 D DeviceInfoImpl: getProjectID from map is 4357
05-22 02:19:09.255   821  2012 D TVKitService: getSoftwareVersion
05-22 02:19:09.255   821  2012 D DeviceInfoImpl: getSoftwareVersion is V8-R51AT01-LF1V126
05-22 02:19:09.372   815  1049 D FreezeManager: doFreeze 3682 is died,skip freeze proCurent null
05-22 02:19:14.263   821  2012 D TVKitService: getProjectID
05-22 02:19:14.263   821  2012 D DeviceInfoImpl: getProjectID from map is 4357
05-22 02:19:14.265   821  2012 D TVKitService: getSoftwareVersion
05-22 02:19:14.265   821  2012 D DeviceInfoImpl: getSoftwareVersion is V8-R51AT01-LF1V126
05-22 02:19:16.173   815  1049 D FreezeManager: doFreeze 4081 is died,skip freeze proCurent null
05-22 02:19:19.270   821  2012 D TVKitService: getProjectID
05-22 02:19:19.270   821  2012 D DeviceInfoImpl: getProjectID from map is 4357
05-22 02:19:19.272   821  2012 D TVKitService: getSoftwareVersion
05-22 02:19:19.272   821  2012 D DeviceInfoImpl: getSoftwareVersion is V8-R51AT01-LF1V126
05-22 02:19:24.278   821  2012 D TVKitService: getProjectID
05-22 02:19:24.278   821  2012 D DeviceInfoImpl: getProjectID from map is 4357
05-22 02:19:24.280   821  2012 D TVKitService: getSoftwareVersion
05-22 02:19:24.280   821  2012 D DeviceInfoImpl: getSoftwareVersion is V8-R51AT01-LF1V126
05-22 02:19:27.632   815  1002 D ConnectivityService: NetReassign [no changes]
05-22 02:19:29.285   821  2012 D TVKitService: getProjectID
05-22 02:19:29.285   821  2012 D DeviceInfoImpl: getProjectID from map is 4357
05-22 02:19:29.286   821  2012 D TVKitService: getSoftwareVersion
05-22 02:19:29.286   821  2012 D DeviceInfoImpl: getSoftwareVersion is V8-R51AT01-LF1V126
05-22 02:19:34.294   821  2012 D TVKitService: getProjectID
05-22 02:19:34.294   821  2012 D DeviceInfoImpl: getProjectID from map is 4357
05-22 02:19:34.295   821  2012 D TVKitService: getSoftwareVersion
05-22 02:19:34.295   821  2012 D DeviceInfoImpl: getSoftwareVersion is V8-R51AT01-LF1V126
05-22 02:19:35.598   815  1262 W PackageManager: Non System Server process reporting dex loads as system server. uid=10037
05-22 02:19:35.600   815  1262 I AlarmManager: Change Wakeup Alarm type to non Wakeup type, current type=[2] packageName = com.google.android.gms @1508213958 and next wakeup alarm is @Fri May 22 02:40:28 GMT-03:00 2026
05-22 02:19:35.604   815  1262 W PackageManager: Non System Server process reporting dex loads as system server. uid=10037
05-22 02:19:35.607   815  1262 I AlarmManager: Change Wakeup Alarm type to non Wakeup type, current type=[2] packageName = com.google.android.gms @1508213964 and next wakeup alarm is @Fri May 22 02:40:28 GMT-03:00 2026
05-22 02:19:36.490   815   815 I AlarmManager: Change Wakeup Alarm type to non Wakeup type, listenerTag=*job.delay*
05-22 02:19:36.493   815   815 W ActivityManager: forbid bind service ComponentInfo{com.esaba.downloader/com.google.android.datatransport.runtime.scheduling.jobscheduling.JobInfoSchedulerService}
05-22 02:19:36.493   815  1063 I TclAppBoot: [TclAppBootManagerImpl]:TclAppBootInfo{callerPkgName = 'android',callerFlag = '262145',calleePkgName = 'com.esaba.downloader',calleeComponent = 'com.esaba.downloader/com.google.android.datatransport.runtime.scheduling.jobscheduling.JobInfoSchedulerService',calleeFlag = '16',bootType = 'bind_service_form_job',broadcastAction = '',time = '1779427176492',isAutoStart = 'true',isAllow = 'false',reason = 'callee_does't_have_OP_AUTO_START_permission.',count = '1'}
05-22 02:19:36.493   815   815 D JobScheduler: Error executing JobStatus{b487f0c #u0a93/1292248364 com.esaba.downloader/com.google.android.datatransport.runtime.scheduling.jobscheduling.JobInfoSchedulerService u=0 s=10093 TIME=-1d8h28m25s309ms:none NET READY}
05-22 02:19:36.494   815   815 D ProcessStartManager: onStartProcess targetProcessName:com.amazon.amazonvideo.livingroomapplication processName : com.amazon.amazonvideo.livingroom ,type: 4 ,tbr: null
05-22 02:19:36.494   815   815 D ProcessStartManager: onStartProcess return: false
05-22 02:19:36.495   815   815 D CompatibilityChangeReporter: Compat change id reported: 135634846; UID 10057; state: DISABLED
05-22 02:19:36.495   815   862 D CompatibilityChangeReporter: Compat change id reported: 143937733; UID 10057; state: ENABLED
05-22 02:19:36.511   815   862 I ActivityManager: Start proc 1279:com.amazon.amazonvideo.livingroom/u0a57 for service {com.amazon.amazonvideo.livingroom/com.google.android.datatransport.runtime.scheduling.jobscheduling.JobInfoSchedulerService}
05-22 02:19:36.655  1279  1279 I ActivityTaskManager: isPreloadSplashApp = com.amazon.amazonvideo.livingroom
05-22 02:19:36.672   815  1002 D ConnectivityService: NetReassign [no changes]
05-22 02:19:36.845   815  1262 E ContentProviderRecord: newHolder true, info: ContentProviderInfo{name=settings className=com.android.providers.settings.SettingsProvider}
05-22 02:19:36.850   815  1262 D ProcessStartManager: onStartProcess targetProcessName:com.android.vendingapplication processName : com.android.vending ,type: 4 ,tbr: null
05-22 02:19:36.850   815  1262 D ProcessStartManager: onStartProcess return: false
05-22 02:19:36.854   815  1262 D CompatibilityChangeReporter: Compat change id reported: 135634846; UID 10045; state: DISABLED
05-22 02:19:36.854   815   862 D CompatibilityChangeReporter: Compat change id reported: 143937733; UID 10045; state: ENABLED
05-22 02:19:36.871   815   862 I ActivityManager: Start proc 1380:com.android.vending/u0a45 for service {com.android.vending/com.google.android.finsky.billing.iab.InAppBillingService}
05-22 02:19:36.917   815  1262 I ActivityTaskManager: mTclAtm = tcl.android.common.TclFrameworkFactoryImpl$TclActivityTaskManagerImpl@f2cd3a
05-22 02:19:36.917   815  1262 I chatty  : uid=1000(system) Binder:815_7 identical 1 line
05-22 02:19:36.919   815  1262 I ActivityTaskManager: mTclAtm = tcl.android.common.TclFrameworkFactoryImpl$TclActivityTaskManagerImpl@f2cd3a
05-22 02:19:37.018  1380  1380 I ActivityTaskManager: isPreloadSplashApp = com.android.vending
05-22 02:19:37.034   815  1262 I ActivityTaskManager: mTclAtm = tcl.android.common.TclFrameworkFactoryImpl$TclActivityTaskManagerImpl@f2cd3a
05-22 02:19:37.044   815  1262 I chatty  : uid=1000(system) Binder:815_7 identical 19 lines
05-22 02:19:37.046   815  1262 I ActivityTaskManager: mTclAtm = tcl.android.common.TclFrameworkFactoryImpl$TclActivityTaskManagerImpl@f2cd3a
05-22 02:19:37.270   815  1262 E ContentProviderRecord: newHolder true, info: ContentProviderInfo{name=settings className=com.android.providers.settings.SettingsProvider}
05-22 02:19:37.300   815  1262 D BMS-BlockMonitorManagerService: attach caller is com.amazon.amazonvideo.livingroom ,pid is 1279
05-22 02:19:37.300   815  1262 D BMS-BlockMonitorManagerService: start init monitor config(only init, not start) for 1279
05-22 02:19:37.300   815  1262 D BMS-BlockMonitorManagerService: here may be print binder warning(flag no oneway), it's normal
05-22 02:19:37.304   815  1262 D BMS-BlockMonitorManagerService: init monitor config end
05-22 02:19:37.323   815  1770 I ActivityTaskManager: mTclAtm = tcl.android.common.TclFrameworkFactoryImpl$TclActivityTaskManagerImpl@f2cd3a
05-22 02:19:37.324   815  1770 I chatty  : uid=1000(system) Binder:815_D identical 1 line
05-22 02:19:37.325   815  1770 I ActivityTaskManager: mTclAtm = tcl.android.common.TclFrameworkFactoryImpl$TclActivityTaskManagerImpl@f2cd3a
05-22 02:19:37.442   815  2028 D BMS-BlockMonitorManagerService: attach caller is com.android.vending ,pid is 1380
05-22 02:19:37.442   815  2028 D BMS-BlockMonitorManagerService: start init monitor config(only init, not start) for 1380
05-22 02:19:37.442   815  2028 D BMS-BlockMonitorManagerService: here may be print binder warning(flag no oneway), it's normal
05-22 02:19:37.454   815  2028 D BMS-BlockMonitorManagerService: init monitor config end
05-22 02:19:37.473   815  2028 I ActivityTaskManager: mTclAtm = tcl.android.common.TclFrameworkFactoryImpl$TclActivityTaskManagerImpl@f2cd3a
05-22 02:19:37.496   815  2028 I chatty  : uid=1000(system) Binder:815_16 identical 7 lines
05-22 02:19:37.497   815  2028 I ActivityTaskManager: mTclAtm = tcl.android.common.TclFrameworkFactoryImpl$TclActivityTaskManagerImpl@f2cd3a
05-22 02:19:37.527   815  2028 D ProcessStartManager: onStartProcess targetProcessName:com.google.process.gservicesapplication processName : com.google.process.gapps ,type: 3 ,tbr: null
05-22 02:19:37.527   815  2028 D ProcessStartManager: onStartProcess return: false
05-22 02:19:37.530   815  2028 D CompatibilityChangeReporter: Compat change id reported: 135634846; UID 10037; state: DISABLED
05-22 02:19:37.530   815   862 D CompatibilityChangeReporter: Compat change id reported: 143937733; UID 10037; state: ENABLED
05-22 02:19:37.565   815   862 I ActivityManager: Start proc 1535:com.google.process.gservices/u0a37 for content provider {com.google.android.gsf/com.google.android.gsf.gservices.GservicesProvider}
05-22 02:19:37.664  1535  1535 I ActivityTaskManager: isPreloadSplashApp = com.google.process.gservices
05-22 02:19:37.692   815  2027 E ContentProviderRecord: newHolder true, info: ContentProviderInfo{name=settings className=com.android.providers.settings.SettingsProvider}
05-22 02:19:37.777   815   815 W ActivityManager: forbid bind service ComponentInfo{com.esaba.downloader/com.google.android.datatransport.runtime.scheduling.jobscheduling.JobInfoSchedulerService}
05-22 02:19:37.777   815  1063 I TclAppBoot: [TclAppBootManagerImpl]:TclAppBootInfo{callerPkgName = 'android',callerFlag = '786433',calleePkgName = 'com.esaba.downloader',calleeComponent = 'com.esaba.downloader/com.google.android.datatransport.runtime.scheduling.jobscheduling.JobInfoSchedulerService',calleeFlag = '16',bootType = 'bind_service_form_job',broadcastAction = '',time = '1779427177777',isAutoStart = 'true',isAllow = 'false',reason = 'callee_does't_have_OP_AUTO_START_permission.',count = '1'}
05-22 02:19:37.777   815   815 D JobScheduler: Error executing JobStatus{b487f0c #u0a93/1292248364 com.esaba.downloader/com.google.android.datatransport.runtime.scheduling.jobscheduling.JobInfoSchedulerService u=0 s=10093 TIME=-1d8h28m26s593ms:none NET READY}
05-22 02:19:37.944   815  2027 D BMS-BlockMonitorManagerService: attach caller is com.google.android.gsf ,pid is 1535
05-22 02:19:37.945   815  2027 D BMS-BlockMonitorManagerService: start init monitor config(only init, not start) for 1535
05-22 02:19:37.945   815  2027 D BMS-BlockMonitorManagerService: here may be print binder warning(flag no oneway), it's normal
05-22 02:19:37.964   815  2027 D BMS-BlockMonitorManagerService: init monitor config end
05-22 02:19:39.303   821  2012 D TVKitService: getProjectID
05-22 02:19:39.303   821  2012 D DeviceInfoImpl: getProjectID from map is 4357
05-22 02:19:39.304   821  2012 D TVKitService: getSoftwareVersion
05-22 02:19:39.304   821  2012 D DeviceInfoImpl: getSoftwareVersion is V8-R51AT01-LF1V126
05-22 02:19:39.687   815  1002 D ConnectivityService: NetReassign [no changes]
05-22 02:19:42.700   815  1002 D ConnectivityService: NetReassign [no changes]
05-22 02:19:44.313   821  2012 D TVKitService: getProjectID
05-22 02:19:44.313   821  2012 D DeviceInfoImpl: getProjectID from map is 4357
05-22 02:19:44.315   821  2012 D TVKitService: getSoftwareVersion
05-22 02:19:44.315   821  2012 D DeviceInfoImpl: getSoftwareVersion is V8-R51AT01-LF1V126
05-22 02:19:47.324   815  1770 D ProcessStartManager: onStartProcess targetProcessName:com.google.process.gappsapplication processName : com.google.process.gapps ,type: 3 ,tbr: null
05-22 02:19:47.324   815  1770 D ProcessStartManager: onStartProcess return: false
05-22 02:19:47.325   815  1770 D CompatibilityChangeReporter: Compat change id reported: 135634846; UID 10037; state: DISABLED
05-22 02:19:47.326   815   862 D CompatibilityChangeReporter: Compat change id reported: 143937733; UID 10037; state: ENABLED
05-22 02:19:47.346   815   862 I ActivityManager: Start proc 1665:com.google.process.gapps/u0a37 for content provider {com.google.android.gsf/com.google.android.gsf.settings.GoogleSettingsProvider}
05-22 02:19:47.354   815  1981 D ConnectivityService: requestNetwork for uid/pid:10045/1380 NetworkRequest [ TRACK_DEFAULT id=9366, [ Capabilities: INTERNET&NOT_RESTRICTED&TRUSTED Uid: 10045 AdministratorUids: [] RequestorUid: 10045 RequestorPackageName: com.android.vending] ]
05-22 02:19:47.354   815  1002 D ConnectivityService: NetReassign [9366 : null  107]
05-22 02:19:47.367   815  1002 D ConnectivityService: NetReassign [no changes]
05-22 02:19:47.464  1665  1665 I ActivityTaskManager: isPreloadSplashApp = com.google.process.gapps
05-22 02:19:47.475   815  1981 E ContentProviderRecord: newHolder true, info: ContentProviderInfo{name=settings className=com.android.providers.settings.SettingsProvider}
05-22 02:19:47.611   815  1770 D BMS-BlockMonitorManagerService: attach caller is com.google.android.gsf ,pid is 1665
05-22 02:19:47.611   815  1770 D BMS-BlockMonitorManagerService: start init monitor config(only init, not start) for 1665
05-22 02:19:47.611   815  1770 D BMS-BlockMonitorManagerService: here may be print binder warning(flag no oneway), it's normal
05-22 02:19:47.617   815  1770 D BMS-BlockMonitorManagerService: init monitor config end
05-22 02:19:48.274   815  2033 D ProcessStartManager: onStartProcess targetProcessName:com.android.vending:backgroundapplication processName : com.android.vending ,type: 4 ,tbr: null
05-22 02:19:48.274   815  2033 D ProcessStartManager: onStartProcess return: false
05-22 02:19:48.275   815  2033 D CompatibilityChangeReporter: Compat change id reported: 135634846; UID 10045; state: DISABLED
05-22 02:19:48.276   815   862 D CompatibilityChangeReporter: Compat change id reported: 143937733; UID 10045; state: ENABLED
05-22 02:19:48.293   815   862 I ActivityManager: Start proc 1740:com.android.vending:background/u0a45 for service {com.android.vending/com.google.frameworks.client.data.android.server.play.BackgroundProcessEndpointService}
05-22 02:19:48.484  1740  1740 I ActivityTaskManager: isPreloadSplashApp = com.android.vending:background
05-22 02:19:48.728   815  2033 E ContentProviderRecord: newHolder true, info: ContentProviderInfo{name=settings className=com.android.providers.settings.SettingsProvider}
05-22 02:19:48.797   815  1770 D BMS-BlockMonitorManagerService: attach caller is com.android.vending ,pid is 1740
05-22 02:19:48.797   815  1770 D BMS-BlockMonitorManagerService: start init monitor config(only init, not start) for 1740
05-22 02:19:48.797   815  1770 D BMS-BlockMonitorManagerService: here may be print binder warning(flag no oneway), it's normal
05-22 02:19:48.801   815  1770 D BMS-BlockMonitorManagerService: init monitor config end
05-22 02:19:48.982   815  1770 D ConnectivityService: requestNetwork for uid/pid:10045/1740 NetworkRequest [ TRACK_DEFAULT id=9368, [ Capabilities: INTERNET&NOT_RESTRICTED&TRUSTED Uid: 10045 AdministratorUids: [] RequestorUid: 10045 RequestorPackageName: com.android.vending] ]
05-22 02:19:48.983   815  1002 D ConnectivityService: NetReassign [9368 : null  107]
05-22 02:19:49.322   821  2012 D TVKitService: getProjectID
05-22 02:19:49.322   821  2012 D DeviceInfoImpl: getProjectID from map is 4357
05-22 02:19:49.324   821  2012 D TVKitService: getSoftwareVersion
05-22 02:19:49.324   821  2012 D DeviceInfoImpl: getSoftwareVersion is V8-R51AT01-LF1V126
05-22 02:19:49.545   815  2027 D ConnectivityService: requestNetwork for uid/pid:10045/1740 NetworkRequest [ TRACK_DEFAULT id=9369, [ Capabilities: INTERNET&NOT_RESTRICTED&TRUSTED Uid: 10045 AdministratorUids: [] RequestorUid: 10045 RequestorPackageName: com.android.vending] ]
05-22 02:19:49.546   815  1002 D ConnectivityService: NetReassign [9369 : null  107]
05-22 02:19:49.548   815  1002 D ConnectivityService: NetReassign [no changes]
05-22 02:19:54.332   821  2012 D TVKitService: getProjectID
05-22 02:19:54.332   821  2012 D DeviceInfoImpl: getProjectID from map is 4357
05-22 02:19:54.334   821  2012 D TVKitService: getSoftwareVersion
05-22 02:19:54.334   821  2012 D DeviceInfoImpl: getSoftwareVersion is V8-R51AT01-LF1V126
05-22 02:19:57.247   790  1149 P Quality : 09 03 info 1779427197247 procName:com.google.android.apps.tv.launcherx 2 callback:vur,target:android.os.Handler $ latencyTime:0,WallTime:504 android.os.MessageQueue.nativePollOnce:-2,android.os.MessageQueue.next:335,android.os.Looper.loop:200,android.app.ActivityThread.main:7848,java.lang.reflect.Method.invoke:-2,com.android.internal.os.RuntimeInit$MethodAndArgsCaller.run:592,com.android.internal.os.ZygoteInit.main:1070, allocWait:0,ionwait:0,dstate:0,sched:0,iowait:0 $ $
05-22 02:19:57.248   815   872 D BMS-BlockMonitorManagerService: ProcessName: com.google.android.apps.tv.launcherx
05-22 02:19:57.248   815   872 D BMS-BlockMonitorManagerService: Timestamp: 2026-05-22 02:19:57
05-22 02:19:57.248   815   872 D BMS-BlockMonitorManagerService: HandlerName: android.os.Handler
05-22 02:19:57.248   815   872 D BMS-BlockMonitorManagerService: Message.what: 0
05-22 02:19:57.248   815   872 D BMS-BlockMonitorManagerService: blockDuration: 504
05-22 02:19:57.248   815   872 D BMS-BlockMonitorManagerService: BlockTraces: 
05-22 02:19:57.248   815   872 D BMS-BlockMonitorManagerService: android.os.MessageQueue.nativePollOnce:-2,android.os.MessageQueue.next:335,android.os.Looper.loop:200,android.app.ActivityThread.main:7848,java.lang.reflect.Method.invoke:-2,com.android.internal.os.RuntimeInit$MethodAndArgsCaller.run:592,com.android.internal.os.ZygoteInit.main:1070,
05-22 02:19:59.141   815  2027 D ConnectivityService: requestNetwork for uid/pid:10045/1740 NetworkRequest [ TRACK_DEFAULT id=9371, [ Capabilities: INTERNET&NOT_RESTRICTED&TRUSTED Uid: 10045 AdministratorUids: [] RequestorUid: 10045 RequestorPackageName: com.android.vending] ]
05-22 02:19:59.142   815  1002 D ConnectivityService: NetReassign [9371 : null  107]
05-22 02:19:59.342   821  2012 D TVKitService: getProjectID
05-22 02:19:59.342   821  2012 D DeviceInfoImpl: getProjectID from map is 4357
05-22 02:19:59.343   821  2012 D TVKitService: getSoftwareVersion
05-22 02:19:59.343   821  2012 D DeviceInfoImpl: getSoftwareVersion is V8-R51AT01-LF1V126
05-22 02:20:04.351   821  2012 D TVKitService: getProjectID
05-22 02:20:04.351   821  2012 D DeviceInfoImpl: getProjectID from map is 4357
05-22 02:20:04.356   821  2012 D TVKitService: getSoftwareVersion
05-22 02:20:04.356   821  2012 D DeviceInfoImpl: getSoftwareVersion is V8-R51AT01-LF1V126
05-22 02:20:07.820   815  1009 D DeviceStorageMonitorService: updateBroadcasts,oldlevel is 0,newLevel is 0
05-22 02:20:08.668   815  1049 D FreezeManager: before doFreeze 1665 pro com.google.process.gapps
05-22 02:20:08.669   815  1049 D FreezeManager: doFreeze 1665 pro com.google.process.gapps res true
05-22 02:20:08.701   815  2027 I ActivityManager: Killing 1279:com.amazon.amazonvideo.livingroom/u0a57 (adj 935): tguard-kill-SystemApp
05-22 02:20:08.702   815  2027 W TGuardService: killing pkg:com.google.android.apps.tv.launcherx uid:10042 [service] is not depends on 1740:com.android.vending:background/u0a45
05-22 02:20:08.702   815  2027 I ActivityManager: Killing 1380:com.android.vending/u0a45 (adj 925): tguard-kill-SystemApp
05-22 02:20:08.702   815  2027 I ActivityManager: Killing 1740:com.android.vending:background/u0a45 (adj 905): tguard-kill-SystemApp
05-22 02:20:08.704   815  2027 I ActivityManager: Killing 1535:com.google.process.gservices/u0a37 (adj 945): tguard-kill-SystemApp
05-22 02:20:08.704   815  2027 I ActivityManager: Killing 1665:com.google.process.gapps/u0a37 (adj 915): tguard-kill-SystemApp
05-22 02:20:08.887   815  1262 D ResourceManagerService: getPackageByPid,pid=1535
05-22 02:20:08.896   815  1770 D ResourceManagerService: getPackageByPid,pid=1665
05-22 02:20:08.969   815  1262 D ResourceManagerService: getPackageByPid,pid=1279
05-22 02:20:09.014   815  1981 D ConnectivityService: ConnectivityService NetworkRequestInfo binderDied(NetworkRequest [ TRACK_DEFAULT id=9369, [ Capabilities: INTERNET&NOT_RESTRICTED&TRUSTED Uid: 10045 AdministratorUids: [] RequestorUid: 10045 RequestorPackageName: com.android.vending] ], android.os.BinderProxy@e6ead39)
05-22 02:20:09.014   815  2034 D ConnectivityService: ConnectivityService NetworkRequestInfo binderDied(NetworkRequest [ TRACK_DEFAULT id=9368, [ Capabilities: INTERNET&NOT_RESTRICTED&TRUSTED Uid: 10045 AdministratorUids: [] RequestorUid: 10045 RequestorPackageName: com.android.vending] ], android.os.BinderProxy@3876cdf)
05-22 02:20:09.014   815  1770 D ConnectivityService: ConnectivityService NetworkRequestInfo binderDied(NetworkRequest [ TRACK_DEFAULT id=9371, [ Capabilities: INTERNET&NOT_RESTRICTED&TRUSTED Uid: 10045 AdministratorUids: [] RequestorUid: 10045 RequestorPackageName: com.android.vending] ], android.os.BinderProxy@74f7d2c)
05-22 02:20:09.014   815  1002 D ConnectivityService: releasing NetworkRequest [ TRACK_DEFAULT id=9369, [ Capabilities: INTERNET&NOT_RESTRICTED&TRUSTED Uid: 10045 AdministratorUids: [] RequestorUid: 10045 RequestorPackageName: com.android.vending] ] (release request)
05-22 02:20:09.015   815  2027 D ConnectivityService: ConnectivityService NetworkRequestInfo binderDied(NetworkRequest [ LISTEN id=9370, [ Capabilities: INTERNET&NOT_RESTRICTED&TRUSTED Uid: 10045 AdministratorUids: [] RequestorUid: 10045 RequestorPackageName: com.android.vending] ], android.os.BinderProxy@fd4f7e)
05-22 02:20:09.017   815  2026 W ActivityManager: Scheduling restart of crashed service com.android.vending/com.google.frameworks.client.data.android.server.play.BackgroundProcessEndpointService in 1000ms for connection
05-22 02:20:09.017   815  1002 D ConnectivityService: releasing NetworkRequest [ TRACK_DEFAULT id=9368, [ Capabilities: INTERNET&NOT_RESTRICTED&TRUSTED Uid: 10045 AdministratorUids: [] RequestorUid: 10045 RequestorPackageName: com.android.vending] ] (release request)
05-22 02:20:09.018   815  2026 D ResourceManagerService: getPackageByPid,pid=1740
05-22 02:20:09.019   815  1002 D ConnectivityService: releasing NetworkRequest [ TRACK_DEFAULT id=9371, [ Capabilities: INTERNET&NOT_RESTRICTED&TRUSTED Uid: 10045 AdministratorUids: [] RequestorUid: 10045 RequestorPackageName: com.android.vending] ] (release request)
05-22 02:20:09.021   815  1262 D ConnectivityService: ConnectivityService NetworkRequestInfo binderDied(NetworkRequest [ LISTEN id=9367, [ Capabilities: INTERNET&NOT_RESTRICTED&TRUSTED Uid: 10045 AdministratorUids: [] RequestorUid: 10045 RequestorPackageName: com.android.vending] ], android.os.BinderProxy@8cd4018)
05-22 02:20:09.026   815  1399 D ResourceManagerService: getPackageByPid,pid=1380
05-22 02:20:09.029   815  1262 D ConnectivityService: ConnectivityService NetworkRequestInfo binderDied(NetworkRequest [ TRACK_DEFAULT id=9366, [ Capabilities: INTERNET&NOT_RESTRICTED&TRUSTED Uid: 10045 AdministratorUids: [] RequestorUid: 10045 RequestorPackageName: com.android.vending] ], android.os.BinderProxy@f6245c4)
05-22 02:20:09.029   815  1002 D ConnectivityService: releasing NetworkRequest [ TRACK_DEFAULT id=9366, [ Capabilities: INTERNET&NOT_RESTRICTED&TRUSTED Uid: 10045 AdministratorUids: [] RequestorUid: 10045 RequestorPackageName: com.android.vending] ] (release request)
05-22 02:20:09.363   821  2012 D TVKitService: getProjectID
05-22 02:20:09.363   821  2012 D DeviceInfoImpl: getProjectID from map is 4357
05-22 02:20:09.364   821  2012 D TVKitService: getSoftwareVersion
05-22 02:20:09.364   821  2012 D DeviceInfoImpl: getSoftwareVersion is V8-R51AT01-LF1V126
05-22 02:20:14.370   821  2012 D TVKitService: getProjectID
05-22 02:20:14.370   821  2012 D DeviceInfoImpl: getProjectID from map is 4357
05-22 02:20:14.372   821  2012 D TVKitService: getSoftwareVersion
05-22 02:20:14.373   821  2012 D DeviceInfoImpl: getSoftwareVersion is V8-R51AT01-LF1V126
05-22 02:20:16.925   815  1049 D FreezeManager: doFreeze 1535 is died,skip freeze proCurent null
05-22 02:20:18.176   821  2012 D TVKitService: getDeviceID
05-22 02:20:18.177   821  2012 D DeviceInfoImpl: From MapStringProperty get device_id is not null
05-22 02:20:18.202   821  2012 D DeviceInfoImpl: From MapStringProperty get persist.app.auth.UUID is not null
05-22 02:20:18.202   821  2012 D DeviceInfoImpl: dupeng getDeviceUUID is tcl-07bd35a7-f923-4b98-9b4b-4887b8753fca
05-22 02:20:19.377   821  2012 D TVKitService: getProjectID
05-22 02:20:19.378   821  2012 D DeviceInfoImpl: getProjectID from map is 4357
05-22 02:20:19.379   821  2012 D TVKitService: getSoftwareVersion
05-22 02:20:19.379   821  2012 D DeviceInfoImpl: getSoftwareVersion is V8-R51AT01-LF1V126
05-22 02:20:23.677   815  1063 I TclAppBoot: [TclAppBootManagerImpl]:deliver boot info.
05-22 02:20:24.386   821  2012 D TVKitService: getProjectID
05-22 02:20:24.386   821  2012 D DeviceInfoImpl: getProjectID from map is 4357
05-22 02:20:24.388   821  2012 D TVKitService: getSoftwareVersion
05-22 02:20:24.388   821  2012 D DeviceInfoImpl: getSoftwareVersion is V8-R51AT01-LF1V126
05-22 02:20:28.682   815  1063 P Quality : 09 04 appBootInfo 1779427176850 com.amazon.amazonvideo.livingroom com.android.vending com.android.vending/com.google.android.finsky.billing.iab.InAppBillingService bind_service false true is_default_allow. 1
05-22 02:20:29.398   821  2012 D TVKitService: getProjectID
05-22 02:20:29.399   821  2012 D DeviceInfoImpl: getProjectID from map is 4357
05-22 02:20:29.400   821  2012 D TVKitService: getSoftwareVersion
05-22 02:20:29.400   821  2012 D DeviceInfoImpl: getSoftwareVersion is V8-R51AT01-LF1V126
05-22 02:20:33.685   815  1063 P Quality : 09 04 appBootInfo 1779426854636 com.android.vending com.android.vending com.android.vending/com.google.frameworks.client.data.android.server.play.BackgroundProcessEndpointService bind_service false true is_default_allow. 3
05-22 02:20:34.406   821  2012 D TVKitService: getProjectID
05-22 02:20:34.406   821  2012 D DeviceInfoImpl: getProjectID from map is 4357
05-22 02:20:34.409   821  2012 D TVKitService: getSoftwareVersion
05-22 02:20:34.409   821  2012 D DeviceInfoImpl: getSoftwareVersion is V8-R51AT01-LF1V126
05-22 02:20:38.688   815  1063 P Quality : 09 04 appBootInfo 1779426924937 android com.google.android.videos com.google.android.videos/androidx.work.impl.background.systemjob.SystemJobService bind_service_form_job true true is_default_allow. 1
05-22 02:20:39.414   821  2012 D TVKitService: getProjectID
05-22 02:20:39.414   821  2012 D DeviceInfoImpl: getProjectID from map is 4357
05-22 02:20:39.415   821  2012 D TVKitService: getSoftwareVersion
05-22 02:20:39.415   821  2012 D DeviceInfoImpl: getSoftwareVersion is V8-R51AT01-LF1V126
05-22 02:20:43.692   815  1063 P Quality : 09 04 appBootInfo 1779426822752 com.google.android.gms com.google.android.gsf com.google.android.gsf/.gservices.GservicesProvider content_provider false true is_default_allow. 1
05-22 02:20:44.423   821  2012 D TVKitService: getProjectID
05-22 02:20:44.424   821  2012 D DeviceInfoImpl: getProjectID from map is 4357
05-22 02:20:44.425   821  2012 D TVKitService: getSoftwareVersion
05-22 02:20:44.425   821  2012 D DeviceInfoImpl: getSoftwareVersion is V8-R51AT01-LF1V126
05-22 02:20:48.696   815  1063 P Quality : 09 04 appBootInfo 1779426824622 com.android.vending com.google.android.gsf com.google.android.gsf/.settings.GoogleSettingsProvider content_provider false true is_default_allow. 4
05-22 02:20:49.432   821  2012 D TVKitService: getProjectID
05-22 02:20:49.432   821  2012 D DeviceInfoImpl: getProjectID from map is 4357
05-22 02:20:49.434   821  2012 D TVKitService: getSoftwareVersion
05-22 02:20:49.434   821  2012 D DeviceInfoImpl: getSoftwareVersion is V8-R51AT01-LF1V126
05-22 02:20:53.701   815  1063 P Quality : 09 04 appBootInfo 1779426820852 android com.android.vending com.android.vending/com.google.android.finsky.packagemonitor.impl.PackageMonitorReceiverImpl$RegisteredReceiver broadcast true true is_default_allow. 1
05-22 02:20:54.442   821  2012 D TVKitService: getProjectID
05-22 02:20:54.442   821  2012 D DeviceInfoImpl: getProjectID from map is 4357
05-22 02:20:54.443   821  2012 D TVKitService: getSoftwareVersion
05-22 02:20:54.443   821  2012 D DeviceInfoImpl: getSoftwareVersion is V8-R51AT01-LF1V126
05-22 02:20:57.262   790  1149 P Quality : 09 03 info 1779427257261 procName:com.google.android.apps.tv.launcherx 2 callback:vur,target:android.os.Handler $ latencyTime:1,WallTime:503 android.os.MessageQueue.nativePollOnce:-2,android.os.MessageQueue.next:335,android.os.Looper.loop:200,android.app.ActivityThread.main:7848,java.lang.reflect.Method.invoke:-2,com.android.internal.os.RuntimeInit$MethodAndArgsCaller.run:592,com.android.internal.os.ZygoteInit.main:1070, allocWait:0,ionwait:0,dstate:0,sched:0,iowait:0 $ $
05-22 02:20:57.263   815   872 D BMS-BlockMonitorManagerService: ProcessName: com.google.android.apps.tv.launcherx
05-22 02:20:57.263   815   872 D BMS-BlockMonitorManagerService: Timestamp: 2026-05-22 02:20:57
05-22 02:20:57.263   815   872 D BMS-BlockMonitorManagerService: HandlerName: android.os.Handler
05-22 02:20:57.263   815   872 D BMS-BlockMonitorManagerService: Message.what: 0
05-22 02:20:57.263   815   872 D BMS-BlockMonitorManagerService: blockDuration: 503
05-22 02:20:57.263   815   872 D BMS-BlockMonitorManagerService: BlockTraces: 
05-22 02:20:57.263   815   872 D BMS-BlockMonitorManagerService: android.os.MessageQueue.nativePollOnce:-2,android.os.MessageQueue.next:335,android.os.Looper.loop:200,android.app.ActivityThread.main:7848,java.lang.reflect.Method.invoke:-2,com.android.internal.os.RuntimeInit$MethodAndArgsCaller.run:592,com.android.internal.os.ZygoteInit.main:1070,
05-22 02:20:57.263   815   872 W ContextImpl: Calling a method in the system process without a qualified user: android.app.ContextImpl.sendBroadcast:1125 com.tcl.server.rm.BlockReport.reportBlock:35 com.tcl.server.rm.BlockMonitorManagerService.handleBlock:76 com.tcl.server.rm.BlockMonitorManagerService.access$000:31 com.tcl.server.rm.BlockMonitorManagerService$H.handleMessage:61 
05-22 02:20:57.936   815  1049 D FreezeManager: doFreeze 1380 is died,skip freeze proCurent null
05-22 02:20:58.706   815  1063 P Quality : 09 04 appBootInfo 1779426925300 com.google.android.videos com.google.android.gsf com.google.android.gsf/.gservices.GservicesProvider content_provider false true is_default_allow. 1
05-22 02:20:59.450   821  2012 D TVKitService: getProjectID
05-22 02:20:59.450   821  2012 D DeviceInfoImpl: getProjectID from map is 4357
05-22 02:20:59.451   821  2012 D TVKitService: getSoftwareVersion
05-22 02:20:59.451   821  2012 D DeviceInfoImpl: getSoftwareVersion is V8-R51AT01-LF1V126
05-22 02:21:03.710   815  1063 P Quality : 09 04 appBootInfo 1779426821357 android com.google.android.permissioncontroller com.google.android.permissioncontroller/com.android.permissioncontroller.permission.service.PermissionControllerServiceImpl bind_service true true is_default_allow. 1
05-22 02:21:04.458   821  2012 D TVKitService: getProjectID
05-22 02:21:04.458   821  2012 D DeviceInfoImpl: getProjectID from map is 4357
05-22 02:21:04.459   821  2012 D TVKitService: getSoftwareVersion
05-22 02:21:04.459   821  2012 D DeviceInfoImpl: getSoftwareVersion is V8-R51AT01-LF1V126
05-22 02:21:07.920   815  1009 D DeviceStorageMonitorService: updateBroadcasts,oldlevel is 0,newLevel is 0
05-22 02:21:08.713   815  1063 P Quality : 09 04 appBootInfo 1779426827992 com.google.android.gms com.android.providers.contacts com.android.providers.contacts/.ContactsProvider2 content_provider false true is_default_allow. 2
05-22 02:21:09.466   821  2012 D TVKitService: getProjectID
05-22 02:21:09.466   821  2012 D DeviceInfoImpl: getProjectID from map is 4357
05-22 02:21:09.468   821  2012 D TVKitService: getSoftwareVersion
05-22 02:21:09.468   821  2012 D DeviceInfoImpl: getSoftwareVersion is V8-R51AT01-LF1V126
05-22 02:21:13.714   815  1063 P Quality : 09 04 appBootInfo 1779426666512 android com.google.android.webview com.google.android.webview/org.chromium.android_webview.services.AwVariationsSeedFetcher bind_service_form_job true true is_default_allow. 1
05-22 02:21:14.474   821  2012 D TVKitService: getProjectID
05-22 02:21:14.474   821  2012 D DeviceInfoImpl: getProjectID from map is 4357
05-22 02:21:14.475   821  2012 D TVKitService: getSoftwareVersion
05-22 02:21:14.475   821  2012 D DeviceInfoImpl: getSoftwareVersion is V8-R51AT01-LF1V126
05-22 02:21:18.717   815  1063 P Quality : 09 04 appBootInfo 1779426842705 android com.android.vending com.android.vending/com.google.android.finsky.scheduler.process.mainimpl.PhoneskyJobServiceMain bind_service_form_job true true is_default_allow. 1
05-22 02:21:19.482   821  2012 D TVKitService: getProjectID
05-22 02:21:19.482   821  2012 D DeviceInfoImpl: getProjectID from map is 4357
05-22 02:21:19.483   821  2012 D TVKitService: getSoftwareVersion
05-22 02:21:19.483   821  2012 D DeviceInfoImpl: getSoftwareVersion is V8-R51AT01-LF1V126
05-22 02:21:23.721   815  1063 P Quality : 09 04 appBootInfo 1779426925908 com.google.android.videos com.google.android.gms com.google.android.gms/.icing.service.AppIndexingService bind_service false true is_default_allow. 1
05-22 02:21:24.489   821  2012 D TVKitService: getProjectID
05-22 02:21:24.489   821  2012 D DeviceInfoImpl: getProjectID from map is 4357
05-22 02:21:24.492   821  2012 D TVKitService: getSoftwareVersion
05-22 02:21:24.492   821  2012 D DeviceInfoImpl: getSoftwareVersion is V8-R51AT01-LF1V126
05-22 02:21:28.724   815  1063 P Quality : 09 04 appBootInfo 1779427176493 android com.amazon.amazonvideo.livingroom com.amazon.amazonvideo.livingroom/com.google.android.datatransport.runtime.scheduling.jobscheduling.JobInfoSchedulerService bind_service_form_job true true is_default_allow. 1
05-22 02:21:29.500   821  2012 D TVKitService: getProjectID
05-22 02:21:29.500   821  2012 D DeviceInfoImpl: getProjectID from map is 4357
05-22 02:21:29.501   821  2012 D TVKitService: getSoftwareVersion
05-22 02:21:29.501   821  2012 D DeviceInfoImpl: getSoftwareVersion is V8-R51AT01-LF1V126
05-22 02:21:33.728   815  1063 P Quality : 09 04 appBootInfo 1779426666511 android com.esaba.downloader com.esaba.downloader/com.google.android.datatransport.runtime.scheduling.jobscheduling.JobInfoSchedulerService bind_service_form_job true false callee_does't_have_OP_AUTO_START_permission. 13
05-22 02:21:34.509   821  2012 D TVKitService: getProjectID
05-22 02:21:34.509   821  2012 D DeviceInfoImpl: getProjectID from map is 4357
05-22 02:21:34.510   821  2012 D TVKitService: getSoftwareVersion
05-22 02:21:34.510   821  2012 D DeviceInfoImpl: getSoftwareVersion is V8-R51AT01-LF1V126
05-22 02:21:38.732   815  1063 P Quality : 09 04 appBootInfo 1779426820744 android com.android.keychain com.android.keychain/.KeyChainService start_service true true is_default_allow. 1
05-22 02:21:39.518   821  2012 D TVKitService: getProjectID
05-22 02:21:39.518   821  2012 D DeviceInfoImpl: getProjectID from map is 4357
05-22 02:21:39.520   821  2012 D TVKitService: getSoftwareVersion
05-22 02:21:39.520   821  2012 D DeviceInfoImpl: getSoftwareVersion is V8-R51AT01-LF1V126
05-22 02:21:43.736   815  1063 P Quality : 09 04 appBootInfo 1779426820804 com.google.android.gms com.google.android.gms com.google.android.gms/.chimera.GmsIntentOperationService start_service false true is_default_allow. 1
05-22 02:21:44.526   821  2012 D TVKitService: getProjectID
05-22 02:21:44.527   821  2012 D DeviceInfoImpl: getProjectID from map is 4357
05-22 02:21:44.528   821  2012 D TVKitService: getSoftwareVersion
05-22 02:21:44.529   821  2012 D DeviceInfoImpl: getSoftwareVersion is V8-R51AT01-LF1V126
05-22 02:21:48.740   815  1063 P Quality : 09 04 appBootInfo 1779426826173 android com.android.vending com.android.vending/com.google.android.finsky.packagemonitor.backgroundimpl.BackgroundPackageMonitorReceiverImpl$RegisteredReceiver broadcast true true is_default_allow. 1
05-22 02:21:49.536   821  2012 D TVKitService: getProjectID
05-22 02:21:49.536   821  2012 D DeviceInfoImpl: getProjectID from map is 4357
05-22 02:21:49.537   821  2012 D TVKitService: getSoftwareVersion
05-22 02:21:49.537   821  2012 D DeviceInfoImpl: getSoftwareVersion is V8-R51AT01-LF1V126
05-22 02:21:53.744   815  1063 P Quality : 09 04 appBootInfo 1779427177527 com.android.vending com.google.android.gsf com.google.android.gsf/.gservices.GservicesProvider content_provider false true is_default_allow. 1
05-22 02:21:54.546   821  2012 D TVKitService: getProjectID
05-22 02:21:54.546   821  2012 D DeviceInfoImpl: getProjectID from map is 4357
05-22 02:21:54.548   821  2012 D TVKitService: getSoftwareVersion
05-22 02:21:54.548   821  2012 D DeviceInfoImpl: getSoftwareVersion is V8-R51AT01-LF1V126
05-22 02:21:57.262   790  1149 P Quality : 09 03 info 1779427317262 procName:com.google.android.apps.tv.launcherx 2 callback:vur,target:android.os.Handler $ latencyTime:0,WallTime:504 android.os.MessageQueue.nativePollOnce:-2,android.os.MessageQueue.next:335,android.os.Looper.loop:200,android.app.ActivityThread.main:7848,java.lang.reflect.Method.invoke:-2,com.android.internal.os.RuntimeInit$MethodAndArgsCaller.run:592,com.android.internal.os.ZygoteInit.main:1070, allocWait:0,ionwait:0,dstate:0,sched:0,iowait:0 $ $
05-22 02:21:57.264   815   872 D BMS-BlockMonitorManagerService: ProcessName: com.google.android.apps.tv.launcherx
05-22 02:21:57.264   815   872 D BMS-BlockMonitorManagerService: Timestamp: 2026-05-22 02:21:57
05-22 02:21:57.264   815   872 D BMS-BlockMonitorManagerService: HandlerName: android.os.Handler
05-22 02:21:57.264   815   872 D BMS-BlockMonitorManagerService: Message.what: 0
05-22 02:21:57.264   815   872 D BMS-BlockMonitorManagerService: blockDuration: 504
05-22 02:21:57.264   815   872 D BMS-BlockMonitorManagerService: BlockTraces: 
05-22 02:21:57.264   815   872 D BMS-BlockMonitorManagerService: android.os.MessageQueue.nativePollOnce:-2,android.os.MessageQueue.next:335,android.os.Looper.loop:200,android.app.ActivityThread.main:7848,java.lang.reflect.Method.invoke:-2,com.android.internal.os.RuntimeInit$MethodAndArgsCaller.run:592,com.android.internal.os.ZygoteInit.main:1070,
05-22 02:21:58.749   815  1063 P Quality : 09 04 appBootInfo 1779426925578 com.google.android.videos com.android.vending com.android.vending/com.google.android.finsky.contentfilterui.ContentFiltersService bind_service false true is_default_allow. 1
05-22 02:21:59.554   821  2012 D TVKitService: getProjectID
05-22 02:21:59.554   821  2012 D DeviceInfoImpl: getProjectID from map is 4357
05-22 02:21:59.557   821  2012 D TVKitService: getSoftwareVersion
05-22 02:21:59.557   821  2012 D DeviceInfoImpl: getSoftwareVersion is V8-R51AT01-LF1V126
05-22 02:22:04.564   821  2012 D TVKitService: getProjectID
05-22 02:22:04.565   821  2012 D DeviceInfoImpl: getProjectID from map is 4357
05-22 02:22:04.566   821  2012 D TVKitService: getSoftwareVersion
05-22 02:22:04.566   821  2012 D DeviceInfoImpl: getSoftwareVersion is V8-R51AT01-LF1V126
05-22 02:22:08.020   815  1009 D DeviceStorageMonitorService: updateBroadcasts,oldlevel is 0,newLevel is 0
05-22 02:22:09.574   821  2012 D TVKitService: getProjectID
05-22 02:22:09.574   821  2012 D DeviceInfoImpl: getProjectID from map is 4357
05-22 02:22:09.575   821  2012 D TVKitService: getSoftwareVersion
05-22 02:22:09.575   821  2012 D DeviceInfoImpl: getSoftwareVersion is V8-R51AT01-LF1V126
05-22 02:22:14.582   821  2012 D TVKitService: getProjectID
05-22 02:22:14.583   821  2012 D DeviceInfoImpl: getProjectID from map is 4357
05-22 02:22:14.584   821  2012 D TVKitService: getSoftwareVersion
05-22 02:22:14.584   821  2012 D DeviceInfoImpl: getSoftwareVersion is V8-R51AT01-LF1V126
05-22 02:22:19.591   821  2012 D TVKitService: getProjectID
05-22 02:22:19.591   821  2012 D DeviceInfoImpl: getProjectID from map is 4357
05-22 02:22:19.592   821  2012 D TVKitService: getSoftwareVersion
05-22 02:22:19.592   821  2012 D DeviceInfoImpl: getSoftwareVersion is V8-R51AT01-LF1V126
05-22 02:22:24.598   821  2012 D TVKitService: getProjectID
05-22 02:22:24.598   821  2012 D DeviceInfoImpl: getProjectID from map is 4357
05-22 02:22:24.599   821  2012 D TVKitService: getSoftwareVersion
05-22 02:22:24.600   821  2012 D DeviceInfoImpl: getSoftwareVersion is V8-R51AT01-LF1V126
05-22 02:22:29.606   821  2012 D TVKitService: getProjectID
05-22 02:22:29.606   821  2012 D DeviceInfoImpl: getProjectID from map is 4357
05-22 02:22:29.608   821  2012 D TVKitService: getSoftwareVersion
05-22 02:22:29.608   821  2012 D DeviceInfoImpl: getSoftwareVersion is V8-R51AT01-LF1V126
05-22 02:22:34.614   821  2012 D TVKitService: getProjectID
05-22 02:22:34.614   821  2012 D DeviceInfoImpl: getProjectID from map is 4357
05-22 02:22:34.615   821  2012 D TVKitService: getSoftwareVersion
05-22 02:22:34.615   821  2012 D DeviceInfoImpl: getSoftwareVersion is V8-R51AT01-LF1V126
05-22 02:22:39.622   821  2012 D TVKitService: getProjectID
05-22 02:22:39.622   821  2012 D DeviceInfoImpl: getProjectID from map is 4357
05-22 02:22:39.623   821  2012 D TVKitService: getSoftwareVersion
