--------- beginning of system
05-22 02:17:45.974   530  2449 I ActivityManager: Process com.android.proxyhandler (pid 11004) has died: cch+2CEM 
05-22 02:17:46.078   530  2333 I ActivityManager: Process com.amazon.diode (pid 11082) has died: cch+1CEM 
05-22 02:17:47.278   395   487 E storaged: getDiskStats failed with result NOT_SUPPORTED and size 0
05-22 02:18:19.284   530   549 I ActivityManager: Start proc 11142:com.amazon.tv.livetv/u0a155 for service com.amazon.tv.livetv/androidx.work.impl.background.systemjob.SystemJobService
05-22 02:18:19.831   530   549 I ActivityManager: Start proc 11178:com.android.proxyhandler/u0a7 for service com.fireos.arcus.proxy/.ArcusProxy
05-22 02:18:20.108   530  2333 I AmazonProfileService: Registering callback
05-22 02:18:20.131   530   549 I ActivityManager: Start proc 11242:com.android.providers.tv/u0a56 for content provider com.android.providers.tv/.TvProvider
05-22 02:18:20.188   530   549 W ActivityManager: Slow operation: 71ms so far, now at startProcess: returned from zygote!
05-22 02:18:20.189   530   549 W ActivityManager: Slow operation: 72ms so far, now at startProcess: done updating battery stats
05-22 02:18:20.189   530   549 W ActivityManager: Slow operation: 72ms so far, now at startProcess: building log message
05-22 02:18:20.189   530   549 I ActivityManager: Start proc 11253:com.amazon.prism.android.service:remote/u0a120 for service com.amazon.prism.android.service/.PrismService
05-22 02:18:20.189   530   549 W ActivityManager: Slow operation: 72ms so far, now at startProcess: starting to update pids map
05-22 02:18:20.189   530   549 W ActivityManager: Slow operation: 72ms so far, now at startProcess: done updating pids map
05-22 02:18:20.578   530  2674 I ActivityManager: Process com.android.proxyhandler (pid 11178) has died: cch+1CEM 
05-22 02:18:20.840   530   549 I ActivityManager: Start proc 11344:com.amazon.providers.tv/u0a123 for content provider com.amazon.providers.tv/.FireTvProvider
05-22 02:18:20.943   530   549 I ActivityManager: Start proc 11360:com.android.proxyhandler/u0a7 for service com.fireos.arcus.proxy/.ArcusProxy
05-22 02:18:22.152   530  2304 I ActivityManager: Killing 11142:com.amazon.tv.livetv/u0a155 (adj 903): empty #3
05-22 02:18:39.574   530   549 I ActivityManager: Start proc 11439:com.amazon.ceviche/u0a81 for service com.amazon.ceviche/.transport.BatchPurgeTransportJobService
05-22 02:18:39.791   530  2304 I AmazonProfileService: Registering callback
05-22 02:18:40.071   530   651 I ActivityManager: Process com.amazon.prism.android.service:remote (pid 11253) has died: cch+2CEM 
05-22 02:18:40.995   530   651 I ActivityManager: Killing 11344:com.amazon.providers.tv/u0a123 (adj 903): empty #3
05-22 02:18:41.065   530  2304 I ActivityManager: Killing 11242:com.android.providers.tv/u0a56 (adj 903): empty #3
05-22 02:18:47.279   395   487 E storaged: getDiskStats failed with result NOT_SUPPORTED and size 0
05-22 02:19:13.047   377   377 I perfmonitord:StatUtil: CPUUtilization is at 4%
05-22 02:19:13.048   377   377 I perfmonitord:StatUtil: MemoryUtilization is at 75%
05-22 02:19:47.280   395   487 E storaged: getDiskStats failed with result NOT_SUPPORTED and size 0
05-22 02:20:47.280   395   487 E storaged: getDiskStats failed with result NOT_SUPPORTED and size 0
05-22 02:21:04.101   530   549 I ActivityManager: Start proc 11516:com.amazon.bueller.photos/u0a77 for service com.amazon.bueller.photos/com.amazon.gallery.thor.config.control.RemoteConfigurationJob
05-22 02:21:04.603   530  2304 I ActivityManager: Killing 11439:com.amazon.ceviche/u0a81 (adj 903): empty #3
05-22 02:21:05.021   530  2304 I AmazonProfileService: onWakeUp, reason = [com.amazon.ssdpservice, com.amazon.dialservice], wakefulness = 2
05-22 02:21:05.021   530  2304 I SuspendToRamVendorCallback: Device was woken up
05-22 02:21:05.022   530   559 I SuspendToRamVendorCallback: STR handler's callbacks removed
05-22 02:21:05.022   530  2304 I PowerManagerService: Waking up from dream (uid=1000 reason=[com.amazon.ssdpservice, com.amazon.dialservice])...
05-22 02:21:05.025   530   530 W UsageStatsService: Event reported without a package name
05-22 02:21:05.028   530  2304 I AmazonHdmiService: Turning TV on via OTP
05-22 02:21:05.029   530   561 I DreamManagerService: Gently waking up from dream.
05-22 02:21:05.030   530   693 I AmazonHdmiService: OneTouchPlay: Call starting
05-22 02:21:05.030   530   553 I DreamManagerService: Performing gentle wake from dream.
05-22 02:21:05.034   530  2336 I DreamManagerService: Leaving dreamland.
05-22 02:21:05.034   530   553 I DreamManagerService: Performing gentle wake from dream.
05-22 02:21:05.034   530   553 I DreamController: Stopping dream: name=ComponentInfo{com.amazon.ftv.screensaver/com.amazon.ftv.screensaver.app.services.ScreensaverService}, isTest=false, canDoze=false, userId=0
05-22 02:21:05.065   530   549 I ActivityManager: Start proc 11575:com.amazon.tv.devicecontrol/u0a147 for broadcast com.amazon.tv.devicecontrol/.nativedcs.NativeDelegateReceiver
05-22 02:21:05.075   530   553 I ActivityManager: Force stopping com.amazon.ftv.screensaver appid=10101 user=0: from pid 530
05-22 02:21:05.077   530   553 I ActivityManager: Killing 9272:com.amazon.ftv.screensaver/u0a101 (adj 0): stop com.amazon.ftv.screensaver
05-22 02:21:05.092   530   701 W AmazonProfileService: Active profile for the package xxx not present for customer Id xxx
05-22 02:21:05.131   530   530 I AmazonHdmiServiceUtils: setActiveCecState: jsonCaps: {"activeCecState":"active"}, activeCecState: active, isCecSink:true
05-22 02:21:05.137   530  1600 I WindowManager: WIN DEATH: Window{3f66a36 u0 Sys2023:dream}
05-22 02:21:05.266   530   548 W AmazonProfileService: Active profile for the package xxx not present for customer Id xxx
05-22 02:21:05.393   530  2294 I AmazonProfileService: Event is not filtered because it is not in filter key list.
05-22 02:21:05.404   530   555 W ActivityManager: setHasOverlayUi called on unknown pid: 9272
05-22 02:21:05.609   530   530 I AmzHdmiServiceCallback: power status is 0
05-22 02:21:05.610   530   530 I AmazonHdmiServiceUtils: setActiveCecState: jsonCaps: {"activeCecState":"active"}, activeCecState: active, isCecSink:true
05-22 02:21:05.610   530   530 I AmazonHdmiService: OneTouchPlay: worked :Result:0
05-22 02:21:05.699   530  1600 I AmazonProfileService: Registering callback
05-22 02:21:05.741   530   549 I ActivityManager: Start proc 11627:com.amazon.ceviche/u0a81 for content provider com.amazon.ceviche/.TrackEventsContentProvider
05-22 02:21:05.983 11575 11651 I AmazonHdmiServiceManager: AmazonHdmiServiceManager created
05-22 02:21:06.140   530   651 I AmazonProfileService: Registering callback
05-22 02:21:06.256   377   377 I perfmonitord:StatUtil: CPUUtilization crossed 95%. Current - 97%
05-22 02:21:06.417   530   549 I ActivityManager: Start proc 11692:com.amazon.aca/u0a66 for content provider com.amazon.aca/.cues.provider.HintsProvider
05-22 02:21:06.523   530  2454 I AmazonHdmiService: Get Current HDCP Version
05-22 02:21:06.563   530  2294 I AmazonHdmiService: Get Current HDCP Version
05-22 02:21:06.600   530  1178 E AmazonHdmiService: No handle to TV client
05-22 02:21:06.605   530  1178 I AmazonHdmiService: Get Current HDCP Version
05-22 02:21:06.618   530  1178 I AmazonHdmiService: Get Current HDCP Version
05-22 02:21:06.860   530   530 I AmzHdmiServiceCallback: power status is 0
05-22 02:21:06.865   530  2454 E AmazonHdmiService: No handle to TV client
05-22 02:21:06.876   530  2454 I chatty  : uid=1000(system) Binder:530_1F identical 1 line
05-22 02:21:06.887   530  2454 E AmazonHdmiService: No handle to TV client
05-22 02:21:06.888   530  1178 E AmazonHdmiService: No handle to TV client
05-22 02:21:06.892   530  1178 E AmazonHdmiService: No handle to TV client
05-22 02:21:07.142   530  2304 I AmazonHdmiService: Get Current HDCP Version
05-22 02:21:07.178   530  2294 I AmazonHdmiService: Get Current HDCP Version
05-22 02:21:07.180   530  2294 I AmazonHdmiService: Get Current HDCP Version
05-22 02:21:07.185   530  2304 I AmazonHdmiService: Get Current HDCP Version
05-22 02:21:07.219   530   530 I AmzHdmiServiceCallback: power status is 0
05-22 02:21:07.220   530  2294 E AmazonHdmiService: No handle to TV client
05-22 02:21:07.224   530  2294 I chatty  : uid=1000(system) Binder:530_12 identical 2 lines
05-22 02:21:07.227   530  2294 E AmazonHdmiService: No handle to TV client
05-22 02:21:07.247   530  2454 W ActivityManager: Unable to start service Intent { cmp=com.amazon.tv.inputpreference.service/.AmazonInputPreferenceServiceImpl } U=0: not found
05-22 02:21:07.258   377   377 I perfmonitord:StatUtil: CPUUtilization now below 95%. Usage - 94%. Total milliseconds above threshold - 1000
05-22 02:21:07.317   530   624 I AmazonProfileService: Event is not filtered because it is not in filter key list.
05-22 02:21:07.407   530   624 I chatty  : uid=1000(system) InputReader identical 1 line
05-22 02:21:07.515   530   624 I AmazonProfileService: Event is not filtered because it is not in filter key list.
05-22 02:21:07.520   530  2454 E AmazonHdmiService: No handle to TV client
05-22 02:21:07.520   530   530 I AmzHdmiServiceCallback: power status is 0
05-22 02:21:07.618   530   662 W HdmiCecController: Failed to send <Vendor Command> 44:89:83 with errorCode=1
05-22 02:21:07.624   530   624 I AmazonProfileService: Event is not filtered because it is not in filter key list.
05-22 02:21:07.793   530   530 I AmzHdmiServiceCallback: power status is 0
05-22 02:21:07.793   530   530 W HDMI    : [3]:Unhandled cec command:<Set Osd Name> 04:47:54:56
05-22 02:21:07.820   530  2294 E AmazonHdmiService: No handle to TV client
05-22 02:21:08.048   530   662 W HdmiCecController: Failed to send <Vendor Command> 45:89:83 with errorCode=1
05-22 02:21:08.049   530   530 I AmzHdmiServiceCallback: power status is 0
05-22 02:21:08.050   530   530 W HDMI    : [3]:Unhandled cec command:<Cec Version> 04:9E:05
05-22 02:21:08.052   530  1600 E AmazonHdmiService: No handle to TV client
05-22 02:21:08.120   530  2454 E AmazonHdmiService: No handle to TV client
05-22 02:21:08.263   530   624 I AmazonProfileService: Event is not filtered because it is not in filter key list.
05-22 02:21:08.290   530   530 I AmzHdmiServiceCallback: power status is 0
05-22 02:21:08.338   530   624 I AmazonProfileService: Event is not filtered because it is not in filter key list.
05-22 02:21:08.418   530   651 E AmazonHdmiService: No handle to TV client
05-22 02:21:08.593   530   530 I AmzHdmiServiceCallback: power status is 0
05-22 02:21:08.688   530   662 W HdmiCecController: Failed to send <Vendor Command> 48:89:83 with errorCode=1
05-22 02:21:08.910   530   530 I AmzHdmiServiceCallback: power status is 0
05-22 02:21:09.026   530   624 I AmazonProfileService: Event is not filtered because it is not in filter key list.
05-22 02:21:09.094   530   624 I AmazonProfileService: Event is not filtered because it is not in filter key list.
05-22 02:21:09.168   530   662 W HdmiCecController: Failed to send <Vendor Command> 49:89:83 with errorCode=1
05-22 02:21:09.169   530   530 I AmzHdmiServiceCallback: power status is 0
05-22 02:21:09.709   530   662 W HdmiCecController: Failed to send <Vendor Command> 4B:89:83 with errorCode=1
05-22 02:21:09.712   530   530 I AmzHdmiServiceCallback: power status is 0
05-22 02:21:09.716   530  2294 E AmazonHdmiService: No handle to TV client
05-22 02:21:09.718   530  2294 I chatty  : uid=1000(system) Binder:530_12 identical 1 line
05-22 02:21:09.719   530  2294 E AmazonHdmiService: No handle to TV client
05-22 02:21:09.908   530   662 W HdmiCecController: Failed to send <Vendor Command> 4E:89:83 with errorCode=1
05-22 02:21:10.101   530   624 I AmazonProfileService: Event is not filtered because it is not in filter key list.
05-22 02:21:10.480   530   624 I AmazonProfileService: Event is not filtered because it is not in filter key list.
05-22 02:21:10.491   530  2454 I ActivityManager: START u0 {act=android.intent.action.VIEW (has data) flg=0x10000000 cmp=com.amazon.venezia/.pdi.AppLaunchActivity (has extras)} from uid 10154
05-22 02:21:10.495   530  2454 I AmazonProfileService: shouldAbortActivityStart() Package: xxx activity: xxx
05-22 02:21:10.496   530  2454 I AmazonProfileService: xxx is a system app, do not abort activity start.
05-22 02:21:10.503   530 11816 I ActivityManager: START u0 {act=android.intent.action.MAIN cat=[android.intent.category.LEANBACK_LAUNCHER] flg=0x10000000 pkg=com.redflix.tvmoderno cmp=com.redflix.tvmoderno/com.redx.tvbox.NativeBootActivity (has extras)} from uid 1000
05-22 02:21:10.504   530 11816 I AmazonProfileService: shouldAbortActivityStart() Package: xxx activity: xxx
05-22 02:21:10.504   530 11816 I AmazonProfileService: shouldAbortActivityStart() not aborted
05-22 02:21:10.549   530   530 I AmzHdmiServiceCallback: power status is 0
05-22 02:21:10.610   530   549 I ActivityManager: Start proc 11818:com.redflix.tvmoderno/u0a334 for activity com.redflix.tvmoderno/com.redx.tvbox.NativeBootActivity
05-22 02:21:10.711   530   530 I AmzHdmiServiceCallback: power status is 0
05-22 02:21:10.763   530  1178 W AmazonProfileService: Active profile for the package xxx not present for customer Id xxx
05-22 02:21:10.770   530  1178 W AmazonProfileService: Active profile for the package xxx not present for customer Id xxx
05-22 02:21:10.773   530   555 I AmazonProfileService: Sending broadcast as the package is a non-enabled app
05-22 02:21:10.823   530   701 W AmazonProfileService: Active profile for the package xxx not present for customer Id xxx
05-22 02:21:10.950   530   530 I AmzHdmiServiceCallback: power status is 0
05-22 02:21:12.279   530  1178 W ActivityManager: Unable to start service Intent { cmp=com.amazon.tv.inputpreference.service/.AmazonInputPreferenceServiceImpl } U=0: not found
05-22 02:21:12.448   530  1178 E WindowManager: App trying to use insecure INPUT_FEATURE_NO_INPUT_CHANNEL flag. Ignoring
05-22 02:21:12.454   530  1178 I AmazonProfileService: Event is not filtered because it is not in filter key list.
05-22 02:21:12.673   530   555 W AmazonProfileService: Active profile for the package xxx not present for customer Id xxx
05-22 02:21:14.010   530  1178 I ActivityManager: START u0 {flg=0x24000000 cmp=com.redflix.tvmoderno/com.redx.tvbox.MainActivity} from uid 10334
05-22 02:21:14.011   530  1178 I AmazonProfileService: shouldAbortActivityStart() Package: xxx activity: xxx
05-22 02:21:14.012   530  1178 I AmazonProfileService: shouldAbortActivityStart() not aborted
05-22 02:21:14.060   530  1178 W AmazonProfileService: Active profile for the package xxx not present for customer Id xxx
05-22 02:21:14.064   530  1178 W AmazonProfileService: Active profile for the package xxx not present for customer Id xxx
05-22 02:21:14.065   530   555 I AmazonProfileService: Sending broadcast as the package is a non-enabled app
05-22 02:21:14.815   530   549 I ActivityManager: Start proc 11856:com.amazon.webview.chromium:webview_service/u0a190 for service com.amazon.webview.chromium/org.chromium.android_webview.services.VariationsSeedServer
05-22 02:21:14.827   530   549 I ActivityManager: Start proc 11861:com.amazon.webview.chromium:AWVArcusServiceProcess/u0a190 for service com.amazon.webview.chromium/com.amazon.webview.awvdeploymentservice.service.AWVArcusService
05-22 02:21:14.844   530   549 I ActivityManager: Start proc 11876:com.amazon.webview.chromium/u0a190 for content provider com.amazon.webview.chromium/com.amazon.webview.awvdeploymentservice.service.AWVArcusContentProvider
05-22 02:21:15.022   530   549 I ActivityManager: Start proc 11903:com.amazon.webview.chromium:AWVMetricsProcess/u0a190 for service com.amazon.webview.chromium/com.amazon.webview.metrics.service.AWVMetricsService
05-22 02:21:15.170   530   549 I ActivityManager: Start proc 11921:com.amazon.webview.chromium:sandboxed_process0/u0i20 for webview_service com.redflix.tvmoderno/org.chromium.content.app.SandboxedProcessService0
05-22 02:21:15.222   530   783 E TaskPersister: File error accessing recents directory (directory doesn't exist?).
05-22 02:21:15.471   530   549 I ActivityManager: Start proc 11959:com.amazon.webview.chromium:webview_apk/u0a190 for service com.amazon.webview.chromium/org.chromium.android_webview.nonembedded.AwComponentUpdateService
05-22 02:21:16.377   530   651 E WindowManager: App trying to use insecure INPUT_FEATURE_NO_INPUT_CHANNEL flag. Ignoring
05-22 02:21:16.388   530   651 I AmazonProfileService: Event is not filtered because it is not in filter key list.
05-22 02:21:16.927   530   530 W Looper  : Slow dispatch took 344ms main h=android.app.ActivityThread$H c=android.app.-$$Lambda$LoadedApk$ReceiverDispatcher$Args$_BumDX2UKsnxLVrE6UJsJZkotuA@797e655 m=0
05-22 02:21:16.927   530   530 W Looper  : Slow delivery took 357ms main h=android.app.ActivityThread$H c=android.app.-$$Lambda$LoadedApk$ReceiverDispatcher$Args$_BumDX2UKsnxLVrE6UJsJZkotuA@e99286a m=0
05-22 02:21:16.938   530   530 I AmazonInputSwitchService: Received package installation event for com.amazon.ceviche
05-22 02:21:17.011   530   549 W ActivityManager: Slow operation: 53ms so far, now at startProcess: returned from zygote!
05-22 02:21:17.011   530   549 W ActivityManager: Slow operation: 53ms so far, now at startProcess: done updating battery stats
05-22 02:21:17.012   530   549 W ActivityManager: Slow operation: 54ms so far, now at startProcess: building log message
05-22 02:21:17.012   530   549 I ActivityManager: Start proc 12015:com.amazon.adep/u0a69 for broadcast com.amazon.adep/.nimh.device.management.SecurityEventReceiver
05-22 02:21:17.012   530   549 W ActivityManager: Slow operation: 54ms so far, now at startProcess: starting to update pids map
05-22 02:21:17.012   530   549 W ActivityManager: Slow operation: 54ms so far, now at startProcess: done updating pids map
05-22 02:21:17.132   530   530 W Looper  : Drained
05-22 02:21:17.213   530   555 W AmazonProfileService: Active profile for the package xxx not present for customer Id xxx
05-22 02:21:17.279   377   377 I perfmonitord:StatUtil: CPUUtilization crossed 95%. Current - 98%
05-22 02:21:17.340   530  2454 W ActivityManager: Unable to start service Intent { cmp=com.amazon.tv.inputpreference.service/.AmazonInputPreferenceServiceImpl } U=0: not found
05-22 02:21:20.385   530   783 E TaskPersister: File error accessing recents directory (directory doesn't exist?).
05-22 02:21:21.096   530   549 W ActivityManager: Slow operation: 83ms so far, now at startProcess: returned from zygote!
05-22 02:21:21.096   530   549 W ActivityManager: Slow operation: 83ms so far, now at startProcess: done updating battery stats
05-22 02:21:21.096   530   549 W ActivityManager: Slow operation: 83ms so far, now at startProcess: building log message
05-22 02:21:21.096   530   549 I ActivityManager: Start proc 12074:com.amazon.venezia/u0a165 for broadcast com.amazon.venezia/.card.producer.LibraryItemLaunchedReceiver
05-22 02:21:21.096   530   549 W ActivityManager: Slow operation: 83ms so far, now at startProcess: starting to update pids map
05-22 02:21:21.096   530   549 W ActivityManager: Slow operation: 83ms so far, now at startProcess: done updating pids map
05-22 02:21:21.743   530  2304 I ActivityManager: Process com.amazon.bueller.photos (pid 11516) has died: cch+3CEM 
05-22 02:21:21.828   530  2304 I ActivityManager: Process com.amazon.tv.devicecontrol (pid 11575) has died: cch+3CEM 
05-22 02:21:21.832   530  2454 E AmazonHdmiService: Settings client binder died.
05-22 02:21:21.972   530  2454 I ActivityManager: Process com.amazon.webview.chromium:webview_apk (pid 11959) has died: cch+3CEM 
05-22 02:21:22.005   530  2454 I ActivityManager: Process com.amazon.adep (pid 12015) has died: cch+3CEM 
05-22 02:21:22.070   530  2454 I ActivityManager: Process com.amazon.webview.chromium:webview_service (pid 11856) has died: cch+3CEM 
05-22 02:21:22.283   530  2313 I ActivityManager: Process com.android.proxyhandler (pid 11360) has died: cch+1CEM 
05-22 02:21:22.296   530  2313 I ActivityManager: Process com.amazon.webview.chromium:AWVArcusServiceProcess (pid 11861) has died: cch+1CEM 
05-22 02:21:22.606   530   549 I ActivityManager: Start proc 12121:com.android.proxyhandler/u0a7 for service com.fireos.arcus.proxy/.ArcusProxy
05-22 02:21:22.688   530   540 I AmazonProfileService: Registering callback
05-22 02:21:23.436   530   549 I ActivityManager: Start proc 12195:com.amazon.prism.android.service:remote/u0a120 for service com.amazon.prism.android.service/.PrismService
05-22 02:21:23.738   530   540 I ActivityManager: Process com.android.proxyhandler (pid 12121) has died: cch+1CEM 
05-22 02:21:24.400   530   549 I ActivityManager: Start proc 12237:com.android.proxyhandler/u0a7 for service com.fireos.arcus.proxy/.ArcusProxy
05-22 02:21:25.436   530  2674 I ActivityManager: Process com.android.proxyhandler (pid 12237) has died: cch+1CEM 
05-22 02:21:25.636   530   548 W Looper  : Slow dispatch took 199ms android.ui h=com.android.server.am.ActivityManagerService$UiHandler c=null m=53
05-22 02:21:27.144   530   546 W VoiceInteractionManagerService: no available voice interaction services found for user 0
05-22 02:21:28.308   377   377 I perfmonitord:StatUtil: CPUUtilization now below 95%. Usage - 91%. Total milliseconds above threshold - 11000
05-22 02:21:28.486   530  2674 I ActivityManager: Process com.amazon.aca (pid 11692) has died: cch+1CEM 
05-22 02:21:34.187   530   549 I ActivityManager: Start proc 12395:com.android.providers.downloads/u0a30 for content provider com.android.providers.downloads/.DownloadProvider
05-22 02:21:34.390   530   549 I ActivityManager: Start proc 12412:com.android.proxyhandler/u0a7 for service com.fireos.arcus.proxy/.ArcusProxy
05-22 02:21:38.643   530   530 W Looper  : Slow dispatch took 114ms main h=android.app.ActivityThread$H c=android.app.-$$Lambda$LoadedApk$ReceiverDispatcher$Args$_BumDX2UKsnxLVrE6UJsJZkotuA@df90411 m=0
05-22 02:21:38.657   530   530 I AmazonInputSwitchService: Received package installation event for com.amazon.ceviche
05-22 02:21:38.691   530   549 I ActivityManager: Start proc 12485:com.amazon.adep/u0a69 for broadcast com.amazon.adep/.nimh.device.management.SecurityEventReceiver
05-22 02:21:38.741   530   530 W Looper  : Slow delivery took 216ms main h=com.android.server.tv.TvRemoteService$UserHandler c=android.app.-$$Lambda$LoadedApk$ReceiverDispatcher$Args$_BumDX2UKsnxLVrE6UJsJZkotuA@c1bae14 m=0
05-22 02:21:38.769   530   530 W Looper  : Drained
05-22 02:21:38.921   530   546 W VoiceInteractionManagerService: no available voice interaction services found for user 0
05-22 02:21:47.286   395   487 E storaged: getDiskStats failed with result NOT_SUPPORTED and size 0
05-22 02:22:10.905   530  2454 I ActivityManager: Process com.amazon.ceviche (pid 11627) has died: cch+3CEM 
05-22 02:22:10.977   530   540 I ActivityManager: Process com.amazon.webview.chromium (pid 11876) has died: cch+3CEM 
05-22 02:22:11.029   530   540 I ActivityManager: Process com.android.providers.downloads (pid 12395) has died: cch+3CEM 
05-22 02:22:11.074   530   540 I ActivityManager: Process com.amazon.venezia (pid 12074) has died: cch+3CEM 
05-22 02:22:11.144   530   540 I ActivityManager: Process com.amazon.prism.android.service:remote (pid 12195) has died: cch+3CEM 
05-22 02:22:11.492   530  1177 I ActivityManager: Process com.amazon.adep (pid 12485) has died: cch+2CEM 
05-22 02:22:11.512   530  1177 I ActivityManager: Process com.android.proxyhandler (pid 12412) has died: cch+1CEM 
05-22 02:22:26.023   530   549 I ActivityManager: Start proc 12570:com.amazon.diode/u0a94 for broadcast com.amazon.diode/.events.ExternalEventReceiver
05-22 02:22:26.616   530   549 I ActivityManager: Start proc 12604:com.android.proxyhandler/u0a7 for service com.fireos.arcus.proxy/.ArcusProxy
05-22 02:22:47.287   395   487 E storaged: getDiskStats failed with result NOT_SUPPORTED and size 0
05-22 02:23:31.124   530   624 I AmazonProfileService: Event is not filtered because it is not in filter key list.
05-22 02:23:31.131   530   624 I AmazonProfileService: Event is not filtered because it is not in filter key list.
05-22 02:23:31.787   530  1602 E WindowManager: App trying to use insecure INPUT_FEATURE_NO_INPUT_CHANNEL flag. Ignoring
05-22 02:23:33.265   530   624 I AmazonProfileService: Event is not filtered because it is not in filter key list.
05-22 02:23:39.416   530   624 I chatty  : uid=1000(system) InputReader identical 26 lines
05-22 02:23:39.535   530   624 I AmazonProfileService: Event is not filtered because it is not in filter key list.
05-22 02:23:40.053   530  1177 I ActivityManager: Process com.amazon.diode (pid 12570) has died: cch+2CEM 
05-22 02:23:41.676   530   624 I AmazonProfileService: Event is not filtered because it is not in filter key list.
05-22 02:23:41.787   530   624 I AmazonProfileService: Event is not filtered because it is not in filter key list.
05-22 02:23:41.984   530  1603 I ActivityManager: Process com.android.proxyhandler (pid 12604) has died: cch+1CEM 
05-22 02:23:45.566   530   624 I AmazonProfileService: Event not filtered. KPM proceeds the key
05-22 02:23:45.665   530   624 I AmazonProfileService: Event not filtered. KPM proceeds the key
05-22 02:23:47.288   395   487 E storaged: getDiskStats failed with result NOT_SUPPORTED and size 0
05-22 02:23:56.611   377   377 I perfmonitord:StatUtil: CPUUtilization crossed 95%. Current - 95%
05-22 02:23:57.618   377   377 I perfmonitord:StatUtil: CPUUtilization now below 95%. Usage - 94%. Total milliseconds above threshold - 1000
05-22 02:24:14.543   530   530 W ActivityManager: Slow operation: 57ms so far, now at startProcess: done starting proc!
05-22 02:24:14.572   530   549 W ActivityManager: Slow operation: 65ms so far, now at startProcess: returned from zygote!
05-22 02:24:14.572   530   549 W ActivityManager: Slow operation: 66ms so far, now at startProcess: done updating battery stats
05-22 02:24:14.575   530   549 W ActivityManager: Slow operation: 68ms so far, now at startProcess: building log message
05-22 02:24:14.575   530   549 I ActivityManager: Start proc 12817:com.amazon.venezia/u0a165 for service com.amazon.venezia/com.amazon.juggler.settings.sync.SyncToDeviceJob
05-22 02:24:14.575   530   549 W ActivityManager: Slow operation: 68ms so far, now at startProcess: starting to update pids map
05-22 02:24:14.575   530   549 W ActivityManager: Slow operation: 68ms so far, now at startProcess: done updating pids map
05-22 02:24:15.451   530   549 I ActivityManager: Start proc 12864:com.android.proxyhandler/u0a7 for service com.fireos.arcus.proxy/.ArcusProxy
05-22 02:24:16.239   530  1603 I ActivityManager: Process com.android.proxyhandler (pid 12864) has died: cch+1CEM 
05-22 02:24:23.421   530   549 I ActivityManager: Start proc 12995:com.android.providers.downloads/u0a30 for content provider com.android.providers.downloads/.DownloadProvider
05-22 02:24:23.543   530   549 I ActivityManager: Start proc 13011:com.android.proxyhandler/u0a7 for service com.fireos.arcus.proxy/.ArcusProxy
05-22 02:24:24.487   530  2335 I ActivityManager: Process com.android.proxyhandler (pid 13011) has died: cch+2CEM 
05-22 02:24:30.521   530  2335 I ActivityManager: Process com.amazon.venezia (pid 12817) has died: cch+1CEM 
05-22 02:24:34.728   530   624 I AmazonProfileService: Event is not filtered because it is not in filter key list.
05-22 02:24:41.205   530   624 I chatty  : uid=1000(system) InputReader identical 12 lines
05-22 02:24:41.253   530   624 I AmazonProfileService: Event is not filtered because it is not in filter key list.
05-22 02:24:41.710   377   377 I perfmonitord:StatUtil: CPUUtilization crossed 95%. Current - 96%
05-22 02:24:42.151   530   624 I AmazonProfileService: Event not filtered. KPM proceeds the key
05-22 02:24:42.559   530   624 I chatty  : uid=1000(system) InputReader identical 4 lines
05-22 02:24:42.660   530   624 I AmazonProfileService: Event not filtered. KPM proceeds the key
05-22 02:24:42.712   377   377 I perfmonitord:StatUtil: CPUUtilization now below 95%. Usage - 91%. Total milliseconds above threshold - 1000
05-22 02:24:45.461   530   624 I AmazonProfileService: Event is not filtered because it is not in filter key list.
05-22 02:24:45.537   530   624 I AmazonProfileService: Event is not filtered because it is not in filter key list.
05-22 02:24:47.294   395   487 E storaged: getDiskStats failed with result NOT_SUPPORTED and size 0
05-22 02:24:47.888   530   624 I AmazonProfileService: Event is not filtered because it is not in filter key list.
05-22 02:24:50.543   530   624 I chatty  : uid=1000(system) InputReader identical 10 lines
05-22 02:24:50.694   530   624 I AmazonProfileService: Event is not filtered because it is not in filter key list.
05-22 02:25:19.843   530 13147 I AmazonDropBoxManagerService: Either there is no Log.radiofile or all files are corrupted
05-22 02:25:27.239   530   624 I AmazonProfileService: Event not filtered. KPM proceeds the key
05-22 02:25:29.895   530   624 I chatty  : uid=1000(system) InputReader identical 14 lines
05-22 02:25:29.996   530   624 I AmazonProfileService: Event not filtered. KPM proceeds the key
05-22 02:25:30.115   530   624 I AmazonProfileService: Event is not filtered because it is not in filter key list.
05-22 02:25:30.665   530   624 I chatty  : uid=1000(system) InputReader identical 5 lines
05-22 02:25:30.775   530   624 I AmazonProfileService: Event is not filtered because it is not in filter key list.
05-22 02:25:30.870   530  1599 I ActivityManager: Process com.android.providers.downloads (pid 12995) has died: cch+1CEM 
05-22 02:25:30.884   530   624 I AmazonProfileService: Event is not filtered because it is not in filter key list.
05-22 02:25:30.995   530   624 I AmazonProfileService: Event is not filtered because it is not in filter key list.
05-22 02:25:31.034   530   548 W Looper  : Slow dispatch took 137ms android.ui h=com.android.server.am.ActivityManagerService$UiHandler c=null m=53
05-22 02:25:31.107   530   624 I AmazonProfileService: Event is not filtered because it is not in filter key list.
05-22 02:25:42.497   530   624 I chatty  : uid=1000(system) InputReader identical 13 lines
05-22 02:25:42.607   530   624 I AmazonProfileService: Event is not filtered because it is not in filter key list.
05-22 02:25:47.299   395   487 E storaged: getDiskStats failed with result NOT_SUPPORTED and size 0
05-22 02:25:52.594   530   624 I AmazonProfileService: Event is not filtered because it is not in filter key list.
05-22 02:25:52.696   530   624 I AmazonProfileService: Event is not filtered because it is not in filter key list.
05-22 02:25:54.153   530   624 I AmazonProfileService: Event not filtered. KPM proceeds the key
05-22 02:25:54.774   530   624 I chatty  : uid=1000(system) InputReader identical 6 lines
05-22 02:25:54.881   530   624 I AmazonProfileService: Event not filtered. KPM proceeds the key
05-22 02:26:04.593   530   549 I ActivityManager: Start proc 13245:com.amazon.bueller.photos/u0a77 for service com.amazon.bueller.photos/com.amazon.gallery.thor.config.control.RemoteConfigurationJob
05-22 02:26:05.778   530   549 I ActivityManager: Start proc 13300:com.android.proxyhandler/u0a7 for service com.fireos.arcus.proxy/.ArcusProxy
05-22 02:26:05.947   530   540 I ActivityManager: Process com.amazon.bueller.photos (pid 13245) has died: cch+1CEM 
05-22 02:26:13.688   530  2335 I ActivityManager: Process com.android.proxyhandler (pid 13300) has died: cch+1CEM 
05-22 02:26:47.302   395   487 E storaged: getDiskStats failed with result NOT_SUPPORTED and size 0
05-22 02:26:50.121   530   546 I UsageStatsService: User[0] Flushing usage stats to disk
05-22 02:27:26.853   530   549 I ActivityManager: Start proc 13449:com.amazon.diode/u0a94 for broadcast com.amazon.diode/.events.ExternalEventReceiver
05-22 02:27:27.446   530   549 I ActivityManager: Start proc 13481:com.android.proxyhandler/u0a7 for service com.fireos.arcus.proxy/.ArcusProxy
05-22 02:27:27.650   530  2335 I ActivityManager: Process com.amazon.diode (pid 13449) has died: cch+1CEM 
05-22 02:27:28.668   530  1602 I ActivityManager: Process com.android.proxyhandler (pid 13481) has died: cch+1CEM 
05-22 02:27:47.302   395   487 E storaged: getDiskStats failed with result NOT_SUPPORTED and size 0
05-22 02:27:56.460   530   624 I AmazonProfileService: Event is not filtered because it is not in filter key list.
05-22 02:27:59.378   530   624 I chatty  : uid=1000(system) InputReader identical 4 lines
05-22 02:27:59.430   530   624 I AmazonProfileService: Event is not filtered because it is not in filter key list.
05-22 02:28:00.501   530   624 I AmazonProfileService: Event not filtered. KPM proceeds the key
05-22 02:28:00.601   530   624 I AmazonProfileService: Event not filtered. KPM proceeds the key
05-22 02:28:47.303   395   487 E storaged: getDiskStats failed with result NOT_SUPPORTED and size 0
05-22 02:29:14.247   377   377 I perfmonitord:StatUtil: CPUUtilization is at 38%
05-22 02:29:14.248   377   377 I perfmonitord:StatUtil: MemoryUtilization is at 78%
05-22 02:29:47.305   395   487 E storaged: getDiskStats failed with result NOT_SUPPORTED and size 0
05-22 02:30:47.305   395   487 E storaged: getDiskStats failed with result NOT_SUPPORTED and size 0
05-22 02:31:47.306   395   487 E storaged: getDiskStats failed with result NOT_SUPPORTED and size 0
05-22 02:32:25.258   530   551 E BatteryExternalStatsWorker: no controller energy info supplied for wifi
05-22 02:32:25.287   530   551 E BatteryExternalStatsWorker: no controller energy info supplied for telephony
05-22 02:32:27.345   530   549 I ActivityManager: Start proc 13854:com.amazon.diode/u0a94 for broadcast com.amazon.diode/.events.ExternalEventReceiver
05-22 02:32:27.760   530   549 I ActivityManager: Start proc 13883:com.android.proxyhandler/u0a7 for service com.fireos.arcus.proxy/.ArcusProxy
05-22 02:32:28.172   530  1177 I ActivityManager: Process com.amazon.diode (pid 13854) has died: cch+1CEM 
05-22 02:32:29.231   530   540 I ActivityManager: Process com.android.proxyhandler (pid 13883) has died: cch+1CEM 
05-22 02:32:47.307   395   487 E storaged: getDiskStats failed with result NOT_SUPPORTED and size 0
05-22 02:32:58.810   530   547 W BroadcastQueue: Background execution not allowed: receiving Intent { act=android.net.wifi.STATE_CHANGE flg=0x4000010 (has extras) } to com.amazon.wifilocker/.receivers.WifiChangeReceiver
05-22 02:32:58.832   530   549 I ActivityManager: Start proc 13968:com.amazon.wifilocker/u0a19 for broadcast com.amazon.wifilocker/.receivers.WifiChangeReceiver
05-22 02:32:58.960   530   549 I ActivityManager: Start proc 13985:com.android.proxyhandler/u0a7 for service com.fireos.arcus.proxy/.ArcusProxy
05-22 02:32:59.354   530  2316 I ActivityManager: Process com.amazon.wifilocker (pid 13968) has died: cch+1CEM 
05-22 02:33:00.228   530   549 I ActivityManager: Start proc 14068:com.amazon.bueller.photos/u0a77 for service com.amazon.bueller.photos/com.amazon.gallery.thor.config.control.RemoteConfigurationJob
05-22 02:33:00.389   530   540 I ActivityManager: Process com.android.proxyhandler (pid 13985) has died: cch+1CEM 
05-22 02:33:00.602   530   561 I PowerManagerService: Nap time (uid 1000)...
05-22 02:33:00.602   530   530 W UsageStatsService: Event reported without a package name
05-22 02:33:00.608   530   561 I DreamManagerService: Entering dreamland.
05-22 02:33:00.609   530   561 I PowerManagerService: Dreaming...
05-22 02:33:00.610   530   553 I DreamController: Starting dream: name=ComponentInfo{com.amazon.ftv.screensaver/com.amazon.ftv.screensaver.app.services.ScreensaverService}, isTest=false, canDoze=false, userId=0
05-22 02:33:00.660   530   701 W AmazonProfileService: Active profile for the package xxx not present for customer Id xxx
05-22 02:33:00.681   530   549 I ActivityManager: Start proc 14096:com.amazon.ftv.screensaver/u0a101 for service com.amazon.ftv.screensaver/.app.services.ScreensaverService
05-22 02:33:01.203   530   549 I ActivityManager: Start proc 14145:com.android.proxyhandler/u0a7 for service com.fireos.arcus.proxy/.ArcusProxy
05-22 02:33:01.292   530  1177 I ActivityManager: Process com.amazon.bueller.photos (pid 14068) has died: cch+1CEM 
05-22 02:33:01.619   530  2301 E WindowManager: App trying to use insecure INPUT_FEATURE_NO_INPUT_CHANNEL flag. Ignoring
05-22 02:33:02.220   530  2294 I ActivityManager: Process com.android.proxyhandler (pid 14145) has died: cch+1CEM 
05-22 02:33:02.731   377   377 I perfmonitord:StatUtil: CPUUtilization crossed 95%. Current - 98%
05-22 02:33:03.733   377   377 I perfmonitord:StatUtil: CPUUtilization now below 95%. Usage - 87%. Total milliseconds above threshold - 1000
05-22 02:33:06.796   530   549 I ActivityManager: Start proc 14294:com.android.providers.downloads/u0a30 for service com.android.providers.downloads/.DownloadMonitorService
05-22 02:33:07.113   530   549 I ActivityManager: Start proc 14314:com.android.proxyhandler/u0a7 for service com.fireos.arcus.proxy/.ArcusProxy
05-22 02:33:07.441   530  1602 I ActivityManager: Process com.android.providers.downloads (pid 14294) has died: cch+1CEM 
05-22 02:33:08.981   530   549 I ActivityManager: Start proc 14380:com.amazon.ceviche/u0a81 for content provider com.amazon.ceviche/.TrackEventsContentProvider
05-22 02:33:09.275   530  1178 I AmazonProfileService: Registering callback
05-22 02:33:09.325   530  2301 I ActivityManager: Process com.android.proxyhandler (pid 14314) has died: fore TRNB
05-22 02:33:09.340   530  2301 W ActivityManager: Scheduling restart of crashed service com.fireos.arcus.proxy/.ArcusProxy in 16000ms
05-22 02:33:12.970   530   530 W Looper  : Slow dispatch took 185ms main h=android.app.ActivityThread$H c=android.app.-$$Lambda$LoadedApk$ReceiverDispatcher$Args$_BumDX2UKsnxLVrE6UJsJZkotuA@418247a m=0
05-22 02:33:12.978   530   530 I AmazonInputSwitchService: Received package installation event for com.amazon.ftv.screensaver
05-22 02:33:12.978   530   530 W Looper  : Slow delivery took 201ms main h=android.app.ActivityThread$H c=android.app.-$$Lambda$LoadedApk$ReceiverDispatcher$Args$_BumDX2UKsnxLVrE6UJsJZkotuA@9c0e42b m=0
05-22 02:33:13.017   530   549 I ActivityManager: Start proc 14430:com.amazon.adep/u0a69 for broadcast com.amazon.adep/.nimh.device.management.SecurityEventReceiver
05-22 02:33:13.115   530   530 W Looper  : Slow dispatch took 109ms main h=android.app.ActivityThread$H c=android.app.-$$Lambda$LoadedApk$ReceiverDispatcher$Args$_BumDX2UKsnxLVrE6UJsJZkotuA@2332b64 m=0
05-22 02:33:13.229   530   546 W VoiceInteractionManagerService: no available voice interaction services found for user 0
05-22 02:33:13.261   530   530 W Looper  : Drained
05-22 02:33:15.846   530  1178 I ActivityManager: Process com.amazon.adep (pid 14430) has died: cch+1CEM 
05-22 02:33:20.815   530   700 I RuntimePersistent: Set process com.amazon.device.software.ota to non persistent, maxAdj=1001
05-22 02:33:20.828   530   549 I ActivityManager: Start proc 14478:com.amazon.device.software.ota/u0a24 for service com.amazon.device.software.ota/.OTAJobService
05-22 02:33:21.317   530  1177 I ActivityManager: Process com.amazon.device.software.ota (pid 14478) has died: cch+1CEM 
05-22 02:33:25.353   530   549 I ActivityManager: Start proc 14508:com.android.proxyhandler/u0a7 for service com.fireos.arcus.proxy/.ArcusProxy
05-22 02:33:26.364   530  2338 I ActivityManager: Process com.android.proxyhandler (pid 14508) has died: cch+1CEM 
05-22 02:33:47.545   395   487 E storaged: getDiskStats failed with result NOT_SUPPORTED and size 0
05-22 02:34:00.737   530  2316 I ActivityManager: Process com.amazon.ceviche (pid 14380) has died: cch+1CEM 
05-22 02:34:21.605   530   744 I AmazonDropBoxManagerService: Either there is no Log.radiofile or all files are corrupted
05-22 02:34:47.548   395   487 E storaged: getDiskStats failed with result NOT_SUPPORTED and size 0
05-22 02:35:47.548   395   487 E storaged: getDiskStats failed with result NOT_SUPPORTED and size 0
05-22 02:36:05.633   530  1603 I AmazonProfileService: Unregistering callback
05-22 02:36:47.549   395   487 E storaged: getDiskStats failed with result NOT_SUPPORTED and size 0
--------- beginning of main
05-22 02:36:54.721   305   305 W IMGMemtrackHAL: hal_get_memory: memtrack cache rebuild was required
05-22 02:36:55.711   305   305 W IMGMemtrackHAL: hal_get_memory: memtrack cache rebuild was required
05-22 02:36:56.123   530   539 I system_server: Background concurrent copying GC freed 171138(5MB) AllocSpace objects, 0(0B) LOS objects, 25% free, 17MB/23MB, paused 350us total 231.842ms
05-22 02:36:56.708   305   305 W IMGMemtrackHAL: hal_get_memory: memtrack cache rebuild was required
05-22 02:36:57.711   305   305 W IMGMemtrackHAL: hal_get_memory: memtrack cache rebuild was required
05-22 02:36:58.097  1318  1318 I main.wifi_score: dump_wifi_score_ctxt(): is2g=0, is11ac=1, is11ax=0, chan_bw=80, nss=2, bcn_rssi=-51, data_rssi=-55, tx_ok=5632724, tx_failed=53938, cca_idle_pct=99
05-22 02:36:58.097  1318  1318 I main.wifi_score: dump_wifi_score_ctxt(): last_tx_stats: sgi=0, pream=2, mcs=9, ss=2, bw=2
05-22 02:36:58.710   305   305 W IMGMemtrackHAL: hal_get_memory: memtrack cache rebuild was required
05-22 02:36:59.713   305   305 W IMGMemtrackHAL: hal_get_memory: memtrack cache rebuild was required
05-22 02:37:00.289  1624 14687 I whad    : ControlPlaneManager:handleCommand:caller=Libevent,cmd=sendMessage,xmit=1515917324,recv=1515907202,delta=-10122,tss=XX01GE,senderId=XX06AG,tssStale=true
05-22 02:37:00.289  1624 14687 I whad    : Fabric:onMessage:id=Stitch_258d4293-a938-429e-93c0-91768a7d077b, name=Stitch, sender=XX06AG
05-22 02:37:00.575 14096 14096 I StockPhotos_LegacyStockPhotoScreens: No prep needed. Item already prepped.
05-22 02:37:00.712   305   305 W IMGMemtrackHAL: hal_get_memory: memtrack cache rebuild was required
05-22 02:37:01.158 11818 12068 I chatty  : uid=10334(com.redflix.tvmoderno) pool-2-thread-2 expire 8 lines
05-22 02:37:01.179 11818 12547 I chatty  : uid=10334(com.redflix.tvmoderno) pool-2-thread-1 expire 8 lines
05-22 02:37:01.200 11818 11818 I chatty  : uid=10334(com.redflix.tvmoderno) expire 46 lines
05-22 02:37:01.446 11818 13184 I chatty  : uid=10334(com.redflix.tvmoderno) pool-2-thread-1 expire 8 lines
05-22 02:37:01.717   305   305 W IMGMemtrackHAL: hal_get_memory: memtrack cache rebuild was required
05-22 02:37:01.822 11818 12067 I chatty  : uid=10334(com.redflix.tvmoderno) pool-2-thread-1 expire 8 lines
05-22 02:37:02.099  1318  1318 I main.wifi_score: dump_wifi_score_ctxt(): is2g=0, is11ac=1, is11ax=0, chan_bw=80, nss=2, bcn_rssi=-53, data_rssi=-58, tx_ok=5632835, tx_failed=53942, cca_idle_pct=99
05-22 02:37:02.099  1318  1318 I main.wifi_score: dump_wifi_score_ctxt(): last_tx_stats: sgi=0, pream=2, mcs=9, ss=2, bw=2
05-22 02:37:02.719   305   305 W IMGMemtrackHAL: hal_get_memory: memtrack cache rebuild was required
05-22 02:37:03.265 11818 12280 I chatty  : uid=10334(com.redflix.tvmoderno) pool-2-thread-8 expire 6 lines
05-22 02:37:03.575 14096 14096 I Screensaver_CompositeScheduler: Done rendering (hiding) k4.k@4f344a7
05-22 02:37:03.576 14096 14096 I Screensaver_CompositeScheduler: Ready to composite k4.k@bdc300c
05-22 02:37:03.580 14096 14236 I StockPhotos_StockPhotoScreensaverIt: Finished preparing resources
05-22 02:37:03.704   305   305 W IMGMemtrackHAL: hal_get_memory: memtrack cache rebuild was required
05-22 02:37:04.716   305   305 W IMGMemtrackHAL: hal_get_memory: memtrack cache rebuild was required
05-22 02:37:05.705 11818 12283 I chatty  : uid=10334(com.redflix.tvmoderno) pool-2-thread-1 expire 12 lines
05-22 02:37:05.721   305   305 W IMGMemtrackHAL: hal_get_memory: memtrack cache rebuild was required
05-22 02:37:06.720   305   305 W IMGMemtrackHAL: hal_get_memory: memtrack cache rebuild was required
05-22 02:37:07.198  1318  1318 I main.wifi_score: dump_wifi_score_ctxt(): is2g=0, is11ac=1, is11ax=0, chan_bw=80, nss=2, bcn_rssi=-50, data_rssi=-62, tx_ok=5632908, tx_failed=53944, cca_idle_pct=99
05-22 02:37:07.198  1318  1318 I main.wifi_score: dump_wifi_score_ctxt(): last_tx_stats: sgi=0, pream=2, mcs=9, ss=2, bw=2
05-22 02:37:07.724   305   305 W IMGMemtrackHAL: hal_get_memory: memtrack cache rebuild was required
05-22 02:37:07.952 11818 11818 I chatty  : uid=10334(com.redflix.tvmoderno) expire 54 lines
05-22 02:37:07.966 11818 12280 I chatty  : uid=10334(com.redflix.tvmoderno) pool-2-thread-8 expire 9 lines
05-22 02:37:07.967 11818 12068 I chatty  : uid=10334(com.redflix.tvmoderno) pool-2-thread-2 expire 9 lines
05-22 02:37:07.969 11818 12067 I chatty  : uid=10334(com.redflix.tvmoderno) pool-2-thread-1 expire 9 lines
05-22 02:37:07.972 11818 13184 I chatty  : uid=10334(com.redflix.tvmoderno) pool-2-thread-1 expire 9 lines
05-22 02:37:07.980 11818 12547 I chatty  : uid=10334(com.redflix.tvmoderno) pool-2-thread-1 expire 15 lines
05-22 02:37:08.734   305   305 W IMGMemtrackHAL: hal_get_memory: memtrack cache rebuild was required
05-22 02:37:09.713   305   305 W IMGMemtrackHAL: hal_get_memory: memtrack cache rebuild was required
05-22 02:37:10.097  1318  1318 I main.wifi_score: dump_wifi_score_ctxt(): is2g=0, is11ac=1, is11ax=0, chan_bw=80, nss=2, bcn_rssi=-50, data_rssi=-56, tx_ok=5633006, tx_failed=53944, cca_idle_pct=99
05-22 02:37:10.097  1318  1318 I main.wifi_score: dump_wifi_score_ctxt(): last_tx_stats: sgi=0, pream=2, mcs=9, ss=2, bw=2
05-22 02:37:10.695   305   305 W IMGMemtrackHAL: hal_get_memory: memtrack cache rebuild was required
05-22 02:37:11.714   305   305 W IMGMemtrackHAL: hal_get_memory: memtrack cache rebuild was required
05-22 02:37:12.721   305   305 W IMGMemtrackHAL: hal_get_memory: memtrack cache rebuild was required
05-22 02:37:13.718   305   305 W IMGMemtrackHAL: hal_get_memory: memtrack cache rebuild was required
05-22 02:37:14.098  1318  1318 I main.wifi_score: dump_wifi_score_ctxt(): is2g=0, is11ac=1, is11ax=0, chan_bw=80, nss=2, bcn_rssi=-49, data_rssi=-61, tx_ok=5633151, tx_failed=53944, cca_idle_pct=99
05-22 02:37:14.098  1318  1318 I main.wifi_score: dump_wifi_score_ctxt(): last_tx_stats: sgi=0, pream=2, mcs=9, ss=2, bw=2
05-22 02:37:14.447 11818 11818 I chatty  : uid=10334(com.redflix.tvmoderno) expire 54 lines
05-22 02:37:14.460 11818 12067 I chatty  : uid=10334(com.redflix.tvmoderno) pool-2-thread-1 expire 9 lines
05-22 02:37:14.462 11818 13184 I chatty  : uid=10334(com.redflix.tvmoderno) pool-2-thread-1 expire 9 lines
05-22 02:37:14.468 11818 12280 I chatty  : uid=10334(com.redflix.tvmoderno) pool-2-thread-8 expire 9 lines
05-22 02:37:14.471 11818 12283 I chatty  : uid=10334(com.redflix.tvmoderno) pool-2-thread-1 expire 9 lines
05-22 02:37:14.471 11818 12068 I chatty  : uid=10334(com.redflix.tvmoderno) pool-2-thread-2 expire 9 lines
05-22 02:37:14.713   305   305 W IMGMemtrackHAL: hal_get_memory: memtrack cache rebuild was required
05-22 02:37:15.713   305   305 W IMGMemtrackHAL: hal_get_memory: memtrack cache rebuild was required
05-22 02:37:16.718   305   305 W IMGMemtrackHAL: hal_get_memory: memtrack cache rebuild was required
05-22 02:37:17.702   305   305 W IMGMemtrackHAL: hal_get_memory: memtrack cache rebuild was required
05-22 02:37:18.098  1318  1318 I main.wifi_score: dump_wifi_score_ctxt(): is2g=0, is11ac=1, is11ax=0, chan_bw=80, nss=2, bcn_rssi=-53, data_rssi=-52, tx_ok=5633288, tx_failed=53944, cca_idle_pct=99
05-22 02:37:18.098  1318  1318 I main.wifi_score: dump_wifi_score_ctxt(): last_tx_stats: sgi=0, pream=2, mcs=9, ss=2, bw=2
05-22 02:37:18.714   305   305 W IMGMemtrackHAL: hal_get_memory: memtrack cache rebuild was required
05-22 02:37:19.175 11818 12547 I chatty  : uid=10334(com.redflix.tvmoderno) pool-2-thread-1 expire 12 lines
05-22 02:37:19.581  2597  2642 I ArcusSyncManager/RemoteDeviceManagerArcus: onCapabilitiesChanged arcusId: arn:aws:remote-config:us-west-2:875023860230:appConfig:aenxb37n
05-22 02:37:19.583   530   659 I ArcusSyncManager/AmazonInputManager: onCapabilitiesChanged arcusId: arn:aws:remote-config:us-west-2:148732287600:appConfig:aezitige
05-22 02:37:19.584   530   659 I ArcusSyncManager/AmazonInputManager: onCapabilitiesChanged arcusId: arn:aws:remote-config:us-west-2:148732287600:appConfig:a06u7jxn
05-22 02:37:19.598  3474  3583 I NetworkMonitorStates: Network capabilities changed: 100, hasValidatedInternet=true, validatedNetworks: [100]
05-22 02:37:19.598  3474  3583 I NetworkMonitorStates: checkInternetState: validatedNetworks=[100], result=Available
05-22 02:37:19.598  3474  3583 I NetworkMonitorStates: updateInternetState: Available -> Available
05-22 02:37:19.711   305   305 W IMGMemtrackHAL: hal_get_memory: memtrack cache rebuild was required
05-22 02:37:20.712   305   305 W IMGMemtrackHAL: hal_get_memory: memtrack cache rebuild was required
05-22 02:37:20.739  1577 14716 I SPCH-Cont_HealthLogger: Current State = {"AlexaCaptionsEnabled":"false","Account":"valid","ProfileValidated":"true","ProfileType":"ADULT","AlexaCaptionsSupported":"true","memoryTotalPss":"16693","DeviceFamily":"SMP","memoryTotalSharedDirty":"504","ActiveSpeechUI":"Classic","ReleaseVersion":"660.0.0","AlexaLegalTermsAccepted":"true","AppVersion":"3.0.21044.0","AlexaExperience":"FULL","SupportsFarField":"false","short_press_overlay_state":"{\"enabled\": true, \"hintsEnabled\": false, \"isChild\": false, \"override\": 0}","memoryAvailable":"243703808","Gateway":"avs-alexa-18-na.amazon.com:443","memoryLow":"true","RemoteSettingsStrategy":"VizArcus","ConnectionState":"CONNECTED","OOBECompleted":"true","memoryTotalPrivateDirty":"10774","str.auto_wake_up_always":"0"}
05-22 02:37:21.498 11818 11818 I chatty  : uid=10334(com.redflix.tvmoderno) expire 54 lines
05-22 02:37:21.510 11818 12280 I chatty  : uid=10334(com.redflix.tvmoderno) pool-2-thread-8 expire 9 lines
05-22 02:37:21.514 11818 12068 I chatty  : uid=10334(com.redflix.tvmoderno) pool-2-thread-2 expire 9 lines
