05-22 02:31:33.531   383  3089 E RHWC2   : fox 1 [rtk_gdma_post 1531] HAS_FLAG=0
05-22 02:31:33.531   383  3089 E RHWC2   : fox1 [rtk_gdma_post 1530 ]name_of_layer = com.google.android.apps.tv.launcherx/com.google.android.apps.tv.launcherx.home.HomeActivity#0 num_of_layers=2
05-22 02:31:33.531   383  3089 E RHWC2   : fox 1 [rtk_gdma_post 1531] HAS_FLAG=0
05-22 02:31:33.531   383  3089 E RHWC2   : fox1 [rtk_gdma_post 1565 ]
05-22 02:31:33.546   383  3089 E RHWC2   : fox1 func=hwc2_func_validate_display line=1291 
05-22 02:31:33.546   383  3089 E RHWC2   : fox1 func=hwc2_func_validate_display line=1411 
05-22 02:31:33.548   383  3089 E RHWC2   : fox1 [rtk_gdma_post 1507 ]
05-22 02:31:33.548   383  3089 E RHWC2   : fox1 [rtk_gdma_post 1530 ]name_of_layer =  num_of_layers=1
05-22 02:31:33.548   383  3089 E RHWC2   : fox 1 [rtk_gdma_post 1531] HAS_FLAG=0
05-22 02:31:33.548   383  3089 E RHWC2   : fox1 [rtk_gdma_post 1530 ]name_of_layer = com.google.android.apps.tv.launcherx/com.google.android.apps.tv.launcherx.home.HomeActivity#0 num_of_layers=2
05-22 02:31:33.548   383  3089 E RHWC2   : fox 1 [rtk_gdma_post 1531] HAS_FLAG=0
05-22 02:31:33.548   383  3089 E RHWC2   : fox1 [rtk_gdma_post 1565 ]
05-22 02:31:33.662   815   998 E WifiVendorHal: getWifiLinkLayerStats_1_3_Internal(l.978) failed {.code = ERROR_NOT_SUPPORTED, .description = }
05-22 02:31:35.578  2458  2458 E TCL_DeviceInfo: from sita get client type is TCL-LA-RTD51A-S1
05-22 02:31:36.680   815   998 E WifiVendorHal: getWifiLinkLayerStats_1_3_Internal(l.978) failed {.code = ERROR_NOT_SUPPORTED, .description = }
05-22 02:31:39.690   815   998 E WifiVendorHal: getWifiLinkLayerStats_1_3_Internal(l.978) failed {.code = ERROR_NOT_SUPPORTED, .description = }
05-22 02:31:40.583  2458  2458 E TCL_DeviceInfo: from sita get client type is TCL-LA-RTD51A-S1
05-22 02:31:42.705   815   998 E WifiVendorHal: getWifiLinkLayerStats_1_3_Internal(l.978) failed {.code = ERROR_NOT_SUPPORTED, .description = }
05-22 02:31:44.805   383  3089 E RHWC2   : fox1 func=hwc2_func_validate_display line=1291 
05-22 02:31:44.805   383  3089 E RHWC2   : fox1 func=hwc2_func_validate_display line=1411 
05-22 02:31:44.808   383  3089 E RHWC2   : fox1 [rtk_gdma_post 1507 ]
05-22 02:31:44.808   383  3089 E RHWC2   : fox1 [rtk_gdma_post 1530 ]name_of_layer =  num_of_layers=1
05-22 02:31:44.808   383  3089 E RHWC2   : fox 1 [rtk_gdma_post 1531] HAS_FLAG=0
05-22 02:31:44.808   383  3089 E RHWC2   : fox1 [rtk_gdma_post 1530 ]name_of_layer = com.google.android.apps.tv.launcherx/com.google.android.apps.tv.launcherx.home.HomeActivity#0 num_of_layers=2
05-22 02:31:44.808   383  3089 E RHWC2   : fox 1 [rtk_gdma_post 1531] HAS_FLAG=0
05-22 02:31:44.808   383  3089 E RHWC2   : fox1 [rtk_gdma_post 1565 ]
05-22 02:31:44.818   383  3089 E RHWC2   : fox1 func=hwc2_func_validate_display line=1291 
05-22 02:31:44.818   383  3089 E RHWC2   : fox1 func=hwc2_func_validate_display line=1411 
05-22 02:31:44.820   383  3089 E RHWC2   : fox1 [rtk_gdma_post 1507 ]
05-22 02:31:44.820   383  3089 E RHWC2   : fox1 [rtk_gdma_post 1530 ]name_of_layer =  num_of_layers=1
05-22 02:31:44.820   383  3089 E RHWC2   : fox 1 [rtk_gdma_post 1531] HAS_FLAG=0
05-22 02:31:44.820   383  3089 E RHWC2   : fox1 [rtk_gdma_post 1530 ]name_of_layer = com.google.android.apps.tv.launcherx/com.google.android.apps.tv.launcherx.home.HomeActivity#0 num_of_layers=2
05-22 02:31:44.820   383  3089 E RHWC2   : fox 1 [rtk_gdma_post 1531] HAS_FLAG=0
05-22 02:31:44.820   383  3089 E RHWC2   : fox1 [rtk_gdma_post 1565 ]
05-22 02:31:44.835   383  3089 E RHWC2   : fox1 func=hwc2_func_validate_display line=1291 
05-22 02:31:44.835   383  3089 E RHWC2   : fox1 func=hwc2_func_validate_display line=1411 
05-22 02:31:44.837   383  3089 E RHWC2   : fox1 [rtk_gdma_post 1507 ]
05-22 02:31:44.837   383  3089 E RHWC2   : fox1 [rtk_gdma_post 1530 ]name_of_layer =  num_of_layers=1
05-22 02:31:44.837   383  3089 E RHWC2   : fox 1 [rtk_gdma_post 1531] HAS_FLAG=0
05-22 02:31:44.837   383  3089 E RHWC2   : fox1 [rtk_gdma_post 1530 ]name_of_layer = com.google.android.apps.tv.launcherx/com.google.android.apps.tv.launcherx.home.HomeActivity#0 num_of_layers=2
05-22 02:31:44.837   383  3089 E RHWC2   : fox 1 [rtk_gdma_post 1531] HAS_FLAG=0
05-22 02:31:44.837   383  3089 E RHWC2   : fox1 [rtk_gdma_post 1565 ]
05-22 02:31:44.850   383  3089 E RHWC2   : fox1 func=hwc2_func_validate_display line=1291 
05-22 02:31:44.851   383  3089 E RHWC2   : fox1 func=hwc2_func_validate_display line=1411 
05-22 02:31:44.852   383  3089 E RHWC2   : fox1 [rtk_gdma_post 1507 ]
05-22 02:31:44.852   383  3089 E RHWC2   : fox1 [rtk_gdma_post 1530 ]name_of_layer =  num_of_layers=1
05-22 02:31:44.852   383  3089 E RHWC2   : fox 1 [rtk_gdma_post 1531] HAS_FLAG=0
05-22 02:31:44.852   383  3089 E RHWC2   : fox1 [rtk_gdma_post 1530 ]name_of_layer = com.google.android.apps.tv.launcherx/com.google.android.apps.tv.launcherx.home.HomeActivity#0 num_of_layers=2
05-22 02:31:44.852   383  3089 E RHWC2   : fox 1 [rtk_gdma_post 1531] HAS_FLAG=0
05-22 02:31:44.852   383  3089 E RHWC2   : fox1 [rtk_gdma_post 1565 ]
05-22 02:31:44.879   383  3089 E RHWC2   : fox1 func=hwc2_func_validate_display line=1291 
05-22 02:31:44.879   383  3089 E RHWC2   : fox1 func=hwc2_func_validate_display line=1411 
05-22 02:31:44.881   383  3089 E RHWC2   : fox1 [rtk_gdma_post 1507 ]
05-22 02:31:44.881   383  3089 E RHWC2   : fox1 [rtk_gdma_post 1530 ]name_of_layer =  num_of_layers=1
05-22 02:31:44.881   383  3089 E RHWC2   : fox 1 [rtk_gdma_post 1531] HAS_FLAG=0
05-22 02:31:44.881   383  3089 E RHWC2   : fox1 [rtk_gdma_post 1530 ]name_of_layer = com.google.android.apps.tv.launcherx/com.google.android.apps.tv.launcherx.home.HomeActivity#0 num_of_layers=2
05-22 02:31:44.881   383  3089 E RHWC2   : fox 1 [rtk_gdma_post 1531] HAS_FLAG=0
05-22 02:31:44.881   383  3089 E RHWC2   : fox1 [rtk_gdma_post 1565 ]
05-22 02:31:44.896   383  3089 E RHWC2   : fox1 func=hwc2_func_validate_display line=1291 
05-22 02:31:44.896   383  3089 E RHWC2   : fox1 func=hwc2_func_validate_display line=1411 
05-22 02:31:44.898   383  3089 E RHWC2   : fox1 [rtk_gdma_post 1507 ]
05-22 02:31:44.898   383  3089 E RHWC2   : fox1 [rtk_gdma_post 1530 ]name_of_layer =  num_of_layers=1
05-22 02:31:44.898   383  3089 E RHWC2   : fox 1 [rtk_gdma_post 1531] HAS_FLAG=0
05-22 02:31:44.898   383  3089 E RHWC2   : fox1 [rtk_gdma_post 1530 ]name_of_layer = com.google.android.apps.tv.launcherx/com.google.android.apps.tv.launcherx.home.HomeActivity#0 num_of_layers=2
05-22 02:31:44.898   383  3089 E RHWC2   : fox 1 [rtk_gdma_post 1531] HAS_FLAG=0
05-22 02:31:44.898   383  3089 E RHWC2   : fox1 [rtk_gdma_post 1565 ]
05-22 02:31:44.912   383  3089 E RHWC2   : fox1 func=hwc2_func_validate_display line=1291 
05-22 02:31:44.912   383  3089 E RHWC2   : fox1 func=hwc2_func_validate_display line=1411 
05-22 02:31:44.915   383  3089 E RHWC2   : fox1 [rtk_gdma_post 1507 ]
05-22 02:31:44.915   383  3089 E RHWC2   : fox1 [rtk_gdma_post 1530 ]name_of_layer =  num_of_layers=1
05-22 02:31:44.915   383  3089 E RHWC2   : fox 1 [rtk_gdma_post 1531] HAS_FLAG=0
05-22 02:31:44.915   383  3089 E RHWC2   : fox1 [rtk_gdma_post 1530 ]name_of_layer = com.google.android.apps.tv.launcherx/com.google.android.apps.tv.launcherx.home.HomeActivity#0 num_of_layers=2
05-22 02:31:44.915   383  3089 E RHWC2   : fox 1 [rtk_gdma_post 1531] HAS_FLAG=0
05-22 02:31:44.915   383  3089 E RHWC2   : fox1 [rtk_gdma_post 1565 ]
05-22 02:31:44.929   383  3089 E RHWC2   : fox1 func=hwc2_func_validate_display line=1291 
05-22 02:31:44.929   383  3089 E RHWC2   : fox1 func=hwc2_func_validate_display line=1411 
05-22 02:31:44.931   383  3089 E RHWC2   : fox1 [rtk_gdma_post 1507 ]
05-22 02:31:44.931   383  3089 E RHWC2   : fox1 [rtk_gdma_post 1530 ]name_of_layer =  num_of_layers=1
05-22 02:31:44.931   383  3089 E RHWC2   : fox 1 [rtk_gdma_post 1531] HAS_FLAG=0
05-22 02:31:44.931   383  3089 E RHWC2   : fox1 [rtk_gdma_post 1530 ]name_of_layer = com.google.android.apps.tv.launcherx/com.google.android.apps.tv.launcherx.home.HomeActivity#0 num_of_layers=2
05-22 02:31:44.931   383  3089 E RHWC2   : fox 1 [rtk_gdma_post 1531] HAS_FLAG=0
05-22 02:31:44.931   383  3089 E RHWC2   : fox1 [rtk_gdma_post 1565 ]
05-22 02:31:44.946   383  3089 E RHWC2   : fox1 func=hwc2_func_validate_display line=1291 
05-22 02:31:44.946   383  3089 E RHWC2   : fox1 func=hwc2_func_validate_display line=1411 
05-22 02:31:44.948   383  3089 E RHWC2   : fox1 [rtk_gdma_post 1507 ]
05-22 02:31:44.948   383  3089 E RHWC2   : fox1 [rtk_gdma_post 1530 ]name_of_layer =  num_of_layers=1
05-22 02:31:44.948   383  3089 E RHWC2   : fox 1 [rtk_gdma_post 1531] HAS_FLAG=0
05-22 02:31:44.948   383  3089 E RHWC2   : fox1 [rtk_gdma_post 1530 ]name_of_layer = com.google.android.apps.tv.launcherx/com.google.android.apps.tv.launcherx.home.HomeActivity#0 num_of_layers=2
05-22 02:31:44.948   383  3089 E RHWC2   : fox 1 [rtk_gdma_post 1531] HAS_FLAG=0
05-22 02:31:44.948   383  3089 E RHWC2   : fox1 [rtk_gdma_post 1565 ]
05-22 02:31:44.962   383  3089 E RHWC2   : fox1 func=hwc2_func_validate_display line=1291 
05-22 02:31:44.962   383  3089 E RHWC2   : fox1 func=hwc2_func_validate_display line=1411 
05-22 02:31:44.965   383  3089 E RHWC2   : fox1 [rtk_gdma_post 1507 ]
05-22 02:31:44.965   383  3089 E RHWC2   : fox1 [rtk_gdma_post 1530 ]name_of_layer =  num_of_layers=1
05-22 02:31:44.965   383  3089 E RHWC2   : fox 1 [rtk_gdma_post 1531] HAS_FLAG=0
05-22 02:31:44.965   383  3089 E RHWC2   : fox1 [rtk_gdma_post 1530 ]name_of_layer = com.google.android.apps.tv.launcherx/com.google.android.apps.tv.launcherx.home.HomeActivity#0 num_of_layers=2
05-22 02:31:44.965   383  3089 E RHWC2   : fox 1 [rtk_gdma_post 1531] HAS_FLAG=0
05-22 02:31:44.965   383  3089 E RHWC2   : fox1 [rtk_gdma_post 1565 ]
05-22 02:31:44.979   383  3089 E RHWC2   : fox1 func=hwc2_func_validate_display line=1291 
05-22 02:31:44.979   383  3089 E RHWC2   : fox1 func=hwc2_func_validate_display line=1411 
05-22 02:31:44.981   383  3089 E RHWC2   : fox1 [rtk_gdma_post 1507 ]
05-22 02:31:44.981   383  3089 E RHWC2   : fox1 [rtk_gdma_post 1530 ]name_of_layer =  num_of_layers=1
05-22 02:31:44.981   383  3089 E RHWC2   : fox 1 [rtk_gdma_post 1531] HAS_FLAG=0
05-22 02:31:44.981   383  3089 E RHWC2   : fox1 [rtk_gdma_post 1530 ]name_of_layer = com.google.android.apps.tv.launcherx/com.google.android.apps.tv.launcherx.home.HomeActivity#0 num_of_layers=2
05-22 02:31:44.981   383  3089 E RHWC2   : fox 1 [rtk_gdma_post 1531] HAS_FLAG=0
05-22 02:31:44.981   383  3089 E RHWC2   : fox1 [rtk_gdma_post 1565 ]
05-22 02:31:44.996   383  3089 E RHWC2   : fox1 func=hwc2_func_validate_display line=1291 
05-22 02:31:44.996   383  3089 E RHWC2   : fox1 func=hwc2_func_validate_display line=1411 
05-22 02:31:44.998   383  3089 E RHWC2   : fox1 [rtk_gdma_post 1507 ]
05-22 02:31:44.998   383  3089 E RHWC2   : fox1 [rtk_gdma_post 1530 ]name_of_layer =  num_of_layers=1
05-22 02:31:44.998   383  3089 E RHWC2   : fox 1 [rtk_gdma_post 1531] HAS_FLAG=0
05-22 02:31:44.998   383  3089 E RHWC2   : fox1 [rtk_gdma_post 1530 ]name_of_layer = com.google.android.apps.tv.launcherx/com.google.android.apps.tv.launcherx.home.HomeActivity#0 num_of_layers=2
05-22 02:31:44.998   383  3089 E RHWC2   : fox 1 [rtk_gdma_post 1531] HAS_FLAG=0
05-22 02:31:44.998   383  3089 E RHWC2   : fox1 [rtk_gdma_post 1565 ]
05-22 02:31:45.012   383  3089 E RHWC2   : fox1 func=hwc2_func_validate_display line=1291 
05-22 02:31:45.012   383  3089 E RHWC2   : fox1 func=hwc2_func_validate_display line=1411 
05-22 02:31:45.014   383  3089 E RHWC2   : fox1 [rtk_gdma_post 1507 ]
05-22 02:31:45.015   383  3089 E RHWC2   : fox1 [rtk_gdma_post 1530 ]name_of_layer =  num_of_layers=1
05-22 02:31:45.015   383  3089 E RHWC2   : fox 1 [rtk_gdma_post 1531] HAS_FLAG=0
05-22 02:31:45.015   383  3089 E RHWC2   : fox1 [rtk_gdma_post 1530 ]name_of_layer = com.google.android.apps.tv.launcherx/com.google.android.apps.tv.launcherx.home.HomeActivity#0 num_of_layers=2
05-22 02:31:45.015   383  3089 E RHWC2   : fox 1 [rtk_gdma_post 1531] HAS_FLAG=0
05-22 02:31:45.015   383  3089 E RHWC2   : fox1 [rtk_gdma_post 1565 ]
05-22 02:31:45.029   383  3089 E RHWC2   : fox1 func=hwc2_func_validate_display line=1291 
05-22 02:31:45.029   383  3089 E RHWC2   : fox1 func=hwc2_func_validate_display line=1411 
05-22 02:31:45.031   383  3089 E RHWC2   : fox1 [rtk_gdma_post 1507 ]
05-22 02:31:45.031   383  3089 E RHWC2   : fox1 [rtk_gdma_post 1530 ]name_of_layer =  num_of_layers=1
05-22 02:31:45.031   383  3089 E RHWC2   : fox 1 [rtk_gdma_post 1531] HAS_FLAG=0
05-22 02:31:45.031   383  3089 E RHWC2   : fox1 [rtk_gdma_post 1530 ]name_of_layer = com.google.android.apps.tv.launcherx/com.google.android.apps.tv.launcherx.home.HomeActivity#0 num_of_layers=2
05-22 02:31:45.031   383  3089 E RHWC2   : fox 1 [rtk_gdma_post 1531] HAS_FLAG=0
05-22 02:31:45.031   383  3089 E RHWC2   : fox1 [rtk_gdma_post 1565 ]
05-22 02:31:45.046   383  3089 E RHWC2   : fox1 func=hwc2_func_validate_display line=1291 
05-22 02:31:45.046   383  3089 E RHWC2   : fox1 func=hwc2_func_validate_display line=1411 
05-22 02:31:45.048   383  3089 E RHWC2   : fox1 [rtk_gdma_post 1507 ]
05-22 02:31:45.048   383  3089 E RHWC2   : fox1 [rtk_gdma_post 1530 ]name_of_layer =  num_of_layers=1
05-22 02:31:45.048   383  3089 E RHWC2   : fox 1 [rtk_gdma_post 1531] HAS_FLAG=0
05-22 02:31:45.048   383  3089 E RHWC2   : fox1 [rtk_gdma_post 1530 ]name_of_layer = com.google.android.apps.tv.launcherx/com.google.android.apps.tv.launcherx.home.HomeActivity#0 num_of_layers=2
05-22 02:31:45.048   383  3089 E RHWC2   : fox 1 [rtk_gdma_post 1531] HAS_FLAG=0
05-22 02:31:45.048   383  3089 E RHWC2   : fox1 [rtk_gdma_post 1565 ]
05-22 02:31:45.062   383  3089 E RHWC2   : fox1 func=hwc2_func_validate_display line=1291 
05-22 02:31:45.062   383  3089 E RHWC2   : fox1 func=hwc2_func_validate_display line=1411 
05-22 02:31:45.065   383  3089 E RHWC2   : fox1 [rtk_gdma_post 1507 ]
05-22 02:31:45.065   383  3089 E RHWC2   : fox1 [rtk_gdma_post 1530 ]name_of_layer =  num_of_layers=1
05-22 02:31:45.065   383  3089 E RHWC2   : fox 1 [rtk_gdma_post 1531] HAS_FLAG=0
05-22 02:31:45.065   383  3089 E RHWC2   : fox1 [rtk_gdma_post 1530 ]name_of_layer = com.google.android.apps.tv.launcherx/com.google.android.apps.tv.launcherx.home.HomeActivity#0 num_of_layers=2
05-22 02:31:45.065   383  3089 E RHWC2   : fox 1 [rtk_gdma_post 1531] HAS_FLAG=0
05-22 02:31:45.065   383  3089 E RHWC2   : fox1 [rtk_gdma_post 1565 ]
05-22 02:31:45.079   383  3089 E RHWC2   : fox1 func=hwc2_func_validate_display line=1291 
05-22 02:31:45.079   383  3089 E RHWC2   : fox1 func=hwc2_func_validate_display line=1411 
05-22 02:31:45.081   383  3089 E RHWC2   : fox1 [rtk_gdma_post 1507 ]
05-22 02:31:45.081   383  3089 E RHWC2   : fox1 [rtk_gdma_post 1530 ]name_of_layer =  num_of_layers=1
05-22 02:31:45.081   383  3089 E RHWC2   : fox 1 [rtk_gdma_post 1531] HAS_FLAG=0
05-22 02:31:45.081   383  3089 E RHWC2   : fox1 [rtk_gdma_post 1530 ]name_of_layer = com.google.android.apps.tv.launcherx/com.google.android.apps.tv.launcherx.home.HomeActivity#0 num_of_layers=2
05-22 02:31:45.081   383  3089 E RHWC2   : fox 1 [rtk_gdma_post 1531] HAS_FLAG=0
05-22 02:31:45.081   383  3089 E RHWC2   : fox1 [rtk_gdma_post 1565 ]
05-22 02:31:45.096   383  3089 E RHWC2   : fox1 func=hwc2_func_validate_display line=1291 
05-22 02:31:45.096   383  3089 E RHWC2   : fox1 func=hwc2_func_validate_display line=1411 
05-22 02:31:45.098   383  3089 E RHWC2   : fox1 [rtk_gdma_post 1507 ]
05-22 02:31:45.098   383  3089 E RHWC2   : fox1 [rtk_gdma_post 1530 ]name_of_layer =  num_of_layers=1
05-22 02:31:45.098   383  3089 E RHWC2   : fox 1 [rtk_gdma_post 1531] HAS_FLAG=0
05-22 02:31:45.098   383  3089 E RHWC2   : fox1 [rtk_gdma_post 1530 ]name_of_layer = com.google.android.apps.tv.launcherx/com.google.android.apps.tv.launcherx.home.HomeActivity#0 num_of_layers=2
05-22 02:31:45.098   383  3089 E RHWC2   : fox 1 [rtk_gdma_post 1531] HAS_FLAG=0
05-22 02:31:45.098   383  3089 E RHWC2   : fox1 [rtk_gdma_post 1565 ]
05-22 02:31:45.112   383  3089 E RHWC2   : fox1 func=hwc2_func_validate_display line=1291 
05-22 02:31:45.112   383  3089 E RHWC2   : fox1 func=hwc2_func_validate_display line=1411 
05-22 02:31:45.114   383  3089 E RHWC2   : fox1 [rtk_gdma_post 1507 ]
05-22 02:31:45.114   383  3089 E RHWC2   : fox1 [rtk_gdma_post 1530 ]name_of_layer =  num_of_layers=1
05-22 02:31:45.114   383  3089 E RHWC2   : fox 1 [rtk_gdma_post 1531] HAS_FLAG=0
05-22 02:31:45.114   383  3089 E RHWC2   : fox1 [rtk_gdma_post 1530 ]name_of_layer = com.google.android.apps.tv.launcherx/com.google.android.apps.tv.launcherx.home.HomeActivity#0 num_of_layers=2
05-22 02:31:45.114   383  3089 E RHWC2   : fox 1 [rtk_gdma_post 1531] HAS_FLAG=0
05-22 02:31:45.114   383  3089 E RHWC2   : fox1 [rtk_gdma_post 1565 ]
05-22 02:31:45.129   383  3089 E RHWC2   : fox1 func=hwc2_func_validate_display line=1291 
05-22 02:31:45.129   383  3089 E RHWC2   : fox1 func=hwc2_func_validate_display line=1411 
05-22 02:31:45.131   383  3089 E RHWC2   : fox1 [rtk_gdma_post 1507 ]
05-22 02:31:45.131   383  3089 E RHWC2   : fox1 [rtk_gdma_post 1530 ]name_of_layer =  num_of_layers=1
05-22 02:31:45.131   383  3089 E RHWC2   : fox 1 [rtk_gdma_post 1531] HAS_FLAG=0
05-22 02:31:45.131   383  3089 E RHWC2   : fox1 [rtk_gdma_post 1530 ]name_of_layer = com.google.android.apps.tv.launcherx/com.google.android.apps.tv.launcherx.home.HomeActivity#0 num_of_layers=2
05-22 02:31:45.131   383  3089 E RHWC2   : fox 1 [rtk_gdma_post 1531] HAS_FLAG=0
05-22 02:31:45.131   383  3089 E RHWC2   : fox1 [rtk_gdma_post 1565 ]
05-22 02:31:45.146   383  3089 E RHWC2   : fox1 func=hwc2_func_validate_display line=1291 
05-22 02:31:45.146   383  3089 E RHWC2   : fox1 func=hwc2_func_validate_display line=1411 
05-22 02:31:45.148   383  3089 E RHWC2   : fox1 [rtk_gdma_post 1507 ]
05-22 02:31:45.148   383  3089 E RHWC2   : fox1 [rtk_gdma_post 1530 ]name_of_layer =  num_of_layers=1
05-22 02:31:45.148   383  3089 E RHWC2   : fox 1 [rtk_gdma_post 1531] HAS_FLAG=0
05-22 02:31:45.148   383  3089 E RHWC2   : fox1 [rtk_gdma_post 1530 ]name_of_layer = com.google.android.apps.tv.launcherx/com.google.android.apps.tv.launcherx.home.HomeActivity#0 num_of_layers=2
05-22 02:31:45.148   383  3089 E RHWC2   : fox 1 [rtk_gdma_post 1531] HAS_FLAG=0
05-22 02:31:45.148   383  3089 E RHWC2   : fox1 [rtk_gdma_post 1565 ]
05-22 02:31:45.162   383  3089 E RHWC2   : fox1 func=hwc2_func_validate_display line=1291 
05-22 02:31:45.162   383  3089 E RHWC2   : fox1 func=hwc2_func_validate_display line=1411 
05-22 02:31:45.165   383  3089 E RHWC2   : fox1 [rtk_gdma_post 1507 ]
05-22 02:31:45.165   383  3089 E RHWC2   : fox1 [rtk_gdma_post 1530 ]name_of_layer =  num_of_layers=1
05-22 02:31:45.165   383  3089 E RHWC2   : fox 1 [rtk_gdma_post 1531] HAS_FLAG=0
05-22 02:31:45.165   383  3089 E RHWC2   : fox1 [rtk_gdma_post 1530 ]name_of_layer = com.google.android.apps.tv.launcherx/com.google.android.apps.tv.launcherx.home.HomeActivity#0 num_of_layers=2
05-22 02:31:45.165   383  3089 E RHWC2   : fox 1 [rtk_gdma_post 1531] HAS_FLAG=0
05-22 02:31:45.165   383  3089 E RHWC2   : fox1 [rtk_gdma_post 1565 ]
05-22 02:31:45.179   383  3089 E RHWC2   : fox1 func=hwc2_func_validate_display line=1291 
05-22 02:31:45.179   383  3089 E RHWC2   : fox1 func=hwc2_func_validate_display line=1411 
05-22 02:31:45.181   383  3089 E RHWC2   : fox1 [rtk_gdma_post 1507 ]
05-22 02:31:45.181   383  3089 E RHWC2   : fox1 [rtk_gdma_post 1530 ]name_of_layer =  num_of_layers=1
05-22 02:31:45.181   383  3089 E RHWC2   : fox 1 [rtk_gdma_post 1531] HAS_FLAG=0
05-22 02:31:45.181   383  3089 E RHWC2   : fox1 [rtk_gdma_post 1530 ]name_of_layer = com.google.android.apps.tv.launcherx/com.google.android.apps.tv.launcherx.home.HomeActivity#0 num_of_layers=2
05-22 02:31:45.181   383  3089 E RHWC2   : fox 1 [rtk_gdma_post 1531] HAS_FLAG=0
05-22 02:31:45.181   383  3089 E RHWC2   : fox1 [rtk_gdma_post 1565 ]
05-22 02:31:45.196   383  3089 E RHWC2   : fox1 func=hwc2_func_validate_display line=1291 
05-22 02:31:45.196   383  3089 E RHWC2   : fox1 func=hwc2_func_validate_display line=1411 
05-22 02:31:45.198   383  3089 E RHWC2   : fox1 [rtk_gdma_post 1507 ]
05-22 02:31:45.198   383  3089 E RHWC2   : fox1 [rtk_gdma_post 1530 ]name_of_layer =  num_of_layers=1
05-22 02:31:45.198   383  3089 E RHWC2   : fox 1 [rtk_gdma_post 1531] HAS_FLAG=0
05-22 02:31:45.198   383  3089 E RHWC2   : fox1 [rtk_gdma_post 1530 ]name_of_layer = com.google.android.apps.tv.launcherx/com.google.android.apps.tv.launcherx.home.HomeActivity#0 num_of_layers=2
05-22 02:31:45.198   383  3089 E RHWC2   : fox 1 [rtk_gdma_post 1531] HAS_FLAG=0
05-22 02:31:45.198   383  3089 E RHWC2   : fox1 [rtk_gdma_post 1565 ]
05-22 02:31:45.212   383  3089 E RHWC2   : fox1 func=hwc2_func_validate_display line=1291 
05-22 02:31:45.212   383  3089 E RHWC2   : fox1 func=hwc2_func_validate_display line=1411 
05-22 02:31:45.214   383  3089 E RHWC2   : fox1 [rtk_gdma_post 1507 ]
05-22 02:31:45.214   383  3089 E RHWC2   : fox1 [rtk_gdma_post 1530 ]name_of_layer =  num_of_layers=1
05-22 02:31:45.214   383  3089 E RHWC2   : fox 1 [rtk_gdma_post 1531] HAS_FLAG=0
05-22 02:31:45.214   383  3089 E RHWC2   : fox1 [rtk_gdma_post 1530 ]name_of_layer = com.google.android.apps.tv.launcherx/com.google.android.apps.tv.launcherx.home.HomeActivity#0 num_of_layers=2
05-22 02:31:45.214   383  3089 E RHWC2   : fox 1 [rtk_gdma_post 1531] HAS_FLAG=0
05-22 02:31:45.214   383  3089 E RHWC2   : fox1 [rtk_gdma_post 1565 ]
05-22 02:31:45.229   383  3089 E RHWC2   : fox1 func=hwc2_func_validate_display line=1291 
05-22 02:31:45.229   383  3089 E RHWC2   : fox1 func=hwc2_func_validate_display line=1411 
05-22 02:31:45.231   383  3089 E RHWC2   : fox1 [rtk_gdma_post 1507 ]
05-22 02:31:45.231   383  3089 E RHWC2   : fox1 [rtk_gdma_post 1530 ]name_of_layer =  num_of_layers=1
05-22 02:31:45.231   383  3089 E RHWC2   : fox 1 [rtk_gdma_post 1531] HAS_FLAG=0
05-22 02:31:45.231   383  3089 E RHWC2   : fox1 [rtk_gdma_post 1530 ]name_of_layer = com.google.android.apps.tv.launcherx/com.google.android.apps.tv.launcherx.home.HomeActivity#0 num_of_layers=2
05-22 02:31:45.231   383  3089 E RHWC2   : fox 1 [rtk_gdma_post 1531] HAS_FLAG=0
05-22 02:31:45.231   383  3089 E RHWC2   : fox1 [rtk_gdma_post 1565 ]
05-22 02:31:45.246   383  3089 E RHWC2   : fox1 func=hwc2_func_validate_display line=1291 
05-22 02:31:45.246   383  3089 E RHWC2   : fox1 func=hwc2_func_validate_display line=1411 
05-22 02:31:45.248   383  3089 E RHWC2   : fox1 [rtk_gdma_post 1507 ]
05-22 02:31:45.248   383  3089 E RHWC2   : fox1 [rtk_gdma_post 1530 ]name_of_layer =  num_of_layers=1
05-22 02:31:45.248   383  3089 E RHWC2   : fox 1 [rtk_gdma_post 1531] HAS_FLAG=0
05-22 02:31:45.248   383  3089 E RHWC2   : fox1 [rtk_gdma_post 1530 ]name_of_layer = com.google.android.apps.tv.launcherx/com.google.android.apps.tv.launcherx.home.HomeActivity#0 num_of_layers=2
05-22 02:31:45.248   383  3089 E RHWC2   : fox 1 [rtk_gdma_post 1531] HAS_FLAG=0
05-22 02:31:45.248   383  3089 E RHWC2   : fox1 [rtk_gdma_post 1565 ]
05-22 02:31:45.262   383  3089 E RHWC2   : fox1 func=hwc2_func_validate_display line=1291 
05-22 02:31:45.262   383  3089 E RHWC2   : fox1 func=hwc2_func_validate_display line=1411 
05-22 02:31:45.264   383  3089 E RHWC2   : fox1 [rtk_gdma_post 1507 ]
05-22 02:31:45.264   383  3089 E RHWC2   : fox1 [rtk_gdma_post 1530 ]name_of_layer =  num_of_layers=1
05-22 02:31:45.264   383  3089 E RHWC2   : fox 1 [rtk_gdma_post 1531] HAS_FLAG=0
05-22 02:31:45.264   383  3089 E RHWC2   : fox1 [rtk_gdma_post 1530 ]name_of_layer = com.google.android.apps.tv.launcherx/com.google.android.apps.tv.launcherx.home.HomeActivity#0 num_of_layers=2
05-22 02:31:45.265   383  3089 E RHWC2   : fox 1 [rtk_gdma_post 1531] HAS_FLAG=0
05-22 02:31:45.265   383  3089 E RHWC2   : fox1 [rtk_gdma_post 1565 ]
05-22 02:31:45.279   383  3089 E RHWC2   : fox1 func=hwc2_func_validate_display line=1291 
05-22 02:31:45.279   383  3089 E RHWC2   : fox1 func=hwc2_func_validate_display line=1411 
05-22 02:31:45.281   383  3089 E RHWC2   : fox1 [rtk_gdma_post 1507 ]
05-22 02:31:45.281   383  3089 E RHWC2   : fox1 [rtk_gdma_post 1530 ]name_of_layer =  num_of_layers=1
05-22 02:31:45.281   383  3089 E RHWC2   : fox 1 [rtk_gdma_post 1531] HAS_FLAG=0
05-22 02:31:45.281   383  3089 E RHWC2   : fox1 [rtk_gdma_post 1530 ]name_of_layer = com.google.android.apps.tv.launcherx/com.google.android.apps.tv.launcherx.home.HomeActivity#0 num_of_layers=2
05-22 02:31:45.281   383  3089 E RHWC2   : fox 1 [rtk_gdma_post 1531] HAS_FLAG=0
05-22 02:31:45.281   383  3089 E RHWC2   : fox1 [rtk_gdma_post 1565 ]
05-22 02:31:45.296   383  3089 E RHWC2   : fox1 func=hwc2_func_validate_display line=1291 
05-22 02:31:45.296   383  3089 E RHWC2   : fox1 func=hwc2_func_validate_display line=1411 
05-22 02:31:45.298   383  3089 E RHWC2   : fox1 [rtk_gdma_post 1507 ]
05-22 02:31:45.298   383  3089 E RHWC2   : fox1 [rtk_gdma_post 1530 ]name_of_layer =  num_of_layers=1
05-22 02:31:45.298   383  3089 E RHWC2   : fox 1 [rtk_gdma_post 1531] HAS_FLAG=0
05-22 02:31:45.298   383  3089 E RHWC2   : fox1 [rtk_gdma_post 1530 ]name_of_layer = com.google.android.apps.tv.launcherx/com.google.android.apps.tv.launcherx.home.HomeActivity#0 num_of_layers=2
05-22 02:31:45.298   383  3089 E RHWC2   : fox 1 [rtk_gdma_post 1531] HAS_FLAG=0
05-22 02:31:45.298   383  3089 E RHWC2   : fox1 [rtk_gdma_post 1565 ]
05-22 02:31:45.312   383  3089 E RHWC2   : fox1 func=hwc2_func_validate_display line=1291 
05-22 02:31:45.312   383  3089 E RHWC2   : fox1 func=hwc2_func_validate_display line=1411 
05-22 02:31:45.314   383  3089 E RHWC2   : fox1 [rtk_gdma_post 1507 ]
05-22 02:31:45.315   383  3089 E RHWC2   : fox1 [rtk_gdma_post 1530 ]name_of_layer =  num_of_layers=1
05-22 02:31:45.315   383  3089 E RHWC2   : fox 1 [rtk_gdma_post 1531] HAS_FLAG=0
05-22 02:31:45.315   383  3089 E RHWC2   : fox1 [rtk_gdma_post 1530 ]name_of_layer = com.google.android.apps.tv.launcherx/com.google.android.apps.tv.launcherx.home.HomeActivity#0 num_of_layers=2
05-22 02:31:45.315   383  3089 E RHWC2   : fox 1 [rtk_gdma_post 1531] HAS_FLAG=0
05-22 02:31:45.315   383  3089 E RHWC2   : fox1 [rtk_gdma_post 1565 ]
05-22 02:31:45.329   383  3089 E RHWC2   : fox1 func=hwc2_func_validate_display line=1291 
05-22 02:31:45.329   383  3089 E RHWC2   : fox1 func=hwc2_func_validate_display line=1411 
05-22 02:31:45.331   383  3089 E RHWC2   : fox1 [rtk_gdma_post 1507 ]
05-22 02:31:45.331   383  3089 E RHWC2   : fox1 [rtk_gdma_post 1530 ]name_of_layer =  num_of_layers=1
05-22 02:31:45.331   383  3089 E RHWC2   : fox 1 [rtk_gdma_post 1531] HAS_FLAG=0
05-22 02:31:45.331   383  3089 E RHWC2   : fox1 [rtk_gdma_post 1530 ]name_of_layer = com.google.android.apps.tv.launcherx/com.google.android.apps.tv.launcherx.home.HomeActivity#0 num_of_layers=2
05-22 02:31:45.331   383  3089 E RHWC2   : fox 1 [rtk_gdma_post 1531] HAS_FLAG=0
05-22 02:31:45.331   383  3089 E RHWC2   : fox1 [rtk_gdma_post 1565 ]
05-22 02:31:45.346   383  3089 E RHWC2   : fox1 func=hwc2_func_validate_display line=1291 
05-22 02:31:45.346   383  3089 E RHWC2   : fox1 func=hwc2_func_validate_display line=1411 
05-22 02:31:45.348   383  3089 E RHWC2   : fox1 [rtk_gdma_post 1507 ]
05-22 02:31:45.348   383  3089 E RHWC2   : fox1 [rtk_gdma_post 1530 ]name_of_layer =  num_of_layers=1
05-22 02:31:45.348   383  3089 E RHWC2   : fox 1 [rtk_gdma_post 1531] HAS_FLAG=0
05-22 02:31:45.348   383  3089 E RHWC2   : fox1 [rtk_gdma_post 1530 ]name_of_layer = com.google.android.apps.tv.launcherx/com.google.android.apps.tv.launcherx.home.HomeActivity#0 num_of_layers=2
05-22 02:31:45.348   383  3089 E RHWC2   : fox 1 [rtk_gdma_post 1531] HAS_FLAG=0
05-22 02:31:45.348   383  3089 E RHWC2   : fox1 [rtk_gdma_post 1565 ]
05-22 02:31:45.362   383  3089 E RHWC2   : fox1 func=hwc2_func_validate_display line=1291 
05-22 02:31:45.362   383  3089 E RHWC2   : fox1 func=hwc2_func_validate_display line=1411 
05-22 02:31:45.365   383  3089 E RHWC2   : fox1 [rtk_gdma_post 1507 ]
05-22 02:31:45.365   383  3089 E RHWC2   : fox1 [rtk_gdma_post 1530 ]name_of_layer =  num_of_layers=1
05-22 02:31:45.365   383  3089 E RHWC2   : fox 1 [rtk_gdma_post 1531] HAS_FLAG=0
05-22 02:31:45.365   383  3089 E RHWC2   : fox1 [rtk_gdma_post 1530 ]name_of_layer = com.google.android.apps.tv.launcherx/com.google.android.apps.tv.launcherx.home.HomeActivity#0 num_of_layers=2
05-22 02:31:45.365   383  3089 E RHWC2   : fox 1 [rtk_gdma_post 1531] HAS_FLAG=0
05-22 02:31:45.365   383  3089 E RHWC2   : fox1 [rtk_gdma_post 1565 ]
05-22 02:31:45.379   383  3089 E RHWC2   : fox1 func=hwc2_func_validate_display line=1291 
05-22 02:31:45.379   383  3089 E RHWC2   : fox1 func=hwc2_func_validate_display line=1411 
05-22 02:31:45.381   383  3089 E RHWC2   : fox1 [rtk_gdma_post 1507 ]
05-22 02:31:45.381   383  3089 E RHWC2   : fox1 [rtk_gdma_post 1530 ]name_of_layer =  num_of_layers=1
05-22 02:31:45.381   383  3089 E RHWC2   : fox 1 [rtk_gdma_post 1531] HAS_FLAG=0
05-22 02:31:45.381   383  3089 E RHWC2   : fox1 [rtk_gdma_post 1530 ]name_of_layer = com.google.android.apps.tv.launcherx/com.google.android.apps.tv.launcherx.home.HomeActivity#0 num_of_layers=2
05-22 02:31:45.381   383  3089 E RHWC2   : fox 1 [rtk_gdma_post 1531] HAS_FLAG=0
05-22 02:31:45.381   383  3089 E RHWC2   : fox1 [rtk_gdma_post 1565 ]
05-22 02:31:45.396   383  3089 E RHWC2   : fox1 func=hwc2_func_validate_display line=1291 
05-22 02:31:45.396   383  3089 E RHWC2   : fox1 func=hwc2_func_validate_display line=1411 
05-22 02:31:45.398   383  3089 E RHWC2   : fox1 [rtk_gdma_post 1507 ]
05-22 02:31:45.398   383  3089 E RHWC2   : fox1 [rtk_gdma_post 1530 ]name_of_layer =  num_of_layers=1
05-22 02:31:45.398   383  3089 E RHWC2   : fox 1 [rtk_gdma_post 1531] HAS_FLAG=0
05-22 02:31:45.398   383  3089 E RHWC2   : fox1 [rtk_gdma_post 1530 ]name_of_layer = com.google.android.apps.tv.launcherx/com.google.android.apps.tv.launcherx.home.HomeActivity#0 num_of_layers=2
05-22 02:31:45.398   383  3089 E RHWC2   : fox 1 [rtk_gdma_post 1531] HAS_FLAG=0
05-22 02:31:45.398   383  3089 E RHWC2   : fox1 [rtk_gdma_post 1565 ]
05-22 02:31:45.412   383  3089 E RHWC2   : fox1 func=hwc2_func_validate_display line=1291 
05-22 02:31:45.412   383  3089 E RHWC2   : fox1 func=hwc2_func_validate_display line=1411 
05-22 02:31:45.415   383  3089 E RHWC2   : fox1 [rtk_gdma_post 1507 ]
05-22 02:31:45.415   383  3089 E RHWC2   : fox1 [rtk_gdma_post 1530 ]name_of_layer =  num_of_layers=1
05-22 02:31:45.415   383  3089 E RHWC2   : fox 1 [rtk_gdma_post 1531] HAS_FLAG=0
05-22 02:31:45.415   383  3089 E RHWC2   : fox1 [rtk_gdma_post 1530 ]name_of_layer = com.google.android.apps.tv.launcherx/com.google.android.apps.tv.launcherx.home.HomeActivity#0 num_of_layers=2
05-22 02:31:45.415   383  3089 E RHWC2   : fox 1 [rtk_gdma_post 1531] HAS_FLAG=0
05-22 02:31:45.415   383  3089 E RHWC2   : fox1 [rtk_gdma_post 1565 ]
05-22 02:31:45.429   383  3089 E RHWC2   : fox1 func=hwc2_func_validate_display line=1291 
05-22 02:31:45.429   383  3089 E RHWC2   : fox1 func=hwc2_func_validate_display line=1411 
05-22 02:31:45.431   383  3089 E RHWC2   : fox1 [rtk_gdma_post 1507 ]
05-22 02:31:45.431   383  3089 E RHWC2   : fox1 [rtk_gdma_post 1530 ]name_of_layer =  num_of_layers=1
05-22 02:31:45.431   383  3089 E RHWC2   : fox 1 [rtk_gdma_post 1531] HAS_FLAG=0
05-22 02:31:45.431   383  3089 E RHWC2   : fox1 [rtk_gdma_post 1530 ]name_of_layer = com.google.android.apps.tv.launcherx/com.google.android.apps.tv.launcherx.home.HomeActivity#0 num_of_layers=2
05-22 02:31:45.431   383  3089 E RHWC2   : fox 1 [rtk_gdma_post 1531] HAS_FLAG=0
05-22 02:31:45.431   383  3089 E RHWC2   : fox1 [rtk_gdma_post 1565 ]
05-22 02:31:45.446   383  3089 E RHWC2   : fox1 func=hwc2_func_validate_display line=1291 
05-22 02:31:45.446   383  3089 E RHWC2   : fox1 func=hwc2_func_validate_display line=1411 
05-22 02:31:45.448   383  3089 E RHWC2   : fox1 [rtk_gdma_post 1507 ]
05-22 02:31:45.448   383  3089 E RHWC2   : fox1 [rtk_gdma_post 1530 ]name_of_layer =  num_of_layers=1
05-22 02:31:45.448   383  3089 E RHWC2   : fox 1 [rtk_gdma_post 1531] HAS_FLAG=0
05-22 02:31:45.448   383  3089 E RHWC2   : fox1 [rtk_gdma_post 1530 ]name_of_layer = com.google.android.apps.tv.launcherx/com.google.android.apps.tv.launcherx.home.HomeActivity#0 num_of_layers=2
05-22 02:31:45.448   383  3089 E RHWC2   : fox 1 [rtk_gdma_post 1531] HAS_FLAG=0
05-22 02:31:45.448   383  3089 E RHWC2   : fox1 [rtk_gdma_post 1565 ]
05-22 02:31:45.462   383  3089 E RHWC2   : fox1 func=hwc2_func_validate_display line=1291 
05-22 02:31:45.462   383  3089 E RHWC2   : fox1 func=hwc2_func_validate_display line=1411 
05-22 02:31:45.464   383  3089 E RHWC2   : fox1 [rtk_gdma_post 1507 ]
05-22 02:31:45.464   383  3089 E RHWC2   : fox1 [rtk_gdma_post 1530 ]name_of_layer =  num_of_layers=1
05-22 02:31:45.464   383  3089 E RHWC2   : fox 1 [rtk_gdma_post 1531] HAS_FLAG=0
05-22 02:31:45.465   383  3089 E RHWC2   : fox1 [rtk_gdma_post 1530 ]name_of_layer = com.google.android.apps.tv.launcherx/com.google.android.apps.tv.launcherx.home.HomeActivity#0 num_of_layers=2
05-22 02:31:45.465   383  3089 E RHWC2   : fox 1 [rtk_gdma_post 1531] HAS_FLAG=0
05-22 02:31:45.465   383  3089 E RHWC2   : fox1 [rtk_gdma_post 1565 ]
05-22 02:31:45.479   383  3089 E RHWC2   : fox1 func=hwc2_func_validate_display line=1291 
05-22 02:31:45.479   383  3089 E RHWC2   : fox1 func=hwc2_func_validate_display line=1411 
05-22 02:31:45.481   383  3089 E RHWC2   : fox1 [rtk_gdma_post 1507 ]
05-22 02:31:45.481   383  3089 E RHWC2   : fox1 [rtk_gdma_post 1530 ]name_of_layer =  num_of_layers=1
05-22 02:31:45.481   383  3089 E RHWC2   : fox 1 [rtk_gdma_post 1531] HAS_FLAG=0
05-22 02:31:45.481   383  3089 E RHWC2   : fox1 [rtk_gdma_post 1530 ]name_of_layer = com.google.android.apps.tv.launcherx/com.google.android.apps.tv.launcherx.home.HomeActivity#0 num_of_layers=2
05-22 02:31:45.481   383  3089 E RHWC2   : fox 1 [rtk_gdma_post 1531] HAS_FLAG=0
05-22 02:31:45.481   383  3089 E RHWC2   : fox1 [rtk_gdma_post 1565 ]
05-22 02:31:45.496   383  3089 E RHWC2   : fox1 func=hwc2_func_validate_display line=1291 
05-22 02:31:45.496   383  3089 E RHWC2   : fox1 func=hwc2_func_validate_display line=1411 
05-22 02:31:45.498   383  3089 E RHWC2   : fox1 [rtk_gdma_post 1507 ]
05-22 02:31:45.498   383  3089 E RHWC2   : fox1 [rtk_gdma_post 1530 ]name_of_layer =  num_of_layers=1
05-22 02:31:45.498   383  3089 E RHWC2   : fox 1 [rtk_gdma_post 1531] HAS_FLAG=0
05-22 02:31:45.498   383  3089 E RHWC2   : fox1 [rtk_gdma_post 1530 ]name_of_layer = com.google.android.apps.tv.launcherx/com.google.android.apps.tv.launcherx.home.HomeActivity#0 num_of_layers=2
05-22 02:31:45.498   383  3089 E RHWC2   : fox 1 [rtk_gdma_post 1531] HAS_FLAG=0
05-22 02:31:45.498   383  3089 E RHWC2   : fox1 [rtk_gdma_post 1565 ]
05-22 02:31:45.512   383  3089 E RHWC2   : fox1 func=hwc2_func_validate_display line=1291 
05-22 02:31:45.512   383  3089 E RHWC2   : fox1 func=hwc2_func_validate_display line=1411 
05-22 02:31:45.514   383  3089 E RHWC2   : fox1 [rtk_gdma_post 1507 ]
05-22 02:31:45.514   383  3089 E RHWC2   : fox1 [rtk_gdma_post 1530 ]name_of_layer =  num_of_layers=1
05-22 02:31:45.514   383  3089 E RHWC2   : fox 1 [rtk_gdma_post 1531] HAS_FLAG=0
05-22 02:31:45.514   383  3089 E RHWC2   : fox1 [rtk_gdma_post 1530 ]name_of_layer = com.google.android.apps.tv.launcherx/com.google.android.apps.tv.launcherx.home.HomeActivity#0 num_of_layers=2
05-22 02:31:45.514   383  3089 E RHWC2   : fox 1 [rtk_gdma_post 1531] HAS_FLAG=0
05-22 02:31:45.514   383  3089 E RHWC2   : fox1 [rtk_gdma_post 1565 ]
05-22 02:31:45.529   383  3089 E RHWC2   : fox1 func=hwc2_func_validate_display line=1291 
05-22 02:31:45.529   383  3089 E RHWC2   : fox1 func=hwc2_func_validate_display line=1411 
05-22 02:31:45.531   383  3089 E RHWC2   : fox1 [rtk_gdma_post 1507 ]
05-22 02:31:45.531   383  3089 E RHWC2   : fox1 [rtk_gdma_post 1530 ]name_of_layer =  num_of_layers=1
05-22 02:31:45.531   383  3089 E RHWC2   : fox 1 [rtk_gdma_post 1531] HAS_FLAG=0
05-22 02:31:45.531   383  3089 E RHWC2   : fox1 [rtk_gdma_post 1530 ]name_of_layer = com.google.android.apps.tv.launcherx/com.google.android.apps.tv.launcherx.home.HomeActivity#0 num_of_layers=2
05-22 02:31:45.531   383  3089 E RHWC2   : fox 1 [rtk_gdma_post 1531] HAS_FLAG=0
05-22 02:31:45.531   383  3089 E RHWC2   : fox1 [rtk_gdma_post 1565 ]
05-22 02:31:45.546   383  3089 E RHWC2   : fox1 func=hwc2_func_validate_display line=1291 
05-22 02:31:45.546   383  3089 E RHWC2   : fox1 func=hwc2_func_validate_display line=1411 
05-22 02:31:45.548   383  3089 E RHWC2   : fox1 [rtk_gdma_post 1507 ]
05-22 02:31:45.548   383  3089 E RHWC2   : fox1 [rtk_gdma_post 1530 ]name_of_layer =  num_of_layers=1
05-22 02:31:45.548   383  3089 E RHWC2   : fox 1 [rtk_gdma_post 1531] HAS_FLAG=0
05-22 02:31:45.548   383  3089 E RHWC2   : fox1 [rtk_gdma_post 1530 ]name_of_layer = com.google.android.apps.tv.launcherx/com.google.android.apps.tv.launcherx.home.HomeActivity#0 num_of_layers=2
05-22 02:31:45.548   383  3089 E RHWC2   : fox 1 [rtk_gdma_post 1531] HAS_FLAG=0
05-22 02:31:45.548   383  3089 E RHWC2   : fox1 [rtk_gdma_post 1565 ]
05-22 02:31:45.591  2458  2458 E TCL_DeviceInfo: from sita get client type is TCL-LA-RTD51A-S1
05-22 02:31:45.717   815   998 E WifiVendorHal: getWifiLinkLayerStats_1_3_Internal(l.978) failed {.code = ERROR_NOT_SUPPORTED, .description = }
05-22 02:31:48.729   815   998 E WifiVendorHal: getWifiLinkLayerStats_1_3_Internal(l.978) failed {.code = ERROR_NOT_SUPPORTED, .description = }
05-22 02:31:50.601  2458  2458 E TCL_DeviceInfo: from sita get client type is TCL-LA-RTD51A-S1
05-22 02:31:51.742   815   998 E WifiVendorHal: getWifiLinkLayerStats_1_3_Internal(l.978) failed {.code = ERROR_NOT_SUPPORTED, .description = }
05-22 02:31:54.754   815   998 E WifiVendorHal: getWifiLinkLayerStats_1_3_Internal(l.978) failed {.code = ERROR_NOT_SUPPORTED, .description = }
05-22 02:31:55.609  2458  2458 E TCL_DeviceInfo: from sita get client type is TCL-LA-RTD51A-S1
05-22 02:31:56.820   383  3089 E RHWC2   : fox1 func=hwc2_func_validate_display line=1291 
05-22 02:31:56.820   383  3089 E RHWC2   : fox1 func=hwc2_func_validate_display line=1411 
05-22 02:31:56.823   383  3089 E RHWC2   : fox1 [rtk_gdma_post 1507 ]
05-22 02:31:56.823   383  3089 E RHWC2   : fox1 [rtk_gdma_post 1530 ]name_of_layer =  num_of_layers=1
05-22 02:31:56.823   383  3089 E RHWC2   : fox 1 [rtk_gdma_post 1531] HAS_FLAG=0
05-22 02:31:56.823   383  3089 E RHWC2   : fox1 [rtk_gdma_post 1530 ]name_of_layer = com.google.android.apps.tv.launcherx/com.google.android.apps.tv.launcherx.home.HomeActivity#0 num_of_layers=2
05-22 02:31:56.823   383  3089 E RHWC2   : fox 1 [rtk_gdma_post 1531] HAS_FLAG=0
05-22 02:31:56.823   383  3089 E RHWC2   : fox1 [rtk_gdma_post 1565 ]
05-22 02:31:57.319   790   790 E AdVideoPlayerImpl: Could not play video. Error code: 1.0e+03
05-22 02:31:57.319   790   790 E AdVideoPlayerImpl: ayp: Unexpected runtime error
05-22 02:31:57.319   790   790 E AdVideoPlayerImpl: 	at aza.a(PG:291)
05-22 02:31:57.319   790   790 E AdVideoPlayerImpl: 	at nv.run(PG:598)
05-22 02:31:57.319   790   790 E AdVideoPlayerImpl: 	at atl.b(PG:62)
05-22 02:31:57.319   790   790 E AdVideoPlayerImpl: 	at atl.g(PG:4)
05-22 02:31:57.319   790   790 E AdVideoPlayerImpl: 	at azh.av(PG:163)
05-22 02:31:57.319   790   790 E AdVideoPlayerImpl: 	at cyu.a(PG:388)
05-22 02:31:57.319   790   790 E AdVideoPlayerImpl: 	at kqc.dg(PG:1025)
05-22 02:31:57.319   790   790 E AdVideoPlayerImpl: 	at adsg.f(PG:11)
05-22 02:31:57.319   790   790 E AdVideoPlayerImpl: 	at adyo.run(PG:107)
05-22 02:31:57.319   790   790 E AdVideoPlayerImpl: 	at vur.run(PG:639)
05-22 02:31:57.319   790   790 E AdVideoPlayerImpl: 	at vur.run(PG:434)
05-22 02:31:57.319   790   790 E AdVideoPlayerImpl: 	at android.os.Handler.handleCallback(Handler.java:967)
05-22 02:31:57.319   790   790 E AdVideoPlayerImpl: 	at android.os.Handler.dispatchMessage(Handler.java:104)
05-22 02:31:57.319   790   790 E AdVideoPlayerImpl: 	at android.os.Looper.loop(Looper.java:250)
05-22 02:31:57.319   790   790 E AdVideoPlayerImpl: 	at android.app.ActivityThread.main(ActivityThread.java:7848)
05-22 02:31:57.319   790   790 E AdVideoPlayerImpl: 	at java.lang.reflect.Method.invoke(Native Method)
05-22 02:31:57.319   790   790 E AdVideoPlayerImpl: 	at com.android.internal.os.RuntimeInit$MethodAndArgsCaller.run(RuntimeInit.java:592)
05-22 02:31:57.319   790   790 E AdVideoPlayerImpl: 	at com.android.internal.os.ZygoteInit.main(ZygoteInit.java:1070)
05-22 02:31:57.319   790   790 E AdVideoPlayerImpl: Caused by: azp: Player release timed out.
05-22 02:31:57.319   790   790 E AdVideoPlayerImpl: 	at aza.a(PG:283)
05-22 02:31:57.319   790   790 E AdVideoPlayerImpl: 	... 17 more
05-22 02:31:57.322   790  1149 P Quality : 09 03 info 1779427917320 procName:com.google.android.apps.tv.launcherx 2 callback:vur,target:android.os.Handler $ latencyTime:1,WallTime:503 android.os.MessageQueue.nativePollOnce:-2,android.os.MessageQueue.next:335,android.os.Looper.loop:200,android.app.ActivityThread.main:7848,java.lang.reflect.Method.invoke:-2,com.android.internal.os.RuntimeInit$MethodAndArgsCaller.run:592,com.android.internal.os.ZygoteInit.main:1070, allocWait:0,ionwait:0,dstate:0,sched:0,iowait:0 $ $
05-22 02:31:57.333   383  3089 E RHWC2   : fox1 func=hwc2_func_validate_display line=1291 
05-22 02:31:57.333   383  3089 E RHWC2   : fox1 func=hwc2_func_validate_display line=1411 
05-22 02:31:57.336   383  3089 E RHWC2   : fox1 [rtk_gdma_post 1507 ]
05-22 02:31:57.336   383  3089 E RHWC2   : fox1 [rtk_gdma_post 1530 ]name_of_layer =  num_of_layers=1
05-22 02:31:57.336   383  3089 E RHWC2   : fox 1 [rtk_gdma_post 1531] HAS_FLAG=0
05-22 02:31:57.336   383  3089 E RHWC2   : fox1 [rtk_gdma_post 1530 ]name_of_layer = com.google.android.apps.tv.launcherx/com.google.android.apps.tv.launcherx.home.HomeActivity#0 num_of_layers=2
05-22 02:31:57.336   383  3089 E RHWC2   : fox 1 [rtk_gdma_post 1531] HAS_FLAG=0
05-22 02:31:57.336   383  3089 E RHWC2   : fox1 [rtk_gdma_post 1565 ]
05-22 02:31:57.345   383  3089 E RHWC2   : fox1 func=hwc2_func_validate_display line=1291 
05-22 02:31:57.346   383  3089 E RHWC2   : fox1 func=hwc2_func_validate_display line=1411 
05-22 02:31:57.348   383  3089 E RHWC2   : fox1 [rtk_gdma_post 1507 ]
05-22 02:31:57.348   383  3089 E RHWC2   : fox1 [rtk_gdma_post 1530 ]name_of_layer =  num_of_layers=1
05-22 02:31:57.348   383  3089 E RHWC2   : fox 1 [rtk_gdma_post 1531] HAS_FLAG=0
05-22 02:31:57.348   383  3089 E RHWC2   : fox1 [rtk_gdma_post 1530 ]name_of_layer = com.google.android.apps.tv.launcherx/com.google.android.apps.tv.launcherx.home.HomeActivity#0 num_of_layers=2
05-22 02:31:57.348   383  3089 E RHWC2   : fox 1 [rtk_gdma_post 1531] HAS_FLAG=0
05-22 02:31:57.348   383  3089 E RHWC2   : fox1 [rtk_gdma_post 1565 ]
05-22 02:31:57.362   383  3089 E RHWC2   : fox1 func=hwc2_func_validate_display line=1291 
05-22 02:31:57.362   383  3089 E RHWC2   : fox1 func=hwc2_func_validate_display line=1411 
05-22 02:31:57.364   383  3089 E RHWC2   : fox1 [rtk_gdma_post 1507 ]
05-22 02:31:57.364   383  3089 E RHWC2   : fox1 [rtk_gdma_post 1530 ]name_of_layer =  num_of_layers=1
05-22 02:31:57.364   383  3089 E RHWC2   : fox 1 [rtk_gdma_post 1531] HAS_FLAG=0
05-22 02:31:57.364   383  3089 E RHWC2   : fox1 [rtk_gdma_post 1530 ]name_of_layer = com.google.android.apps.tv.launcherx/com.google.android.apps.tv.launcherx.home.HomeActivity#0 num_of_layers=2
05-22 02:31:57.364   383  3089 E RHWC2   : fox 1 [rtk_gdma_post 1531] HAS_FLAG=0
05-22 02:31:57.364   383  3089 E RHWC2   : fox1 [rtk_gdma_post 1565 ]
05-22 02:31:57.379   383  3089 E RHWC2   : fox1 func=hwc2_func_validate_display line=1291 
05-22 02:31:57.379   383  3089 E RHWC2   : fox1 func=hwc2_func_validate_display line=1411 
05-22 02:31:57.381   383  3089 E RHWC2   : fox1 [rtk_gdma_post 1507 ]
05-22 02:31:57.381   383  3089 E RHWC2   : fox1 [rtk_gdma_post 1530 ]name_of_layer =  num_of_layers=1
05-22 02:31:57.381   383  3089 E RHWC2   : fox 1 [rtk_gdma_post 1531] HAS_FLAG=0
05-22 02:31:57.381   383  3089 E RHWC2   : fox1 [rtk_gdma_post 1530 ]name_of_layer = com.google.android.apps.tv.launcherx/com.google.android.apps.tv.launcherx.home.HomeActivity#0 num_of_layers=2
05-22 02:31:57.381   383  3089 E RHWC2   : fox 1 [rtk_gdma_post 1531] HAS_FLAG=0
05-22 02:31:57.381   383  3089 E RHWC2   : fox1 [rtk_gdma_post 1565 ]
05-22 02:31:57.396   383  3089 E RHWC2   : fox1 func=hwc2_func_validate_display line=1291 
05-22 02:31:57.396   383  3089 E RHWC2   : fox1 func=hwc2_func_validate_display line=1411 
05-22 02:31:57.398   383  3089 E RHWC2   : fox1 [rtk_gdma_post 1507 ]
05-22 02:31:57.398   383  3089 E RHWC2   : fox1 [rtk_gdma_post 1530 ]name_of_layer =  num_of_layers=1
05-22 02:31:57.398   383  3089 E RHWC2   : fox 1 [rtk_gdma_post 1531] HAS_FLAG=0
05-22 02:31:57.398   383  3089 E RHWC2   : fox1 [rtk_gdma_post 1530 ]name_of_layer = com.google.android.apps.tv.launcherx/com.google.android.apps.tv.launcherx.home.HomeActivity#0 num_of_layers=2
05-22 02:31:57.398   383  3089 E RHWC2   : fox 1 [rtk_gdma_post 1531] HAS_FLAG=0
05-22 02:31:57.398   383  3089 E RHWC2   : fox1 [rtk_gdma_post 1565 ]
05-22 02:31:57.412   383  3089 E RHWC2   : fox1 func=hwc2_func_validate_display line=1291 
05-22 02:31:57.412   383  3089 E RHWC2   : fox1 func=hwc2_func_validate_display line=1411 
05-22 02:31:57.414   383  3089 E RHWC2   : fox1 [rtk_gdma_post 1507 ]
05-22 02:31:57.414   383  3089 E RHWC2   : fox1 [rtk_gdma_post 1530 ]name_of_layer =  num_of_layers=1
05-22 02:31:57.414   383  3089 E RHWC2   : fox 1 [rtk_gdma_post 1531] HAS_FLAG=0
05-22 02:31:57.414   383  3089 E RHWC2   : fox1 [rtk_gdma_post 1530 ]name_of_layer = com.google.android.apps.tv.launcherx/com.google.android.apps.tv.launcherx.home.HomeActivity#0 num_of_layers=2
05-22 02:31:57.414   383  3089 E RHWC2   : fox 1 [rtk_gdma_post 1531] HAS_FLAG=0
05-22 02:31:57.414   383  3089 E RHWC2   : fox1 [rtk_gdma_post 1565 ]
05-22 02:31:57.429   383  3089 E RHWC2   : fox1 func=hwc2_func_validate_display line=1291 
05-22 02:31:57.429   383  3089 E RHWC2   : fox1 func=hwc2_func_validate_display line=1411 
05-22 02:31:57.431   383  3089 E RHWC2   : fox1 [rtk_gdma_post 1507 ]
05-22 02:31:57.431   383  3089 E RHWC2   : fox1 [rtk_gdma_post 1530 ]name_of_layer =  num_of_layers=1
05-22 02:31:57.431   383  3089 E RHWC2   : fox 1 [rtk_gdma_post 1531] HAS_FLAG=0
05-22 02:31:57.431   383  3089 E RHWC2   : fox1 [rtk_gdma_post 1530 ]name_of_layer = com.google.android.apps.tv.launcherx/com.google.android.apps.tv.launcherx.home.HomeActivity#0 num_of_layers=2
05-22 02:31:57.431   383  3089 E RHWC2   : fox 1 [rtk_gdma_post 1531] HAS_FLAG=0
05-22 02:31:57.431   383  3089 E RHWC2   : fox1 [rtk_gdma_post 1565 ]
05-22 02:31:57.446   383  3089 E RHWC2   : fox1 func=hwc2_func_validate_display line=1291 
05-22 02:31:57.446   383  3089 E RHWC2   : fox1 func=hwc2_func_validate_display line=1411 
05-22 02:31:57.448   383  3089 E RHWC2   : fox1 [rtk_gdma_post 1507 ]
05-22 02:31:57.448   383  3089 E RHWC2   : fox1 [rtk_gdma_post 1530 ]name_of_layer =  num_of_layers=1
05-22 02:31:57.448   383  3089 E RHWC2   : fox 1 [rtk_gdma_post 1531] HAS_FLAG=0
05-22 02:31:57.448   383  3089 E RHWC2   : fox1 [rtk_gdma_post 1530 ]name_of_layer = com.google.android.apps.tv.launcherx/com.google.android.apps.tv.launcherx.home.HomeActivity#0 num_of_layers=2
05-22 02:31:57.448   383  3089 E RHWC2   : fox 1 [rtk_gdma_post 1531] HAS_FLAG=0
05-22 02:31:57.448   383  3089 E RHWC2   : fox1 [rtk_gdma_post 1565 ]
05-22 02:31:57.462   383  3089 E RHWC2   : fox1 func=hwc2_func_validate_display line=1291 
05-22 02:31:57.462   383  3089 E RHWC2   : fox1 func=hwc2_func_validate_display line=1411 
05-22 02:31:57.464   383  3089 E RHWC2   : fox1 [rtk_gdma_post 1507 ]
05-22 02:31:57.464   383  3089 E RHWC2   : fox1 [rtk_gdma_post 1530 ]name_of_layer =  num_of_layers=1
05-22 02:31:57.464   383  3089 E RHWC2   : fox 1 [rtk_gdma_post 1531] HAS_FLAG=0
05-22 02:31:57.464   383  3089 E RHWC2   : fox1 [rtk_gdma_post 1530 ]name_of_layer = com.google.android.apps.tv.launcherx/com.google.android.apps.tv.launcherx.home.HomeActivity#0 num_of_layers=2
05-22 02:31:57.464   383  3089 E RHWC2   : fox 1 [rtk_gdma_post 1531] HAS_FLAG=0
05-22 02:31:57.464   383  3089 E RHWC2   : fox1 [rtk_gdma_post 1565 ]
05-22 02:31:57.479   383  3089 E RHWC2   : fox1 func=hwc2_func_validate_display line=1291 
05-22 02:31:57.479   383  3089 E RHWC2   : fox1 func=hwc2_func_validate_display line=1411 
05-22 02:31:57.481   383  3089 E RHWC2   : fox1 [rtk_gdma_post 1507 ]
05-22 02:31:57.481   383  3089 E RHWC2   : fox1 [rtk_gdma_post 1530 ]name_of_layer =  num_of_layers=1
05-22 02:31:57.481   383  3089 E RHWC2   : fox 1 [rtk_gdma_post 1531] HAS_FLAG=0
05-22 02:31:57.481   383  3089 E RHWC2   : fox1 [rtk_gdma_post 1530 ]name_of_layer = com.google.android.apps.tv.launcherx/com.google.android.apps.tv.launcherx.home.HomeActivity#0 num_of_layers=2
05-22 02:31:57.481   383  3089 E RHWC2   : fox 1 [rtk_gdma_post 1531] HAS_FLAG=0
05-22 02:31:57.481   383  3089 E RHWC2   : fox1 [rtk_gdma_post 1565 ]
05-22 02:31:57.496   383  3089 E RHWC2   : fox1 func=hwc2_func_validate_display line=1291 
05-22 02:31:57.496   383  3089 E RHWC2   : fox1 func=hwc2_func_validate_display line=1411 
05-22 02:31:57.498   383  3089 E RHWC2   : fox1 [rtk_gdma_post 1507 ]
05-22 02:31:57.498   383  3089 E RHWC2   : fox1 [rtk_gdma_post 1530 ]name_of_layer =  num_of_layers=1
05-22 02:31:57.498   383  3089 E RHWC2   : fox 1 [rtk_gdma_post 1531] HAS_FLAG=0
05-22 02:31:57.498   383  3089 E RHWC2   : fox1 [rtk_gdma_post 1530 ]name_of_layer = com.google.android.apps.tv.launcherx/com.google.android.apps.tv.launcherx.home.HomeActivity#0 num_of_layers=2
05-22 02:31:57.498   383  3089 E RHWC2   : fox 1 [rtk_gdma_post 1531] HAS_FLAG=0
05-22 02:31:57.498   383  3089 E RHWC2   : fox1 [rtk_gdma_post 1565 ]
05-22 02:31:57.512   383  3089 E RHWC2   : fox1 func=hwc2_func_validate_display line=1291 
