05-22 02:31:35.579   821  2012 D TVKitService: getSoftwareVersion
05-22 02:31:35.579   821  2012 D DeviceInfoImpl: getSoftwareVersion is V8-R51AT01-LF1V126
05-22 02:31:39.168   815  2027 W TGuardService: killing pkg:com.google.android.apps.tv.launcherx uid:10042 [service] is not depends on 3601:com.android.vending:background/u0a45
05-22 02:31:39.168   815  2027 I ActivityManager: Killing 3379:com.android.vending/u0a45 (adj 915): tguard-kill-SystemApp
05-22 02:31:39.169   815  2027 I ActivityManager: Killing 3601:com.android.vending:background/u0a45 (adj 905): tguard-kill-SystemApp
05-22 02:31:39.170   815  2027 I ActivityManager: Killing 3463:com.google.process.gservices/u0a37 (adj 925): tguard-kill-SystemApp
05-22 02:31:39.170   815  2027 I ActivityManager: Killing 3541:com.google.process.gapps/u0a37 (adj 935): tguard-kill-SystemApp
05-22 02:31:39.258   815  2028 D ResourceManagerService: getPackageByPid,pid=3463
05-22 02:31:39.264   815  2027 D ResourceManagerService: getPackageByPid,pid=3541
05-22 02:31:39.317   815  2026 D ConnectivityService: ConnectivityService NetworkRequestInfo binderDied(NetworkRequest [ TRACK_DEFAULT id=9374, [ Capabilities: INTERNET&NOT_RESTRICTED&TRUSTED Uid: 10045 AdministratorUids: [] RequestorUid: 10045 RequestorPackageName: com.android.vending] ], android.os.BinderProxy@748161e)
05-22 02:31:39.317   815  2028 D ConnectivityService: ConnectivityService NetworkRequestInfo binderDied(NetworkRequest [ TRACK_DEFAULT id=9377, [ Capabilities: INTERNET&NOT_RESTRICTED&TRUSTED Uid: 10045 AdministratorUids: [] RequestorUid: 10045 RequestorPackageName: com.android.vending] ], android.os.BinderProxy@8b734cc)
05-22 02:31:39.317   815  1770 D ConnectivityService: ConnectivityService NetworkRequestInfo binderDied(NetworkRequest [ TRACK_DEFAULT id=9375, [ Capabilities: INTERNET&NOT_RESTRICTED&TRUSTED Uid: 10045 AdministratorUids: [] RequestorUid: 10045 RequestorPackageName: com.android.vending] ], android.os.BinderProxy@9dfd315)
05-22 02:31:39.317   815  1002 D ConnectivityService: releasing NetworkRequest [ TRACK_DEFAULT id=9374, [ Capabilities: INTERNET&NOT_RESTRICTED&TRUSTED Uid: 10045 AdministratorUids: [] RequestorUid: 10045 RequestorPackageName: com.android.vending] ] (release request)
05-22 02:31:39.318   815  1002 D ConnectivityService: releasing NetworkRequest [ TRACK_DEFAULT id=9377, [ Capabilities: INTERNET&NOT_RESTRICTED&TRUSTED Uid: 10045 AdministratorUids: [] RequestorUid: 10045 RequestorPackageName: com.android.vending] ] (release request)
05-22 02:31:39.318   815  1002 D ConnectivityService: releasing NetworkRequest [ TRACK_DEFAULT id=9375, [ Capabilities: INTERNET&NOT_RESTRICTED&TRUSTED Uid: 10045 AdministratorUids: [] RequestorUid: 10045 RequestorPackageName: com.android.vending] ] (release request)
05-22 02:31:39.319   815  1772 D ConnectivityService: ConnectivityService NetworkRequestInfo binderDied(NetworkRequest [ LISTEN id=9376, [ Capabilities: INTERNET&NOT_RESTRICTED&TRUSTED Uid: 10045 AdministratorUids: [] RequestorUid: 10045 RequestorPackageName: com.android.vending] ], android.os.BinderProxy@9a2beff)
05-22 02:31:39.321   815  2027 W ActivityManager: Scheduling restart of crashed service com.android.vending/com.google.frameworks.client.data.android.server.play.BackgroundProcessEndpointService in 1000ms for connection
05-22 02:31:39.321   815  2027 D ResourceManagerService: getPackageByPid,pid=3601
05-22 02:31:39.333   815  2027 D ConnectivityService: ConnectivityService NetworkRequestInfo binderDied(NetworkRequest [ LISTEN id=9373, [ Capabilities: INTERNET&NOT_RESTRICTED&TRUSTED Uid: 10045 AdministratorUids: [] RequestorUid: 10045 RequestorPackageName: com.android.vending] ], android.os.BinderProxy@778b91)
05-22 02:31:39.333   815  1772 D ConnectivityService: ConnectivityService NetworkRequestInfo binderDied(NetworkRequest [ TRACK_DEFAULT id=9372, [ Capabilities: INTERNET&NOT_RESTRICTED&TRUSTED Uid: 10045 AdministratorUids: [] RequestorUid: 10045 RequestorPackageName: com.android.vending] ], android.os.BinderProxy@292caf6)
05-22 02:31:39.333   815  1002 D ConnectivityService: releasing NetworkRequest [ TRACK_DEFAULT id=9372, [ Capabilities: INTERNET&NOT_RESTRICTED&TRUSTED Uid: 10045 AdministratorUids: [] RequestorUid: 10045 RequestorPackageName: com.android.vending] ] (release request)
05-22 02:31:39.334   815  1091 D ResourceManagerService: getPackageByPid,pid=3379
05-22 02:31:40.583   821  2012 D TVKitService: getProjectID
05-22 02:31:40.583   821  2012 D DeviceInfoImpl: getProjectID from map is 4357
05-22 02:31:40.584   821  2012 D TVKitService: getSoftwareVersion
05-22 02:31:40.584   821  2012 D DeviceInfoImpl: getSoftwareVersion is V8-R51AT01-LF1V126
05-22 02:31:45.590   821  2012 D TVKitService: getProjectID
05-22 02:31:45.590   821  2012 D DeviceInfoImpl: getProjectID from map is 4357
05-22 02:31:45.592   821  2012 D TVKitService: getSoftwareVersion
05-22 02:31:45.592   821  2012 D DeviceInfoImpl: getSoftwareVersion is V8-R51AT01-LF1V126
05-22 02:31:46.440   815  1049 D FreezeManager: doFreeze 3463 is died,skip freeze proCurent null
05-22 02:31:50.600   821  2012 D TVKitService: getProjectID
05-22 02:31:50.600   821  2012 D DeviceInfoImpl: getProjectID from map is 4357
05-22 02:31:50.601   821  2012 D TVKitService: getSoftwareVersion
05-22 02:31:50.601   821  2012 D DeviceInfoImpl: getSoftwareVersion is V8-R51AT01-LF1V126
05-22 02:31:55.609   821  2012 D TVKitService: getProjectID
05-22 02:31:55.609   821  2012 D DeviceInfoImpl: getProjectID from map is 4357
05-22 02:31:55.610   821  2012 D TVKitService: getSoftwareVersion
05-22 02:31:55.610   821  2012 D DeviceInfoImpl: getSoftwareVersion is V8-R51AT01-LF1V126
05-22 02:31:57.322   790  1149 P Quality : 09 03 info 1779427917320 procName:com.google.android.apps.tv.launcherx 2 callback:vur,target:android.os.Handler $ latencyTime:1,WallTime:503 android.os.MessageQueue.nativePollOnce:-2,android.os.MessageQueue.next:335,android.os.Looper.loop:200,android.app.ActivityThread.main:7848,java.lang.reflect.Method.invoke:-2,com.android.internal.os.RuntimeInit$MethodAndArgsCaller.run:592,com.android.internal.os.ZygoteInit.main:1070, allocWait:0,ionwait:0,dstate:0,sched:0,iowait:0 $ $
05-22 02:31:57.324   815   872 D BMS-BlockMonitorManagerService: ProcessName: com.google.android.apps.tv.launcherx
05-22 02:31:57.324   815   872 D BMS-BlockMonitorManagerService: Timestamp: 2026-05-22 02:31:57
05-22 02:31:57.324   815   872 D BMS-BlockMonitorManagerService: HandlerName: android.os.Handler
05-22 02:31:57.324   815   872 D BMS-BlockMonitorManagerService: Message.what: 0
05-22 02:31:57.324   815   872 D BMS-BlockMonitorManagerService: blockDuration: 503
05-22 02:31:57.324   815   872 D BMS-BlockMonitorManagerService: BlockTraces: 
05-22 02:31:57.324   815   872 D BMS-BlockMonitorManagerService: android.os.MessageQueue.nativePollOnce:-2,android.os.MessageQueue.next:335,android.os.Looper.loop:200,android.app.ActivityThread.main:7848,java.lang.reflect.Method.invoke:-2,com.android.internal.os.RuntimeInit$MethodAndArgsCaller.run:592,com.android.internal.os.ZygoteInit.main:1070,
05-22 02:32:00.618   821  2012 D TVKitService: getProjectID
05-22 02:32:00.618   821  2012 D DeviceInfoImpl: getProjectID from map is 4357
05-22 02:32:00.620   821  2012 D TVKitService: getSoftwareVersion
05-22 02:32:00.620   821  2012 D DeviceInfoImpl: getSoftwareVersion is V8-R51AT01-LF1V126
05-22 02:32:00.785   815  1002 D ConnectivityService: NetReassign [no changes]
05-22 02:32:02.712   815  3143 W PackageManager: Non System Server process reporting dex loads as system server. uid=10037
05-22 02:32:02.714   815  3143 I AlarmManager: Change Wakeup Alarm type to non Wakeup type, current type=[3] packageName = com.google.android.gms @316868661071 and next wakeup alarm is @Fri May 22 02:40:28 GMT-03:00 2026
05-22 02:32:02.753   815  1091 W PackageManager: Non System Server process reporting dex loads as system server. uid=10037
05-22 02:32:02.754   815  1091 I AlarmManager: Change Wakeup Alarm type to non Wakeup type, current type=[3] packageName = com.google.android.gms @1509208833 and next wakeup alarm is @Fri May 22 02:40:28 GMT-03:00 2026
05-22 02:32:02.756   815  3143 D ProcessStartManager: onStartProcess targetProcessName:com.google.android.gms.unstableapplication processName : com.google.android.gms ,type: 4 ,tbr: null
05-22 02:32:02.756   815  3143 D ProcessStartManager: onStartProcess return: false
05-22 02:32:02.759   815  3143 D CompatibilityChangeReporter: Compat change id reported: 135634846; UID 10037; state: DISABLED
05-22 02:32:02.760   815   862 D CompatibilityChangeReporter: Compat change id reported: 143937733; UID 10037; state: ENABLED
05-22 02:32:02.778   815   862 I ActivityManager: Start proc 3746:com.google.android.gms.unstable/u0a37 for service {com.google.android.gms/com.google.android.gms.chimera.UnstableInternalBoundBrokerService}
05-22 02:32:02.863  3746  3746 I ActivityTaskManager: isPreloadSplashApp = com.google.android.gms.unstable
05-22 02:32:03.080   815  1091 D BMS-BlockMonitorManagerService: attach caller is com.google.android.gms ,pid is 3746
05-22 02:32:03.080   815  1091 D BMS-BlockMonitorManagerService: start init monitor config(only init, not start) for 3746
05-22 02:32:03.080   815  1091 D BMS-BlockMonitorManagerService: here may be print binder warning(flag no oneway), it's normal
05-22 02:32:03.082   815  1091 D BMS-BlockMonitorManagerService: init monitor config end
05-22 02:32:03.193   815  3143 E ContentProviderRecord: newHolder true, info: ContentProviderInfo{name=settings className=com.android.providers.settings.SettingsProvider}
05-22 02:32:03.246   815  1091 W TGuardService: killing pkg:com.google.android.apps.tv.launcherx uid:10042 [service] is not depends on 3746:com.google.android.gms.unstable/u0a37
05-22 02:32:03.246   815  1091 I ActivityManager: Killing 3746:com.google.android.gms.unstable/u0a37 (adj 250): tguard-kill-Gms
05-22 02:32:03.411   815  2026 W ActivityManager: Scheduling restart of crashed service com.google.android.gms/.chimera.UnstableInternalBoundBrokerService in 1000ms for connection
05-22 02:32:03.412   815  2026 D ResourceManagerService: getPackageByPid,pid=3746
05-22 02:32:03.798   815  1002 D ConnectivityService: NetReassign [no changes]
05-22 02:32:04.625   815  2026 W PackageManager: Non System Server process reporting dex loads as system server. uid=10037
05-22 02:32:04.626   815  2026 I AlarmManager: Change Wakeup Alarm type to non Wakeup type, current type=[3] packageName = com.google.android.gms @1509208833 and next wakeup alarm is @Fri May 22 02:40:28 GMT-03:00 2026
05-22 02:32:05.627   821  2012 D TVKitService: getProjectID
05-22 02:32:05.627   821  2012 D DeviceInfoImpl: getProjectID from map is 4357
05-22 02:32:05.629   821  2012 D TVKitService: getSoftwareVersion
05-22 02:32:05.629   821  2012 D DeviceInfoImpl: getSoftwareVersion is V8-R51AT01-LF1V126
05-22 02:32:09.016   815  1009 D DeviceStorageMonitorService: updateBroadcasts,oldlevel is 0,newLevel is 0
05-22 02:32:10.634   821  2012 D TVKitService: getProjectID
05-22 02:32:10.634   821  2012 D DeviceInfoImpl: getProjectID from map is 4357
05-22 02:32:10.636   821  2012 D TVKitService: getSoftwareVersion
05-22 02:32:10.636   821  2012 D DeviceInfoImpl: getSoftwareVersion is V8-R51AT01-LF1V126
05-22 02:32:13.046   815  1049 D FreezeManager: doFreeze 3541 is died,skip freeze proCurent null
05-22 02:32:15.642   821  2012 D TVKitService: getProjectID
05-22 02:32:15.642   821  2012 D DeviceInfoImpl: getProjectID from map is 4357
05-22 02:32:15.643   821  2012 D TVKitService: getSoftwareVersion
05-22 02:32:15.643   821  2012 D DeviceInfoImpl: getSoftwareVersion is V8-R51AT01-LF1V126
05-22 02:32:20.652   821  2012 D TVKitService: getProjectID
05-22 02:32:20.652   821  2012 D DeviceInfoImpl: getProjectID from map is 4357
05-22 02:32:20.653   821  2012 D TVKitService: getSoftwareVersion
05-22 02:32:20.654   821  2012 D DeviceInfoImpl: getSoftwareVersion is V8-R51AT01-LF1V126
05-22 02:32:25.662   821  2012 D TVKitService: getProjectID
05-22 02:32:25.662   821  2012 D DeviceInfoImpl: getProjectID from map is 4357
05-22 02:32:25.664   821  2012 D TVKitService: getSoftwareVersion
05-22 02:32:25.664   821  2012 D DeviceInfoImpl: getSoftwareVersion is V8-R51AT01-LF1V126
05-22 02:32:28.260   815  1049 D FreezeManager: doFreeze 3379 is died,skip freeze proCurent null
05-22 02:32:30.672   821  2012 D TVKitService: getProjectID
05-22 02:32:30.672   821  2012 D DeviceInfoImpl: getProjectID from map is 4357
05-22 02:32:30.673   821  2012 D TVKitService: getSoftwareVersion
05-22 02:32:30.673   821  2012 D DeviceInfoImpl: getSoftwareVersion is V8-R51AT01-LF1V126
05-22 02:32:35.680   821  2012 D TVKitService: getProjectID
05-22 02:32:35.680   821  2012 D DeviceInfoImpl: getProjectID from map is 4357
05-22 02:32:35.682   821  2012 D TVKitService: getSoftwareVersion
05-22 02:32:35.682   821  2012 D DeviceInfoImpl: getSoftwareVersion is V8-R51AT01-LF1V126
05-22 02:32:40.688   821  2012 D TVKitService: getProjectID
05-22 02:32:40.688   821  2012 D DeviceInfoImpl: getProjectID from map is 4357
05-22 02:32:40.689   821  2012 D TVKitService: getSoftwareVersion
05-22 02:32:40.689   821  2012 D DeviceInfoImpl: getSoftwareVersion is V8-R51AT01-LF1V126
05-22 02:32:45.697   821  2012 D TVKitService: getProjectID
05-22 02:32:45.697   821  2012 D DeviceInfoImpl: getProjectID from map is 4357
05-22 02:32:45.699   821  2012 D TVKitService: getSoftwareVersion
05-22 02:32:45.699   821  2012 D DeviceInfoImpl: getSoftwareVersion is V8-R51AT01-LF1V126
05-22 02:32:50.707   821  2012 D TVKitService: getProjectID
05-22 02:32:50.707   821  2012 D DeviceInfoImpl: getProjectID from map is 4357
05-22 02:32:50.708   821  2012 D TVKitService: getSoftwareVersion
05-22 02:32:50.708   821  2012 D DeviceInfoImpl: getSoftwareVersion is V8-R51AT01-LF1V126
05-22 02:32:55.716   821  2012 D TVKitService: getProjectID
05-22 02:32:55.716   821  2012 D DeviceInfoImpl: getProjectID from map is 4357
05-22 02:32:55.718   821  2012 D TVKitService: getSoftwareVersion
05-22 02:32:55.718   821  2012 D DeviceInfoImpl: getSoftwareVersion is V8-R51AT01-LF1V126
05-22 02:32:57.318   790  1149 P Quality : 09 03 info 1779427977317 procName:com.google.android.apps.tv.launcherx 2 callback:vur,target:android.os.Handler $ latencyTime:0,WallTime:503 android.os.MessageQueue.nativePollOnce:-2,android.os.MessageQueue.next:335,android.os.Looper.loop:200,android.app.ActivityThread.main:7848,java.lang.reflect.Method.invoke:-2,com.android.internal.os.RuntimeInit$MethodAndArgsCaller.run:592,com.android.internal.os.ZygoteInit.main:1070, allocWait:0,ionwait:0,dstate:0,sched:0,iowait:0 $ $
05-22 02:32:57.320   815   872 D BMS-BlockMonitorManagerService: ProcessName: com.google.android.apps.tv.launcherx
05-22 02:32:57.320   815   872 D BMS-BlockMonitorManagerService: Timestamp: 2026-05-22 02:32:57
05-22 02:32:57.320   815   872 D BMS-BlockMonitorManagerService: HandlerName: android.os.Handler
05-22 02:32:57.320   815   872 D BMS-BlockMonitorManagerService: Message.what: 0
05-22 02:32:57.320   815   872 D BMS-BlockMonitorManagerService: blockDuration: 503
05-22 02:32:57.320   815   872 D BMS-BlockMonitorManagerService: BlockTraces: 
05-22 02:32:57.320   815   872 D BMS-BlockMonitorManagerService: android.os.MessageQueue.nativePollOnce:-2,android.os.MessageQueue.next:335,android.os.Looper.loop:200,android.app.ActivityThread.main:7848,java.lang.reflect.Method.invoke:-2,com.android.internal.os.RuntimeInit$MethodAndArgsCaller.run:592,com.android.internal.os.ZygoteInit.main:1070,
05-22 02:32:57.321   815   872 W ContextImpl: Calling a method in the system process without a qualified user: android.app.ContextImpl.sendBroadcast:1125 com.tcl.server.rm.BlockReport.reportBlock:35 com.tcl.server.rm.BlockMonitorManagerService.handleBlock:76 com.tcl.server.rm.BlockMonitorManagerService.access$000:31 com.tcl.server.rm.BlockMonitorManagerService$H.handleMessage:61 
05-22 02:33:00.726   821  2012 D TVKitService: getProjectID
05-22 02:33:00.726   821  2012 D DeviceInfoImpl: getProjectID from map is 4357
05-22 02:33:00.728   821  2012 D TVKitService: getSoftwareVersion
05-22 02:33:00.728   821  2012 D DeviceInfoImpl: getSoftwareVersion is V8-R51AT01-LF1V126
05-22 02:33:01.723   815   878 V DisplayPowerController: Brightness [0.39763778] reason changing to: 'manual', previous reason: 'manual [ dim ]'.
05-22 02:33:01.872   815   986 W ContextImpl: Calling a method in the system process without a qualified user: android.app.ContextImpl.startService:1683 com.android.server.policy.TclPhoneWindowManager.startQuickPanelService:2026 com.android.server.policy.TclPhoneWindowManager.startHovring:3759 com.android.server.policy.TclPhoneWindowManager.handleCustomKey:1522 com.android.server.policy.TclPhoneWindowManager.handleKeyBeforeDispatching:1211 
05-22 02:33:01.899   815   861 V ActivityManager: Attempted to start a foreground service (com.tcl.suspension/.DismissService) with a broken notification (no icon: Notification(channel=quick_panel_default_id shortcut=null contentView=null vibrate=null sound=null defaults=0x0 flags=0x40 color=0x00000000 vis=PRIVATE))
05-22 02:33:01.929   815  1772 E IntervalStats: Unable to parse usage stats package 169
05-22 02:33:01.929   815  1772 E IntervalStats: Unable to parse usage stats package 171
05-22 02:33:01.929   815  1772 E IntervalStats: Unable to parse usage stats package 173
05-22 02:33:01.929   815  1772 E IntervalStats: Unable to parse usage stats package 174
05-22 02:33:01.929   815  1772 E IntervalStats: Unable to parse usage stats package 175
05-22 02:33:01.939   815  1772 I chatty  : uid=1000(system) Binder:815_E identical 4 lines
05-22 02:33:01.941   815  1772 E IntervalStats: Unable to parse usage stats package 175
05-22 02:33:01.941   815  1772 E IntervalStats: Unable to parse usage stats package 176
05-22 02:33:01.941   815  1772 E IntervalStats: Unable to parse usage stats package 177
05-22 02:33:01.949   815  1772 E IntervalStats: Unable to parse usage stats package 130
05-22 02:33:01.949   815  1772 E IntervalStats: Unable to parse usage stats package 178
05-22 02:33:01.949   815  1772 E IntervalStats: Unable to parse usage stats package 179
05-22 02:33:01.949   815  1772 E IntervalStats: Unable to parse usage stats package 180
05-22 02:33:01.950   815  1772 E IntervalStats: Unable to parse usage stats package 181
05-22 02:33:01.950   815  1772 E IntervalStats: Unable to parse usage stats package 183
05-22 02:33:01.958   815  1772 E IntervalStats: Unable to parse usage stats package 130
05-22 02:33:01.958   815  1772 E IntervalStats: Unable to parse usage stats package 183
05-22 02:33:01.958   815  1772 E IntervalStats: Unable to parse usage stats package 185
05-22 02:33:01.958   815  1772 E IntervalStats: Unable to parse usage stats package 186
05-22 02:33:01.958   815  1772 E IntervalStats: Unable to parse usage stats package 187
05-22 02:33:01.958   815  1772 E IntervalStats: Unable to parse usage stats package 188
05-22 02:33:01.958   815  1772 E IntervalStats: Unable to parse usage stats package 189
05-22 02:33:01.958   815  1772 E IntervalStats: Unable to parse usage stats package 191
05-22 02:33:01.958   815  1772 E IntervalStats: Unable to parse event package 191
05-22 02:33:01.962   815  1772 I chatty  : uid=1000(system) Binder:815_E identical 185 lines
05-22 02:33:01.962   815  1772 E IntervalStats: Unable to parse event package 191
05-22 02:33:01.970   815  1772 E IntervalStats: Unable to parse usage stats package 191
05-22 02:33:01.970   815  1772 E IntervalStats: Unable to parse usage stats package 196
05-22 02:33:01.970   815  1772 E IntervalStats: Unable to parse usage stats package 197
05-22 02:33:01.970   815  1772 E IntervalStats: Unable to parse usage stats package 198
05-22 02:33:01.970   815  1772 E IntervalStats: Unable to parse usage stats package 200
05-22 02:33:01.970   815  1772 E IntervalStats: Unable to parse event package 200
05-22 02:33:01.970   815  1772 I chatty  : uid=1000(system) Binder:815_E identical 14 lines
05-22 02:33:01.970   815  1772 E IntervalStats: Unable to parse event package 200
05-22 02:33:02.117   815   815 W NotificationHistory: Attempted to add notif for locked/gone/disabled user 0
05-22 02:33:02.338   821  2012 D TVKitService: getProjectID
05-22 02:33:02.339   821  2012 D DeviceInfoImpl: getProjectID from map is 4357
05-22 02:33:02.343   821  2012 D TVKitService: getProjectID
05-22 02:33:02.343   821  2012 D DeviceInfoImpl: getProjectID from map is 4357
05-22 02:33:02.350   821  2012 D TVKitService: getProjectID
05-22 02:33:02.350   821  2012 D DeviceInfoImpl: getProjectID from map is 4357
05-22 02:33:02.580  3052  3817 E ActivityThread: Failed to find provider info for com.tcl.miracast
05-22 02:33:03.286   815   986 W ContextImpl: Calling a method in the system process without a qualified user: android.app.ContextImpl.sendBroadcast:1125 com.android.server.policy.TclPhoneWindowManager.supportUserActionCollect:4559 com.android.server.policy.TclPhoneWindowManager.handleCustomKey:1811 com.android.server.policy.TclPhoneWindowManager.handleKeyBeforeDispatching:1211 com.android.server.policy.PhoneWindowManager.interceptKeyBeforeDispatching:2733 
05-22 02:33:05.287   815   986 I chatty  : uid=1000(system) InputDispatcher identical 16 lines
05-22 02:33:05.338   815   986 W ContextImpl: Calling a method in the system process without a qualified user: android.app.ContextImpl.sendBroadcast:1125 com.android.server.policy.TclPhoneWindowManager.supportUserActionCollect:4559 com.android.server.policy.TclPhoneWindowManager.handleCustomKey:1811 com.android.server.policy.TclPhoneWindowManager.handleKeyBeforeDispatching:1211 com.android.server.policy.PhoneWindowManager.interceptKeyBeforeDispatching:2733 
05-22 02:33:05.732   821  2012 D TVKitService: getProjectID
05-22 02:33:05.733   821  2012 D DeviceInfoImpl: getProjectID from map is 4357
05-22 02:33:05.734   821  2012 D TVKitService: getSoftwareVersion
05-22 02:33:05.734   821  2012 D DeviceInfoImpl: getSoftwareVersion is V8-R51AT01-LF1V126
05-22 02:33:05.972   815   986 W ContextImpl: Calling a method in the system process without a qualified user: android.app.ContextImpl.sendBroadcast:1125 com.android.server.policy.TclPhoneWindowManager.supportUserActionCollect:4559 com.android.server.policy.TclPhoneWindowManager.handleCustomKey:1811 com.android.server.policy.TclPhoneWindowManager.handleKeyBeforeDispatching:1211 com.android.server.policy.PhoneWindowManager.interceptKeyBeforeDispatching:2733 
05-22 02:33:06.367   815   986 W ContextImpl: Calling a method in the system process without a qualified user: android.app.ContextImpl.sendBroadcast:1125 com.android.server.policy.TclPhoneWindowManager.supportUserActionCollect:4559 com.android.server.policy.TclPhoneWindowManager.handleCustomKey:1811 com.android.server.policy.TclPhoneWindowManager.handleKeyBeforeDispatching:1211 com.android.server.policy.PhoneWindowManager.interceptKeyBeforeDispatching:2733 
05-22 02:33:06.731  3052  3052 W ContextImpl: Calling a method in the system process without a qualified user: android.app.ContextImpl.startActivity:1007 android.content.ContextWrapper.startActivity:403 com.tcl.suspension.util.CommonUtil.startApp:463 com.tcl.suspension.widget.appitemV2.AppRecommendEditableItemView.lambda$onClick$1$com-tcl-suspension-widget-appitemV2-AppRecommendEditableItemView:349 com.tcl.suspension.widget.appitemV2.AppRecommendEditableItemView$$ExternalSyntheticLambda1.run:2 
05-22 02:33:06.732  3052  3052 W ContextImpl: Calling a method in the system process without a qualified user: android.app.ContextImpl.startActivity:1019 android.app.ContextImpl.startActivity:1008 android.content.ContextWrapper.startActivity:403 com.tcl.suspension.util.CommonUtil.startApp:463 com.tcl.suspension.widget.appitemV2.AppRecommendEditableItemView.lambda$onClick$1$com-tcl-suspension-widget-appitemV2-AppRecommendEditableItemView:349 
05-22 02:33:06.734   815  2031 I ActivityTaskManager: START u0 {act=android.intent.action.MAIN cat=[android.intent.category.LEANBACK_LAUNCHER] flg=0x10000000 pkg=com.redflix.tvmoderno cmp=com.redflix.tvmoderno/com.redx.tvbox.NativeBootActivity} from uid 1000
05-22 02:33:06.778   815   855 D CompatibilityChangeReporter: Compat change id reported: 135634846; UID 10164; state: DISABLED
05-22 02:33:06.783   815   862 D CompatibilityChangeReporter: Compat change id reported: 143937733; UID 10164; state: ENABLED
05-22 02:33:06.842  3052  3052 W ContextImpl: Calling a method in the system process without a qualified user: android.app.ContextImpl.stopService:1695 android.content.ContextWrapper.stopService:730 com.tcl.suspension.ui.QuickPanelDialog.release:1088 com.tcl.suspension.ui.QuickPanelDialog.onStop:1056 android.app.Dialog.dismissDialog:394 
05-22 02:33:06.862   815   862 W ActivityManager: Slow operation: 85ms so far, now at startProcess: returned from zygote!
05-22 02:33:06.872   815  1772 D ResourceManagerService: onResumeTopActivity com.redflix.tvmoderno, Intent { act=android.intent.action.MAIN cat=[android.intent.category.LEANBACK_LAUNCHER] flg=0x10000000 pkg=com.redflix.tvmoderno cmp=com.redflix.tvmoderno/com.redx.tvbox.NativeBootActivity }, ComponentInfo{com.redflix.tvmoderno/com.redx.tvbox.NativeBootActivity}
05-22 02:33:06.873   815  1772 I ActivityTaskManager: gc_tuning enable system_server's gc tuning when start activity com.redflix.tvmoderno
05-22 02:33:06.874   815  1772 I ActivityTaskManager: gc_tuning enable system_server's gc tuning when start activity com.redflix.tvmoderno
05-22 02:33:06.886   815   862 W ActivityManager: Slow operation: 109ms so far, now at startProcess: done updating battery stats
05-22 02:33:06.891   815   862 W ActivityManager: Slow operation: 114ms so far, now at startProcess: building log message
05-22 02:33:06.891   815   862 I ActivityManager: Start proc 3833:com.redflix.tvmoderno/u0a164 for pre-top-activity {com.redflix.tvmoderno/com.redx.tvbox.NativeBootActivity}
05-22 02:33:06.891   815   862 W ActivityManager: Slow operation: 114ms so far, now at startProcess: starting to update pids map
05-22 02:33:06.892   815   862 W ActivityManager: Slow operation: 115ms so far, now at startProcess: done updating pids map
05-22 02:33:07.127   815   985 W TclActivityManagerService: update relate relatePid 3833 front true
05-22 02:33:07.134   815   985 W TclActivityManagerService: update relate pro com.google.android.apps.tv.launcherx:coreservices front false
05-22 02:33:07.134   815   985 W TclActivityManagerService: update relate pro com.google.android.gms.persistent front false
05-22 02:33:07.134   815   985 W TclActivityManagerService: update relate relatePid 790 front false
05-22 02:33:07.134   815   985 W TclActivityManagerService: update relate relatePid 1218 front false
05-22 02:33:07.313  3833  3833 W ActivityThread: Application com.redflix.tvmoderno can be debugged on port 8100...
05-22 02:33:08.341  3833  3833 I ActivityTaskManager: isPreloadSplashApp = com.redflix.tvmoderno
05-22 02:33:08.441   815  2031 D BMS-BlockMonitorManagerService: attach caller is com.redflix.tvmoderno ,pid is 3833
05-22 02:33:08.441   815  2031 D BMS-BlockMonitorManagerService: start init monitor config(only init, not start) for 3833
05-22 02:33:08.441   815  2031 D BMS-BlockMonitorManagerService: here may be print binder warning(flag no oneway), it's normal
05-22 02:33:08.444   815  2031 D BMS-BlockMonitorManagerService: init monitor config end
05-22 02:33:08.481   815  2031 E ContentProviderRecord: newHolder true, info: ContentProviderInfo{name=settings className=com.android.providers.settings.SettingsProvider}
05-22 02:33:08.607  3833  3833 W Looper  : Slow delivery took 1324ms main h=android.app.ActivityThread$H c=null m=159
05-22 02:33:08.840   815   856 I ActivityTaskManager: gc_tuning disable system_server's gc tuning after com.redflix.tvmoderno shown
05-22 02:33:08.844   815  2026 W ActivityTaskManager: ActivityRecord idle mService.getTclHandler() = Handler (com.android.server.wm.TclActivityTaskManagerService$MainHandler) {4429da4}      r.occludesParent = true,r.isResumedActivityOnDisplay():true
05-22 02:33:08.844   815  2026 W ActivityTaskManager: ActivityRecord idle....com.redflix.tvmoderno====name = 101=====msg.obj = com.redflix.tvmoderno
05-22 02:33:08.846   815   855 W TclActivityTaskManagerService: amati platform ,actionForIdelActivity not set source
05-22 02:33:08.847  3833  3833 W Looper  : Drained
05-22 02:33:08.849   815  2026 D ResourceManagerService: onStopActivity com.google.android.apps.tv.launcherx, ComponentInfo{com.google.android.apps.tv.launcherx/com.google.android.apps.tv.launcherx.home.HomeActivity}
05-22 02:33:09.121   815  1009 D DeviceStorageMonitorService: updateBroadcasts,oldlevel is 0,newLevel is 0
05-22 02:33:09.251   790  1149 P Quality : 09 03 info 1779427989250 procName:com.google.android.apps.tv.launcherx 2 what:159,obj:android.app.servertransaction.ClientTransaction@41ff,target:android.app.ActivityThread$H $ latencyTime:0,WallTime:387 android.os.MessageQueue.nativePollOnce:-2,android.os.MessageQueue.next:335,android.os.Looper.loop:200,android.app.ActivityThread.main:7848,java.lang.reflect.Method.invoke:-2,com.android.internal.os.RuntimeInit$MethodAndArgsCaller.run:592,com.android.internal.os.ZygoteInit.main:1070, allocWait:0,ionwait:0,dstate:0,sched:0,iowait:0 $ com.google.android.apps.tv.launcherx/.home.HomeActivity
05-22 02:33:09.251   790  1149 P Quality : 09 03 info 1779427989251 procName:com.google.android.apps.tv.launcherx 1 what:1,target:android.view.Choreographer$FrameHandler what:159,obj:android.app.servertransaction.ClientTransaction@41ff,target:android.app.ActivityThread$H,maxWallTime:387 latencyTime:362,WallTime:0,normalLatencySlowTimes:10 $ $ $ $
05-22 02:33:10.171   815  2031 I ActivityTaskManager: START u0 {flg=0x24000000 cmp=com.redflix.tvmoderno/com.redx.tvbox.MainActivity} from uid 10164
05-22 02:33:10.190   815  1282 D ResourceManagerService: onResumeTopActivity com.redflix.tvmoderno, Intent { flg=0x24000000 cmp=com.redflix.tvmoderno/com.redx.tvbox.MainActivity }, ComponentInfo{com.redflix.tvmoderno/com.redx.tvbox.MainActivity}
05-22 02:33:10.190   815  1282 I ActivityTaskManager: gc_tuning enable system_server's gc tuning when start activity com.redflix.tvmoderno
05-22 02:33:10.190   815  1282 I ActivityTaskManager: gc_tuning enable com.redflix.tvmoderno gc tuning when start activity
05-22 02:33:10.190   815  1282 W ActivityTaskManager: Tried to set launchTime (0) < mLastActivityLaunchTime (768283618)
05-22 02:33:10.634   815  2031 D ProcessStartManager: onStartProcess targetProcessName:com.google.android.webview:webview_serviceapplication processName : com.google.android.webview ,type: 3 ,tbr: null
05-22 02:33:10.634   815  2031 D ProcessStartManager: onStartProcess return: false
05-22 02:33:10.635   815  2031 D CompatibilityChangeReporter: Compat change id reported: 135634846; UID 10062; state: DISABLED
05-22 02:33:10.636   815   862 D CompatibilityChangeReporter: Compat change id reported: 143937733; UID 10062; state: ENABLED
05-22 02:33:10.652   815   862 I ActivityManager: Start proc 3881:com.google.android.webview:webview_service/u0a62 for content provider {com.google.android.webview/org.chromium.android_webview.services.SafeModeContentProvider}
05-22 02:33:10.703   815   815 W ActivityManager: forbid bind service ComponentInfo{com.esaba.downloader/com.google.android.datatransport.runtime.scheduling.jobscheduling.JobInfoSchedulerService}
05-22 02:33:10.704   815   815 D JobScheduler: Error executing JobStatus{b487f0c #u0a93/1292248364 com.esaba.downloader/com.google.android.datatransport.runtime.scheduling.jobscheduling.JobInfoSchedulerService u=0 s=10093 TIME=-1d8h41m59s519ms:none NET READY}
05-22 02:33:10.704   815  1063 I TclAppBoot: [TclAppBootManagerImpl]:TclAppBootInfo{callerPkgName = 'android',callerFlag = '786433',calleePkgName = 'com.esaba.downloader',calleeComponent = 'com.esaba.downloader/com.google.android.datatransport.runtime.scheduling.jobscheduling.JobInfoSchedulerService',calleeFlag = '16',bootType = 'bind_service_form_job',broadcastAction = '',time = '1779427990703',isAutoStart = 'true',isAllow = 'false',reason = 'callee_does't_have_OP_AUTO_START_permission.',count = '1'}
05-22 02:33:10.738   821  2012 D TVKitService: getProjectID
05-22 02:33:10.739   821  2012 D DeviceInfoImpl: getProjectID from map is 4357
05-22 02:33:10.740   821  2012 D TVKitService: getSoftwareVersion
05-22 02:33:10.740   821  2012 D DeviceInfoImpl: getSoftwareVersion is V8-R51AT01-LF1V126
05-22 02:33:10.742  3881  3881 I ActivityTaskManager: isPreloadSplashApp = com.google.android.webview:webview_service
05-22 02:33:10.773   815  2031 D BMS-BlockMonitorManagerService: attach caller is com.google.android.webview ,pid is 3881
05-22 02:33:10.773   815  2031 D BMS-BlockMonitorManagerService: start init monitor config(only init, not start) for 3881
05-22 02:33:10.773   815  2031 D BMS-BlockMonitorManagerService: here may be print binder warning(flag no oneway), it's normal
05-22 02:33:10.775   815  2031 D BMS-BlockMonitorManagerService: init monitor config end
05-22 02:33:10.913   815  1629 E TaskPersister: File error accessing recents directory (directory doesn't exist?).
05-22 02:33:11.036   815  2026 D ProcessStartManager: onStartProcess targetProcessName:com.google.android.webview:sandboxed_process0:org.chromium.content.app.SandboxedProcessService0:0application processName : com.google.android.webview ,type: 4 ,tbr: null
05-22 02:33:11.036   815  2026 D ProcessStartManager: onStartProcess return: false
05-22 02:33:11.038   815  2026 D CompatibilityChangeReporter: Compat change id reported: 135634846; UID 10164; state: DISABLED
05-22 02:33:11.038   815   862 D CompatibilityChangeReporter: Compat change id reported: 143937733; UID 10164; state: ENABLED
05-22 02:33:11.065   815   862 I ActivityManager: Start proc 3919:com.google.android.webview:sandboxed_process0:org.chromium.content.app.SandboxedProcessService0:0/u0i511 for  {com.redflix.tvmoderno/org.chromium.content.app.SandboxedProcessService0:0}
05-22 02:33:11.119   815  2026 D CompatibilityChangeReporter: Compat change id reported: 136274596; UID 10164; state: ENABLED
05-22 02:33:11.160  3919  3919 I ActivityTaskManager: isPreloadSplashApp = com.google.android.webview:sandboxed_process0:org.chromium.content.app.SandboxedProcessService0:0
05-22 02:33:11.523   815  2031 D ProcessStartManager: onStartProcess targetProcessName:com.google.android.gmsapplication processName : com.google.android.gms ,type: 4 ,tbr: null
05-22 02:33:11.523   815  2031 D ProcessStartManager: onStartProcess return: false
05-22 02:33:11.526   815  2031 D CompatibilityChangeReporter: Compat change id reported: 135634846; UID 10037; state: DISABLED
05-22 02:33:11.526   815   862 D CompatibilityChangeReporter: Compat change id reported: 143937733; UID 10037; state: ENABLED
05-22 02:33:11.553   815   862 I ActivityManager: Start proc 3984:com.google.android.gms/u0a37 for service {com.google.android.gms/com.google.android.gms.chimera.GmsBoundBrokerService}
05-22 02:33:11.565   815  2031 D ConnectivityService: requestNetwork for uid/pid:10164/3833 NetworkRequest [ TRACK_DEFAULT id=9378, [ Capabilities: INTERNET&NOT_RESTRICTED&TRUSTED Uid: 10164 AdministratorUids: [] RequestorUid: 10164 RequestorPackageName: com.redflix.tvmoderno] ]
05-22 02:33:11.571   815  1002 D ConnectivityService: NetReassign [9378 : null  107]
05-22 02:33:11.573   815  1002 D ConnectivityService: NetReassign [no changes]
05-22 02:33:11.706  3984  3984 I ActivityTaskManager: isPreloadSplashApp = com.google.android.gms
05-22 02:33:12.267  3833  3833 W Looper  : Slow dispatch took 2066ms main h=android.app.ActivityThread$H c=null m=159
05-22 02:33:12.269  3833  3856 P Quality : 09 03 info 1779427992266 procName:com.redflix.tvmoderno 2 what:159,obj:android.app.servertransaction.ClientTransaction@b45a9d34,target:android.app.ActivityThread$H $ latencyTime:2,WallTime:2066  allocWait:0,ionwait:0,dstate:0,sched:0,iowait:0 $ com.redflix.tvmoderno/com.redx.tvbox.MainActivity
05-22 02:33:12.272   815   872 D BMS-BlockMonitorManagerService: ProcessName: com.redflix.tvmoderno
05-22 02:33:12.272   815   872 D BMS-BlockMonitorManagerService: Timestamp: 2026-05-22 02:33:12
05-22 02:33:12.272   815   872 D BMS-BlockMonitorManagerService: HandlerName: android.app.ActivityThread$H
05-22 02:33:12.272   815   872 D BMS-BlockMonitorManagerService: Message.what: 159
05-22 02:33:12.272   815   872 D BMS-BlockMonitorManagerService: blockDuration: 2066
05-22 02:33:12.272   815   872 D BMS-BlockMonitorManagerService: BlockTraces: 
05-22 02:33:12.299   815  1091 I ActivityManager: PendingStartActivityUids startActivity to updateOomAdj delay:2102ms, uid:10164
05-22 02:33:12.330  3833  3833 W Looper  : Slow delivery took 2129ms main h=android.app.ActivityThread$H c=null m=159
05-22 02:33:12.357  3833  3856 P Quality : 09 03 info 1779427992356 procName:com.redflix.tvmoderno 1 what:131,obj:android.app.ActivityThread$ProviderRefCount@bf9a535,target:android.app.ActivityThread$H what:159,obj:android.app.servertransaction.ClientTransaction@b45a9d34,target:android.app.ActivityThread$H,maxWallTime:2066 latencyTime:584,WallTime:0,normalLatencySlowTimes:10 $ $ $ $
05-22 02:33:12.708  3833  3856 P Quality : 09 03 info 1779427992704 procName:com.redflix.tvmoderno 2 callback:android.view.Choreographer$FrameDisplayEventReceiver,target:android.view.Choreographer$FrameHandler $ latencyTime:272,WallTime:338 android.os.BinderProxy.transactNative:-2,android.os.BinderProxy.transact:540,android.view.IWindowSession$Stub$Proxy.relayout:1710,android.view.ViewRootImpl.relayoutWindow:7662,android.view.ViewRootImpl.performTraversals:2773,android.view.ViewRootImpl.doTraversal:2090,android.view.ViewRootImpl$TraversalRunnable.run:8390,android.view.Choreographer$CallbackRecord.run:1091,android.view.Choreographer.doCallbacks:909,android.view.Choreographer.doFrame:844,android.view.Choreographer$FrameDisplayEventReceiver.run:1076,android.os.Handler.handleCallback:967,android.os.Handler.dispatchMessage:104,android.os.Looper.loop:250,android.app.ActivityThread.main:7848,java.lang.reflect.Method.invoke:-2,com.android.internal.os.RuntimeInit$MethodAndArgsCaller.run:592,com.android.internal.os.ZygoteInit.main:1070, allocWait:0,ionwait:0,dstate:0,sched:0,iowait:0 viewTitle:com.redflix.tvmoderno/com.redx.tvbox.MainActivity $
05-22 02:33:12.822   815   856 I ActivityTaskManager: gc_tuning disable system_server's gc tuning after com.redflix.tvmoderno shown
05-22 02:33:12.903  3833  3856 P Quality : 09 03 info 1779427992903 procName:com.redflix.tvmoderno 1 what:131,obj:android.app.ActivityThread$ProviderRefCount@75ff,target:android.app.ActivityThread$H callback:android.view.Choreographer$FrameDisplayEventReceiver,target:android.view.Choreographer$FrameHandler,maxWallTime:27 latencyTime:304,WallTime:1,normalLatencySlowTimes:10 $ $ $ $
05-22 02:33:13.043   815  1091 W ActivityTaskManager: ActivityRecord idle mService.getTclHandler() = Handler (com.android.server.wm.TclActivityTaskManagerService$MainHandler) {4429da4}      r.occludesParent = true,r.isResumedActivityOnDisplay():true
05-22 02:33:13.043   815  1091 W ActivityTaskManager: ActivityRecord idle....com.redflix.tvmoderno====name = 101=====msg.obj = com.redflix.tvmoderno
05-22 02:33:13.044   815   855 W TclActivityTaskManagerService: amati platform ,actionForIdelActivity not set source
05-22 02:33:13.045  3833  3833 W Looper  : Drained
05-22 02:33:13.560   815  1772 D BMS-BlockMonitorManagerService: attach caller is com.google.android.gms ,pid is 3984
05-22 02:33:13.560   815  1772 D BMS-BlockMonitorManagerService: start init monitor config(only init, not start) for 3984
05-22 02:33:13.560   815  1772 D BMS-BlockMonitorManagerService: here may be print binder warning(flag no oneway), it's normal
05-22 02:33:13.562   815  1772 D BMS-BlockMonitorManagerService: init monitor config end
05-22 02:33:13.846   815  1772 D ProcessStartManager: onStartProcess targetProcessName:com.google.process.gservicesapplication processName : com.google.process.gapps ,type: 3 ,tbr: null
05-22 02:33:13.846   815  1772 D ProcessStartManager: onStartProcess return: false
05-22 02:33:13.848   815  1772 D CompatibilityChangeReporter: Compat change id reported: 135634846; UID 10037; state: DISABLED
05-22 02:33:13.848   815   862 D CompatibilityChangeReporter: Compat change id reported: 143937733; UID 10037; state: ENABLED
05-22 02:33:13.884   815   862 I ActivityManager: Start proc 4072:com.google.process.gservices/u0a37 for content provider {com.google.android.gsf/com.google.android.gsf.gservices.GservicesProvider}
05-22 02:33:14.026  4072  4072 I ActivityTaskManager: isPreloadSplashApp = com.google.process.gservices
05-22 02:33:14.056   815  1091 E ContentProviderRecord: newHolder true, info: ContentProviderInfo{name=settings className=com.android.providers.settings.SettingsProvider}
05-22 02:33:14.190   815  1091 D BMS-BlockMonitorManagerService: attach caller is com.google.android.gsf ,pid is 4072
05-22 02:33:14.190   815  1091 D BMS-BlockMonitorManagerService: start init monitor config(only init, not start) for 4072
05-22 02:33:14.190   815  1091 D BMS-BlockMonitorManagerService: here may be print binder warning(flag no oneway), it's normal
05-22 02:33:14.197   815  1091 D BMS-BlockMonitorManagerService: init monitor config end
05-22 02:33:14.340   815  1091 E ContentProviderRecord: newHolder true, info: ContentProviderInfo{name=settings className=com.android.providers.settings.SettingsProvider}
05-22 02:33:15.191   815   855 I ActivityTaskManager: gc_tuning disable system_server's gc tuning from message
05-22 02:33:15.749   821  2012 D TVKitService: getProjectID
05-22 02:33:15.749   821  2012 D DeviceInfoImpl: getProjectID from map is 4357
05-22 02:33:15.750   821  2012 D TVKitService: getSoftwareVersion
05-22 02:33:15.750   821  2012 D DeviceInfoImpl: getSoftwareVersion is V8-R51AT01-LF1V126
05-22 02:33:16.170   815  1629 E TaskPersister: File error accessing recents directory (directory doesn't exist?).
05-22 02:33:17.568   815   986 W ContextImpl: Calling a method in the system process without a qualified user: android.app.ContextImpl.sendBroadcast:1125 com.android.server.policy.TclPhoneWindowManager.supportUserActionCollect:4559 com.android.server.policy.TclPhoneWindowManager.handleCustomKey:1811 com.android.server.policy.TclPhoneWindowManager.handleKeyBeforeDispatching:1211 com.android.server.policy.PhoneWindowManager.interceptKeyBeforeDispatching:2733 
05-22 02:33:17.841   815   986 W ContextImpl: Calling a method in the system process without a qualified user: android.app.ContextImpl.sendBroadcast:1125 com.android.server.policy.TclPhoneWindowManager.supportUserActionCollect:4559 com.android.server.policy.TclPhoneWindowManager.handleCustomKey:1811 com.android.server.policy.TclPhoneWindowManager.handleKeyBeforeDispatching:1211 com.android.server.policy.PhoneWindowManager.interceptKeyBeforeDispatching:2733 
05-22 02:33:20.756   821  2012 D TVKitService: getProjectID
05-22 02:33:20.756   821  2012 D DeviceInfoImpl: getProjectID from map is 4357
05-22 02:33:20.758   821  2012 D TVKitService: getSoftwareVersion
05-22 02:33:20.758   821  2012 D DeviceInfoImpl: getSoftwareVersion is V8-R51AT01-LF1V126
05-22 02:33:21.284   815   986 W ContextImpl: Calling a method in the system process without a qualified user: android.app.ContextImpl.sendBroadcast:1125 com.android.server.policy.TclPhoneWindowManager.supportUserActionCollect:4559 com.android.server.policy.TclPhoneWindowManager.handleCustomKey:1811 com.android.server.policy.TclPhoneWindowManager.handleKeyBeforeDispatching:1211 com.android.server.policy.PhoneWindowManager.interceptKeyBeforeDispatching:2733 
05-22 02:33:24.986   815   986 I chatty  : uid=1000(system) InputDispatcher identical 3 lines
05-22 02:33:25.301   815   986 W ContextImpl: Calling a method in the system process without a qualified user: android.app.ContextImpl.sendBroadcast:1125 com.android.server.policy.TclPhoneWindowManager.supportUserActionCollect:4559 com.android.server.policy.TclPhoneWindowManager.handleCustomKey:1811 com.android.server.policy.TclPhoneWindowManager.handleKeyBeforeDispatching:1211 com.android.server.policy.PhoneWindowManager.interceptKeyBeforeDispatching:2733 
05-22 02:33:25.762   821  2012 D TVKitService: getProjectID
05-22 02:33:25.762   821  2012 D DeviceInfoImpl: getProjectID from map is 4357
05-22 02:33:25.764   821  2012 D TVKitService: getSoftwareVersion
05-22 02:33:25.764   821  2012 D DeviceInfoImpl: getSoftwareVersion is V8-R51AT01-LF1V126
05-22 02:33:26.718   815   986 W ContextImpl: Calling a method in the system process without a qualified user: android.app.ContextImpl.sendBroadcast:1125 com.android.server.policy.TclPhoneWindowManager.supportUserActionCollect:4559 com.android.server.policy.TclPhoneWindowManager.handleCustomKey:1811 com.android.server.policy.TclPhoneWindowManager.handleKeyBeforeDispatching:1211 com.android.server.policy.PhoneWindowManager.interceptKeyBeforeDispatching:2733 
05-22 02:33:27.149   815  1049 W TclActivityManagerService: freeze pkg:ProcessRecord{42fec9 1218:com.google.android.apps.tv.launcherx:coreservices/u0a42}
05-22 02:33:27.149   815  1049 W TclActivityManagerService: sikp freeze pkg:ProcessRecord{42fec9 1218:com.google.android.apps.tv.launcherx:coreservices/u0a42} [service] is need by ProcessRecord{1c4bbe 3833:com.redflix.tvmoderno/u0a164} or start by system
05-22 02:33:27.349   815   986 W ContextImpl: Calling a method in the system process without a qualified user: android.app.ContextImpl.sendBroadcast:1125 com.android.server.policy.TclPhoneWindowManager.supportUserActionCollect:4559 com.android.server.policy.TclPhoneWindowManager.handleCustomKey:1811 com.android.server.policy.TclPhoneWindowManager.handleKeyBeforeDispatching:1211 com.android.server.policy.PhoneWindowManager.interceptKeyBeforeDispatching:2733 
05-22 02:33:30.037   815   986 I chatty  : uid=1000(system) InputDispatcher identical 8 lines
05-22 02:33:30.284   815   986 W ContextImpl: Calling a method in the system process without a qualified user: android.app.ContextImpl.sendBroadcast:1125 com.android.server.policy.TclPhoneWindowManager.supportUserActionCollect:4559 com.android.server.policy.TclPhoneWindowManager.handleCustomKey:1811 com.android.server.policy.TclPhoneWindowManager.handleKeyBeforeDispatching:1211 com.android.server.policy.PhoneWindowManager.interceptKeyBeforeDispatching:2733 
05-22 02:33:30.768   821  2012 D TVKitService: getProjectID
05-22 02:33:30.768   821  2012 D DeviceInfoImpl: getProjectID from map is 4357
05-22 02:33:30.769   821  2012 D TVKitService: getSoftwareVersion
05-22 02:33:30.769   821  2012 D DeviceInfoImpl: getSoftwareVersion is V8-R51AT01-LF1V126
05-22 02:33:31.027   815   986 W ContextImpl: Calling a method in the system process without a qualified user: android.app.ContextImpl.sendBroadcast:1125 com.android.server.policy.TclPhoneWindowManager.supportUserActionCollect:4559 com.android.server.policy.TclPhoneWindowManager.handleCustomKey:1811 com.android.server.policy.TclPhoneWindowManager.handleKeyBeforeDispatching:1211 com.android.server.policy.PhoneWindowManager.interceptKeyBeforeDispatching:2733 
05-22 02:33:31.185   815   986 W ContextImpl: Calling a method in the system process without a qualified user: android.app.ContextImpl.sendBroadcast:1125 com.android.server.policy.TclPhoneWindowManager.supportUserActionCollect:4559 com.android.server.policy.TclPhoneWindowManager.handleCustomKey:1811 com.android.server.policy.TclPhoneWindowManager.handleKeyBeforeDispatching:1211 com.android.server.policy.PhoneWindowManager.interceptKeyBeforeDispatching:2733 
05-22 02:33:35.233   815  1049 D FreezeManager: before doFreeze 4072 pro com.google.process.gservices
05-22 02:33:35.233   815  1049 D FreezeManager: doFreeze 4072 pro com.google.process.gservices res true
05-22 02:33:35.777   821  2012 D TVKitService: getProjectID
05-22 02:33:35.777   821  2012 D DeviceInfoImpl: getProjectID from map is 4357
05-22 02:33:35.779   821  2012 D TVKitService: getSoftwareVersion
05-22 02:33:35.779   821  2012 D DeviceInfoImpl: getSoftwareVersion is V8-R51AT01-LF1V126
05-22 02:33:39.213   815  2031 I ActivityManager: Killing 3984:com.google.android.gms/u0a37 (adj 905): tguard-kill-Gms
05-22 02:33:39.278   815  1772 D ResourceManagerService: getPackageByPid,pid=3984
05-22 02:33:40.787   821  2012 D TVKitService: getProjectID
05-22 02:33:40.787   821  2012 D DeviceInfoImpl: getProjectID from map is 4357
05-22 02:33:40.789   821  2012 D TVKitService: getSoftwareVersion
05-22 02:33:40.789   821  2012 D DeviceInfoImpl: getSoftwareVersion is V8-R51AT01-LF1V126
05-22 02:33:45.794   821  2012 D TVKitService: getProjectID
05-22 02:33:45.794   821  2012 D DeviceInfoImpl: getProjectID from map is 4357
05-22 02:33:45.796   821  2012 D TVKitService: getSoftwareVersion
05-22 02:33:45.796   821  2012 D DeviceInfoImpl: getSoftwareVersion is V8-R51AT01-LF1V126
05-22 02:33:50.804   821  2012 D TVKitService: getProjectID
05-22 02:33:50.804   821  2012 D DeviceInfoImpl: getProjectID from map is 4357
05-22 02:33:50.805   821  2012 D TVKitService: getSoftwareVersion
05-22 02:33:50.805   821  2012 D DeviceInfoImpl: getSoftwareVersion is V8-R51AT01-LF1V126
05-22 02:33:55.813   821  2012 D TVKitService: getProjectID
05-22 02:33:55.813   821  2012 D DeviceInfoImpl: getProjectID from map is 4357
05-22 02:33:55.814   821  2012 D TVKitService: getSoftwareVersion
05-22 02:33:55.814   821  2012 D DeviceInfoImpl: getSoftwareVersion is V8-R51AT01-LF1V126
05-22 02:33:59.889   815  3143 W TGuardService: killing pkg:com.redflix.tvmoderno uid:10164 [service] is not depends on 3881:com.google.android.webview:webview_service/u0a62
05-22 02:33:59.889   815  3143 I ActivityManager: Killing 3881:com.google.android.webview:webview_service/u0a62 (adj 915): tguard-kill-SystemApp
