05-22 11:50:41.248 I/ActivityManager(  815): Force stopping com.redflix.tvmoderno appid=10165 user=0: from pid 2556
05-22 11:50:41.282 I/TGuardMemoryManagerKillHandler( 1052): rank[0, 18]:skipped kill for children size is 0:com.google.android.webview:sandboxed_process0:org.chromium.content.app.SandboxedProcessService0:0
05-22 11:50:41.283 I/TGuardMemoryManagerKillHandler( 1052): rank[0, 15]:skipped kill for children size is 0:com.google.android.webview:webview_apk
05-22 11:50:41.283 I/TGuardMemoryManagerKillHandler( 1052): rank[0, 13]:skipped kill for children size is 0:com.redflix.tvmoderno
05-22 11:50:41.283 I/TGuardMemoryManagerKillHandler( 1052): rank[0, 12]:skipped kill for children size is 0:com.google.android.webview:sandboxed_process0:org.chromium.content.app.SandboxedProcessService0:1
05-22 11:50:41.283 I/TGuardMemoryManagerKillHandler( 1052): rank[0, 9]:skipped kill for children size is 0:com.google.android.webview:webview_service
05-22 11:50:41.283 I/TGuardMemoryManagerKillHandler( 1052): rank[0, 8]:skipped kill for children size is 0:com.redflix.tvmoderno
05-22 11:50:41.283 I/TGuardMemoryManagerKillHandler( 1052): rank[0, 6]:skipped kill for children size is 0:com.redflix.tvmoderno
05-22 11:50:41.556 I/HdmieArc(  405): rhal earc status: 0, error code: 0 
05-22 11:50:42.469 I/TGuardMemoryManagerKillHandler( 1052): rank[0, 18]:skipped kill for children size is 0:com.google.android.webview:sandboxed_process0:org.chromium.content.app.SandboxedProcessService0:0
05-22 11:50:42.469 I/TGuardMemoryManagerKillHandler( 1052): rank[0, 15]:skipped kill for children size is 0:com.google.android.webview:webview_apk
05-22 11:50:42.469 I/TGuardMemoryManagerKillHandler( 1052): rank[0, 13]:skipped kill for children size is 0:com.redflix.tvmoderno
05-22 11:50:42.469 I/TGuardMemoryManagerKillHandler( 1052): rank[0, 12]:skipped kill for children size is 0:com.google.android.webview:sandboxed_process0:org.chromium.content.app.SandboxedProcessService0:1
05-22 11:50:42.469 I/TGuardMemoryManagerKillHandler( 1052): rank[0, 9]:skipped kill for children size is 0:com.google.android.webview:webview_service
05-22 11:50:42.469 I/TGuardMemoryManagerKillHandler( 1052): rank[0, 8]:skipped kill for children size is 0:com.redflix.tvmoderno
05-22 11:50:42.469 I/TGuardMemoryManagerKillHandler( 1052): rank[0, 6]:skipped kill for children size is 0:com.redflix.tvmoderno
05-22 11:50:42.556 I/HdmieArc(  405): rhal earc status: 0, error code: 0 
05-22 11:50:42.769 D/AndroidRuntime( 2567): >>>>>> START com.android.internal.os.RuntimeInit uid 2000 <<<<<<
05-22 11:50:42.788 I/AndroidRuntime( 2567): Using default boot image
05-22 11:50:42.788 I/AndroidRuntime( 2567): Leaving lock profiling enabled
05-22 11:50:43.277 D/AndroidRuntime( 2567): Calling main entry com.android.commands.monkey.Monkey
05-22 11:50:43.279 W/Monkey  ( 2567): args: [-p, com.redflix.tvmoderno, -c, android.intent.category.LAUNCHER, 1]
05-22 11:50:43.280 W/Monkey  ( 2567):  arg: "com.redflix.tvmoderno"
05-22 11:50:43.281 W/Monkey  ( 2567): data="com.redflix.tvmoderno"
05-22 11:50:43.381 I/ActivityTaskManager(  815): START u0 {act=android.intent.action.MAIN cat=[android.intent.category.LAUNCHER] flg=0x10200000 cmp=com.redflix.tvmoderno/com.redx.tvbox.NativeBootActivity} from uid 2000
05-22 11:50:43.413 E/WifiVendorHal(  815): getWifiLinkLayerStats_1_3_Internal(l.978) failed {.code = ERROR_NOT_SUPPORTED, .description = }
05-22 11:50:43.530 I/AndroidRuntime( 2567): VM exiting with result code 0.
05-22 11:50:43.542 D/ResourceManagerService(  815): onResumeTopActivity com.redflix.tvmoderno, Intent { act=android.intent.action.MAIN cat=[android.intent.category.LAUNCHER] flg=0x10200000 cmp=com.redflix.tvmoderno/com.redx.tvbox.NativeBootActivity }, ComponentInfo{com.redflix.tvmoderno/com.redx.tvbox.NativeBootActivity}
05-22 11:50:43.542 I/ActivityTaskManager(  815): gc_tuning enable system_server's gc tuning when start activity com.redflix.tvmoderno
05-22 11:50:43.544 I/ActivityTaskManager(  815): gc_tuning enable system_server's gc tuning when start activity com.redflix.tvmoderno
05-22 11:50:43.553 I/TGuardMemoryManagerKillHandler( 1052): rank[0, 18]:skipped kill for children size is 0:com.google.android.webview:sandboxed_process0:org.chromium.content.app.SandboxedProcessService0:0
05-22 11:50:43.553 I/TGuardMemoryManagerKillHandler( 1052): rank[0, 15]:skipped kill for children size is 0:com.google.android.webview:webview_apk
05-22 11:50:43.553 I/TGuardMemoryManagerKillHandler( 1052): rank[0, 13]:skipped kill for children size is 0:com.redflix.tvmoderno
05-22 11:50:43.553 I/TGuardMemoryManagerKillHandler( 1052): rank[0, 12]:skipped kill for children size is 0:com.google.android.webview:sandboxed_process0:org.chromium.content.app.SandboxedProcessService0:1
05-22 11:50:43.553 I/TGuardMemoryManagerKillHandler( 1052): rank[0, 9]:skipped kill for children size is 0:com.google.android.webview:webview_service
05-22 11:50:43.553 I/TGuardMemoryManagerKillHandler( 1052): rank[0, 8]:skipped kill for children size is 0:com.redflix.tvmoderno
05-22 11:50:43.553 I/TGuardMemoryManagerKillHandler( 1052): rank[0, 6]:skipped kill for children size is 0:com.redflix.tvmoderno
05-22 11:50:43.557 I/HdmieArc(  405): rhal earc status: 0, error code: 0 
05-22 11:50:43.597 I/ActivityManager(  815): Start proc 2611:com.redflix.tvmoderno/u0a165 for pre-top-activity {com.redflix.tvmoderno/com.redx.tvbox.NativeBootActivity}
05-22 11:50:43.803 W/ActivityThread( 2611): Application com.redflix.tvmoderno can be debugged on port 8100...
05-22 11:50:43.809 E/RHWC2   (  383): fox1 [rtk_gdma_post 1530 ]name_of_layer = Splash Screen com.redflix.tvmoderno#0 num_of_layers=3
05-22 11:50:43.820 E/RHWC2   (  383): fox1 [rtk_gdma_post 1530 ]name_of_layer = Splash Screen com.redflix.tvmoderno#0 num_of_layers=3
05-22 11:50:43.836 E/RHWC2   (  383): fox1 [rtk_gdma_post 1530 ]name_of_layer = Splash Screen com.redflix.tvmoderno#0 num_of_layers=3
05-22 11:50:43.853 E/RHWC2   (  383): fox1 [rtk_gdma_post 1530 ]name_of_layer = Splash Screen com.redflix.tvmoderno#0 num_of_layers=3
05-22 11:50:43.869 E/RHWC2   (  383): fox1 [rtk_gdma_post 1530 ]name_of_layer = Splash Screen com.redflix.tvmoderno#0 num_of_layers=3
05-22 11:50:43.886 E/RHWC2   (  383): fox1 [rtk_gdma_post 1530 ]name_of_layer = Splash Screen com.redflix.tvmoderno#0 num_of_layers=3
05-22 11:50:43.903 E/RHWC2   (  383): fox1 [rtk_gdma_post 1530 ]name_of_layer = Splash Screen com.redflix.tvmoderno#0 num_of_layers=3
05-22 11:50:43.919 E/RHWC2   (  383): fox1 [rtk_gdma_post 1530 ]name_of_layer = Splash Screen com.redflix.tvmoderno#0 num_of_layers=3
05-22 11:50:43.936 E/RHWC2   (  383): fox1 [rtk_gdma_post 1530 ]name_of_layer = Splash Screen com.redflix.tvmoderno#0 num_of_layers=3
05-22 11:50:43.952 E/RHWC2   (  383): fox1 [rtk_gdma_post 1530 ]name_of_layer = Splash Screen com.redflix.tvmoderno#0 num_of_layers=3
05-22 11:50:43.969 E/RHWC2   (  383): fox1 [rtk_gdma_post 1530 ]name_of_layer = Splash Screen com.redflix.tvmoderno#0 num_of_layers=3
05-22 11:50:43.986 E/RHWC2   (  383): fox1 [rtk_gdma_post 1530 ]name_of_layer = Splash Screen com.redflix.tvmoderno#0 num_of_layers=3
05-22 11:50:44.003 E/RHWC2   (  383): fox1 [rtk_gdma_post 1530 ]name_of_layer = Splash Screen com.redflix.tvmoderno#0 num_of_layers=3
05-22 11:50:44.020 E/RHWC2   (  383): fox1 [rtk_gdma_post 1530 ]name_of_layer = Splash Screen com.redflix.tvmoderno#0 num_of_layers=3
05-22 11:50:44.037 E/RHWC2   (  383): fox1 [rtk_gdma_post 1530 ]name_of_layer = Splash Screen com.redflix.tvmoderno#0 num_of_layers=3
05-22 11:50:44.053 E/RHWC2   (  383): fox1 [rtk_gdma_post 1530 ]name_of_layer = Splash Screen com.redflix.tvmoderno#0 num_of_layers=3
05-22 11:50:44.070 E/RHWC2   (  383): fox1 [rtk_gdma_post 1530 ]name_of_layer = Splash Screen com.redflix.tvmoderno#0 num_of_layers=3
05-22 11:50:44.086 E/RHWC2   (  383): fox1 [rtk_gdma_post 1530 ]name_of_layer = Splash Screen com.redflix.tvmoderno#0 num_of_layers=3
05-22 11:50:44.103 E/RHWC2   (  383): fox1 [rtk_gdma_post 1530 ]name_of_layer = Splash Screen com.redflix.tvmoderno#0 num_of_layers=3
05-22 11:50:44.120 E/RHWC2   (  383): fox1 [rtk_gdma_post 1530 ]name_of_layer = Splash Screen com.redflix.tvmoderno#0 num_of_layers=3
05-22 11:50:44.137 E/RHWC2   (  383): fox1 [rtk_gdma_post 1530 ]name_of_layer = Splash Screen com.redflix.tvmoderno#0 num_of_layers=3
05-22 11:50:44.153 E/RHWC2   (  383): fox1 [rtk_gdma_post 1530 ]name_of_layer = Splash Screen com.redflix.tvmoderno#0 num_of_layers=3
05-22 11:50:44.171 E/RHWC2   (  383): fox1 [rtk_gdma_post 1530 ]name_of_layer = Splash Screen com.redflix.tvmoderno#0 num_of_layers=1
05-22 11:50:44.186 E/RHWC2   (  383): fox1 [rtk_gdma_post 1530 ]name_of_layer = Splash Screen com.redflix.tvmoderno#0 num_of_layers=1
05-22 11:50:44.205 E/RHWC2   (  383): fox1 [rtk_gdma_post 1530 ]name_of_layer = Splash Screen com.redflix.tvmoderno#0 num_of_layers=1
05-22 11:50:44.217 E/RHWC2   (  383): fox1 [rtk_gdma_post 1530 ]name_of_layer = Splash Screen com.redflix.tvmoderno#0 num_of_layers=1
05-22 11:50:44.234 E/RHWC2   (  383): fox1 [rtk_gdma_post 1530 ]name_of_layer = Splash Screen com.redflix.tvmoderno#0 num_of_layers=1
05-22 11:50:44.243 E/TTVS_LOG( 2458): BI_Se-newPackageName=com.redflix.tvmoderno  oldPackageName=com.google.android.apps.tv.launcherx
05-22 11:50:44.558 I/HdmieArc(  405): rhal earc status: 0, error code: 0 
05-22 11:50:44.748 I/TGuardMemoryManagerMemoryInfoManager( 1052): com.redflix.tvmoderno avgPss is 80629  predictSize is 80629
05-22 11:50:44.751 I/TGuardMemoryManagerKillHandler( 1052): rank[0, 18]:skipped kill for children size is 0:com.google.android.webview:sandboxed_process0:org.chromium.content.app.SandboxedProcessService0:0
05-22 11:50:44.751 I/TGuardMemoryManagerKillHandler( 1052): rank[0, 15]:skipped kill for children size is 0:com.google.android.webview:webview_apk
05-22 11:50:44.751 I/TGuardMemoryManagerKillHandler( 1052): rank[0, 13]:skipped kill for children size is 0:com.redflix.tvmoderno
05-22 11:50:44.751 I/TGuardMemoryManagerKillHandler( 1052): rank[0, 12]:skipped kill for children size is 0:com.google.android.webview:sandboxed_process0:org.chromium.content.app.SandboxedProcessService0:1
05-22 11:50:44.751 I/TGuardMemoryManagerKillHandler( 1052): rank[0, 9]:skipped kill for children size is 0:com.google.android.webview:webview_service
05-22 11:50:44.751 I/TGuardMemoryManagerKillHandler( 1052): rank[0, 8]:skipped kill for children size is 0:com.redflix.tvmoderno
05-22 11:50:44.751 I/TGuardMemoryManagerKillHandler( 1052): rank[0, 6]:skipped kill for children size is 0:com.redflix.tvmoderno
05-22 11:50:44.883 I/ActivityTaskManager( 2611): isPreloadSplashApp = com.redflix.tvmoderno
05-22 11:50:44.960 D/BMS-BlockMonitorManagerService(  815): attach caller is com.redflix.tvmoderno ,pid is 2611
05-22 11:50:45.117 E/RHWC2   (  383): fox1 [rtk_gdma_post 1530 ]name_of_layer = Splash Screen com.redflix.tvmoderno#0 num_of_layers=1
05-22 11:50:45.134 E/RHWC2   (  383): fox1 [rtk_gdma_post 1530 ]name_of_layer = Splash Screen com.redflix.tvmoderno#0 num_of_layers=1
05-22 11:50:45.136 D/WindowManager(  815): handleMessage mcurrentFocus=com.redflix.tvmoderno
05-22 11:50:45.151 E/RHWC2   (  383): fox1 [rtk_gdma_post 1530 ]name_of_layer = Splash Screen com.redflix.tvmoderno#0 num_of_layers=1
05-22 11:50:45.356 E/RHWC2   (  383): fox1 [rtk_gdma_post 1530 ]name_of_layer = Splash Screen com.redflix.tvmoderno#0 num_of_layers=1
05-22 11:50:45.364 I/ActivityTaskManager(  815): gc_tuning disable system_server's gc tuning after com.redflix.tvmoderno shown
05-22 11:50:45.368 E/RHWC2   (  383): fox1 [rtk_gdma_post 1530 ]name_of_layer = Splash Screen com.redflix.tvmoderno#0 num_of_layers=1
05-22 11:50:45.375 W/ActivityTaskManager(  815): ActivityRecord idle....com.redflix.tvmoderno====name = 101=====msg.obj = com.redflix.tvmoderno
05-22 11:50:45.384 E/RHWC2   (  383): fox1 [rtk_gdma_post 1530 ]name_of_layer = Splash Screen com.redflix.tvmoderno#0 num_of_layers=1
05-22 11:50:45.397 D/ArtManagerInternalImpl(  815): /data/misc/iorapd/com.redflix.tvmoderno/1/com.redx.tvbox.NativeBootActivity/compiled_traces/compiled_trace.pb doesn't exist
05-22 11:50:45.401 E/RHWC2   (  383): fox1 [rtk_gdma_post 1530 ]name_of_layer = Splash Screen com.redflix.tvmoderno#0 num_of_layers=1
05-22 11:50:45.418 E/RHWC2   (  383): fox1 [rtk_gdma_post 1530 ]name_of_layer = Splash Screen com.redflix.tvmoderno#0 num_of_layers=1
05-22 11:50:45.422 I/ActivityTaskManager(  815): Displayed com.redflix.tvmoderno/com.redx.tvbox.NativeBootActivity: +1s983ms
05-22 11:50:45.437 E/RHWC2   (  383): fox1 [rtk_gdma_post 1530 ]name_of_layer = com.redflix.tvmoderno/com.redx.tvbox.NativeBootActivity#0 num_of_layers=1
05-22 11:50:45.437 E/RHWC2   (  383): fox1 [rtk_gdma_post 1530 ]name_of_layer = Splash Screen com.redflix.tvmoderno#0 num_of_layers=2
05-22 11:50:45.453 E/RHWC2   (  383): fox1 [rtk_gdma_post 1530 ]name_of_layer = com.redflix.tvmoderno/com.redx.tvbox.NativeBootActivity#0 num_of_layers=1
05-22 11:50:45.453 E/RHWC2   (  383): fox1 [rtk_gdma_post 1530 ]name_of_layer = Splash Screen com.redflix.tvmoderno#0 num_of_layers=2
05-22 11:50:45.469 E/RHWC2   (  383): fox1 [rtk_gdma_post 1530 ]name_of_layer = com.redflix.tvmoderno/com.redx.tvbox.NativeBootActivity#0 num_of_layers=1
05-22 11:50:45.469 E/RHWC2   (  383): fox1 [rtk_gdma_post 1530 ]name_of_layer = Splash Screen com.redflix.tvmoderno#0 num_of_layers=2
05-22 11:50:45.486 E/RHWC2   (  383): fox1 [rtk_gdma_post 1530 ]name_of_layer = com.redflix.tvmoderno/com.redx.tvbox.NativeBootActivity#0 num_of_layers=1
05-22 11:50:45.486 E/RHWC2   (  383): fox1 [rtk_gdma_post 1530 ]name_of_layer = Splash Screen com.redflix.tvmoderno#0 num_of_layers=2
05-22 11:50:45.492 W/TifLauncherHelper(  790): Allow remove LastInput? com.redflix.tvmoderno in foreground
05-22 11:50:45.503 E/RHWC2   (  383): fox1 [rtk_gdma_post 1530 ]name_of_layer = com.redflix.tvmoderno/com.redx.tvbox.NativeBootActivity#0 num_of_layers=1
05-22 11:50:45.503 E/RHWC2   (  383): fox1 [rtk_gdma_post 1530 ]name_of_layer = Splash Screen com.redflix.tvmoderno#0 num_of_layers=2
05-22 11:50:45.520 E/RHWC2   (  383): fox1 [rtk_gdma_post 1530 ]name_of_layer = com.redflix.tvmoderno/com.redx.tvbox.NativeBootActivity#0 num_of_layers=1
05-22 11:50:45.520 E/RHWC2   (  383): fox1 [rtk_gdma_post 1530 ]name_of_layer = Splash Screen com.redflix.tvmoderno#0 num_of_layers=2
05-22 11:50:45.536 E/RHWC2   (  383): fox1 [rtk_gdma_post 1530 ]name_of_layer = com.redflix.tvmoderno/com.redx.tvbox.NativeBootActivity#0 num_of_layers=1
05-22 11:50:45.536 E/RHWC2   (  383): fox1 [rtk_gdma_post 1530 ]name_of_layer = Splash Screen com.redflix.tvmoderno#0 num_of_layers=2
05-22 11:50:45.553 E/RHWC2   (  383): fox1 [rtk_gdma_post 1530 ]name_of_layer = com.redflix.tvmoderno/com.redx.tvbox.NativeBootActivity#0 num_of_layers=1
05-22 11:50:45.553 E/RHWC2   (  383): fox1 [rtk_gdma_post 1530 ]name_of_layer = Splash Screen com.redflix.tvmoderno#0 num_of_layers=2
05-22 11:50:45.558 I/HdmieArc(  405): rhal earc status: 0, error code: 0 
05-22 11:50:45.572 E/RHWC2   (  383): fox1 [rtk_gdma_post 1530 ]name_of_layer = com.redflix.tvmoderno/com.redx.tvbox.NativeBootActivity#0 num_of_layers=1
05-22 11:50:45.586 E/RHWC2   (  383): fox1 [rtk_gdma_post 1530 ]name_of_layer = com.redflix.tvmoderno/com.redx.tvbox.NativeBootActivity#0 num_of_layers=1
05-22 11:50:45.602 E/RHWC2   (  383): fox1 [rtk_gdma_post 1530 ]name_of_layer = com.redflix.tvmoderno/com.redx.tvbox.NativeBootActivity#0 num_of_layers=1
05-22 11:50:45.668 E/RHWC2   (  383): fox1 [rtk_gdma_post 1530 ]name_of_layer = com.redflix.tvmoderno/com.redx.tvbox.NativeBootActivity#0 num_of_layers=1
05-22 11:50:45.685 E/RHWC2   (  383): fox1 [rtk_gdma_post 1530 ]name_of_layer = com.redflix.tvmoderno/com.redx.tvbox.NativeBootActivity#0 num_of_layers=1
05-22 11:50:45.829 I/TGuardMemoryManagerMemoryInfoManager( 1052): com.redflix.tvmoderno avgPss is 80629  predictSize is 80629
05-22 11:50:45.832 I/TGuardMemoryManagerKillHandler( 1052): rank[0, 18]:skipped kill for children size is 0:com.google.android.webview:sandboxed_process0:org.chromium.content.app.SandboxedProcessService0:0
05-22 11:50:45.832 I/TGuardMemoryManagerKillHandler( 1052): rank[0, 15]:skipped kill for children size is 0:com.google.android.webview:webview_apk
05-22 11:50:45.832 I/TGuardMemoryManagerKillHandler( 1052): rank[0, 13]:skipped kill for children size is 0:com.redflix.tvmoderno
05-22 11:50:45.832 I/TGuardMemoryManagerKillHandler( 1052): rank[0, 12]:skipped kill for children size is 0:com.google.android.webview:sandboxed_process0:org.chromium.content.app.SandboxedProcessService0:1
05-22 11:50:45.832 I/TGuardMemoryManagerKillHandler( 1052): rank[0, 9]:skipped kill for children size is 0:com.google.android.webview:webview_service
05-22 11:50:45.832 I/TGuardMemoryManagerKillHandler( 1052): rank[0, 8]:skipped kill for children size is 0:com.redflix.tvmoderno
05-22 11:50:45.832 I/TGuardMemoryManagerKillHandler( 1052): rank[0, 6]:skipped kill for children size is 0:com.redflix.tvmoderno
05-22 11:50:46.426 E/WifiVendorHal(  815): getWifiLinkLayerStats_1_3_Internal(l.978) failed {.code = ERROR_NOT_SUPPORTED, .description = }
05-22 11:50:46.558 I/HdmieArc(  405): rhal earc status: 0, error code: 0 
05-22 11:50:46.685 I/ActivityTaskManager(  815): START u0 {flg=0x24000000 cmp=com.redflix.tvmoderno/com.redx.tvbox.MainActivity} from uid 10165
05-22 11:50:46.700 D/ResourceManagerService(  815): onResumeTopActivity com.redflix.tvmoderno, Intent { flg=0x24000000 cmp=com.redflix.tvmoderno/com.redx.tvbox.MainActivity }, ComponentInfo{com.redflix.tvmoderno/com.redx.tvbox.MainActivity}
05-22 11:50:46.701 I/ActivityTaskManager(  815): gc_tuning enable system_server's gc tuning when start activity com.redflix.tvmoderno
05-22 11:50:46.701 I/ActivityTaskManager(  815): gc_tuning enable com.redflix.tvmoderno gc tuning when start activity
05-22 11:50:46.701 E/RHWC2   (  383): fox1 [rtk_gdma_post 1530 ]name_of_layer = com.redflix.tvmoderno/com.redx.tvbox.NativeBootActivity#0 num_of_layers=1
05-22 11:50:46.717 E/RHWC2   (  383): fox1 [rtk_gdma_post 1530 ]name_of_layer = com.redflix.tvmoderno/com.redx.tvbox.NativeBootActivity#0 num_of_layers=1
05-22 11:50:46.733 E/RHWC2   (  383): fox1 [rtk_gdma_post 1530 ]name_of_layer = com.redflix.tvmoderno/com.redx.tvbox.NativeBootActivity#0 num_of_layers=1
05-22 11:50:47.013 I/WebViewFactory( 2611): Loading com.google.android.webview version 148.0.7778.120 (code 777812000)
05-22 11:50:47.128 I/TGuardMemoryManagerMemoryInfoManager( 1052): com.redflix.tvmoderno avgPss is 80629  predictSize is 80629
05-22 11:50:47.131 I/TGuardMemoryManagerKillHandler( 1052): rank[0, 18]:skipped kill for children size is 0:com.google.android.webview:sandboxed_process0:org.chromium.content.app.SandboxedProcessService0:0
05-22 11:50:47.131 I/TGuardMemoryManagerKillHandler( 1052): rank[0, 15]:skipped kill for children size is 0:com.google.android.webview:webview_apk
05-22 11:50:47.131 I/TGuardMemoryManagerKillHandler( 1052): rank[0, 13]:skipped kill for children size is 0:com.redflix.tvmoderno
05-22 11:50:47.131 I/TGuardMemoryManagerKillHandler( 1052): rank[0, 12]:skipped kill for children size is 0:com.google.android.webview:sandboxed_process0:org.chromium.content.app.SandboxedProcessService0:1
05-22 11:50:47.132 I/TGuardMemoryManagerKillHandler( 1052): rank[0, 9]:skipped kill for children size is 0:com.google.android.webview:webview_service
05-22 11:50:47.132 I/TGuardMemoryManagerKillHandler( 1052): rank[0, 8]:skipped kill for children size is 0:com.redflix.tvmoderno
05-22 11:50:47.132 I/TGuardMemoryManagerKillHandler( 1052): rank[0, 6]:skipped kill for children size is 0:com.redflix.tvmoderno
05-22 11:50:47.154 D/ProcessStartManager(  815): onStartProcess targetProcessName:com.google.android.webview:webview_serviceapplication processName : com.google.android.webview ,type: 3 ,tbr: null
05-22 11:50:47.172 I/ActivityManager(  815): Start proc 2702:com.google.android.webview:webview_service/u0a62 for content provider {com.google.android.webview/org.chromium.android_webview.services.SafeModeContentProvider}
05-22 11:50:47.196 E/webview_servic( 2702): Not starting debugger since process cannot load the jdwp agent.
05-22 11:50:47.222 D/JobScheduler(  815): Error executing JobStatus{b487f0c #u0a93/1292248364 com.esaba.downloader/com.google.android.datatransport.runtime.scheduling.jobscheduling.JobInfoSchedulerService u=0 s=10093 TIME=-1d17h59m36s38ms:none NET READY}
05-22 11:50:47.253 I/ActivityTaskManager( 2702): isPreloadSplashApp = com.google.android.webview:webview_service
05-22 11:50:47.262 I/cr_WebViewApkApp( 2702): version=148.0.7778.120 (777812000) minSdkVersion=29 processName=com.google.android.webview:webview_service splits=<none>
05-22 11:50:47.284 I/cr_WebViewSafeMode( 2611): Received SafeModeActions: [fast_variations_seed]
05-22 11:50:47.291 D/BMS-BlockMonitorManagerService(  815): attach caller is com.google.android.webview ,pid is 2702
05-22 11:50:47.354 W/cr_WVCFactoryProvider( 2611): WebViewSafeMode is enabled: received 1 SafeModeActions
05-22 11:50:47.354 I/cr_WebViewSafeMode( 2611): Starting to execute fast_variations_seed
05-22 11:50:47.384 I/cr_WebViewSafeMode( 2611): Finished executing fast_variations_seed (success)
05-22 11:50:47.555 D/ProcessStartManager(  815): onStartProcess targetProcessName:com.google.android.webview:sandboxed_process0:org.chromium.content.app.SandboxedProcessService0:0application processName : com.google.android.webview ,type: 4 ,tbr: null
05-22 11:50:47.559 I/HdmieArc(  405): rhal earc status: 0, error code: 0 
05-22 11:50:47.630 I/ActivityManager(  815): Start proc 2804:com.google.android.webview:sandboxed_process0:org.chromium.content.app.SandboxedProcessService0:0/u0i522 for  {com.redflix.tvmoderno/org.chromium.content.app.SandboxedProcessService0:0}
05-22 11:50:47.674 E/TaskPersister(  815): File error accessing recents directory (directory doesn't exist?).
05-22 11:50:47.716 I/ActivityTaskManager( 2804): isPreloadSplashApp = com.google.android.webview:sandboxed_process0:org.chromium.content.app.SandboxedProcessService0:0
05-22 11:50:47.717 W/System.err( 2804): java.lang.NullPointerException: Attempt to invoke interface method 'boolean android.os.IBinder.transact(int, android.os.Parcel, android.os.Parcel, int)' on a null object reference
05-22 11:50:47.718 W/System.err( 2804): 	at com.android.internal.os.WebViewZygoteInit.main(WebViewZygoteInit.java:147)
05-22 11:50:47.725 I/cr_WebViewApkApp( 2804): version=148.0.7778.120 (777812000) minSdkVersion=29 processName=com.google.android.webview:sandboxed_process0:org.chromium.content.app.SandboxedProcessService0:0 splits=<none>
05-22 11:50:47.834 I/TetheringManager( 2611): registerTetheringEventCallback:com.redflix.tvmoderno
05-22 11:50:47.906 W/chromium( 2611): [WARNING:android_webview/browser/network_service/net_helpers.cc:137] HTTP Cache size is: 20971520
05-22 11:50:48.041 D/ConnectivityService(  815): requestNetwork for uid/pid:10165/2611 NetworkRequest [ TRACK_DEFAULT id=9678, [ Capabilities: INTERNET&NOT_RESTRICTED&TRUSTED Uid: 10165 AdministratorUids: [] RequestorUid: 10165 RequestorPackageName: com.redflix.tvmoderno] ]
05-22 11:50:48.043 D/WifiNetworkFactory(  815): got request NetworkRequest [ TRACK_DEFAULT id=9678, [ Capabilities: INTERNET&NOT_RESTRICTED&TRUSTED Uid: 10165 AdministratorUids: [] RequestorUid: 10165 RequestorPackageName: com.redflix.tvmoderno] ] with score 60 and providerId 2
05-22 11:50:48.043 V/WifiNetworkFactory(  815): Accepted network request NetworkRequest [ TRACK_DEFAULT id=9678, [ Capabilities: INTERNET&NOT_RESTRICTED&TRUSTED Uid: 10165 AdministratorUids: [] RequestorUid: 10165 RequestorPackageName: com.redflix.tvmoderno] ]
05-22 11:50:48.043 D/UntrustedWifiNetworkFactory(  815): got request NetworkRequest [ TRACK_DEFAULT id=9678, [ Capabilities: INTERNET&NOT_RESTRICTED&TRUSTED Uid: 10165 AdministratorUids: [] RequestorUid: 10165 RequestorPackageName: com.redflix.tvmoderno] ] with score 60 and providerId 2
05-22 11:50:48.044 D/Ethernet(  815): got request NetworkRequest [ TRACK_DEFAULT id=9678, [ Capabilities: INTERNET&NOT_RESTRICTED&TRUSTED Uid: 10165 AdministratorUids: [] RequestorUid: 10165 RequestorPackageName: com.redflix.tvmoderno] ] with score 60 and providerId 2
05-22 11:50:48.121 D/Capacitor( 2611): Starting BridgeActivity
05-22 11:50:48.204 I/TGuardMemoryManagerMemoryInfoManager( 1052): com.redflix.tvmoderno avgPss is 80629  predictSize is 80629
05-22 11:50:48.207 I/TGuardMemoryManagerKillHandler( 1052): rank[0, 18]:skipped kill for children size is 0:com.google.android.webview:sandboxed_process0:org.chromium.content.app.SandboxedProcessService0:0
05-22 11:50:48.207 I/TGuardMemoryManagerKillHandler( 1052): rank[0, 15]:skipped kill for children size is 0:com.google.android.webview:webview_apk
05-22 11:50:48.207 I/TGuardMemoryManagerKillHandler( 1052): rank[0, 13]:skipped kill for children size is 0:com.redflix.tvmoderno
05-22 11:50:48.207 I/TGuardMemoryManagerKillHandler( 1052): rank[0, 12]:skipped kill for children size is 0:com.google.android.webview:sandboxed_process0:org.chromium.content.app.SandboxedProcessService0:1
05-22 11:50:48.207 I/TGuardMemoryManagerKillHandler( 1052): rank[0, 9]:skipped kill for children size is 0:com.google.android.webview:webview_service
05-22 11:50:48.207 I/TGuardMemoryManagerKillHandler( 1052): rank[0, 8]:skipped kill for children size is 0:com.redflix.tvmoderno
05-22 11:50:48.207 I/TGuardMemoryManagerKillHandler( 1052): rank[0, 6]:skipped kill for children size is 0:com.redflix.tvmoderno
05-22 11:50:48.225 D/Capacitor( 2611): Registering plugin instance: CapacitorCookies
05-22 11:50:48.244 E/TTVS_LOG( 2458): BI_Se-newPackageName=com.redflix.tvmoderno  oldPackageName=com.redflix.tvmoderno
05-22 11:50:48.248 D/Capacitor( 2611): Registering plugin instance: WebView
05-22 11:50:48.258 D/Capacitor( 2611): Registering plugin instance: CapacitorHttp
05-22 11:50:48.273 D/Capacitor( 2611): Registering plugin instance: SystemBars
05-22 11:50:48.289 D/Capacitor( 2611): Registering plugin instance: NativePlayer
05-22 11:50:48.300 D/Capacitor( 2611): Registering plugin instance: App
05-22 11:50:48.311 D/Capacitor( 2611): Registering plugin instance: Preferences
05-22 11:50:48.399 W/Capacitor( 2611): Unable to read file at path public/plugins
05-22 11:50:48.428 D/Capacitor( 2611): Loading app at https://localhost
05-22 11:50:48.551 W/chromium( 2804): [WARNING:content/app/android/content_main_android.cc:82] android_setCpu already initialized
05-22 11:50:48.560 I/HdmieArc(  405): rhal earc status: 0, error code: 0 
05-22 11:50:48.585 D/Capacitor( 2611): Handling local request: https://localhost/
05-22 11:50:48.585 D/RED-X   ( 2611): WebView TV: config imediata (autoplay sem gesto)
05-22 11:50:48.643 W/chromium( 2804): [WARNING:content/child/runtime_features.cc:540] Fenced frames cannot be enabled in this configuration. Use --enable-features=FencedFrames instead.
05-22 11:50:48.643 W/chromium( 2804): [WARNING:content/child/runtime_features.cc:565] Topics cannot be enabled in this configuration. Use --enable-features=BrowsingTopics in addition.
05-22 11:50:48.643 W/chromium( 2804): [WARNING:content/child/runtime_features.cc:586] SharedStorage cannot be enabled in this configuration. Use --enable-features=SharedStorageAPI in addition.
05-22 11:50:48.676 I/chromium( 2804): [INFO:third_party/skia/src/ports/SkFontMgr_android_parser.cpp:723] [SkFontMgr Android Parser] '/product/etc/fonts_customization.xml' could not be opened
05-22 11:50:48.676 I/chromium( 2804): 
05-22 11:50:48.693 D/Capacitor( 2611): App started
05-22 11:50:48.698 D/Capacitor/AppPlugin( 2611): Firing change: true
05-22 11:50:48.700 V/Capacitor/AppPlugin( 2611): Notifying listeners for event appStateChange
05-22 11:50:48.701 D/Capacitor/AppPlugin( 2611): No listeners found for event appStateChange
05-22 11:50:48.702 D/Capacitor( 2611): App resumed
05-22 11:50:48.734 E/RHWC2   (  383): fox1 [rtk_gdma_post 1530 ]name_of_layer = com.redflix.tvmoderno/com.redx.tvbox.NativeBootActivity#0 num_of_layers=1
05-22 11:50:48.737 P/Quality ( 2611): 09 03 info 1779461448735 procName:com.redflix.tvmoderno 2 what:159,obj:android.app.servertransaction.ClientTransaction@1753383f,target:android.app.ActivityThread$H $ latencyTime:4,WallTime:2021  allocWait:0,ionwait:0,dstate:0,sched:0,iowait:0 $ com.redflix.tvmoderno/com.redx.tvbox.MainActivity
05-22 11:50:48.737 I/InputDispatcher(  815): 4d64feb com.redflix.tvmoderno/com.redx.tvbox.NativeBootActivity (server) spent 2003ms processing FocusEvent(hasFocus=false)
05-22 11:50:48.739 D/BMS-BlockMonitorManagerService(  815): ProcessName: com.redflix.tvmoderno
05-22 11:50:48.751 E/RHWC2   (  383): fox1 [rtk_gdma_post 1530 ]name_of_layer = com.redflix.tvmoderno/com.redx.tvbox.NativeBootActivity#0 num_of_layers=1
05-22 11:50:48.832 D/WindowManager(  815): handleMessage mcurrentFocus=com.redflix.tvmoderno
05-22 11:50:48.834 E/RHWC2   (  383): fox1 [rtk_gdma_post 1530 ]name_of_layer = com.redflix.tvmoderno/com.redx.tvbox.NativeBootActivity#0 num_of_layers=1
05-22 11:50:48.851 E/RHWC2   (  383): fox1 [rtk_gdma_post 1530 ]name_of_layer = com.redflix.tvmoderno/com.redx.tvbox.NativeBootActivity#0 num_of_layers=1
05-22 11:50:49.069 E/RHWC2   (  383): fox1 [rtk_gdma_post 1530 ]name_of_layer = com.redflix.tvmoderno/com.redx.tvbox.NativeBootActivity#0 num_of_layers=1
05-22 11:50:49.128 I/ActivityTaskManager(  815): gc_tuning disable system_server's gc tuning after com.redflix.tvmoderno shown
05-22 11:50:49.130 I/ActivityTaskManager(  815): Displayed com.redflix.tvmoderno/com.redx.tvbox.MainActivity: +2s444ms
05-22 11:50:49.134 E/RHWC2   (  383): fox1 [rtk_gdma_post 1530 ]name_of_layer = com.redflix.tvmoderno/com.redx.tvbox.NativeBootActivity#0 num_of_layers=1
05-22 11:50:49.156 E/RHWC2   (  383): fox1 [rtk_gdma_post 1530 ]name_of_layer = com.redflix.tvmoderno/com.redx.tvbox.MainActivity#0 num_of_layers=1
05-22 11:50:49.169 E/RHWC2   (  383): fox1 [rtk_gdma_post 1530 ]name_of_layer = com.redflix.tvmoderno/com.redx.tvbox.MainActivity#0 num_of_layers=1
05-22 11:50:49.175 P/Quality ( 2611): 09 03 info 1779461449171 procName:com.redflix.tvmoderno 1 what:131,obj:android.app.ActivityThread$ProviderRefCount@d81845d,target:android.app.ActivityThread$H what:159,obj:android.app.servertransaction.ClientTransaction@1753383f,target:android.app.ActivityThread$H,maxWallTime:2021 latencyTime:886,WallTime:2,normalLatencySlowTimes:10 $ $ $ $
05-22 11:50:49.218 D/RED-X   ( 2611): WebView configurado com sucesso (tentativa 1)
05-22 11:50:49.246 D/Capacitor( 2611): Handling local request: https://localhost/assets/style.css
05-22 11:50:49.268 I/TGuardMemoryManagerMemoryInfoManager( 1052): com.redflix.tvmoderno avgPss is 80629  predictSize is 80629
05-22 11:50:49.269 E/RHWC2   (  383): fox1 [rtk_gdma_post 1530 ]name_of_layer = com.redflix.tvmoderno/com.redx.tvbox.MainActivity#0 num_of_layers=1
05-22 11:50:49.271 I/TGuardMemoryManagerKillHandler( 1052): rank[0, 18]:skipped kill for children size is 0:com.google.android.webview:sandboxed_process0:org.chromium.content.app.SandboxedProcessService0:0
05-22 11:50:49.272 I/TGuardMemoryManagerKillHandler( 1052): rank[0, 15]:skipped kill for children size is 0:com.google.android.webview:webview_apk
05-22 11:50:49.272 I/TGuardMemoryManagerKillHandler( 1052): rank[0, 13]:skipped kill for children size is 0:com.redflix.tvmoderno
05-22 11:50:49.272 I/TGuardMemoryManagerKillHandler( 1052): rank[0, 12]:skipped kill for children size is 0:com.google.android.webview:sandboxed_process0:org.chromium.content.app.SandboxedProcessService0:1
05-22 11:50:49.272 I/TGuardMemoryManagerKillHandler( 1052): rank[0, 9]:skipped kill for children size is 0:com.google.android.webview:webview_service
05-22 11:50:49.272 I/TGuardMemoryManagerKillHandler( 1052): rank[0, 8]:skipped kill for children size is 0:com.redflix.tvmoderno
05-22 11:50:49.272 I/TGuardMemoryManagerKillHandler( 1052): rank[0, 6]:skipped kill for children size is 0:com.redflix.tvmoderno
05-22 11:50:49.304 P/Quality ( 2611): 09 03 info 1779461449304 procName:com.redflix.tvmoderno 1 callback:androidx.appcompat.app.AppCompatDelegateImpl$2,target:android.view.ViewRootImpl$ViewRootHandler callback:android.view.Choreographer$FrameDisplayEventReceiver,target:android.view.Choreographer$FrameHandler,maxWallTime:63 latencyTime:521,WallTime:0,normalLatencySlowTimes:10 $ $ $ $
05-22 11:50:49.305 E/RHWC2   (  383): fox1 [rtk_gdma_post 1530 ]name_of_layer = com.redflix.tvmoderno/com.redx.tvbox.MainActivity#0 num_of_layers=1
05-22 11:50:49.314 D/RED-X   ( 2611): WebView configurado (retry 500ms)
05-22 11:50:49.353 I/chromium( 2611): [INFO:CONSOLE:1] "RED-X Device Info Injected: [object Object]", source:  (1)
05-22 11:50:49.403 E/RHWC2   (  383): fox1 [rtk_gdma_post 1530 ]name_of_layer = com.redflix.tvmoderno/com.redx.tvbox.MainActivity#0 num_of_layers=1
05-22 11:50:49.419 E/RHWC2   (  383): fox1 [rtk_gdma_post 1530 ]name_of_layer = com.redflix.tvmoderno/com.redx.tvbox.MainActivity#0 num_of_layers=1
05-22 11:50:49.434 E/RHWC2   (  383): fox1 [rtk_gdma_post 1530 ]name_of_layer = com.redflix.tvmoderno/com.redx.tvbox.MainActivity#0 num_of_layers=1
05-22 11:50:49.437 E/WifiVendorHal(  815): getWifiLinkLayerStats_1_3_Internal(l.978) failed {.code = ERROR_NOT_SUPPORTED, .description = }
05-22 11:50:49.543 E/RHWC2   (  383): fox1 [rtk_gdma_post 1530 ]name_of_layer = com.redflix.tvmoderno/com.redx.tvbox.MainActivity#0 num_of_layers=1
05-22 11:50:49.561 E/BufferQueueProducer(  429): [com.redflix.tvmoderno/com.redx.tvbox.NativeBootActivity#0](id:1ad00001661,api:0,p:-1,c:429) disconnect: not connected (req=1)
05-22 11:50:49.561 I/HdmieArc(  405): rhal earc status: 0, error code: 0 
05-22 11:50:49.586 E/RHWC2   (  383): fox1 [rtk_gdma_post 1530 ]name_of_layer = com.redflix.tvmoderno/com.redx.tvbox.MainActivity#0 num_of_layers=1
05-22 11:50:49.602 E/RHWC2   (  383): fox1 [rtk_gdma_post 1530 ]name_of_layer = com.redflix.tvmoderno/com.redx.tvbox.MainActivity#0 num_of_layers=1
05-22 11:50:49.619 W/ActivityTaskManager(  815): ActivityRecord idle....com.redflix.tvmoderno====name = 101=====msg.obj = com.redflix.tvmoderno
05-22 11:50:49.668 E/RHWC2   (  383): fox1 [rtk_gdma_post 1530 ]name_of_layer = com.redflix.tvmoderno/com.redx.tvbox.MainActivity#0 num_of_layers=1
05-22 11:50:49.684 E/RHWC2   (  383): fox1 [rtk_gdma_post 1530 ]name_of_layer = com.redflix.tvmoderno/com.redx.tvbox.MainActivity#0 num_of_layers=1
05-22 11:50:50.002 D/Capacitor( 2611): Handling local request: https://localhost/vinheta-poster.webp
05-22 11:50:50.091 D/RED-X   ( 2611): WebView configurado (retry 1500ms)
05-22 11:50:50.147 E/RHWC2   (  383): fox1 [rtk_gdma_post 1530 ]name_of_layer = com.redflix.tvmoderno/com.redx.tvbox.MainActivity#0 num_of_layers=1
05-22 11:50:50.345 I/TGuardMemoryManagerMemoryInfoManager( 1052): com.redflix.tvmoderno avgPss is 80629  predictSize is 80629
05-22 11:50:50.348 I/TGuardMemoryManagerKillHandler( 1052): rank[0, 18]:skipped kill for children size is 0:com.google.android.webview:sandboxed_process0:org.chromium.content.app.SandboxedProcessService0:0
05-22 11:50:50.348 I/TGuardMemoryManagerKillHandler( 1052): rank[0, 15]:skipped kill for children size is 0:com.google.android.webview:webview_apk
05-22 11:50:50.348 I/TGuardMemoryManagerKillHandler( 1052): rank[0, 13]:skipped kill for children size is 0:com.redflix.tvmoderno
05-22 11:50:50.348 I/TGuardMemoryManagerKillHandler( 1052): rank[0, 12]:skipped kill for children size is 0:com.google.android.webview:sandboxed_process0:org.chromium.content.app.SandboxedProcessService0:1
05-22 11:50:50.348 I/TGuardMemoryManagerKillHandler( 1052): rank[0, 9]:skipped kill for children size is 0:com.google.android.webview:webview_service
05-22 11:50:50.348 I/TGuardMemoryManagerKillHandler( 1052): rank[0, 8]:skipped kill for children size is 0:com.redflix.tvmoderno
05-22 11:50:50.348 I/TGuardMemoryManagerKillHandler( 1052): rank[0, 6]:skipped kill for children size is 0:com.redflix.tvmoderno
05-22 11:50:50.564 I/HdmieArc(  405): rhal earc status: 0, error code: 0 
05-22 11:50:50.721 E/RHWC2   (  383): fox1 [rtk_gdma_post 1530 ]name_of_layer = com.redflix.tvmoderno/com.redx.tvbox.MainActivity#0 num_of_layers=1
05-22 11:50:50.723 P/Quality ( 2611): 09 03 info 1779461450719 procName:com.redflix.tvmoderno 2 callback:android.view.Choreographer$FrameDisplayEventReceiver,target:android.view.Choreographer$FrameHandler $ latencyTime:2,WallTime:335 android.graphics.HardwareRenderer.nSetStopped:-2,android.graphics.HardwareRenderer.setStopped:474,android.view.ViewRootImpl.performDraw:4025,android.view.ViewRootImpl.performTraversals:3242,android.view.ViewRootImpl.doTraversal:2090,android.view.ViewRootImpl$TraversalRunnable.run:8390,android.view.Choreographer$CallbackRecord.run:1091,android.view.Choreographer.doCallbacks:909,android.view.Choreographer.doFrame:844,android.view.Choreographer$FrameHandler.handleMessage:1019,android.os.Handler.dispatchMessage:111,android.os.Looper.loop:250,android.app.ActivityThread.main:7848,java.lang.reflect.Method.invoke:-2,com.android.internal.os.RuntimeInit$MethodAndArgsCaller.run:592,com.android.internal.os.ZygoteInit.main:1070, allocWait:0,ionwait:0,dstate:0,sched:0,iowait:0 viewTitle:com.redflix.tvmoderno/com.redx.tvbox.MainActivity $
05-22 11:50:50.735 E/RHWC2   (  383): fox1 [rtk_gdma_post 1530 ]name_of_layer = com.redflix.tvmoderno/com.redx.tvbox.MainActivity#0 num_of_layers=1
05-22 11:50:50.752 E/RHWC2   (  383): fox1 [rtk_gdma_post 1530 ]name_of_layer = com.redflix.tvmoderno/com.redx.tvbox.MainActivity#0 num_of_layers=1
05-22 11:50:50.769 E/RHWC2   (  383): fox1 [rtk_gdma_post 1530 ]name_of_layer = com.redflix.tvmoderno/com.redx.tvbox.MainActivity#0 num_of_layers=1
05-22 11:50:50.952 E/cr_AwSupervisedUserDel( 2611): Unable to determine if restricted content blocking is required. Exception: java.util.concurrent.TimeoutException
05-22 11:50:51.021 D/ProfileInstaller( 2611): Installing profile for com.redflix.tvmoderno
05-22 11:50:51.412 I/TGuardMemoryManagerMemoryInfoManager( 1052): com.redflix.tvmoderno avgPss is 80629  predictSize is 80629
05-22 11:50:51.413 I/TGuardMemoryManagerKillHandler( 1052): rank[0, 18]:skipped kill for children size is 0:com.google.android.webview:sandboxed_process0:org.chromium.content.app.SandboxedProcessService0:0
05-22 11:50:51.413 I/TGuardMemoryManagerKillHandler( 1052): rank[0, 15]:skipped kill for children size is 0:com.google.android.webview:webview_apk
05-22 11:50:51.413 I/TGuardMemoryManagerKillHandler( 1052): rank[0, 13]:skipped kill for children size is 0:com.redflix.tvmoderno
05-22 11:50:51.413 I/TGuardMemoryManagerKillHandler( 1052): rank[0, 12]:skipped kill for children size is 0:com.google.android.webview:sandboxed_process0:org.chromium.content.app.SandboxedProcessService0:1
05-22 11:50:51.413 I/TGuardMemoryManagerKillHandler( 1052): rank[0, 9]:skipped kill for children size is 0:com.google.android.webview:webview_service
05-22 11:50:51.413 I/TGuardMemoryManagerKillHandler( 1052): rank[0, 8]:skipped kill for children size is 0:com.redflix.tvmoderno
05-22 11:50:51.414 I/TGuardMemoryManagerKillHandler( 1052): rank[0, 6]:skipped kill for children size is 0:com.redflix.tvmoderno
05-22 11:50:51.565 I/HdmieArc(  405): rhal earc status: 0, error code: 0 
05-22 11:50:51.684 I/chromium( 2611): [INFO:CONSOLE:451] "[NativeHttpFetch] Android native GET/HEAD bridge enabled", source: https://localhost/ (451)
05-22 11:50:51.694 I/chromium( 2611): [INFO:CONSOLE:451] "[Sentry] VITE_SENTRY_DSN n├úo configurado ÔÇö erros em produ├º├úo n├úo ser├úo capturados automaticamente.
05-22 11:50:51.694 I/chromium( 2611):          Adicione VITE_SENTRY_DSN=https://... ao .env e reconstrua o bundle.", source: https://localhost/ (451)
05-22 11:50:51.700 I/chromium( 2611): [INFO:CONSOLE:451] "[REDX LiteMode] [object Object]", source: https://localhost/ (451)
05-22 11:50:51.766 E/RHWC2   (  383): fox1 [rtk_gdma_post 1530 ]name_of_layer = com.redflix.tvmoderno/com.redx.tvbox.MainActivity#0 num_of_layers=1
05-22 11:50:51.839 D/Capacitor( 2611): Handling local request: https://localhost/logored.png
05-22 11:50:51.879 E/RHWC2   (  383): fox1 [rtk_gdma_post 1530 ]name_of_layer = com.redflix.tvmoderno/com.redx.tvbox.MainActivity#0 num_of_layers=1
05-22 11:50:51.890 I/chromium( 2611): [INFO:CONSOLE:451] "[Security] enforceSecurityPolicy bypassado para performance.", source: https://localhost/ (451)
05-22 11:50:51.899 D/Capacitor( 2611): Handling local request: https://localhost/boot-vinheta/frame_003.webp
05-22 11:50:51.900 D/Capacitor( 2611): Handling local request: https://localhost/boot-vinheta/frame_005.webp
05-22 11:50:51.900 D/Capacitor( 2611): Handling local request: https://localhost/boot-vinheta/frame_007.webp
05-22 11:50:51.906 D/Capacitor( 2611): Handling local request: https://localhost/boot-vinheta/frame_001.webp
05-22 11:50:51.908 D/Capacitor( 2611): Handling local request: https://localhost/boot-vinheta/frame_009.webp
05-22 11:50:51.911 D/Capacitor( 2611): Handling local request: https://localhost/boot-vinheta/frame_011.webp
05-22 11:50:51.918 D/Capacitor( 2611): Handling local request: https://localhost/boot-vinheta/frame_013.webp
05-22 11:50:51.931 D/Capacitor( 2611): Handling local request: https://localhost/boot-vinheta/frame_015.webp
05-22 11:50:51.938 I/chromium( 2611): [INFO:CONSOLE:348] "%cnative %cApp.addListener (#47104569) font-weight: lighter; color: gray font-weight: bold; color: #000", source:  (348)
05-22 11:50:51.938 I/chromium( 2611): [INFO:CONSOLE:349] "[object Object]", source:  (349)
05-22 11:50:51.938 I/chromium( 2611): [INFO:CONSOLE:350] "console.groupEnd", source:  (350)
05-22 11:50:51.943 I/chromium( 2611): [INFO:CONSOLE:451] "[Security] startSecurityMonitoring desativado para ganho de performance.", source: https://localhost/ (451)
05-22 11:50:51.944 D/Capacitor( 2611): Handling local request: https://localhost/boot-vinheta/frame_019.webp
05-22 11:50:51.946 D/Capacitor( 2611): Handling local request: https://localhost/boot-vinheta/frame_017.webp
05-22 11:50:51.956 V/Capacitor/Plugin( 2611): To native (Capacitor plugin): callbackId: 47104569, pluginId: App, methodName: addListener
05-22 11:50:51.956 D/Capacitor( 2611): Handling local request: https://localhost/boot-vinheta/frame_025.webp
05-22 11:50:51.958 V/Capacitor( 2611): callback: 47104569, pluginId: App, methodName: addListener, methodData: {"eventName":"backButton"}
05-22 11:50:51.959 I/chromium( 2611): [INFO:CONSOLE:348] "%cnative %cPreferences.get (#47104570) font-weight: lighter; color: gray font-weight: bold; color: #000", source:  (348)
05-22 11:50:51.959 I/chromium( 2611): [INFO:CONSOLE:349] "[object Object]", source:  (349)
05-22 11:50:51.959 I/chromium( 2611): [INFO:CONSOLE:350] "console.groupEnd", source:  (350)
05-22 11:50:51.960 I/chromium( 2611): [INFO:CONSOLE:348] "%cnative %cPreferences.get (#47104571) font-weight: lighter; color: gray font-weight: bold; color: #000", source:  (348)
05-22 11:50:51.960 I/chromium( 2611): [INFO:CONSOLE:349] "[object Object]", source:  (349)
05-22 11:50:51.960 D/Capacitor( 2611): Handling local request: https://localhost/boot-vinheta/frame_023.webp
05-22 11:50:51.960 I/chromium( 2611): [INFO:CONSOLE:350] "console.groupEnd", source:  (350)
05-22 11:50:51.961 I/chromium( 2611): [INFO:CONSOLE:348] "%cnative %cPreferences.get (#47104572) font-weight: lighter; color: gray font-weight: bold; color: #000", source:  (348)
05-22 11:50:51.961 I/chromium( 2611): [INFO:CONSOLE:349] "[object Object]", source:  (349)
05-22 11:50:51.961 I/chromium( 2611): [INFO:CONSOLE:350] "console.groupEnd", source:  (350)
05-22 11:50:51.965 V/Capacitor/Plugin( 2611): To native (Capacitor plugin): callbackId: 47104570, pluginId: Preferences, methodName: get
05-22 11:50:51.965 V/Capacitor( 2611): callback: 47104570, pluginId: Preferences, methodName: get, methodData: {"key":"redx-local-auth-session-v1"}
05-22 11:50:51.967 D/Capacitor( 2611): Handling local request: https://localhost/boot-vinheta/frame_027.webp
05-22 11:50:51.967 V/Capacitor/Plugin( 2611): To native (Capacitor plugin): callbackId: 47104571, pluginId: Preferences, methodName: get
05-22 11:50:51.968 V/Capacitor( 2611): callback: 47104571, pluginId: Preferences, methodName: get, methodData: {"key":"redx-local-auth-session-v1"}
05-22 11:50:51.970 V/Capacitor/Plugin( 2611): To native (Capacitor plugin): callbackId: 47104572, pluginId: Preferences, methodName: get
05-22 11:50:51.970 V/Capacitor( 2611): callback: 47104572, pluginId: Preferences, methodName: get, methodData: {"key":"redx-adult-unlocked"}
05-22 11:50:51.976 D/Capacitor( 2611): Handling local request: https://localhost/boot-vinheta/frame_031.webp
05-22 11:50:51.977 D/Capacitor( 2611): Handling local request: https://localhost/boot-vinheta/frame_033.webp
05-22 11:50:51.977 D/Capacitor( 2611): Handling local request: https://localhost/boot-vinheta/frame_021.webp
05-22 11:50:51.979 D/Capacitor( 2611): Handling local request: https://localhost/boot-vinheta/frame_029.webp
05-22 11:50:51.991 D/Capacitor( 2611): Handling local request: https://localhost/boot-vinheta/frame_037.webp
05-22 11:50:51.993 D/Capacitor( 2611): Handling local request: https://localhost/boot-vinheta/frame_035.webp
05-22 11:50:51.995 D/Capacitor( 2611): Handling local request: https://localhost/boot-vinheta/frame_043.webp
05-22 11:50:51.997 D/Capacitor( 2611): Handling local request: https://localhost/boot-vinheta/frame_041.webp
05-22 11:50:51.998 D/Capacitor( 2611): Handling local request: https://localhost/boot-vinheta/frame_039.webp
05-22 11:50:51.999 I/chromium( 2611): [INFO:CONSOLE:451] "[Vitals] FCP 2244 needs-improvement", source: https://localhost/ (451)
05-22 11:50:52.000 I/chromium( 2611): [INFO:CONSOLE:328] "%cresult %cPreferences.get (#47104570) font-style: italic; font-weight: lighter; color: gray font-style: italic; font-weight: bold; color: #444", source:  (328)
05-22 11:50:52.000 I/chromium( 2611): [INFO:CONSOLE:333] "{"value":"{\"mode\":\"access_code\",\"userId\":\"local-access-DEVTEST000000\",\"email\":\"viewer@redx.local\",\"displayName\":\"Acesso Redx\",\"isAdmin\":false,\"issuedAt\":\"2026-05-22T11:52:46.166Z\",\"expiresAt\":\"2026-06-21T11:52:46.166Z\",\"accessCode\":\"DEVTEST000000\"}"}", source:  (333)
05-22 11:50:52.000 I/chromium( 2611): [INFO:CONSOLE:335] "console.groupEnd", source:  (335)
05-22 11:50:52.004 D/Capacitor( 2611): Handling local request: https://localhost/boot-vinheta/frame_049.webp
05-22 11:50:52.004 D/Capacitor( 2611): Handling local request: https://localhost/boot-vinheta/frame_045.webp
05-22 11:50:52.007 D/Capacitor( 2611): Handling local request: https://localhost/boot-vinheta/frame_051.webp
05-22 11:50:52.008 D/Capacitor( 2611): Handling local request: https://localhost/boot-vinheta/frame_047.webp
05-22 11:50:52.014 D/Capacitor( 2611): Handling local request: https://localhost/boot-vinheta/frame_053.webp
05-22 11:50:52.018 D/Capacitor( 2611): Handling local request: https://localhost/boot-vinheta/frame_055.webp
05-22 11:50:52.023 D/Capacitor( 2611): Handling local request: https://localhost/boot-vinheta/frame_059.webp
05-22 11:50:52.027 D/Capacitor( 2611): Handling local request: https://localhost/boot-vinheta/frame_061.webp
05-22 11:50:52.028 D/Capacitor( 2611): Handling local request: https://localhost/boot-vinheta/frame_063.webp
05-22 11:50:52.031 D/Capacitor( 2611): Handling local request: https://localhost/boot-vinheta/frame_065.webp
05-22 11:50:52.032 D/Capacitor( 2611): Handling local request: https://localhost/boot-vinheta/frame_057.webp
05-22 11:50:52.033 D/Capacitor( 2611): Handling local request: https://localhost/boot-vinheta/frame_067.webp
05-22 11:50:52.035 I/chromium( 2611): [INFO:CONSOLE:328] "%cresult %cPreferences.get (#47104571) font-style: italic; font-weight: lighter; color: gray font-style: italic; font-weight: bold; color: #444", source:  (328)
05-22 11:50:52.035 I/chromium( 2611): [INFO:CONSOLE:333] "{"value":"{\"mode\":\"access_code\",\"userId\":\"local-access-DEVTEST000000\",\"email\":\"viewer@redx.local\",\"displayName\":\"Acesso Redx\",\"isAdmin\":false,\"issuedAt\":\"2026-05-22T11:52:46.166Z\",\"expiresAt\":\"2026-06-21T11:52:46.166Z\",\"accessCode\":\"DEVTEST000000\"}"}", source:  (333)
05-22 11:50:52.035 I/chromium( 2611): [INFO:CONSOLE:335] "console.groupEnd", source:  (335)
05-22 11:50:52.038 D/Capacitor( 2611): Handling local request: https://localhost/boot-vinheta/frame_069.webp
05-22 11:50:52.049 D/Capacitor( 2611): Handling local request: https://localhost/boot-vinheta/frame_071.webp
05-22 11:50:52.069 I/chromium( 2611): [INFO:CONSOLE:328] "%cresult %cPreferences.get (#47104572) font-style: italic; font-weight: lighter; color: gray font-style: italic; font-weight: bold; color: #444", source:  (328)
05-22 11:50:52.069 I/chromium( 2611): [INFO:CONSOLE:333] "{"value":null}", source:  (333)
05-22 11:50:52.070 I/chromium( 2611): [INFO:CONSOLE:335] "console.groupEnd", source:  (335)
05-22 11:50:52.098 D/Capacitor( 2611): Handling local request: https://localhost/x.png
05-22 11:50:52.119 D/Capacitor( 2611): Handling local request: https://localhost/logored.webp
05-22 11:50:52.144 E/RHWC2   (  383): fox1 [rtk_gdma_post 1530 ]name_of_layer = com.redflix.tvmoderno/com.redx.tvbox.MainActivity#0 num_of_layers=1
05-22 11:50:52.197 I/chromium( 2611): [INFO:CONSOLE:451] "[Vitals] TTFB 96 good", source: https://localhost/ (451)
05-22 11:50:52.444 I/chromium( 2611): [INFO:CONSOLE:348] "%cnative %cCapacitorHttp.request (#47104573) font-weight: lighter; color: gray font-weight: bold; color: #000", source:  (348)
05-22 11:50:52.444 I/chromium( 2611): [INFO:CONSOLE:349] "[object Object]", source:  (349)
05-22 11:50:52.445 I/chromium( 2611): [INFO:CONSOLE:350] "console.groupEnd", source:  (350)
05-22 11:50:52.448 V/Capacitor/Plugin( 2611): To native (Capacitor plugin): callbackId: 47104573, pluginId: CapacitorHttp, methodName: request
