05-22 02:39:02.708   815  2033 I AlarmManager: Change Wakeup Alarm type to non Wakeup type, current type=[3] packageName = com.google.android.gms @316869081067 and next wakeup alarm is @Fri May 22 02:40:28 GMT-03:00 2026
05-22 02:39:02.756  1052  1196 I TGuardMemoryManagerMemoryStrategy: handleEvent type = 1
05-22 02:39:02.756  1052  1417 I TGuardMemoryManagerMemoryInfoManager: com.redflix.tvmoderno avgPss is 83686  predictSize is 83686
05-22 02:39:02.756  1052  1417 I TGuardMemoryManagerMemoryStrategy: unit(kb),need=83686,lost=0,swapFree=112688,memAvail=489964,WarningThreshold=183994,realAvail=305970,realNeed=-222284
05-22 02:39:02.756  1052  1417 D NativeJni: start GetKswapdHigh, zone info path = /proc/zoneinfo
05-22 02:39:02.757  1052  1417 D NativeJni: get high size = 7291 page
05-22 02:39:02.757  1052  1417 D NativeJni: start GetKswapdLow, zone info path = /proc/zoneinfo
05-22 02:39:02.758  1052  1417 D NativeJni: get high size = 6710 page
05-22 02:39:02.758  1052  1417 D NativeJni: start GetKswapdMin, zone info path = /proc/zoneinfo
05-22 02:39:02.758  1052  1404 I TGuardMemoryManagerKillHandler: kill max rank = 3
05-22 02:39:02.758  1052  1404 I TGuardMemoryManagerKillHandler: rank[0, 19]:skipped kill for children size is 0:
05-22 02:39:02.758  1052  1404 I TGuardMemoryManagerKillHandler: rank[0, 18]:skipped kill for children size is 0:com.google.android.gms.persistent
05-22 02:39:02.758  1052  1404 I TGuardMemoryManagerKillHandler: rank[0, 17]:skipped kill for children size is 0:com.google.android.webview:sandboxed_process0:org.chromium.content.app.SandboxedProcessService0:0
05-22 02:39:02.758  1052  1404 I TGuardMemoryManagerKillHandler: rank[0, 16]:skipped kill for children size is 0:com.android.vending:quick_launch
05-22 02:39:02.758  1052  1404 I TGuardMemoryManagerKillHandler: rank[0, 15]:skipped kill for children size is 0:android.process.media
05-22 02:39:02.758  1052  1404 I TGuardMemoryManagerKillHandler: rank[0, 14]:skipped kill for children size is 0:com.google.android.webview:webview_apk
05-22 02:39:02.759  1052  1404 I TGuardMemoryManagerKillHandler: rank[0, 13]:skipped kill for children size is 0:com.google.android.apps.tv.launcherx:coreservices
05-22 02:39:02.759  1052  1404 I TGuardMemoryManagerKillHandler: rank[0, 12]:skipped kill for children size is 0:com.redflix.tvmoderno
05-22 02:39:02.759  1052  1404 I TGuardMemoryManagerKillHandler: rank[0, 11]:skipped kill for children size is 0:com.google.android.webview:sandboxed_process0:org.chromium.content.app.SandboxedProcessService0:1
05-22 02:39:02.759  1052  1404 I TGuardMemoryManagerKillHandler: rank[0, 10]:skipped kill for children size is 0:android:ui
05-22 02:39:02.759  1052  1404 I TGuardMemoryManagerKillHandler: rank[0, 9]:skipped kill for children size is 0:com.google.android.gms.unstable
05-22 02:39:02.759  1052  1404 I TGuardMemoryManagerKillHandler: rank[0, 8]:skipped kill for children size is 0:com.google.android.webview:webview_service
05-22 02:39:02.759  1052  1404 I TGuardMemoryManagerKillHandler: rank[0, 7]:skipped kill for children size is 0:com.redflix.tvmoderno
05-22 02:39:02.759  1052  1404 I TGuardMemoryManagerKillHandler: rank[0, 6]:skipped kill for children size is 0:com.android.vending:background
05-22 02:39:02.759  1052  1404 I TGuardMemoryManagerKillHandler: rank[0, 5]:skipped kill for children size is 0:com.redflix.tvmoderno
05-22 02:39:02.759  1052  1404 I TGuardMemoryManagerKillHandler: rank[0, 4]:skipped kill for children size is 0:com.google.android.apps.tv.dreamx:smarthome
05-22 02:39:02.759  1052  1404 I TGuardMemoryManagerKillHandler: rank[0, 3]:skipped kill for children size is 0:com.google.android.youtube.tv.recommendations
05-22 02:39:02.759  1052  1404 I TGuardMemoryManagerKillHandler: rank[0, 2]:skipped kill for children size is 0:com.google.process.gapps
05-22 02:39:02.759  1052  1404 I TGuardMemoryManagerKillHandler: rank[0, 1]:skipped kill for children size is 0:system
05-22 02:39:02.759  1052  1404 I TGuardMemoryManagerKillHandler: rank[0, 0]:skipped kill for children size is 0:com.google.process.gservices
05-22 02:39:02.759  1052  1404 I TGuardMemoryManagerKillHandler: rank[2, 29]:skipped kill white list:com.android.providers.media.module,pss=15894
05-22 02:39:02.759  1052  1404 I TGuardMemoryManagerKillHandler: prepare package: com.google.android.gms, rank = 2, reason = tguard-kill-Gms, isUseHighCpu = false
05-22 02:39:02.759  1052  1404 D NativeJni: get -1 process level 2 memory failed(No such process)
05-22 02:39:02.759  1052  1404 D NativeJni: get -1 process level 2 memory failed(No such process)
05-22 02:39:02.761  1052  1404 I TGuardMemoryManagerKillHandler: res = 0 noneExist:0 allToKill:2
05-22 02:39:02.761  1052  1404 I TGuardMemoryManagerKillHandler: prepare package: com.android.externalstorage, rank = 2, reason = tguard-kill-SystemApp, isUseHighCpu = false
05-22 02:39:02.761  1052  1404 I TGuardMemoryManagerKillHandler: res = 0 noneExist:0 allToKill:1
05-22 02:39:02.761  1052  1404 I TGuardMemoryManagerKillHandler: rank[2, 22]:skipped kill white list:com.android.bluetooth,pss=9508
05-22 02:39:02.761  1052  1404 I TGuardMemoryManagerKillHandler: rank[2, 21]: skipped kill as auto restart:com.google.android.gms,pss=79496
05-22 02:39:02.761  1052  1404 I TGuardMemoryManagerKillHandler: memory, finish kill total size:0 realNeed:0 cacheFreed:0
05-22 02:39:02.762  1052  1417 D NativeJni: get high size = 778 page
05-22 02:39:02.762  1052  1417 I TGuardMemoryManagerMemoryStrategy: free=71300,wartermark=(29164,26840,3112),swapfree=112688
05-22 02:39:02.779   815   994 E Traffic : performPollLocked:java.lang.Throwable
05-22 02:39:02.788   815   995 I WifiService: getConnectionInfo uid=1000
05-22 02:39:02.957   815   830 I system_server: Background young concurrent copying GC freed 335750(17MB) AllocSpace objects, 23(1420KB) LOS objects, 33% free, 35MB/53MB, paused 343us total 215.544ms
05-22 02:39:03.046   695  1778 E WorkSourceUtil: Could not find package: com.google.android.gms.westworld
05-22 02:39:03.049   815  2033 I system_server: The ClassLoaderContext is a special shared library.
05-22 02:39:03.050   815  2033 W PackageManager: Non System Server process reporting dex loads as system server. uid=10037
05-22 02:39:03.051   815  2033 I AlarmManager: Change Wakeup Alarm type to non Wakeup type, current type=[3] packageName = com.google.android.gms @1523481407 and next wakeup alarm is @Fri May 22 02:40:28 GMT-03:00 2026
05-22 02:39:03.146   405   785 I HdmieArc: earc status newStatus 0, oldStatus=EN_TOS_CEC_EARC_STATUS_HANDSHAKE
05-22 02:39:03.146   405   785 I HdmieArc: rhal earc status: 0, error code: 0 
05-22 02:39:04.061   695   695 W ThreadPoolForeg: type=1400 audit(0.0:67530): avc: denied { write } for name="traced_producer" dev="tmpfs" ino=13700 scontext=u:r:gmscore_app:s0:c512,c768 tcontext=u:object_r:traced_producer_socket:s0 tclass=sock_file permissive=0 app=com.google.android.gms
05-22 02:39:04.146   405   785 I HdmieArc: earc status newStatus 0, oldStatus=EN_TOS_CEC_EARC_STATUS_HANDSHAKE
05-22 02:39:04.146   405   785 I HdmieArc: rhal earc status: 0, error code: 0 
05-22 02:39:04.180  1160  1160 D wpa_supplicant: P2P: Timeout (state=LISTEN_ONLY)
05-22 02:39:04.180  1160  1160 D wpa_supplicant: P2P: Driver is still in listen state - stop it
05-22 02:39:04.180  1160  1160 D wpa_supplicant: nl80211: Cancel remain-on-channel with cookie 0x74e59
05-22 02:39:04.180  1160  1160 D wpa_supplicant: nl80211: Disable Probe Request reporting nl_preq=0x2228ad19
05-22 02:39:04.180  1160  1160 D wpa_supplicant: p2p0: Radio work 'p2p-listen'@0xaa9c3690 done in 5.047685 seconds
05-22 02:39:04.180  1160  1160 D wpa_supplicant: p2p0: radio_work_free('p2p-listen'@0xaa9c3690): num_active_works --> 0
05-22 02:39:04.180  1160  1160 D wpa_supplicant: nl80211: Drv Event 56 (NL80211_CMD_CANCEL_REMAIN_ON_CHANNEL) received for p2p0
05-22 02:39:04.180  1160  1160 D wpa_supplicant: nl80211: Remain-on-channel event (cancel=1 freq=2417 channel_type=0 duration=0 cookie=0x74e59 (match))
05-22 02:39:04.180  1160  1160 D wpa_supplicant: p2p0: Event CANCEL_REMAIN_ON_CHANNEL (20) received
05-22 02:39:04.180  1160  1160 D wpa_supplicant: P2P: Cancel remain-on-channel callback (p2p_long_listen=1905412704 ms pending_action_tx=0x0)
05-22 02:39:04.180  1160  1160 D wpa_supplicant: P2P: Driver ended Listen state (freq=2417)
05-22 02:39:04.180  1160  1160 D wpa_supplicant: P2P: Continuing long Listen state
05-22 02:39:04.180  1160  1160 D wpa_supplicant: P2P: Going to listen(only) state
05-22 02:39:04.180  1160  1160 D wpa_supplicant: STA wpa_state=9 freq=2417
05-22 02:39:04.180  1160  1160 D wpa_supplicant: P2P: cfg reg_class(81) channel(2)
05-22 02:39:04.180  1160  1160 D wpa_supplicant: P2P: cfg reg_class(81) channel(2)
05-22 02:39:04.180  1160  1160 D wpa_supplicant: P2P: Set Listen channel: reg_class 81 channel 2
05-22 02:39:04.180  1160  1160 D wpa_supplicant: P2P: Defer setting listen channel
05-22 02:39:04.180  1160  1160 D wpa_supplicant: P2P: p2p listen class(81)/channel(2)
05-22 02:39:04.180  1160  1160 D wpa_supplicant: WPS:  * Version (hardcoded 0x10)
05-22 02:39:04.180  1160  1160 D wpa_supplicant: WPS:  * UUID-E
05-22 02:39:04.180  1160  1160 D wpa_supplicant: WPS:  * Version2 (0x20)
05-22 02:39:04.180  1160  1160 D wpa_supplicant: P2P: * P2P IE header
05-22 02:39:04.180  1160  1160 D wpa_supplicant: P2P: * Capability dev=25 group=00
05-22 02:39:04.180  1160  1160 D wpa_supplicant: P2P: * Listen Channel: Regulatory Class 81 Channel 2
05-22 02:39:04.180  1160  1160 D wpa_supplicant: P2P: * Device Info
05-22 02:39:04.180  1160  1160 D wpa_supplicant: p2p0: Add radio work 'p2p-listen'@0xaa9c3690
05-22 02:39:04.180  1160  1160 D wpa_supplicant: p2p0: First radio work item in the queue - schedule start immediately
05-22 02:39:04.181  1160  1160 D wpa_supplicant: P2P: State LISTEN_ONLY -> LISTEN_ONLY
05-22 02:39:04.181  1160  1160 D wpa_supplicant: p2p0: Starting radio work 'p2p-listen'@0xaa9c3690 after 0.000060 second wait
05-22 02:39:04.181  1160  1160 D wpa_supplicant: nl80211: Enable Probe Request reporting nl_preq=0xaaa02590
05-22 02:39:04.181  1160  1160 D wpa_supplicant: nl80211: Register frame type=0x40 (WLAN_FC_STYPE_PROBE_REQ) nl_handle=0xaaa02590 match= multicast=0
05-22 02:39:04.181  1160  1160 D wpa_supplicant: nl80211: Remain-on-channel cookie 0x74e5a for freq=2417 MHz duration=5000
05-22 02:39:04.207  1160  1160 D wpa_supplicant: nl80211: Drv Event 55 (NL80211_CMD_REMAIN_ON_CHANNEL) received for p2p0
05-22 02:39:04.207  1160  1160 D wpa_supplicant: nl80211: Remain-on-channel event (cancel=0 freq=2417 channel_type=0 duration=5000 cookie=0x74e5a (match))
05-22 02:39:04.207  1160  1160 D wpa_supplicant: p2p0: Event REMAIN_ON_CHANNEL (19) received
05-22 02:39:04.207  1160  1160 D wpa_supplicant: Off-channel: Send Action callback (without_roc=0 pending_action_tx=0x0 pending_action_tx_done=0)
05-22 02:39:04.208  1160  1160 D wpa_supplicant: P2P: remain-on-channel callback (off_channel_freq=2417 pending_listen_freq=2417 roc_waiting_drv_freq=0 freq=2417 duration=5000)
05-22 02:39:04.208  1160  1160 D wpa_supplicant: STA wpa_state=9 freq=2417
05-22 02:39:04.208  1160  1160 D wpa_supplicant: P2P: Starting Listen timeout(5,0) on freq=2417 based on callback
05-22 02:39:04.208  1160  1160 D wpa_supplicant: P2P: Set timeout (state=LISTEN_ONLY): 5.020000 sec
05-22 02:39:04.687  1160  1160 D wpa_supplicant: wlan_traffic_statistics rx_byte = 3445688198 rx rate = 15 Kb/s
05-22 02:39:04.687  1160  1160 D wpa_supplicant: wlan_traffic_statistics tx_byte = 3135969078 tx rate = 109 Kb/s
05-22 02:39:05.146   405   785 I HdmieArc: earc status newStatus 0, oldStatus=EN_TOS_CEC_EARC_STATUS_HANDSHAKE
05-22 02:39:05.146   405   785 I HdmieArc: rhal earc status: 0, error code: 0 
05-22 02:39:05.642   815   998 E WifiVendorHal: getWifiLinkLayerStats_1_3_Internal(l.978) failed {.code = ERROR_NOT_SUPPORTED, .description = }
05-22 02:39:05.649   815   998 D WifiClientModeImpl: fetchRssiLinkSpeedAndFrequencyNative rssi=-74 TxLinkspeed=104 freq=2417 RxLinkSpeed=0
05-22 02:39:05.649   815   998 V WifiConfigManager: Updating scan detail cache freq=2417 BSSID=f8:2d:c0:24:9e:d2 RSSI=-72 for "BOLSONARO2018"WPA_PSK
05-22 02:39:05.650   815   998 D WifiThroughputPredictor:  utilization (BssLoad) -1 utilization (LLStats) 80 isBluetoothConnected: false final utilization: 80
05-22 02:39:05.650   815   998 D WifiThroughputPredictor:  utilization (BssLoad) -1 utilization (LLStats) 80 isBluetoothConnected: false final utilization: 80
05-22 02:39:05.651   815   998 D WifiScoreCard: BSSID update SIGNAL_POLL ID: 398514962 SSID: BOLSONARO2018, BSSID: f8:2d:c0:24:9e:d2, MAC: 64:57:25:8c:68:c1, Supplicant state: COMPLETED, Wi-Fi standard: 0, RSSI: -74, Link speed: 104Mbps, Tx Link speed: 104Mbps, Max Supported Tx Link speed: -1Mbps, Rx Link speed: -1Mbps, Max Supported Rx Link speed: -1Mbps, Frequency: 2417MHz, Net ID: 0, Metered hint: false, score: 60
05-22 02:39:05.651   815   998 D WifiScoreCard: txRate: 27 txSpeed: 104
05-22 02:39:05.651   815   998 D WifiScoreCard: network update SIGNAL_POLL "BOLSONARO2018" ID: 976476524 RSSI -74 txSpeed 104
05-22 02:39:05.651   815   998 D WifiScoreCard: SSID: "BOLSONARO2018"
05-22 02:39:05.651   815   998 D WifiScoreCard:  LastRssiPollTime: 1509084014 LastRssiPoll: -74 LastTxSpeedPoll: 104
05-22 02:39:05.651   815   998 D WifiScoreCard:  StatsRecent:  ConnectAttempt: 4 ConnectFailure: 0 ConnectDurSec: 5179065 AssocRej: 0 AssocTimeout: 0 AuthFailure: 0 ShortDiscNonlocal: 6 DisconnectNonlocal: 7 Disconnect: 13 ConsecutiveConnectFailure: 0
05-22 02:39:05.651   815   998 D WifiScoreCard:  StatsCurr:  ConnectAttempt: 54 ConnectFailure: 0 ConnectDurSec: 759544 AssocRej: 0 AssocTimeout: 0 AuthFailure: 0 ShortDiscNonlocal: 39 DisconnectNonlocal: 53 Disconnect: 73 ConsecutiveConnectFailure: 0
05-22 02:39:05.651   815   998 D WifiScoreCard:  StatsPrev:  ConnectAttempt: 15 ConnectFailure: 0 ConnectDurSec: 211923 AssocRej: 0 AssocTimeout: 0 AuthFailure: 0 ShortDiscNonlocal: 10 DisconnectNonlocal: 19 Disconnect: 32 ConsecutiveConnectFailure: 0
05-22 02:39:05.653   815   998 D WifiClientModeImpl:  L2ConnectedState screen=on 106 0 "BOLSONARO2018" f8:2d:c0:24:9e:d2 rssi=-74 f=2417 sc=60 link=104 tx=26,1, 0,0, 0,0  rx=21,9 bcn=0 [on:0 tx:0 rx:0 period:3013] from screen [on:0 period:74170236] score=60
05-22 02:39:06.146   405   785 I HdmieArc: earc status newStatus 0, oldStatus=EN_TOS_CEC_EARC_STATUS_HANDSHAKE
05-22 02:39:06.147   405   785 I HdmieArc: rhal earc status: 0, error code: 0 
05-22 02:39:06.347   821  2012 D TVKitService: getProjectID
05-22 02:39:06.347   821  2012 D DeviceInfoImpl: getProjectID from map is 4357
05-22 02:39:06.348  2458  2458 I TCL_DeviceInfo: id = 4357
05-22 02:39:06.349  2458  2458 E TCL_DeviceInfo: from sita get client type is TCL-LA-RTD51A-S1
05-22 02:39:06.349   821  2012 D TVKitService: getSoftwareVersion
05-22 02:39:06.349   821  2012 D DeviceInfoImpl: getSoftwareVersion is V8-R51AT01-LF1V126
05-22 02:39:06.350  2458  2458 I TCL_DeviceInfo: ret  = V8-R51AT01-LF1V126
05-22 02:39:06.350   815  2033 I WifiService: getConnectionInfo uid=1000
05-22 02:39:06.689  1160  1160 D wpa_supplicant: wlan_traffic_statistics rx_byte = 3445690732 rx rate = 9 Kb/s
05-22 02:39:06.689  1160  1160 D wpa_supplicant: wlan_traffic_statistics tx_byte = 3135979059 tx rate = 38 Kb/s
05-22 02:39:07.147   405   785 I HdmieArc: earc status newStatus 0, oldStatus=EN_TOS_CEC_EARC_STATUS_HANDSHAKE
05-22 02:39:07.147   405   785 I HdmieArc: rhal earc status: 0, error code: 0 
05-22 02:39:07.704  2458  3731 D TCastPublishOverUdp: ad4635c@sendOnline
05-22 02:39:08.147   405   785 I HdmieArc: earc status newStatus 0, oldStatus=EN_TOS_CEC_EARC_STATUS_HANDSHAKE
05-22 02:39:08.147   405   785 I HdmieArc: rhal earc status: 0, error code: 0 
05-22 02:39:08.654   815   998 E WifiVendorHal: getWifiLinkLayerStats_1_3_Internal(l.978) failed {.code = ERROR_NOT_SUPPORTED, .description = }
05-22 02:39:08.660   815   998 D WifiClientModeImpl: fetchRssiLinkSpeedAndFrequencyNative rssi=-74 TxLinkspeed=130 freq=2417 RxLinkSpeed=0
05-22 02:39:08.661   815   998 V WifiConfigManager: Updating scan detail cache freq=2417 BSSID=f8:2d:c0:24:9e:d2 RSSI=-73 for "BOLSONARO2018"WPA_PSK
05-22 02:39:08.661   815  1002 D ConnectivityService: NetReassign [no changes]
05-22 02:39:08.661   815  1035 D EthernetNetworkFactory: acceptRequest, request: NetworkRequest [ REQUEST id=1, [ Capabilities: INTERNET&NOT_RESTRICTED&TRUSTED&NOT_VPN AdministratorUids: [] RequestorUid: 1000 RequestorPackageName: android] ], score: 59
05-22 02:39:08.661   815   998 D WifiScoreReport: report new wifi score 59
05-22 02:39:08.662   815   998 D WifiThroughputPredictor:  utilization (BssLoad) -1 utilization (LLStats) 80 isBluetoothConnected: false final utilization: 80
05-22 02:39:08.662   815  1035 I EthernetNetworkFactory: networkForRequest, request: NetworkRequest [ REQUEST id=1, [ Capabilities: INTERNET&NOT_RESTRICTED&TRUSTED&NOT_VPN AdministratorUids: [] RequestorUid: 1000 RequestorPackageName: android] ], network: null
05-22 02:39:08.662   815  1035 D EthernetNetworkFactory: acceptRequest, request: NetworkRequest [ REQUEST id=11, [ Capabilities: INTERNET&NOT_RESTRICTED&TRUSTED&NOT_VPN AdministratorUids: [] RequestorUid: 1000 RequestorPackageName: android] ], score: 59
05-22 02:39:08.662   815  1035 I EthernetNetworkFactory: networkForRequest, request: NetworkRequest [ REQUEST id=11, [ Capabilities: INTERNET&NOT_RESTRICTED&TRUSTED&NOT_VPN AdministratorUids: [] RequestorUid: 1000 RequestorPackageName: android] ], network: null
05-22 02:39:08.662   815   998 D WifiThroughputPredictor:  utilization (BssLoad) -1 utilization (LLStats) 80 isBluetoothConnected: false final utilization: 80
05-22 02:39:08.663   815   998 D WifiScoreCard: BSSID update SIGNAL_POLL ID: 398514962 SSID: BOLSONARO2018, BSSID: f8:2d:c0:24:9e:d2, MAC: 64:57:25:8c:68:c1, Supplicant state: COMPLETED, Wi-Fi standard: 0, RSSI: -74, Link speed: 130Mbps, Tx Link speed: 130Mbps, Max Supported Tx Link speed: -1Mbps, Rx Link speed: -1Mbps, Max Supported Rx Link speed: -1Mbps, Frequency: 2417MHz, Net ID: 0, Metered hint: false, score: 59
05-22 02:39:08.663   815   998 D WifiScoreCard: txRate: 19 txSpeed: 130
05-22 02:39:08.663   815   998 D WifiScoreCard: network update SIGNAL_POLL "BOLSONARO2018" ID: 976476524 RSSI -74 txSpeed 130
05-22 02:39:08.663   815   998 D WifiScoreCard: SSID: "BOLSONARO2018"
05-22 02:39:08.663   815   998 D WifiScoreCard:  LastRssiPollTime: 1509087026 LastRssiPoll: -74 LastTxSpeedPoll: 130
05-22 02:39:08.663   815   998 D WifiScoreCard:  StatsRecent:  ConnectAttempt: 4 ConnectFailure: 0 ConnectDurSec: 5179065 AssocRej: 0 AssocTimeout: 0 AuthFailure: 0 ShortDiscNonlocal: 6 DisconnectNonlocal: 7 Disconnect: 13 ConsecutiveConnectFailure: 0
05-22 02:39:08.663   815   998 D WifiScoreCard:  StatsCurr:  ConnectAttempt: 54 ConnectFailure: 0 ConnectDurSec: 759544 AssocRej: 0 AssocTimeout: 0 AuthFailure: 0 ShortDiscNonlocal: 39 DisconnectNonlocal: 53 Disconnect: 73 ConsecutiveConnectFailure: 0
05-22 02:39:08.663   815   998 D WifiScoreCard:  StatsPrev:  ConnectAttempt: 15 ConnectFailure: 0 ConnectDurSec: 211923 AssocRej: 0 AssocTimeout: 0 AuthFailure: 0 ShortDiscNonlocal: 10 DisconnectNonlocal: 19 Disconnect: 32 ConsecutiveConnectFailure: 0
05-22 02:39:08.665   815   998 D WifiClientModeImpl:  L2ConnectedState screen=on 106 0 "BOLSONARO2018" f8:2d:c0:24:9e:d2 rssi=-74 f=2417 sc=59 link=130 tx=18,8, 0,0, 0,0  rx=17,5 bcn=0 [on:0 tx:0 rx:0 period:3011] from screen [on:0 period:74173248] score=59
05-22 02:39:08.666   815   998 V WifiNetworkFactory: Accepted network request NetworkRequest [ REQUEST id=1, [ Capabilities: INTERNET&NOT_RESTRICTED&TRUSTED&NOT_VPN AdministratorUids: [] RequestorUid: 1000 RequestorPackageName: android] ]
05-22 02:39:08.666   815   998 V WifiNetworkFactory: Accepted network request NetworkRequest [ TRACK_DEFAULT id=8, [ Capabilities: INTERNET&NOT_RESTRICTED&TRUSTED Uid: 1000 AdministratorUids: [] RequestorUid: 1000 RequestorPackageName: android] ]
05-22 02:39:08.666   815   998 V WifiNetworkFactory: Accepted network request NetworkRequest [ TRACK_DEFAULT id=9, [ Capabilities: INTERNET&NOT_RESTRICTED&TRUSTED Uid: 1000 AdministratorUids: [] RequestorUid: 1000 RequestorPackageName: android] ]
05-22 02:39:08.666   815   998 V WifiNetworkFactory: Accepted network request NetworkRequest [ REQUEST id=11, [ Capabilities: INTERNET&NOT_RESTRICTED&TRUSTED&NOT_VPN AdministratorUids: [] RequestorUid: 1000 RequestorPackageName: android] ]
05-22 02:39:08.666   815   998 V WifiNetworkFactory: Accepted network request NetworkRequest [ TRACK_DEFAULT id=381, [ Capabilities: INTERNET&NOT_RESTRICTED&TRUSTED Uid: 1000 AdministratorUids: [] RequestorUid: 1000 RequestorPackageName: com.tcl.ttvs] ]
05-22 02:39:08.666   815   998 V WifiNetworkFactory: Accepted network request NetworkRequest [ TRACK_DEFAULT id=9191, [ Capabilities: INTERNET&NOT_RESTRICTED&TRUSTED Uid: 10037 AdministratorUids: [] RequestorUid: 10037 RequestorPackageName: com.google.android.gms] ]
05-22 02:39:08.667   815   998 V WifiNetworkFactory: Accepted network request NetworkRequest [ TRACK_DEFAULT id=9192, [ Capabilities: INTERNET&NOT_RESTRICTED&TRUSTED Uid: 10037 AdministratorUids: [] RequestorUid: 10037 RequestorPackageName: com.google.android.gms] ]
05-22 02:39:08.667   815   998 V WifiNetworkFactory: Accepted network request NetworkRequest [ TRACK_DEFAULT id=9196, [ Capabilities: INTERNET&NOT_RESTRICTED&TRUSTED Uid: 10042 AdministratorUids: [] RequestorUid: 10042 RequestorPackageName: com.google.android.apps.tv.launcherx] ]
05-22 02:39:08.667   815   998 V WifiNetworkFactory: Accepted network request NetworkRequest [ TRACK_DEFAULT id=9197, [ Capabilities: INTERNET&NOT_RESTRICTED&TRUSTED Uid: 10042 AdministratorUids: [] RequestorUid: 10042 RequestorPackageName: com.google.android.apps.tv.launcherx] ]
05-22 02:39:08.667   815   998 V WifiNetworkFactory: Accepted network request NetworkRequest [ TRACK_DEFAULT id=9200, [ Capabilities: INTERNET&NOT_RESTRICTED&TRUSTED Uid: 10043 AdministratorUids: [] RequestorUid: 10043 RequestorPackageName: com.google.android.apps.mediashell] ]
05-22 02:39:08.667   815   998 V WifiNetworkFactory: Accepted network request NetworkRequest [ TRACK_DEFAULT id=9202, [ Capabilities: INTERNET&NOT_RESTRICTED&TRUSTED Uid: 10037 AdministratorUids: [] RequestorUid: 10037 RequestorPackageName: com.google.android.gms] ]
05-22 02:39:08.667   815   998 V WifiNetworkFactory: Accepted network request NetworkRequest [ TRACK_DEFAULT id=9206, [ Capabilities: INTERNET&NOT_RESTRICTED&TRUSTED Uid: 10042 AdministratorUids: [] RequestorUid: 10042 RequestorPackageName: com.google.android.apps.tv.launcherx] ]
05-22 02:39:08.667   815   998 V WifiNetworkFactory: Accepted network request NetworkRequest [ TRACK_DEFAULT id=9378, [ Capabilities: INTERNET&NOT_RESTRICTED&TRUSTED Uid: 10164 AdministratorUids: [] RequestorUid: 10164 RequestorPackageName: com.redflix.tvmoderno] ]
05-22 02:39:08.690  1160  1160 D wpa_supplicant: wlan_traffic_statistics rx_byte = 3445693298 rx rate = 10 Kb/s
05-22 02:39:08.690  1160  1160 D wpa_supplicant: wlan_traffic_statistics tx_byte = 3135997928 tx rate = 73 Kb/s
05-22 02:39:09.147   405   785 I HdmieArc: earc status newStatus 0, oldStatus=EN_TOS_CEC_EARC_STATUS_HANDSHAKE
05-22 02:39:09.148   405   785 I HdmieArc: rhal earc status: 0, error code: 0 
05-22 02:39:09.212  1160  1160 D wpa_supplicant: nl80211: Drv Event 56 (NL80211_CMD_CANCEL_REMAIN_ON_CHANNEL) received for p2p0
05-22 02:39:09.212  1160  1160 D wpa_supplicant: nl80211: Remain-on-channel event (cancel=1 freq=2417 channel_type=0 duration=0 cookie=0x74e5a (match))
05-22 02:39:09.212  1160  1160 D wpa_supplicant: p2p0: Event CANCEL_REMAIN_ON_CHANNEL (20) received
05-22 02:39:09.212  1160  1160 D wpa_supplicant: P2P: Cancel remain-on-channel callback (p2p_long_listen=1905407704 ms pending_action_tx=0x0)
05-22 02:39:09.212  1160  1160 D wpa_supplicant: p2p0: Radio work 'p2p-listen'@0xaa9c3690 done in 5.031320 seconds
05-22 02:39:09.212  1160  1160 D wpa_supplicant: p2p0: radio_work_free('p2p-listen'@0xaa9c3690): num_active_works --> 0
05-22 02:39:09.212  1160  1160 D wpa_supplicant: P2P: Driver ended Listen state (freq=2417)
05-22 02:39:09.212  1160  1160 D wpa_supplicant: P2P: Continuing long Listen state
05-22 02:39:09.212  1160  1160 D wpa_supplicant: P2P: Going to listen(only) state
05-22 02:39:09.212  1160  1160 D wpa_supplicant: STA wpa_state=9 freq=2417
05-22 02:39:09.212  1160  1160 D wpa_supplicant: P2P: cfg reg_class(81) channel(2)
05-22 02:39:09.212  1160  1160 D wpa_supplicant: P2P: cfg reg_class(81) channel(2)
05-22 02:39:09.212  1160  1160 D wpa_supplicant: P2P: Set Listen channel: reg_class 81 channel 2
05-22 02:39:09.212  1160  1160 D wpa_supplicant: P2P: Defer setting listen channel
05-22 02:39:09.212  1160  1160 D wpa_supplicant: P2P: p2p listen class(81)/channel(2)
05-22 02:39:09.212  1160  1160 D wpa_supplicant: WPS:  * Version (hardcoded 0x10)
05-22 02:39:09.212  1160  1160 D wpa_supplicant: WPS:  * UUID-E
05-22 02:39:09.212  1160  1160 D wpa_supplicant: WPS:  * Version2 (0x20)
05-22 02:39:09.212  1160  1160 D wpa_supplicant: P2P: * P2P IE header
05-22 02:39:09.212  1160  1160 D wpa_supplicant: P2P: * Capability dev=25 group=00
05-22 02:39:09.212  1160  1160 D wpa_supplicant: P2P: * Listen Channel: Regulatory Class 81 Channel 2
05-22 02:39:09.212  1160  1160 D wpa_supplicant: P2P: * Device Info
05-22 02:39:09.212  1160  1160 D wpa_supplicant: p2p0: Add radio work 'p2p-listen'@0xaa9c3690
05-22 02:39:09.212  1160  1160 D wpa_supplicant: p2p0: First radio work item in the queue - schedule start immediately
05-22 02:39:09.212  1160  1160 D wpa_supplicant: P2P: State LISTEN_ONLY -> LISTEN_ONLY
05-22 02:39:09.212  1160  1160 D wpa_supplicant: p2p0: Starting radio work 'p2p-listen'@0xaa9c3690 after 0.000078 second wait
05-22 02:39:09.212  1160  1160 D wpa_supplicant: nl80211: Probe Request reporting already on! nl_preq=0x2228ad19
05-22 02:39:09.212  1160  1160 D wpa_supplicant: nl80211: Remain-on-channel cookie 0x74e5b for freq=2417 MHz duration=5000
05-22 02:39:09.228  1160  1160 D wpa_supplicant: P2P: Timeout (state=LISTEN_ONLY)
05-22 02:39:09.238  1160  1160 D wpa_supplicant: nl80211: Drv Event 55 (NL80211_CMD_REMAIN_ON_CHANNEL) received for p2p0
05-22 02:39:09.238  1160  1160 D wpa_supplicant: nl80211: Remain-on-channel event (cancel=0 freq=2417 channel_type=0 duration=5000 cookie=0x74e5b (match))
05-22 02:39:09.238  1160  1160 D wpa_supplicant: p2p0: Event REMAIN_ON_CHANNEL (19) received
05-22 02:39:09.238  1160  1160 D wpa_supplicant: Off-channel: Send Action callback (without_roc=0 pending_action_tx=0x0 pending_action_tx_done=0)
05-22 02:39:09.238  1160  1160 D wpa_supplicant: P2P: remain-on-channel callback (off_channel_freq=2417 pending_listen_freq=2417 roc_waiting_drv_freq=0 freq=2417 duration=5000)
05-22 02:39:09.238  1160  1160 D wpa_supplicant: STA wpa_state=9 freq=2417
05-22 02:39:09.238  1160  1160 D wpa_supplicant: P2P: Starting Listen timeout(5,0) on freq=2417 based on callback
05-22 02:39:09.238  1160  1160 D wpa_supplicant: P2P: Set timeout (state=LISTEN_ONLY): 5.020000 sec
05-22 02:39:09.371  1052  1417 I TGuardMemoryManagerMemoryInfoManager: com.redflix.tvmoderno avgPss is 83686  predictSize is 83686
05-22 02:39:09.371  1052  1417 I TGuardMemoryManagerMemoryStrategy: unit(kb),need=83686,lost=0,swapFree=111940,memAvail=503240,WarningThreshold=183994,realAvail=319246,realNeed=-235560
05-22 02:39:09.371  1052  1417 D NativeJni: start GetKswapdHigh, zone info path = /proc/zoneinfo
05-22 02:39:09.372  1052  1417 D NativeJni: get high size = 7291 page
05-22 02:39:09.372  1052  1417 D NativeJni: start GetKswapdLow, zone info path = /proc/zoneinfo
05-22 02:39:09.372  1052  1417 D NativeJni: get high size = 6710 page
05-22 02:39:09.372  1052  1417 D NativeJni: start GetKswapdMin, zone info path = /proc/zoneinfo
05-22 02:39:09.373  1052  1417 D NativeJni: get high size = 778 page
05-22 02:39:09.373  1052  1404 I TGuardMemoryManagerKillHandler: kill max rank = 3
05-22 02:39:09.373  1052  1404 I TGuardMemoryManagerKillHandler: rank[0, 19]:skipped kill for children size is 0:
05-22 02:39:09.373  1052  1404 I TGuardMemoryManagerKillHandler: rank[0, 18]:skipped kill for children size is 0:com.google.android.gms.persistent
05-22 02:39:09.373  1052  1417 I TGuardMemoryManagerMemoryStrategy: free=77948,wartermark=(29164,26840,3112),swapfree=111940
05-22 02:39:09.373  1052  1404 I TGuardMemoryManagerKillHandler: rank[0, 17]:skipped kill for children size is 0:com.google.android.webview:sandboxed_process0:org.chromium.content.app.SandboxedProcessService0:0
05-22 02:39:09.373  1052  1404 I TGuardMemoryManagerKillHandler: rank[0, 16]:skipped kill for children size is 0:com.android.vending:quick_launch
05-22 02:39:09.373  1052  1404 I TGuardMemoryManagerKillHandler: rank[0, 15]:skipped kill for children size is 0:android.process.media
05-22 02:39:09.373  1052  1404 I TGuardMemoryManagerKillHandler: rank[0, 14]:skipped kill for children size is 0:com.google.android.webview:webview_apk
05-22 02:39:09.373  1052  1404 I TGuardMemoryManagerKillHandler: rank[0, 13]:skipped kill for children size is 0:com.google.android.apps.tv.launcherx:coreservices
05-22 02:39:09.373  1052  1404 I TGuardMemoryManagerKillHandler: rank[0, 12]:skipped kill for children size is 0:com.redflix.tvmoderno
05-22 02:39:09.373  1052  1404 I TGuardMemoryManagerKillHandler: rank[0, 11]:skipped kill for children size is 0:com.google.android.webview:sandboxed_process0:org.chromium.content.app.SandboxedProcessService0:1
05-22 02:39:09.373  1052  1404 I TGuardMemoryManagerKillHandler: rank[0, 10]:skipped kill for children size is 0:android:ui
05-22 02:39:09.373  1052  1404 I TGuardMemoryManagerKillHandler: rank[0, 9]:skipped kill for children size is 0:com.google.android.gms.unstable
05-22 02:39:09.373  1052  1404 I TGuardMemoryManagerKillHandler: rank[0, 8]:skipped kill for children size is 0:com.google.android.webview:webview_service
05-22 02:39:09.374  1052  1404 I TGuardMemoryManagerKillHandler: rank[0, 7]:skipped kill for children size is 0:com.redflix.tvmoderno
05-22 02:39:09.374  1052  1404 I TGuardMemoryManagerKillHandler: rank[0, 6]:skipped kill for children size is 0:com.android.vending:background
05-22 02:39:09.374  1052  1404 I TGuardMemoryManagerKillHandler: rank[0, 5]:skipped kill for children size is 0:com.redflix.tvmoderno
05-22 02:39:09.374  1052  1404 I TGuardMemoryManagerKillHandler: rank[0, 4]:skipped kill for children size is 0:com.google.android.apps.tv.dreamx:smarthome
05-22 02:39:09.374  1052  1404 I TGuardMemoryManagerKillHandler: rank[0, 3]:skipped kill for children size is 0:com.google.android.youtube.tv.recommendations
05-22 02:39:09.374  1052  1404 I TGuardMemoryManagerKillHandler: rank[0, 2]:skipped kill for children size is 0:com.google.process.gapps
05-22 02:39:09.374  1052  1404 I TGuardMemoryManagerKillHandler: rank[0, 1]:skipped kill for children size is 0:system
05-22 02:39:09.374  1052  1404 I TGuardMemoryManagerKillHandler: rank[0, 0]:skipped kill for children size is 0:com.google.process.gservices
05-22 02:39:09.374  1052  1404 I TGuardMemoryManagerKillHandler: rank[2, 29]:skipped kill white list:com.android.providers.media.module,pss=15894
05-22 02:39:09.374  1052  1404 I TGuardMemoryManagerKillHandler: prepare package: com.google.android.gms, rank = 2, reason = tguard-kill-Gms, isUseHighCpu = false
05-22 02:39:09.374  1052  1404 D NativeJni: get -1 process level 2 memory failed(No such process)
05-22 02:39:09.374  1052  1404 D NativeJni: get -1 process level 2 memory failed(No such process)
05-22 02:39:09.375  1052  1404 I TGuardMemoryManagerKillHandler: res = 0 noneExist:0 allToKill:2
05-22 02:39:09.375  1052  1404 I TGuardMemoryManagerKillHandler: prepare package: com.android.externalstorage, rank = 2, reason = tguard-kill-SystemApp, isUseHighCpu = false
05-22 02:39:09.375  1052  1404 I TGuardMemoryManagerKillHandler: res = 0 noneExist:0 allToKill:1
05-22 02:39:09.375  1052  1404 I TGuardMemoryManagerKillHandler: rank[2, 22]:skipped kill white list:com.android.bluetooth,pss=9508
05-22 02:39:09.375  1052  1404 I TGuardMemoryManagerKillHandler: rank[2, 21]: skipped kill as auto restart:com.google.android.gms,pss=79496
05-22 02:39:09.375  1052  1404 I TGuardMemoryManagerKillHandler: memory, finish kill total size:0 realNeed:0 cacheFreed:0
05-22 02:39:09.720   815  1009 D DeviceStorageMonitorService: updateBroadcasts,oldlevel is 0,newLevel is 0
05-22 02:39:10.148   405   785 I HdmieArc: earc status newStatus 0, oldStatus=EN_TOS_CEC_EARC_STATUS_HANDSHAKE
05-22 02:39:10.148   405   785 I HdmieArc: rhal earc status: 0, error code: 0 
05-22 02:39:10.692  1160  1160 D wpa_supplicant: wlan_traffic_statistics rx_byte = 3445697106 rx rate = 14 Kb/s
05-22 02:39:10.692  1160  1160 D wpa_supplicant: wlan_traffic_statistics tx_byte = 3136022104 tx rate = 94 Kb/s
05-22 02:39:11.148   405   785 I HdmieArc: earc status newStatus 0, oldStatus=EN_TOS_CEC_EARC_STATUS_HANDSHAKE
05-22 02:39:11.148   405   785 I HdmieArc: rhal earc status: 0, error code: 0 
05-22 02:39:11.355   821  2012 D TVKitService: getProjectID
05-22 02:39:11.355   821  2012 D DeviceInfoImpl: getProjectID from map is 4357
05-22 02:39:11.356  2458  2458 I TCL_DeviceInfo: id = 4357
05-22 02:39:11.356  2458  2458 E TCL_DeviceInfo: from sita get client type is TCL-LA-RTD51A-S1
05-22 02:39:11.357   821  2012 D TVKitService: getSoftwareVersion
05-22 02:39:11.357   821  2012 D DeviceInfoImpl: getSoftwareVersion is V8-R51AT01-LF1V126
05-22 02:39:11.357  2458  2458 I TCL_DeviceInfo: ret  = V8-R51AT01-LF1V126
05-22 02:39:11.358   815  1981 I WifiService: getConnectionInfo uid=1000
05-22 02:39:11.668   815   998 E WifiVendorHal: getWifiLinkLayerStats_1_3_Internal(l.978) failed {.code = ERROR_NOT_SUPPORTED, .description = }
05-22 02:39:11.675   815   998 D WifiClientModeImpl: fetchRssiLinkSpeedAndFrequencyNative rssi=-66 TxLinkspeed=130 freq=2417 RxLinkSpeed=0
05-22 02:39:11.675   815   998 D WifiDataStall: tx tput in kbps: -1000
05-22 02:39:11.675   815   998 D WifiDataStall: rx tput in kbps: -1000
05-22 02:39:11.675   815   998 D WifiClientModeImpl: tx tput in kbps: -1000
05-22 02:39:11.675   815   998 D WifiClientModeImpl: rx tput in kbps: -1000
05-22 02:39:11.676   815   998 V WifiConfigManager: Updating scan detail cache freq=2417 BSSID=f8:2d:c0:24:9e:d2 RSSI=-68 for "BOLSONARO2018"WPA_PSK
05-22 02:39:11.677   815   998 D WifiScoreReport: report new wifi score 60
05-22 02:39:11.677   815   998 D WifiThroughputPredictor:  utilization (BssLoad) -1 utilization (LLStats) 80 isBluetoothConnected: false final utilization: 80
05-22 02:39:11.677   815   998 D WifiThroughputPredictor:  utilization (BssLoad) -1 utilization (LLStats) 80 isBluetoothConnected: false final utilization: 80
05-22 02:39:11.679   815   998 D WifiScoreCard: BSSID update SIGNAL_POLL ID: 398514962 SSID: BOLSONARO2018, BSSID: f8:2d:c0:24:9e:d2, MAC: 64:57:25:8c:68:c1, Supplicant state: COMPLETED, Wi-Fi standard: 0, RSSI: -66, Link speed: 130Mbps, Tx Link speed: 130Mbps, Max Supported Tx Link speed: -1Mbps, Rx Link speed: -1Mbps, Max Supported Rx Link speed: -1Mbps, Frequency: 2417MHz, Net ID: 0, Metered hint: false, score: 60
05-22 02:39:11.680   815   998 D WifiScoreCard: txRate: 31 txSpeed: 130
05-22 02:39:11.680   815   998 D WifiScoreCard: network update SIGNAL_POLL "BOLSONARO2018" ID: 976476524 RSSI -66 txSpeed 130
05-22 02:39:11.680   815   998 D WifiScoreCard: SSID: "BOLSONARO2018"
05-22 02:39:11.680   815   998 D WifiScoreCard:  LastRssiPollTime: 1509090043 LastRssiPoll: -66 LastTxSpeedPoll: 130
05-22 02:39:11.680   815   998 D WifiScoreCard:  StatsRecent:  ConnectAttempt: 4 ConnectFailure: 0 ConnectDurSec: 5179065 AssocRej: 0 AssocTimeout: 0 AuthFailure: 0 ShortDiscNonlocal: 6 DisconnectNonlocal: 7 Disconnect: 13 ConsecutiveConnectFailure: 0
05-22 02:39:11.680   815   998 D WifiScoreCard:  StatsCurr:  ConnectAttempt: 54 ConnectFailure: 0 ConnectDurSec: 759544 AssocRej: 0 AssocTimeout: 0 AuthFailure: 0 ShortDiscNonlocal: 39 DisconnectNonlocal: 53 Disconnect: 73 ConsecutiveConnectFailure: 0
05-22 02:39:11.680   815   998 D WifiScoreCard:  StatsPrev:  ConnectAttempt: 15 ConnectFailure: 0 ConnectDurSec: 211923 AssocRej: 0 AssocTimeout: 0 AuthFailure: 0 ShortDiscNonlocal: 10 DisconnectNonlocal: 19 Disconnect: 32 ConsecutiveConnectFailure: 0
05-22 02:39:11.682   815  1002 D ConnectivityService: NetReassign [no changes]
05-22 02:39:11.682   815  1035 D EthernetNetworkFactory: acceptRequest, request: NetworkRequest [ REQUEST id=1, [ Capabilities: INTERNET&NOT_RESTRICTED&TRUSTED&NOT_VPN AdministratorUids: [] RequestorUid: 1000 RequestorPackageName: android] ], score: 60
05-22 02:39:11.682   815   998 D WifiClientModeImpl:  L2ConnectedState screen=on 106 0 "BOLSONARO2018" f8:2d:c0:24:9e:d2 rssi=-66 f=2417 sc=60 link=130 tx=30,5, 0,0, 0,0  rx=24,5 bcn=0 [on:0 tx:0 rx:0 period:3016] from screen [on:0 period:74176265] score=60
05-22 02:39:11.682   815  1035 I EthernetNetworkFactory: networkForRequest, request: NetworkRequest [ REQUEST id=1, [ Capabilities: INTERNET&NOT_RESTRICTED&TRUSTED&NOT_VPN AdministratorUids: [] RequestorUid: 1000 RequestorPackageName: android] ], network: null
05-22 02:39:11.684   815   998 V WifiNetworkFactory: Accepted network request NetworkRequest [ REQUEST id=1, [ Capabilities: INTERNET&NOT_RESTRICTED&TRUSTED&NOT_VPN AdministratorUids: [] RequestorUid: 1000 RequestorPackageName: android] ]
05-22 02:39:11.686   815   998 V WifiNetworkFactory: Accepted network request NetworkRequest [ TRACK_DEFAULT id=8, [ Capabilities: INTERNET&NOT_RESTRICTED&TRUSTED Uid: 1000 AdministratorUids: [] RequestorUid: 1000 RequestorPackageName: android] ]
05-22 02:39:11.686   815   998 V WifiNetworkFactory: Accepted network request NetworkRequest [ TRACK_DEFAULT id=9, [ Capabilities: INTERNET&NOT_RESTRICTED&TRUSTED Uid: 1000 AdministratorUids: [] RequestorUid: 1000 RequestorPackageName: android] ]
05-22 02:39:11.686   815   998 V WifiNetworkFactory: Accepted network request NetworkRequest [ REQUEST id=11, [ Capabilities: INTERNET&NOT_RESTRICTED&TRUSTED&NOT_VPN AdministratorUids: [] RequestorUid: 1000 RequestorPackageName: android] ]
05-22 02:39:11.686   815  1035 D EthernetNetworkFactory: acceptRequest, request: NetworkRequest [ REQUEST id=11, [ Capabilities: INTERNET&NOT_RESTRICTED&TRUSTED&NOT_VPN AdministratorUids: [] RequestorUid: 1000 RequestorPackageName: android] ], score: 60
05-22 02:39:11.686   815  1035 I EthernetNetworkFactory: networkForRequest, request: NetworkRequest [ REQUEST id=11, [ Capabilities: INTERNET&NOT_RESTRICTED&TRUSTED&NOT_VPN AdministratorUids: [] RequestorUid: 1000 RequestorPackageName: android] ], network: null
05-22 02:39:11.686   815   998 V WifiNetworkFactory: Accepted network request NetworkRequest [ TRACK_DEFAULT id=381, [ Capabilities: INTERNET&NOT_RESTRICTED&TRUSTED Uid: 1000 AdministratorUids: [] RequestorUid: 1000 RequestorPackageName: com.tcl.ttvs] ]
05-22 02:39:11.687   815   998 V WifiNetworkFactory: Accepted network request NetworkRequest [ TRACK_DEFAULT id=9191, [ Capabilities: INTERNET&NOT_RESTRICTED&TRUSTED Uid: 10037 AdministratorUids: [] RequestorUid: 10037 RequestorPackageName: com.google.android.gms] ]
05-22 02:39:11.688   815   998 V WifiNetworkFactory: Accepted network request NetworkRequest [ TRACK_DEFAULT id=9192, [ Capabilities: INTERNET&NOT_RESTRICTED&TRUSTED Uid: 10037 AdministratorUids: [] RequestorUid: 10037 RequestorPackageName: com.google.android.gms] ]
05-22 02:39:11.688   815   998 V WifiNetworkFactory: Accepted network request NetworkRequest [ TRACK_DEFAULT id=9196, [ Capabilities: INTERNET&NOT_RESTRICTED&TRUSTED Uid: 10042 AdministratorUids: [] RequestorUid: 10042 RequestorPackageName: com.google.android.apps.tv.launcherx] ]
05-22 02:39:11.688   815   998 V WifiNetworkFactory: Accepted network request NetworkRequest [ TRACK_DEFAULT id=9197, [ Capabilities: INTERNET&NOT_RESTRICTED&TRUSTED Uid: 10042 AdministratorUids: [] RequestorUid: 10042 RequestorPackageName: com.google.android.apps.tv.launcherx] ]
05-22 02:39:11.688   815   998 V WifiNetworkFactory: Accepted network request NetworkRequest [ TRACK_DEFAULT id=9200, [ Capabilities: INTERNET&NOT_RESTRICTED&TRUSTED Uid: 10043 AdministratorUids: [] RequestorUid: 10043 RequestorPackageName: com.google.android.apps.mediashell] ]
05-22 02:39:11.688   815   998 V WifiNetworkFactory: Accepted network request NetworkRequest [ TRACK_DEFAULT id=9202, [ Capabilities: INTERNET&NOT_RESTRICTED&TRUSTED Uid: 10037 AdministratorUids: [] RequestorUid: 10037 RequestorPackageName: com.google.android.gms] ]
05-22 02:39:11.689   815   998 V WifiNetworkFactory: Accepted network request NetworkRequest [ TRACK_DEFAULT id=9206, [ Capabilities: INTERNET&NOT_RESTRICTED&TRUSTED Uid: 10042 AdministratorUids: [] RequestorUid: 10042 RequestorPackageName: com.google.android.apps.tv.launcherx] ]
05-22 02:39:11.689   815   998 V WifiNetworkFactory: Accepted network request NetworkRequest [ TRACK_DEFAULT id=9378, [ Capabilities: INTERNET&NOT_RESTRICTED&TRUSTED Uid: 10164 AdministratorUids: [] RequestorUid: 10164 RequestorPackageName: com.redflix.tvmoderno] ]
05-22 02:39:12.148   405   785 I HdmieArc: earc status newStatus 0, oldStatus=EN_TOS_CEC_EARC_STATUS_HANDSHAKE
05-22 02:39:12.149   405   785 I HdmieArc: rhal earc status: 0, error code: 0 
05-22 02:39:12.694  1160  1160 D wpa_supplicant: wlan_traffic_statistics rx_byte = 3445699522 rx rate = 9 Kb/s
05-22 02:39:12.694  1160  1160 D wpa_supplicant: wlan_traffic_statistics tx_byte = 3136042401 tx rate = 79 Kb/s
05-22 02:39:13.106  2458  3731 D TCastPublishOverUdp: ad4635c@sendOnline
05-22 02:39:13.149   405   785 I HdmieArc: earc status newStatus 0, oldStatus=EN_TOS_CEC_EARC_STATUS_HANDSHAKE
05-22 02:39:13.149   405   785 I HdmieArc: rhal earc status: 0, error code: 0 
05-22 02:39:14.149   405   785 I HdmieArc: earc status newStatus 0, oldStatus=EN_TOS_CEC_EARC_STATUS_HANDSHAKE
05-22 02:39:14.149   405   785 I HdmieArc: rhal earc status: 0, error code: 0 
05-22 02:39:14.260  1160  1160 D wpa_supplicant: P2P: Timeout (state=LISTEN_ONLY)
05-22 02:39:14.260  1160  1160 D wpa_supplicant: P2P: Driver is still in listen state - stop it
05-22 02:39:14.260  1160  1160 D wpa_supplicant: nl80211: Cancel remain-on-channel with cookie 0x74e5b
05-22 02:39:14.260  1160  1160 D wpa_supplicant: nl80211: Disable Probe Request reporting nl_preq=0x2228ad19
05-22 02:39:14.260  1160  1160 D wpa_supplicant: p2p0: Radio work 'p2p-listen'@0xaa9c3690 done in 5.047697 seconds
05-22 02:39:14.260  1160  1160 D wpa_supplicant: p2p0: radio_work_free('p2p-listen'@0xaa9c3690): num_active_works --> 0
05-22 02:39:14.260  1160  1160 D wpa_supplicant: nl80211: Drv Event 56 (NL80211_CMD_CANCEL_REMAIN_ON_CHANNEL) received for p2p0
05-22 02:39:14.260  1160  1160 D wpa_supplicant: nl80211: Remain-on-channel event (cancel=1 freq=2417 channel_type=0 duration=0 cookie=0x74e5b (match))
05-22 02:39:14.260  1160  1160 D wpa_supplicant: p2p0: Event CANCEL_REMAIN_ON_CHANNEL (20) received
05-22 02:39:14.260  1160  1160 D wpa_supplicant: P2P: Cancel remain-on-channel callback (p2p_long_listen=1905402704 ms pending_action_tx=0x0)
05-22 02:39:14.260  1160  1160 D wpa_supplicant: P2P: Driver ended Listen state (freq=2417)
05-22 02:39:14.260  1160  1160 D wpa_supplicant: P2P: Continuing long Listen state
05-22 02:39:14.260  1160  1160 D wpa_supplicant: P2P: Going to listen(only) state
05-22 02:39:14.260  1160  1160 D wpa_supplicant: STA wpa_state=9 freq=2417
05-22 02:39:14.260  1160  1160 D wpa_supplicant: P2P: cfg reg_class(81) channel(2)
05-22 02:39:14.260  1160  1160 D wpa_supplicant: P2P: cfg reg_class(81) channel(2)
05-22 02:39:14.260  1160  1160 D wpa_supplicant: P2P: Set Listen channel: reg_class 81 channel 2
05-22 02:39:14.260  1160  1160 D wpa_supplicant: P2P: Defer setting listen channel
05-22 02:39:14.260  1160  1160 D wpa_supplicant: P2P: p2p listen class(81)/channel(2)
05-22 02:39:14.260  1160  1160 D wpa_supplicant: WPS:  * Version (hardcoded 0x10)
05-22 02:39:14.260  1160  1160 D wpa_supplicant: WPS:  * UUID-E
05-22 02:39:14.260  1160  1160 D wpa_supplicant: WPS:  * Version2 (0x20)
05-22 02:39:14.260  1160  1160 D wpa_supplicant: P2P: * P2P IE header
05-22 02:39:14.260  1160  1160 D wpa_supplicant: P2P: * Capability dev=25 group=00
05-22 02:39:14.260  1160  1160 D wpa_supplicant: P2P: * Listen Channel: Regulatory Class 81 Channel 2
05-22 02:39:14.260  1160  1160 D wpa_supplicant: P2P: * Device Info
05-22 02:39:14.260  1160  1160 D wpa_supplicant: p2p0: Add radio work 'p2p-listen'@0xaa9c3690
05-22 02:39:14.260  1160  1160 D wpa_supplicant: p2p0: First radio work item in the queue - schedule start immediately
05-22 02:39:14.260  1160  1160 D wpa_supplicant: P2P: State LISTEN_ONLY -> LISTEN_ONLY
05-22 02:39:14.260  1160  1160 D wpa_supplicant: p2p0: Starting radio work 'p2p-listen'@0xaa9c3690 after 0.000064 second wait
05-22 02:39:14.261  1160  1160 D wpa_supplicant: nl80211: Enable Probe Request reporting nl_preq=0xaaa02590
05-22 02:39:14.261  1160  1160 D wpa_supplicant: nl80211: Register frame type=0x40 (WLAN_FC_STYPE_PROBE_REQ) nl_handle=0xaaa02590 match= multicast=0
05-22 02:39:14.261  1160  1160 D wpa_supplicant: nl80211: Remain-on-channel cookie 0x74e5c for freq=2417 MHz duration=5000
05-22 02:39:14.287  1160  1160 D wpa_supplicant: nl80211: Drv Event 55 (NL80211_CMD_REMAIN_ON_CHANNEL) received for p2p0
05-22 02:39:14.287  1160  1160 D wpa_supplicant: nl80211: Remain-on-channel event (cancel=0 freq=2417 channel_type=0 duration=5000 cookie=0x74e5c (match))
05-22 02:39:14.287  1160  1160 D wpa_supplicant: p2p0: Event REMAIN_ON_CHANNEL (19) received
05-22 02:39:14.287  1160  1160 D wpa_supplicant: Off-channel: Send Action callback (without_roc=0 pending_action_tx=0x0 pending_action_tx_done=0)
05-22 02:39:14.287  1160  1160 D wpa_supplicant: P2P: remain-on-channel callback (off_channel_freq=2417 pending_listen_freq=2417 roc_waiting_drv_freq=0 freq=2417 duration=5000)
05-22 02:39:14.287  1160  1160 D wpa_supplicant: STA wpa_state=9 freq=2417
05-22 02:39:14.287  1160  1160 D wpa_supplicant: P2P: Starting Listen timeout(5,0) on freq=2417 based on callback
05-22 02:39:14.287  1160  1160 D wpa_supplicant: P2P: Set timeout (state=LISTEN_ONLY): 5.020000 sec
05-22 02:39:14.684   815   998 E WifiVendorHal: getWifiLinkLayerStats_1_3_Internal(l.978) failed {.code = ERROR_NOT_SUPPORTED, .description = }
05-22 02:39:14.691   815   998 D WifiClientModeImpl: fetchRssiLinkSpeedAndFrequencyNative rssi=-66 TxLinkspeed=130 freq=2417 RxLinkSpeed=0
05-22 02:39:14.691   815   998 V WifiConfigManager: Updating scan detail cache freq=2417 BSSID=f8:2d:c0:24:9e:d2 RSSI=-66 for "BOLSONARO2018"WPA_PSK
05-22 02:39:14.692   815   998 D WifiThroughputPredictor:  utilization (BssLoad) -1 utilization (LLStats) 80 isBluetoothConnected: false final utilization: 80
05-22 02:39:14.692   815   998 D WifiThroughputPredictor:  utilization (BssLoad) -1 utilization (LLStats) 80 isBluetoothConnected: false final utilization: 80
05-22 02:39:14.692   815   998 D WifiScoreCard: BSSID update SIGNAL_POLL ID: 398514962 SSID: BOLSONARO2018, BSSID: f8:2d:c0:24:9e:d2, MAC: 64:57:25:8c:68:c1, Supplicant state: COMPLETED, Wi-Fi standard: 0, RSSI: -66, Link speed: 130Mbps, Tx Link speed: 130Mbps, Max Supported Tx Link speed: -1Mbps, Rx Link speed: -1Mbps, Max Supported Rx Link speed: -1Mbps, Frequency: 2417MHz, Net ID: 0, Metered hint: false, score: 60
05-22 02:39:14.692   815   998 D WifiScoreCard: txRate: 26 txSpeed: 130
05-22 02:39:14.693   815   998 D WifiScoreCard: network update SIGNAL_POLL "BOLSONARO2018" ID: 976476524 RSSI -66 txSpeed 130
05-22 02:39:14.693   815   998 D WifiScoreCard: SSID: "BOLSONARO2018"
05-22 02:39:14.693   815   998 D WifiScoreCard:  LastRssiPollTime: 1509093056 LastRssiPoll: -66 LastTxSpeedPoll: 130
05-22 02:39:14.693   815   998 D WifiScoreCard:  StatsRecent:  ConnectAttempt: 4 ConnectFailure: 0 ConnectDurSec: 5179065 AssocRej: 0 AssocTimeout: 0 AuthFailure: 0 ShortDiscNonlocal: 6 DisconnectNonlocal: 7 Disconnect: 13 ConsecutiveConnectFailure: 0
05-22 02:39:14.693   815   998 D WifiScoreCard:  StatsCurr:  ConnectAttempt: 54 ConnectFailure: 0 ConnectDurSec: 759544 AssocRej: 0 AssocTimeout: 0 AuthFailure: 0 ShortDiscNonlocal: 39 DisconnectNonlocal: 53 Disconnect: 73 ConsecutiveConnectFailure: 0
05-22 02:39:14.693   815   998 D WifiScoreCard:  StatsPrev:  ConnectAttempt: 15 ConnectFailure: 0 ConnectDurSec: 211923 AssocRej: 0 AssocTimeout: 0 AuthFailure: 0 ShortDiscNonlocal: 10 DisconnectNonlocal: 19 Disconnect: 32 ConsecutiveConnectFailure: 0
05-22 02:39:14.694  1160  1160 D wpa_supplicant: wlan_traffic_statistics rx_byte = 3445701708 rx rate = 8 Kb/s
05-22 02:39:14.694  1160  1160 D wpa_supplicant: wlan_traffic_statistics tx_byte = 3136055703 tx rate = 51 Kb/s
05-22 02:39:14.695   815   998 D WifiClientModeImpl:  L2ConnectedState screen=on 106 0 "BOLSONARO2018" f8:2d:c0:24:9e:d2 rssi=-66 f=2417 sc=60 link=130 tx=25,4, 0,0, 0,0  rx=19,5 bcn=0 [on:0 tx:0 rx:0 period:3010] from screen [on:0 period:74179277] score=60
05-22 02:39:15.149   405   785 I HdmieArc: earc status newStatus 0, oldStatus=EN_TOS_CEC_EARC_STATUS_HANDSHAKE
05-22 02:39:15.149   405   785 I HdmieArc: rhal earc status: 0, error code: 0 
05-22 02:39:16.150   405   785 I HdmieArc: earc status newStatus 0, oldStatus=EN_TOS_CEC_EARC_STATUS_HANDSHAKE
05-22 02:39:16.150   405   785 I HdmieArc: rhal earc status: 0, error code: 0 
05-22 02:39:16.365   821  2012 D TVKitService: getProjectID
05-22 02:39:16.365   821  2012 D DeviceInfoImpl: getProjectID from map is 4357
05-22 02:39:16.366  2458  2458 I TCL_DeviceInfo: id = 4357
05-22 02:39:16.367  2458  2458 E TCL_DeviceInfo: from sita get client type is TCL-LA-RTD51A-S1
05-22 02:39:16.368   821  2012 D TVKitService: getSoftwareVersion
05-22 02:39:16.368   821  2012 D DeviceInfoImpl: getSoftwareVersion is V8-R51AT01-LF1V126
