05-22 02:37:21.515 11818 12067 I chatty  : uid=10334(com.redflix.tvmoderno) pool-2-thread-1 expire 9 lines
05-22 02:37:21.517 11818 12283 I chatty  : uid=10334(com.redflix.tvmoderno) pool-2-thread-1 expire 9 lines
05-22 02:37:21.525 11818 13184 I chatty  : uid=10334(com.redflix.tvmoderno) pool-2-thread-1 expire 15 lines
05-22 02:37:21.696   305   305 W IMGMemtrackHAL: hal_get_memory: memtrack cache rebuild was required
05-22 02:37:22.096  1318  1318 I main.wifi_score: dump_wifi_score_ctxt(): is2g=0, is11ac=1, is11ax=0, chan_bw=80, nss=2, bcn_rssi=-56, data_rssi=-59, tx_ok=5633396, tx_failed=53944, cca_idle_pct=99
05-22 02:37:22.096  1318  1318 I main.wifi_score: dump_wifi_score_ctxt(): last_tx_stats: sgi=0, pream=0, mcs=24, ss=0, bw=0
05-22 02:37:22.593  3474  3583 I NetworkMonitorStates: Network capabilities changed: 100, hasValidatedInternet=true, validatedNetworks: [100]
05-22 02:37:22.593  3474  3583 I NetworkMonitorStates: checkInternetState: validatedNetworks=[100], result=Available
05-22 02:37:22.593  3474  3583 I NetworkMonitorStates: updateInternetState: Available -> Available
05-22 02:37:22.599   530   659 I ArcusSyncManager/AmazonInputManager: onCapabilitiesChanged arcusId: arn:aws:remote-config:us-west-2:148732287600:appConfig:aezitige
05-22 02:37:22.600   530   659 I ArcusSyncManager/AmazonInputManager: onCapabilitiesChanged arcusId: arn:aws:remote-config:us-west-2:148732287600:appConfig:a06u7jxn
05-22 02:37:22.602  2597  2642 I ArcusSyncManager/RemoteDeviceManagerArcus: onCapabilitiesChanged arcusId: arn:aws:remote-config:us-west-2:875023860230:appConfig:aenxb37n
05-22 02:37:22.718   305   305 W IMGMemtrackHAL: hal_get_memory: memtrack cache rebuild was required
05-22 02:37:23.711   305   305 W IMGMemtrackHAL: hal_get_memory: memtrack cache rebuild was required
05-22 02:37:24.718   305   305 W IMGMemtrackHAL: hal_get_memory: memtrack cache rebuild was required
05-22 02:37:25.587   530  1603 E SELinux : avc:  denied  { see_home_task } for  scontext=u:r:platform_app:s0:c512,c768 tcontext=u:r:system_server:s0 tclass=amazon_policies permissive=0
05-22 02:37:25.590   822  3779 I NwkMonitor.NwkMonitor: foreground app com.redflix.tvmoderno
05-22 02:37:25.603   530   659 I ArcusSyncManager/AmazonInputManager: onCapabilitiesChanged arcusId: arn:aws:remote-config:us-west-2:148732287600:appConfig:aezitige
05-22 02:37:25.604   530   659 I ArcusSyncManager/AmazonInputManager: onCapabilitiesChanged arcusId: arn:aws:remote-config:us-west-2:148732287600:appConfig:a06u7jxn
05-22 02:37:25.606  3474  3583 I NetworkMonitorStates: Network capabilities changed: 100, hasValidatedInternet=true, validatedNetworks: [100]
05-22 02:37:25.606  3474  3583 I NetworkMonitorStates: checkInternetState: validatedNetworks=[100], result=Available
05-22 02:37:25.606  3474  3583 I NetworkMonitorStates: updateInternetState: Available -> Available
05-22 02:37:25.611  2597  2642 I ArcusSyncManager/RemoteDeviceManagerArcus: onCapabilitiesChanged arcusId: arn:aws:remote-config:us-west-2:875023860230:appConfig:aenxb37n
05-22 02:37:25.716   305   305 W IMGMemtrackHAL: hal_get_memory: memtrack cache rebuild was required
05-22 02:37:26.410   530   631 W BestClock: java.time.DateTimeException: Missing NTP fix
05-22 02:37:26.450   530   631 W BestClock: java.time.DateTimeException: Missing NTP fix
05-22 02:37:26.455   530   632 W BestClock: java.time.DateTimeException: Missing NTP fix
05-22 02:37:26.716   305   305 W IMGMemtrackHAL: hal_get_memory: memtrack cache rebuild was required
05-22 02:37:27.198  1318  1318 I main.wifi_score: dump_wifi_score_ctxt(): is2g=0, is11ac=1, is11ax=0, chan_bw=80, nss=2, bcn_rssi=-56, data_rssi=-61, tx_ok=5633479, tx_failed=53944, cca_idle_pct=98
05-22 02:37:27.198  1318  1318 I main.wifi_score: dump_wifi_score_ctxt(): last_tx_stats: sgi=0, pream=2, mcs=9, ss=2, bw=2
05-22 02:37:27.198  1318  1318 I main.wifi_score: cca_idle 98%, bcn_rssi -56, data_rssi -61, per 0% (ok=191, failed=0), AC MCS 9, BW 2 SS 2  780mbps, AMPDU length 64, dur 1167us UDP tput 500mbps.
05-22 02:37:27.198  1318  1318 I main.wifi_score: Score 6, mcs 90 (phyrate cur/min/avg/max= 780/6/779/780 mbps), expected  UDP throughput cur/min/avg/max= 500/1/499/500 mbps.
05-22 02:37:27.418   530   759 I WifiDiagsUtil: event=RUN_TEST_CONTINUOUSLY
05-22 02:37:27.425   530   759 I WifiDiagsUtil: event=logPacketStats, if_name=wlan0, rx_bytes=4879315, rx_packets=17162, tx_bytes=7486476, tx_packets=19364
05-22 02:37:27.428   530   759 I WifiDiagsUtil: event=logPacketStats, daily_rx_bytes=346746254, daily_rx_packets=355897, daily_tx_bytes=79344692, daily_tx_packets=343681
05-22 02:37:27.442   530   759 I WifiDiagsUtil: event=runPingTest, ipStack=Dual Stack IPv4/IPv6
05-22 02:37:27.442   530   759 I WifiDiagsUtil: action=IPv4 Pingtest
05-22 02:37:27.442   530   759 I WifiDiagsUtil: event=pingTest, TARGET_TYPE=LOCALHOST, IP=XXX
05-22 02:37:27.450   530   759 I WifiDiagsUtil: event=pingsComplete, TARGET_TYPE=LOCALHOST, IP=XXX, PKTS_TX=5, PKTS_RX=5, PKT_LOSS=0.0%, AVG_TIME=1,41
05-22 02:37:27.451   530   759 I WifiDiagsUtil: event=pingTest, TARGET_TYPE=GATEWAY, IP=XXX, isIpv6=false
05-22 02:37:27.476   530   759 I WifiDiagsUtil: event=pingsComplete, TARGET_TYPE=GATEWAY, IP=XXX, PKTS_TX=5, PKTS_RX=5, PKT_LOSS=0.0%, AVG_TIME=4,87
05-22 02:37:27.478   530   759 I WifiDiagsUtil: event=pingTest, TARGET_TYPE=NAMESERVER1, IP=XXX, isIpv6=false
05-22 02:37:27.552   530   759 I WifiDiagsUtil: event=pingsComplete, TARGET_TYPE=NAMESERVER1, IP=XXX, PKTS_TX=5, PKTS_RX=5, PKT_LOSS=0.0%, AVG_TIME=14,57
05-22 02:37:27.552   530   759 I WifiDiagsUtil: event=pingTest, TARGET_TYPE=NAMESERVER2, IP=XXX, isIpv6=false
05-22 02:37:27.625   530   759 I WifiDiagsUtil: event=pingsComplete, TARGET_TYPE=NAMESERVER2, IP=XXX, PKTS_TX=5, PKTS_RX=5, PKT_LOSS=0.0%, AVG_TIME=14,55
05-22 02:37:27.625   530   759 I WifiDiagsUtil: event=runHttpConnectionTestStarted, host=http://firetvcaptiveportal.com/generate_204
05-22 02:37:27.719   305   305 W IMGMemtrackHAL: hal_get_memory: memtrack cache rebuild was required
05-22 02:37:27.984   530   759 I WifiDiagsUtil: event=runHttpConnectionTestSuccess, host=http://firetvcaptiveportal.com/generate_204, httpCode=204, latency=354
05-22 02:37:27.987   530   759 I WifiDiagsUtil: event=reportNetworkStatistics, action=reportNetworkConnectivity, hasConnectivity=true
05-22 02:37:27.987   530   759 I WifiDiagsUtil: event=GOOD_CONNECTION
05-22 02:37:27.987   530   759 I WifiDiagsUtil: broadcastDiagsResults
05-22 02:37:28.024   530   759 I WifiDiagsUtil: event=stateDuration, duration=18173848
05-22 02:37:28.024   530   759 I WifiDiagsUtil: event=recordDataInTestEndpointStatistics, isEmitmetric=false
05-22 02:37:28.035   530   547 W Process : Unable to open /proc/0/status
05-22 02:37:28.065   530   549 I ActivityManager: Start proc 14721:com.amazon.diode/u0a94 for broadcast com.amazon.diode/.events.ExternalEventReceiver
05-22 02:37:28.103 14721 14721 E om.amazon.diod: Not starting debugger since process cannot load the jdwp agent.
05-22 02:37:28.365 14721 14721 I om.amazon.diod: The ClassLoaderContext is a special shared library.
05-22 02:37:28.376 14721 14721 W om.amazon.diod: ClassLoaderContext classpath size mismatch for position 0. expected=0, found=1 (PCL[] | PCL[/system/framework/com.amazon.identity.auth.device.jar*1759628808])
05-22 02:37:28.393 14721 14721 W om.amazon.diod: ClassLoaderContext classpath size mismatch for position 0. expected=0, found=2 (PCL[] | PCL[/system/framework/com.amazon.identity.auth.device.jar*1759628808:/system/priv-app/DeviceSoftwareOTAContracts/DeviceSoftwareOTAContracts.apk*1675565511])
05-22 02:37:28.395 14721 14721 W om.amazon.diod: Found duplicate classes, falling back to extracting from APK : /system/priv-app/com.amazon.communication/com.amazon.communication.apk
05-22 02:37:28.395 14721 14721 W om.amazon.diod: NOTE: This wastes RAM and hurts startup performance.
05-22 02:37:28.395 14721 14721 W om.amazon.diod: Found duplicated class when checking oat files: 'Lcom/amazon/fireos/sdk/annotations/EmptyStub;' in /system/priv-app/com.amazon.communication/com.amazon.communication.apk and /system/priv-app/DeviceSoftwareOTAContracts/DeviceSoftwareOTAContracts.apk
05-22 02:37:28.395 14721 14721 W om.amazon.diod: 
05-22 02:37:28.409 11818 11818 I chatty  : uid=10334(com.redflix.tvmoderno) expire 54 lines
05-22 02:37:28.420 11818 12283 I chatty  : uid=10334(com.redflix.tvmoderno) pool-2-thread-1 expire 9 lines
05-22 02:37:28.430 11818 12547 I chatty  : uid=10334(com.redflix.tvmoderno) pool-2-thread-1 expire 9 lines
05-22 02:37:28.431 11818 12280 I chatty  : uid=10334(com.redflix.tvmoderno) pool-2-thread-8 expire 9 lines
05-22 02:37:28.433 11818 12068 I chatty  : uid=10334(com.redflix.tvmoderno) pool-2-thread-2 expire 9 lines
05-22 02:37:28.434 11818 12067 I chatty  : uid=10334(com.redflix.tvmoderno) pool-2-thread-1 expire 9 lines
05-22 02:37:28.438 14721 14721 W om.amazon.diod: ClassLoaderContext classpath size mismatch for position 0. expected=0, found=3 (PCL[] | PCL[/system/framework/com.amazon.identity.auth.device.jar*1759628808:/system/priv-app/DeviceSoftwareOTAContracts/DeviceSoftwareOTAContracts.apk*1675565511:/system/priv-app/com.amazon.communication/com.amazon.communication.apk*2155301895])
05-22 02:37:28.439 14721 14721 W om.amazon.diod: Found duplicate classes, falling back to extracting from APK : /system/priv-app/DeviceMessagingAndroidInternalSDK/DeviceMessagingAndroidInternalSDK.apk
05-22 02:37:28.439 14721 14721 W om.amazon.diod: NOTE: This wastes RAM and hurts startup performance.
05-22 02:37:28.439 14721 14721 W om.amazon.diod: Found duplicated class when checking oat files: 'Lcom/amazon/dcp/tph/TPHConstants;' in /system/priv-app/DeviceMessagingAndroidInternalSDK/DeviceMessagingAndroidInternalSDK.apk and /system/priv-app/DeviceSoftwareOTAContracts/DeviceSoftwareOTAContracts.apk
05-22 02:37:28.439 14721 14721 W om.amazon.diod: 
05-22 02:37:28.463 14721 14721 I om.amazon.diod: The ClassLoaderContext is a special shared library.
05-22 02:37:28.470 14721 14721 I om.amazon.diod: The ClassLoaderContext is a special shared library.
05-22 02:37:28.479 14721 14721 W om.amazon.diod: ClassLoaderContext classpath size mismatch for position 0. expected=0, found=7 (PCL[] | PCL[/system/framework/com.amazon.identity.auth.device.jar*1759628808:/system/priv-app/DeviceSoftwareOTAContracts/DeviceSoftwareOTAContracts.apk*1675565511:/system/priv-app/com.amazon.communication/com.amazon.communication.apk*2155301895:/system/priv-app/DeviceMessagingAndroidInternalSDK/DeviceMessagingAndroidInternalSDK.apk*1700992038:/system/priv-app/MinervaApi/MinervaApi.apk*2651230893:/system/framework/connectivity_manager_api.jar*587598333:/system/framework/org.apache.http.legacy.boot.jar*796383208])
05-22 02:37:28.481 14721 14721 W om.amazon.diod: Found duplicate classes, falling back to extracting from APK : /system/priv-app/DeviceClientPlatformContractsFramework/DeviceClientPlatformContractsFramework.apk
05-22 02:37:28.481 14721 14721 W om.amazon.diod: NOTE: This wastes RAM and hurts startup performance.
05-22 02:37:28.481 14721 14721 W om.amazon.diod: Found duplicated class when checking oat files: 'Lcom/amazon/dcp/common/ThirdPartyDeviceUtils;' in /system/priv-app/DeviceClientPlatformContractsFramework/DeviceClientPlatformContractsFramework.apk and /system/priv-app/DeviceSoftwareOTAContracts/DeviceSoftwareOTAContracts.apk
05-22 02:37:28.481 14721 14721 W om.amazon.diod: 
05-22 02:37:28.535 14721 14721 W om.amazon.diod: resources.arsc in APK '/system/priv-app/DeviceClientPlatformContractsFramework/DeviceClientPlatformContractsFramework.apk' is compressed.
05-22 02:37:28.598   530  1603 E SELinux : avc:  denied  { see_home_task } for  scontext=u:r:platform_app:s0:c512,c768 tcontext=u:r:system_server:s0 tclass=amazon_policies permissive=0
05-22 02:37:28.600   822  3779 I NwkMonitor.NwkMonitor: foreground app com.redflix.tvmoderno
05-22 02:37:28.611   530   659 I ArcusSyncManager/AmazonInputManager: onCapabilitiesChanged arcusId: arn:aws:remote-config:us-west-2:148732287600:appConfig:aezitige
05-22 02:37:28.611   530   659 I ArcusSyncManager/AmazonInputManager: onCapabilitiesChanged arcusId: arn:aws:remote-config:us-west-2:148732287600:appConfig:a06u7jxn
05-22 02:37:28.621  3474  3583 I NetworkMonitorStates: Network capabilities changed: 100, hasValidatedInternet=true, validatedNetworks: [100]
05-22 02:37:28.621  3474  3583 I NetworkMonitorStates: checkInternetState: validatedNetworks=[100], result=Available
05-22 02:37:28.621  3474  3583 I NetworkMonitorStates: updateInternetState: Available -> Available
05-22 02:37:28.622  2597  2642 I ArcusSyncManager/RemoteDeviceManagerArcus: onCapabilitiesChanged arcusId: arn:aws:remote-config:us-west-2:875023860230:appConfig:aenxb37n
05-22 02:37:28.677 14721 14721 I com.amazon.diode/MAPInit: Initializing MAP (130050002 / MAPAndroidLib-1.3.51367.0) for app com.amazon.diode. MAP release version: 20260206N
05-22 02:37:28.729   305   305 W IMGMemtrackHAL: hal_get_memory: memtrack cache rebuild was required
05-22 02:37:28.755 14721 14721 I com.amazon.diode/MetricsHelper: FireOS Minerva metrics is supported
05-22 02:37:28.764 14721 14721 I com.amazon.diode/MAPInit: Running MAPInit on main thread: true
05-22 02:37:28.777 14721 14721 I com.amazon.diode/ClientToCentralTrustLogicImpl: Current package is: com.amazon.diode. Directly trust central package: com.amazon.imp, since it is system MAP library
05-22 02:37:28.784 14721 14721 I chatty  : uid=10094(com.amazon.diode) identical 2 lines
05-22 02:37:28.786 14721 14721 I com.amazon.diode/ClientToCentralTrustLogicImpl: Current package is: com.amazon.diode. Directly trust central package: com.amazon.imp, since it is system MAP library
05-22 02:37:28.787 14721 14721 I com.amazon.diode/IsolatedModeSwitcher: App does not support client driven runtime isolation.
05-22 02:37:28.788 14721 14721 I com.amazon.diode/ClientToCentralTrustLogicImpl: Current package is: com.amazon.diode. Directly trust central package: com.amazon.imp, since it is system MAP library
05-22 02:37:28.790 14721 14721 I com.amazon.diode/ClientToCentralTrustLogicImpl: Current package is: com.amazon.diode. Directly trust central package: com.amazon.imp, since it is system MAP library
05-22 02:37:28.791 14721 14721 I com.amazon.diode/FeatureSetCache: Caching feature IsolateApplication as false
05-22 02:37:28.792 14721 14721 I com.amazon.diode/ClientToCentralTrustLogicImpl: Current package is: com.amazon.diode. Directly trust central package: com.amazon.imp, since it is system MAP library
05-22 02:37:28.804 14721 14737 E com.amazon.diode/PlatformUtils: Could not initialize FidoAuthenticatorJSBridge because Fido client could not be initialized
05-22 02:37:28.820 14721 14721 I com.amazon.diode/LocalKeyValueStore: Create DE shared preference, OS supports direct boot.
05-22 02:37:28.846 14721 14721 I com.amazon.diode/TrustedPackageManager: Trying to use default signature based package trust logic. This should be on 3P device
05-22 02:37:28.846 14721 14721 I com.amazon.diode/TrustedPackageManager: Setting package trust logic as: signature based package trust logic
05-22 02:37:28.848 14721 14721 W om.amazon.diod: Class com.amazon.identity.auth.device.framework.AmazonDeviceInfo failed lock verification and will run slower.
05-22 02:37:28.848 14721 14721 W om.amazon.diod: Common causes for lock verification issues are non-optimized dex code
05-22 02:37:28.848 14721 14721 W om.amazon.diod: and incorrect proguard optimizations.
05-22 02:37:28.858 14721 14737 W MinervaServiceWrapper: record : MinervaService not yet bound. Buffered Metric Event String. Buffer Size: 1
05-22 02:37:28.879 14721 14737 W com.amazon.diode/WhatsAppAutoreadPluginHelper: WhatsAppAutoreadPlugin is not supported for this package: com.amazon.diode
05-22 02:37:28.882 14721 14737 W MinervaServiceWrapper: record : MinervaService not yet bound. Buffered Metric Event String. Buffer Size: 2
05-22 02:37:28.884 14721 14740 I com.amazon.diode/DataStorageFactoryImpl: Creating new DataStorageFactoryImpl
05-22 02:37:28.886 14721 14740 I com.amazon.diode/MAPInitTasks: Get DataStorage instance for initialization
05-22 02:37:28.886 14721 14740 I com.amazon.diode/DataStorageFactoryImpl: Initializing new DataStorage
05-22 02:37:28.886 14721 14740 I com.amazon.diode/ClientToCentralTrustLogicImpl: Current package is: com.amazon.diode. Directly trust central package: com.amazon.imp, since it is system MAP library
05-22 02:37:28.888 14721 14740 I com.amazon.diode/ClientToCentralTrustLogicImpl: Current package is: com.amazon.diode. Directly trust central package: com.amazon.imp, since it is system MAP library
05-22 02:37:28.890 14721 14740 I com.amazon.diode/IsolatedModeSwitcher: App does not support client driven runtime isolation.
05-22 02:37:28.891 14721 14740 I com.amazon.diode/ClientToCentralTrustLogicImpl: Current package is: com.amazon.diode. Directly trust central package: com.amazon.imp, since it is system MAP library
05-22 02:37:28.892 14721 14740 I com.amazon.diode/ClientToCentralTrustLogicImpl: Current package is: com.amazon.diode. Directly trust central package: com.amazon.imp, since it is system MAP library
05-22 02:37:28.895 14721 14740 I com.amazon.diode/DeviceAttributeCache: Setting device attribute CentralAPK to true
05-22 02:37:28.898 14721 14740 I com.amazon.diode/DataStorageFactoryImpl: Creating and using new CentralAccountManagerDataStorage
05-22 02:37:28.900 14721 14740 I com.amazon.diode/LocalKeyValueStore: Create DE shared preference, OS supports direct boot.
05-22 02:37:28.900 14721 14740 I com.amazon.diode/LocalKeyValueStore: Create DE shared preference, OS supports direct boot.
05-22 02:37:28.900 14721 14740 I com.amazon.diode/MAPInitTasks: Initialize DataStorage instance
05-22 02:37:28.900 14721 14740 I com.amazon.diode/MAPInitTasks: Setup DataStorage instance
05-22 02:37:28.901 14721 14740 I com.amazon.diode/ClientToCentralTrustLogicImpl: Current package is: com.amazon.diode. Directly trust central package: com.amazon.imp, since it is system MAP library
05-22 02:37:28.903 14721 14740 I chatty  : uid=10094(com.amazon.diode) identical 5 lines
05-22 02:37:28.904 14721 14740 I com.amazon.diode/ClientToCentralTrustLogicImpl: Current package is: com.amazon.diode. Directly trust central package: com.amazon.imp, since it is system MAP library
05-22 02:37:28.905 14721 14721 I com.amazon.diode.DiodeApplication: Registered receiver: com.amazon.diode.receivers.IdentifyReceiver@b903dd6 with filter: android.content.IntentFilter@8c5b857 for intent : com.amazon.diode.intent.IDENTIFY
05-22 02:37:28.906 14721 14740 I com.amazon.diode/ClientToCentralTrustLogicImpl: Current package is: com.amazon.diode. Directly trust central package: com.amazon.imp, since it is system MAP library
05-22 02:37:28.908 14721 14721 I com.amazon.diode.DiodeApplication: Registered receiver: com.amazon.diode.receivers.ActionReceiver@2e7082d with filter: android.content.IntentFilter@aa6162 for intent : com.amazon.diode.intent.ACTION
05-22 02:37:28.908 14721 14740 I com.amazon.diode/ClientToCentralTrustLogicImpl: Current package is: com.amazon.diode. Directly trust central package: com.amazon.imp, since it is system MAP library
05-22 02:37:28.910 14721 14740 I com.amazon.diode/IsolatedModeSwitcher: App does not support client driven runtime isolation.
05-22 02:37:28.914 14721 14721 I com.amazon.diode.registration.Analyzers: Registered receiver: com.amazon.diode.events.ConnectivityChangeEventReceiver@c5131ae with filter: android.content.IntentFilter@6495b4f for intent : Intent { act=android.net.conn.CONNECTIVITY_CHANGE flg=0x4200010 (has extras) }
05-22 02:37:28.930 14721 14740 I com.amazon.diode/AmazonSerialNumber: MAP Client side on FireOS 7+ calls IPC to get the DSN.
05-22 02:37:28.937   951  4924 I com.amazon.imp/SSODeviceInfo[0]: Amazon Device Info will try to get central device serial
05-22 02:37:28.937   951  4924 I com.amazon.imp/AmazonDeviceSecurityFactoryImpl[0]: Use device hardware auth.
05-22 02:37:28.945 14721 14740 I com.amazon.diode/LocalKeyValueStore: Create DE shared preference, OS supports direct boot.
05-22 02:37:28.948 14721 14740 I com.amazon.diode/LocalKeyValueStore: Create DE shared preference, OS supports direct boot.
05-22 02:37:28.949 14721 14721 I com.amazon.diode.events.CaptivePortalEventManager: Registered Captive Portal check for FireOS 6
05-22 02:37:28.949 14721 14740 I com.amazon.diode/LocalKeyValueStore: Create DE shared preference, OS supports direct boot.
05-22 02:37:28.952 14721 14740 I com.amazon.diode/LocalKeyValueStore: Create DE shared preference, OS supports direct boot.
05-22 02:37:29.010 14721 14721 I com.amazon.diode.events.ConnectivityChangeEventReceiver: Got external Connectivity event
05-22 02:37:29.017 14721 14740 I com.amazon.diode/ClientToCentralTrustLogicImpl: Current package is: com.amazon.diode. Directly trust central package: com.amazon.imp, since it is system MAP library
05-22 02:37:29.030 14721 14740 I com.amazon.diode/ClientToCentralTrustLogicImpl: Current package is: com.amazon.diode. Directly trust central package: com.amazon.imp, since it is system MAP library
05-22 02:37:29.033 14721 14740 I com.amazon.diode/MAPInitTasks: Start update legacy authportal domain in database if needed
05-22 02:37:29.056 14721 14740 I om.amazon.diod: Rejecting re-init on previously-failed class java.lang.Class<com.amazon.identity.auth.device.framework.LWASSOPluginHelper$LWASSODependencyImpl>: java.lang.NoClassDefFoundError: Failed resolution of: Lcom/amazon/identity/mobi/lwasso/api/LWASSODependency;
05-22 02:37:29.056 14721 14740 I om.amazon.diod:   at void com.amazon.identity.auth.device.framework.MAPInitTasks.performInitOperations() (MAPInitTasks.java:125)
05-22 02:37:29.056 14721 14740 I om.amazon.diod:   at void com.amazon.identity.auth.device.api.MAPInit$2.run() (MAPInit.java:1)
05-22 02:37:29.056 14721 14740 I om.amazon.diod:   at void com.amazon.identity.auth.device.utils.ThreadUtils$1.run() (ThreadUtils.java:2)
05-22 02:37:29.056 14721 14740 I om.amazon.diod:   at void java.util.concurrent.ThreadPoolExecutor.runWorker(java.util.concurrent.ThreadPoolExecutor$Worker) (ThreadPoolExecutor.java:1167)
05-22 02:37:29.056 14721 14740 I om.amazon.diod:   at void java.util.concurrent.ThreadPoolExecutor$Worker.run() (ThreadPoolExecutor.java:641)
05-22 02:37:29.056 14721 14740 I om.amazon.diod:   at void java.lang.Thread.run() (Thread.java:764)
05-22 02:37:29.056 14721 14740 I om.amazon.diod: Caused by: java.lang.ClassNotFoundException: Didn't find class "com.amazon.identity.mobi.lwasso.api.LWASSODependency" on path: DexPathList[[zip file "/system/framework/com.amazon.identity.auth.device.jar", zip file "/system/priv-app/DeviceSoftwareOTAContracts/DeviceSoftwareOTAContracts.apk", zip file "/system/priv-app/com.amazon.communication/com.amazon.communication.apk", zip file "/system/priv-app/DeviceMessagingAndroidInternalSDK/DeviceMessagingAndroidInternalSDK.apk", zip file "/system/priv-app/MinervaApi/MinervaApi.apk", zip file "/system/framework/connectivity_manager_api.jar", zip file "/system/framework/org.apache.http.legacy.boot.jar", zip file "/system/priv-app/DeviceClientPlatformContractsFramework/DeviceClientPlatformContractsFramework.apk", zip file "/system/priv-app/com.amazon.diode/com.amazon.diode.apk"],nativeLibraryDirectories=[/system/priv-app/com.amazon.diode/lib/arm, /system/lib, /system/lib]]
05-22 02:37:29.056 14721 14740 I om.amazon.diod:   at java.lang.Class dalvik.system.BaseDexClassLoader.findClass(java.lang.String) (BaseDexClassLoader.java:134)
05-22 02:37:29.056 14721 14740 I om.amazon.diod:   at java.lang.Class java.lang.ClassLoader.loadClass(java.lang.String, boolean) (ClassLoader.java:379)
05-22 02:37:29.056 14721 14740 I om.amazon.diod:   at java.lang.Class java.lang.ClassLoader.loadClass(java.lang.String) (ClassLoader.java:312)
05-22 02:37:29.056 14721 14740 I om.amazon.diod:   at void com.amazon.identity.auth.device.framework.MAPInitTasks.performInitOperations() (MAPInitTasks.java:125)
05-22 02:37:29.056 14721 14740 I om.amazon.diod:   at void com.amazon.identity.auth.device.api.MAPInit$2.run() (MAPInit.java:1)
05-22 02:37:29.056 14721 14740 I om.amazon.diod:   at void com.amazon.identity.auth.device.utils.ThreadUtils$1.run() (ThreadUtils.java:2)
05-22 02:37:29.056 14721 14740 I om.amazon.diod:   at void java.util.concurrent.ThreadPoolExecutor.runWorker(java.util.concurrent.ThreadPoolExecutor$Worker) (ThreadPoolExecutor.java:1167)
05-22 02:37:29.056 14721 14740 I om.amazon.diod:   at void java.util.concurrent.ThreadPoolExecutor$Worker.run() (ThreadPoolExecutor.java:641)
05-22 02:37:29.056 14721 14740 I om.amazon.diod:   at void java.lang.Thread.run() (Thread.java:764)
05-22 02:37:29.056 14721 14740 I om.amazon.diod: 
05-22 02:37:29.059 14721 14740 I om.amazon.diod: Rejecting re-init on previously-failed class java.lang.Class<com.amazon.identity.auth.device.framework.LWASSOPluginHelper$LWASSODependencyImpl>: java.lang.NoClassDefFoundError: Failed resolution of: Lcom/amazon/identity/mobi/lwasso/api/LWASSODependency;
05-22 02:37:29.059 14721 14740 I om.amazon.diod:   at void com.amazon.identity.auth.device.framework.MAPInitTasks.performInitOperations() (MAPInitTasks.java:125)
05-22 02:37:29.059 14721 14740 I om.amazon.diod:   at void com.amazon.identity.auth.device.api.MAPInit$2.run() (MAPInit.java:1)
05-22 02:37:29.059 14721 14740 I om.amazon.diod:   at void com.amazon.identity.auth.device.utils.ThreadUtils$1.run() (ThreadUtils.java:2)
05-22 02:37:29.059 14721 14740 I om.amazon.diod:   at void java.util.concurrent.ThreadPoolExecutor.runWorker(java.util.concurrent.ThreadPoolExecutor$Worker) (ThreadPoolExecutor.java:1167)
05-22 02:37:29.059 14721 14740 I om.amazon.diod:   at void java.util.concurrent.ThreadPoolExecutor$Worker.run() (ThreadPoolExecutor.java:641)
05-22 02:37:29.059 14721 14740 I om.amazon.diod:   at void java.lang.Thread.run() (Thread.java:764)
05-22 02:37:29.059 14721 14740 I om.amazon.diod: Caused by: java.lang.ClassNotFoundException: Didn't find class "com.amazon.identity.mobi.lwasso.api.LWASSODependency" on path: DexPathList[[zip file "/system/framework/com.amazon.identity.auth.device.jar", zip file "/system/priv-app/DeviceSoftwareOTAContracts/DeviceSoftwareOTAContracts.apk", zip file "/system/priv-app/com.amazon.communication/com.amazon.communication.apk", zip file "/system/priv-app/DeviceMessagingAndroidInternalSDK/DeviceMessagingAndroidInternalSDK.apk", zip file "/system/priv-app/MinervaApi/MinervaApi.apk", zip file "/system/framework/connectivity_manager_api.jar", zip file "/system/framework/org.apache.http.legacy.boot.jar", zip file "/system/priv-app/DeviceClientPlatformContractsFramework/DeviceClientPlatformContractsFramework.apk", zip file "/system/priv-app/com.amazon.diode/com.amazon.diode.apk"],nativeLibraryDirectories=[/system/priv-app/com.amazon.diode/lib/arm, /system/lib, /system/lib]]
05-22 02:37:29.060 14721 14740 I om.amazon.diod:   at java.lang.Class dalvik.system.BaseDexClassLoader.findClass(java.lang.String) (BaseDexClassLoader.java:134)
05-22 02:37:29.060 14721 14740 I om.amazon.diod:   at java.lang.Class java.lang.ClassLoader.loadClass(java.lang.String, boolean) (ClassLoader.java:379)
05-22 02:37:29.060 14721 14740 I om.amazon.diod:   at java.lang.Class java.lang.ClassLoader.loadClass(java.lang.String) (ClassLoader.java:312)
05-22 02:37:29.060 14721 14740 I om.amazon.diod:   at void com.amazon.identity.auth.device.framework.MAPInitTasks.performInitOperations() (MAPInitTasks.java:125)
05-22 02:37:29.060 14721 14740 I om.amazon.diod:   at void com.amazon.identity.auth.device.api.MAPInit$2.run() (MAPInit.java:1)
05-22 02:37:29.060 14721 14740 I om.amazon.diod:   at void com.amazon.identity.auth.device.utils.ThreadUtils$1.run() (ThreadUtils.java:2)
05-22 02:37:29.060 14721 14740 I om.amazon.diod:   at void java.util.concurrent.ThreadPoolExecutor.runWorker(java.util.concurrent.ThreadPoolExecutor$Worker) (ThreadPoolExecutor.java:1167)
05-22 02:37:29.060 14721 14740 I om.amazon.diod:   at void java.util.concurrent.ThreadPoolExecutor$Worker.run() (ThreadPoolExecutor.java:641)
05-22 02:37:29.060 14721 14740 I om.amazon.diod:   at void java.lang.Thread.run() (Thread.java:764)
05-22 02:37:29.060 14721 14740 I om.amazon.diod: 
05-22 02:37:29.060 14721 14740 W com.amazon.diode/WhatsAppAutoreadPluginHelper: WhatsAppAutoreadPlugin is not supported for this package: com.amazon.diode
05-22 02:37:29.070 14721 14751 I com.amazon.diode.events.EventSaverService: Got external event for client CaptivePortalEventStore
05-22 02:37:29.080   530   679 W Process : Unable to open /proc/0/status
05-22 02:37:29.101   530   549 I ActivityManager: Start proc 14753:com.android.proxyhandler/u0a7 for service com.fireos.arcus.proxy/.ArcusProxy
05-22 02:37:29.125 14753 14753 E id.proxyhandle: Not starting debugger since process cannot load the jdwp agent.
05-22 02:37:29.150 14721 14746 I com.amazonaws.mobileconnectors.remoteconfiguration.clientcontextdecorator.RemoteConfigurationAAugmenting ARCUS client context with system attributes
05-22 02:37:29.187 14753 14753 I id.proxyhandle: The ClassLoaderContext is a special shared library.
05-22 02:37:29.245 14721 14751 W com.amazon.diode.store.FIFOFile: Overwriting 1 elements to make room in store CaptivePortalEventStore
05-22 02:37:29.254 14721 14751 I com.amazon.diode.events.EventSaverService: Got external event for client WifiDiagsUtil
05-22 02:37:29.261 14721 14751 W com.amazon.diode.store.FIFOFile: Overwriting 1 elements to make room in store WifiDiagsUtil
05-22 02:37:29.378   530  1864 I ActivityManager: Process com.amazon.diode (pid 14721) has died: cch+1CEM 
05-22 02:37:29.378   275   275 I Zygote  : Process 14721 exited due to signal 9 (Killed)
05-22 02:37:29.380   530   550 W libprocessgroup: kill(-14721, 9) failed: No such process
05-22 02:37:29.380   530   550 I libprocessgroup: Successfully killed process cgroup uid 10094 pid 14721 in 2ms
05-22 02:37:29.700   305   305 W IMGMemtrackHAL: hal_get_memory: memtrack cache rebuild was required
05-22 02:37:30.001  1624  2110 I whad    : Maintenance:sendStitches:groups=StableParticipants localStateHashes=MediaSession&bf21a9e8fbc5a3846fb05b4fa0859e0917b2202f localLastUpdated=MediaSession&79915259355
05-22 02:37:30.098  1318  1318 I main.wifi_score: dump_wifi_score_ctxt(): is2g=0, is11ac=1, is11ax=0, chan_bw=80, nss=2, bcn_rssi=-54, data_rssi=-59, tx_ok=5633642, tx_failed=53946, cca_idle_pct=98
05-22 02:37:30.098  1318  1318 I main.wifi_score: dump_wifi_score_ctxt(): last_tx_stats: sgi=0, pream=2, mcs=9, ss=2, bw=2
05-22 02:37:30.219  1624 14702 I whad    : ControlPlaneManager:handleCommand:caller=Libevent,cmd=sendMessage,xmit=1515947259,recv=1515937132,delta=-10127,tss=XX01GE,senderId=XX06AG,tssStale=true
05-22 02:37:30.220  1624 14702 I whad    : Fabric:onMessage:id=Stitch_bf490273-e842-4daf-b91a-c625ca85cd7e, name=Stitch, sender=XX06AG
05-22 02:37:30.556   530  1864 I ActivityManager: Process com.android.proxyhandler (pid 14753) has died: cch+1CEM 
05-22 02:37:30.556   530   550 W libprocessgroup: kill(-14753, 9) failed: No such process
05-22 02:37:30.557   275   275 I Zygote  : Process 14753 exited due to signal 9 (Killed)
05-22 02:37:30.598   530   550 W libprocessgroup: kill(-14753, 9) failed: No such process
05-22 02:37:30.598   530   550 I libprocessgroup: Successfully killed process cgroup uid 10007 pid 14753 in 42ms
05-22 02:37:30.703   305   305 W IMGMemtrackHAL: hal_get_memory: memtrack cache rebuild was required
05-22 02:37:31.610   530  2335 E SELinux : avc:  denied  { see_home_task } for  scontext=u:r:platform_app:s0:c512,c768 tcontext=u:r:system_server:s0 tclass=amazon_policies permissive=0
05-22 02:37:31.612   822  3779 I NwkMonitor.NwkMonitor: foreground app com.redflix.tvmoderno
05-22 02:37:31.625   530   659 I ArcusSyncManager/AmazonInputManager: onCapabilitiesChanged arcusId: arn:aws:remote-config:us-west-2:148732287600:appConfig:aezitige
05-22 02:37:31.626  2597  2642 I ArcusSyncManager/RemoteDeviceManagerArcus: onCapabilitiesChanged arcusId: arn:aws:remote-config:us-west-2:875023860230:appConfig:aenxb37n
05-22 02:37:31.626  3474  3583 I NetworkMonitorStates: Network capabilities changed: 100, hasValidatedInternet=true, validatedNetworks: [100]
05-22 02:37:31.626  3474  3583 I NetworkMonitorStates: checkInternetState: validatedNetworks=[100], result=Available
05-22 02:37:31.626  3474  3583 I NetworkMonitorStates: updateInternetState: Available -> Available
05-22 02:37:31.627   530   659 I ArcusSyncManager/AmazonInputManager: onCapabilitiesChanged arcusId: arn:aws:remote-config:us-west-2:148732287600:appConfig:a06u7jxn
05-22 02:37:31.716   305   305 W IMGMemtrackHAL: hal_get_memory: memtrack cache rebuild was required
05-22 02:37:32.712   305   305 W IMGMemtrackHAL: hal_get_memory: memtrack cache rebuild was required
05-22 02:37:32.750 11818 13184 I chatty  : uid=10334(com.redflix.tvmoderno) pool-2-thread-1 expire 15 lines
05-22 02:37:33.700   305   305 W IMGMemtrackHAL: hal_get_memory: memtrack cache rebuild was required
05-22 02:37:34.097  1318  1318 I main.wifi_score: dump_wifi_score_ctxt(): is2g=0, is11ac=1, is11ax=0, chan_bw=80, nss=2, bcn_rssi=-58, data_rssi=-57, tx_ok=5633868, tx_failed=53950, cca_idle_pct=98
05-22 02:37:34.097  1318  1318 I main.wifi_score: dump_wifi_score_ctxt(): last_tx_stats: sgi=0, pream=0, mcs=24, ss=0, bw=0
05-22 02:37:34.619   530  2335 E SELinux : avc:  denied  { see_home_task } for  scontext=u:r:platform_app:s0:c512,c768 tcontext=u:r:system_server:s0 tclass=amazon_policies permissive=0
05-22 02:37:34.621   822  3779 I NwkMonitor.NwkMonitor: foreground app com.redflix.tvmoderno
05-22 02:37:34.720   305   305 W IMGMemtrackHAL: hal_get_memory: memtrack cache rebuild was required
05-22 02:37:35.036 11818 11818 I chatty  : uid=10334(com.redflix.tvmoderno) expire 70 lines
05-22 02:37:35.049 11818 12067 I chatty  : uid=10334(com.redflix.tvmoderno) pool-2-thread-1 expire 12 lines
05-22 02:37:35.052 11818 12283 I chatty  : uid=10334(com.redflix.tvmoderno) pool-2-thread-1 expire 12 lines
05-22 02:37:35.059 11818 12068 I chatty  : uid=10334(com.redflix.tvmoderno) pool-2-thread-2 expire 12 lines
05-22 02:37:35.061 11818 12280 I chatty  : uid=10334(com.redflix.tvmoderno) pool-2-thread-8 expire 10 lines
05-22 02:37:35.063 11818 12547 I chatty  : uid=10334(com.redflix.tvmoderno) pool-2-thread-1 expire 15 lines
05-22 02:37:35.733   305   305 W IMGMemtrackHAL: hal_get_memory: memtrack cache rebuild was required
05-22 02:37:35.862   530   539 I system_server: Background concurrent copying GC freed 76899(2MB) AllocSpace objects, 2(40KB) LOS objects, 25% free, 17MB/23MB, paused 471us total 294.067ms
05-22 02:37:36.711   305   305 W IMGMemtrackHAL: hal_get_memory: memtrack cache rebuild was required
05-22 02:37:37.625   530  2335 E SELinux : avc:  denied  { see_home_task } for  scontext=u:r:platform_app:s0:c512,c768 tcontext=u:r:system_server:s0 tclass=amazon_policies permissive=0
05-22 02:37:37.625   822  3779 I NwkMonitor.NwkMonitor: foreground app com.redflix.tvmoderno
05-22 02:37:37.721   305   305 W IMGMemtrackHAL: hal_get_memory: memtrack cache rebuild was required
05-22 02:37:38.097  1318  1318 I main.wifi_score: dump_wifi_score_ctxt(): is2g=0, is11ac=1, is11ax=0, chan_bw=80, nss=2, bcn_rssi=-57, data_rssi=-60, tx_ok=5633990, tx_failed=53951, cca_idle_pct=98
05-22 02:37:38.097  1318  1318 I main.wifi_score: dump_wifi_score_ctxt(): last_tx_stats: sgi=0, pream=2, mcs=9, ss=2, bw=2
05-22 02:37:38.711   305   305 W IMGMemtrackHAL: hal_get_memory: memtrack cache rebuild was required
05-22 02:37:39.694   305   305 W IMGMemtrackHAL: hal_get_memory: memtrack cache rebuild was required
05-22 02:37:40.575 14096 14096 I StockPhotos_LegacyStockPhotoScreens: No prep needed. Item already prepped.
05-22 02:37:40.713   305   305 W IMGMemtrackHAL: hal_get_memory: memtrack cache rebuild was required
05-22 02:37:41.694   305   305 W IMGMemtrackHAL: hal_get_memory: memtrack cache rebuild was required
05-22 02:37:42.097  1318  1318 I main.wifi_score: dump_wifi_score_ctxt(): is2g=0, is11ac=1, is11ax=0, chan_bw=80, nss=2, bcn_rssi=-57, data_rssi=-57, tx_ok=5634129, tx_failed=53953, cca_idle_pct=98
05-22 02:37:42.097  1318  1318 I main.wifi_score: dump_wifi_score_ctxt(): last_tx_stats: sgi=0, pream=2, mcs=9, ss=2, bw=2
05-22 02:37:42.205 11818 12280 I chatty  : uid=10334(com.redflix.tvmoderno) pool-2-thread-8 expire 11 lines
05-22 02:37:42.236 11818 11818 I chatty  : uid=10334(com.redflix.tvmoderno) expire 56 lines
05-22 02:37:42.714   305   305 W IMGMemtrackHAL: hal_get_memory: memtrack cache rebuild was required
05-22 02:37:43.576 14096 14096 I Screensaver_CompositeScheduler: Done rendering (hiding) k4.k@bdc300c
05-22 02:37:43.587 14096 14096 I Screensaver_CompositeScheduler: Ready to composite k4.k@4266a71
05-22 02:37:43.598 14096 14281 I StockPhotos_StockPhotoScreensaverIt: Finished preparing resources
05-22 02:37:43.601 11818 12067 I chatty  : uid=10334(com.redflix.tvmoderno) pool-2-thread-1 expire 9 lines
05-22 02:37:43.620 11818 12068 I chatty  : uid=10334(com.redflix.tvmoderno) pool-2-thread-2 expire 9 lines
05-22 02:37:43.629 11818 12283 I chatty  : uid=10334(com.redflix.tvmoderno) pool-2-thread-1 expire 9 lines
05-22 02:37:43.638 11818 13184 I chatty  : uid=10334(com.redflix.tvmoderno) pool-2-thread-1 expire 9 lines
05-22 02:37:43.734   305   305 W IMGMemtrackHAL: hal_get_memory: memtrack cache rebuild was required
05-22 02:37:44.714   305   305 W IMGMemtrackHAL: hal_get_memory: memtrack cache rebuild was required
05-22 02:37:45.714   305   305 W IMGMemtrackHAL: hal_get_memory: memtrack cache rebuild was required
05-22 02:37:45.870 11818 12547 I chatty  : uid=10334(com.redflix.tvmoderno) pool-2-thread-1 expire 16 lines
05-22 02:37:46.654  2597  2642 I ArcusSyncManager/RemoteDeviceManagerArcus: onCapabilitiesChanged arcusId: arn:aws:remote-config:us-west-2:875023860230:appConfig:aenxb37n
05-22 02:37:46.654   530   659 I ArcusSyncManager/AmazonInputManager: onCapabilitiesChanged arcusId: arn:aws:remote-config:us-west-2:148732287600:appConfig:aezitige
05-22 02:37:46.654   530   659 I ArcusSyncManager/AmazonInputManager: onCapabilitiesChanged arcusId: arn:aws:remote-config:us-west-2:148732287600:appConfig:a06u7jxn
05-22 02:37:46.655  3474  3583 I NetworkMonitorStates: Network capabilities changed: 100, hasValidatedInternet=true, validatedNetworks: [100]
05-22 02:37:46.657  3474  3583 I NetworkMonitorStates: checkInternetState: validatedNetworks=[100], result=Available
05-22 02:37:46.657  3474  3583 I NetworkMonitorStates: updateInternetState: Available -> Available
05-22 02:37:46.701   305   305 W IMGMemtrackHAL: hal_get_memory: memtrack cache rebuild was required
05-22 02:37:47.198  1318  1318 I main.wifi_score: dump_wifi_score_ctxt(): is2g=0, is11ac=1, is11ax=0, chan_bw=80, nss=2, bcn_rssi=-56, data_rssi=-59, tx_ok=5634266, tx_failed=53953, cca_idle_pct=99
05-22 02:37:47.198  1318  1318 I main.wifi_score: dump_wifi_score_ctxt(): last_tx_stats: sgi=0, pream=2, mcs=9, ss=2, bw=2
05-22 02:37:47.553   395   487 E storaged: getDiskStats failed with result NOT_SUPPORTED and size 0
05-22 02:37:47.725   305   305 W IMGMemtrackHAL: hal_get_memory: memtrack cache rebuild was required
05-22 02:37:48.528  3474  3571 I DiebusMetrics: Starting reporting metrics
05-22 02:37:48.529  3474  3571 I DiebusMetrics: End reporting metrics
05-22 02:37:48.694   305   305 W IMGMemtrackHAL: hal_get_memory: memtrack cache rebuild was required
05-22 02:37:49.713   305   305 W IMGMemtrackHAL: hal_get_memory: memtrack cache rebuild was required
05-22 02:37:50.097  1318  1318 I main.wifi_score: dump_wifi_score_ctxt(): is2g=0, is11ac=1, is11ax=0, chan_bw=80, nss=2, bcn_rssi=-51, data_rssi=-56, tx_ok=5634380, tx_failed=53954, cca_idle_pct=99
05-22 02:37:50.097  1318  1318 I main.wifi_score: dump_wifi_score_ctxt(): last_tx_stats: sgi=0, pream=0, mcs=24, ss=0, bw=0
05-22 02:37:50.363 11818 11818 I chatty  : uid=10334(com.redflix.tvmoderno) expire 72 lines
05-22 02:37:50.376 11818 12280 I chatty  : uid=10334(com.redflix.tvmoderno) pool-2-thread-8 expire 12 lines
05-22 02:37:50.378 11818 12067 I chatty  : uid=10334(com.redflix.tvmoderno) pool-2-thread-1 expire 12 lines
05-22 02:37:50.380 11818 12068 I chatty  : uid=10334(com.redflix.tvmoderno) pool-2-thread-2 expire 12 lines
05-22 02:37:50.384 11818 13184 I chatty  : uid=10334(com.redflix.tvmoderno) pool-2-thread-1 expire 12 lines
05-22 02:37:50.391 11818 12283 I chatty  : uid=10334(com.redflix.tvmoderno) pool-2-thread-1 expire 12 lines
05-22 02:37:50.581  1577  1577 I Vizzini:SimApplicationImpl: onLowMemory
05-22 02:37:50.581  1577  1577 W Vizzini:OverlayControllerLifetimeProxy: Tearing down UI overlay without preload due to low memory
05-22 02:37:50.582  1577  1577 I Vizzini:OverlayControllerLifetimeProxy: Tearing down overlay controller
05-22 02:37:50.582  1577  1577 I Vizzini:ShortPressOverlayManager: Low memory detected, dismissing overlay
05-22 02:37:50.584  1577  1577 I Vizzini:ShortPressOverlayManager: Tearing down ShortPressOverlayManager with reason DISMISS_MEMORY_LOW
05-22 02:37:50.729   305   305 W IMGMemtrackHAL: hal_get_memory: memtrack cache rebuild was required
05-22 02:37:50.729  1577  1590 I .amazon.vizzin: Background concurrent copying GC freed 11380(697KB) AllocSpace objects, 0(0B) LOS objects, 49% free, 5MB/11MB, paused 423us total 142.893ms
05-22 02:37:51.198  3474  3554 I DiebusMetrics: Starting reporting metrics
05-22 02:37:51.198  3474  3554 I DiebusMetrics: End reporting metrics
05-22 02:37:51.717   305   305 W IMGMemtrackHAL: hal_get_memory: memtrack cache rebuild was required
05-22 02:37:52.575 14096 14096 I Screensaver_CompositeScheduler: Ready to composite u2.z@45d753d
05-22 02:37:52.662   530  1864 E SELinux : avc:  denied  { see_home_task } for  scontext=u:r:platform_app:s0:c512,c768 tcontext=u:r:system_server:s0 tclass=amazon_policies permissive=0
05-22 02:37:52.662   822  3779 I NwkMonitor.NwkMonitor: foreground app com.redflix.tvmoderno
05-22 02:37:52.703   305   305 W IMGMemtrackHAL: hal_get_memory: memtrack cache rebuild was required
05-22 02:37:53.550  1577  2239 I DirectiveCache: Cleaning up DirectiveCache, current size: 0
05-22 02:37:53.554  1577  1765 E SPCH-MinervaSchemaStorage: No schema was found for source SIM_basic
05-22 02:37:53.554  1577  1765 E SPCH-MinervaSchemaRetriever: No schema was found for metric SIM.DirectiveCache.CacheEmptyBeforeTrim in source SIM_basic
05-22 02:37:53.554  1577  1765 E SPCH-MinervaSchemaStorage: No schema was found for source SIM_basic
05-22 02:37:53.555  1577  1765 E SPCH-MinervaSchemaRetriever: No schema was found for metric SIM.DirectiveCache.UnchangedCacheSize in source SIM_basic
05-22 02:37:53.712   305   305 W IMGMemtrackHAL: hal_get_memory: memtrack cache rebuild was required
05-22 02:37:54.098  1318  1318 I main.wifi_score: dump_wifi_score_ctxt(): is2g=0, is11ac=1, is11ax=0, chan_bw=80, nss=2, bcn_rssi=-51, data_rssi=-61, tx_ok=5634524, tx_failed=53954, cca_idle_pct=99
05-22 02:37:54.098  1318  1318 I main.wifi_score: dump_wifi_score_ctxt(): last_tx_stats: sgi=0, pream=2, mcs=9, ss=2, bw=2
05-22 02:37:54.714   305   305 W IMGMemtrackHAL: hal_get_memory: memtrack cache rebuild was required
05-22 02:37:55.714   305   305 W IMGMemtrackHAL: hal_get_memory: memtrack cache rebuild was required
05-22 02:37:56.712   305   305 W IMGMemtrackHAL: hal_get_memory: memtrack cache rebuild was required
05-22 02:37:57.217 11818 12547 I chatty  : uid=10334(com.redflix.tvmoderno) pool-2-thread-1 expire 11 lines
05-22 02:37:57.693   305   305 W IMGMemtrackHAL: hal_get_memory: memtrack cache rebuild was required
05-22 02:37:58.097  1318  1318 I main.wifi_score: dump_wifi_score_ctxt(): is2g=0, is11ac=1, is11ax=0, chan_bw=80, nss=2, bcn_rssi=-51, data_rssi=-62, tx_ok=5634622, tx_failed=53955, cca_idle_pct=99
05-22 02:37:58.097  1318  1318 I main.wifi_score: dump_wifi_score_ctxt(): last_tx_stats: sgi=0, pream=2, mcs=9, ss=2, bw=2
05-22 02:37:58.097  1318  1318 I main.wifi_score: cca_idle 99%, bcn_rssi -51, data_rssi -62, per 1% (ok=98, failed=1), AC MCS 9, BW 2 SS 2  780mbps, AMPDU length 64, dur 1179us UDP tput 500mbps.
05-22 02:37:58.097  1318  1318 I main.wifi_score: Score 6, mcs 90 (phyrate cur/min/avg/max= 780/6/779/780 mbps), expected  UDP throughput cur/min/avg/max= 500/1/499/500 mbps.
05-22 02:37:58.717   305   305 W IMGMemtrackHAL: hal_get_memory: memtrack cache rebuild was required
05-22 02:37:58.821 11818 11818 I chatty  : uid=10334(com.redflix.tvmoderno) expire 54 lines
05-22 02:37:58.835 11818 12280 I chatty  : uid=10334(com.redflix.tvmoderno) pool-2-thread-8 expire 9 lines
05-22 02:37:58.841 11818 12283 I chatty  : uid=10334(com.redflix.tvmoderno) pool-2-thread-1 expire 9 lines
05-22 02:37:58.847 11818 13184 I chatty  : uid=10334(com.redflix.tvmoderno) pool-2-thread-1 expire 9 lines
05-22 02:37:58.850 11818 12067 I chatty  : uid=10334(com.redflix.tvmoderno) pool-2-thread-1 expire 9 lines
05-22 02:37:58.850 11818 12068 I chatty  : uid=10334(com.redflix.tvmoderno) pool-2-thread-2 expire 15 lines
05-22 02:37:59.693   305   305 W IMGMemtrackHAL: hal_get_memory: memtrack cache rebuild was required
05-22 02:38:00.231  1624 14819 I whad    : ControlPlaneManager:handleCommand:caller=Libevent,cmd=sendMessage,xmit=1515977270,recv=1515967144,delta=-10126,tss=XX01GE,senderId=XX06AG,tssStale=true
05-22 02:38:00.232  1624 14819 I whad    : Fabric:onMessage:id=Stitch_13e509ed-b96c-4f21-9fe3-c25b78ae7694, name=Stitch, sender=XX06AG
05-22 02:38:00.713   305   305 W IMGMemtrackHAL: hal_get_memory: memtrack cache rebuild was required
05-22 02:38:01.038   530   530 W Process : Unable to open /proc/0/status
05-22 02:38:01.059   530   549 I ActivityManager: Start proc 14841:com.amazon.bueller.photos/u0a77 for service com.amazon.bueller.photos/com.amazon.gallery.thor.config.control.RemoteConfigurationJob
05-22 02:38:01.088 14841 14841 E .bueller.photo: Not starting debugger since process cannot load the jdwp agent.
05-22 02:38:01.139 14841 14841 I .bueller.photo: The ClassLoaderContext is a special shared library.
05-22 02:38:01.145 14841 14841 W .bueller.photo: ClassLoaderContext classpath size mismatch for position 0. expected=0, found=1 (PCL[] | PCL[/system/framework/com.amazon.identity.auth.device.jar*1759628808])
05-22 02:38:01.150 14841 14841 I .bueller.photo: The ClassLoaderContext is a special shared library.
05-22 02:38:01.157 14841 14841 W .bueller.photo: ClassLoaderContext classpath size mismatch for position 0. expected=0, found=3 (PCL[] | PCL[/system/framework/com.amazon.identity.auth.device.jar*1759628808:/system/priv-app/MetricsApi/MetricsApi.apk*3997826149:/system/framework/retaildemoapi.jar*4019160098])
05-22 02:38:01.263 14841 14841 I MultiDex: VM with version 2.1.0 has multidex support
05-22 02:38:01.263 14841 14841 I MultiDex: Installing application
05-22 02:38:01.264 14841 14841 I MultiDex: VM has multidex support, MultiDex support library is disabled.
05-22 02:38:01.293 14841 14841 W FirebaseApp: Default FirebaseApp failed to initialize because no default options were found. This usually means that com.google.gms:google-services was not applied to your gradle project.
05-22 02:38:01.293 14841 14841 I FirebaseInitProvider: FirebaseApp initialization unsuccessful
05-22 02:38:01.559 14841 14841 I com.amazon.bueller.photos/MAPInit: Initializing MAP (130050002 / MAPAndroidLib-1.3.51367.0) for app com.amazon.bueller.photos. MAP release version: 20260206N
05-22 02:38:01.580 14841 14841 I com.amazon.bueller.photos/MetricsHelper: FireOS Minerva metrics is supported
05-22 02:38:01.583 14841 14841 I com.amazon.bueller.photos/MAPInit: Running MAPInit on main thread: true
05-22 02:38:01.589 14841 14841 I com.amazon.bueller.photos/ClientToCentralTrustLogicImpl: Current package is: com.amazon.bueller.photos. Directly trust central package: com.amazon.imp, since it is system MAP library
05-22 02:38:01.593 14841 14841 I chatty  : uid=10077(com.amazon.bueller.photos) identical 2 lines
05-22 02:38:01.594 14841 14841 I com.amazon.bueller.photos/ClientToCentralTrustLogicImpl: Current package is: com.amazon.bueller.photos. Directly trust central package: com.amazon.imp, since it is system MAP library
05-22 02:38:01.597 14841 14841 I com.amazon.bueller.photos/IsolatedModeSwitcher: App does not support client driven runtime isolation.
05-22 02:38:01.598 14841 14841 I com.amazon.bueller.photos/ClientToCentralTrustLogicImpl: Current package is: com.amazon.bueller.photos. Directly trust central package: com.amazon.imp, since it is system MAP library
05-22 02:38:01.600 14841 14841 I com.amazon.bueller.photos/ClientToCentralTrustLogicImpl: Current package is: com.amazon.bueller.photos. Directly trust central package: com.amazon.imp, since it is system MAP library
05-22 02:38:01.601 14841 14841 I com.amazon.bueller.photos/FeatureSetCache: Caching feature IsolateApplication as false
05-22 02:38:01.602 14841 14841 I com.amazon.bueller.photos/ClientToCentralTrustLogicImpl: Current package is: com.amazon.bueller.photos. Directly trust central package: com.amazon.imp, since it is system MAP library
05-22 02:38:01.606 14841 14860 E com.amazon.bueller.photos/PlatformUtils: Could not initialize FidoAuthenticatorJSBridge because Fido client could not be initialized
05-22 02:38:01.627 14841 14841 I com.amazon.bueller.photos/LocalKeyValueStore: Create DE shared preference, OS supports direct boot.
05-22 02:38:01.635 14841 14841 I com.amazon.bueller.photos/TrustedPackageManager: Trying to use default signature based package trust logic. This should be on 3P device
05-22 02:38:01.635 14841 14841 I com.amazon.bueller.photos/TrustedPackageManager: Setting package trust logic as: signature based package trust logic
05-22 02:38:01.636 14841 14841 W .bueller.photo: Class com.amazon.identity.auth.device.framework.AmazonDeviceInfo failed lock verification and will run slower.
05-22 02:38:01.636 14841 14841 W .bueller.photo: Common causes for lock verification issues are non-optimized dex code
