05-22 02:38:03.763  1160  1160 D wpa_supplicant: p2p0: Radio work 'p2p-listen'@0xaa9c3690 done in 5.047276 seconds
05-22 02:38:03.763  1160  1160 D wpa_supplicant: p2p0: radio_work_free('p2p-listen'@0xaa9c3690): num_active_works --> 0
05-22 02:38:03.763  1160  1160 D wpa_supplicant: nl80211: Drv Event 56 (NL80211_CMD_CANCEL_REMAIN_ON_CHANNEL) received for p2p0
05-22 02:38:03.763  1160  1160 D wpa_supplicant: nl80211: Remain-on-channel event (cancel=1 freq=2417 channel_type=0 duration=0 cookie=0x74e4d (match))
05-22 02:38:03.764  1160  1160 D wpa_supplicant: p2p0: Event CANCEL_REMAIN_ON_CHANNEL (20) received
05-22 02:38:03.764  1160  1160 D wpa_supplicant: P2P: Cancel remain-on-channel callback (p2p_long_listen=1905472704 ms pending_action_tx=0x0)
05-22 02:38:03.764  1160  1160 D wpa_supplicant: P2P: Driver ended Listen state (freq=2417)
05-22 02:38:03.764  1160  1160 D wpa_supplicant: P2P: Continuing long Listen state
05-22 02:38:03.764  1160  1160 D wpa_supplicant: P2P: Going to listen(only) state
05-22 02:38:03.764  1160  1160 D wpa_supplicant: STA wpa_state=9 freq=2417
05-22 02:38:03.764  1160  1160 D wpa_supplicant: P2P: cfg reg_class(81) channel(2)
05-22 02:38:03.764  1160  1160 D wpa_supplicant: P2P: cfg reg_class(81) channel(2)
05-22 02:38:03.764  1160  1160 D wpa_supplicant: P2P: Set Listen channel: reg_class 81 channel 2
05-22 02:38:03.764  1160  1160 D wpa_supplicant: P2P: Defer setting listen channel
05-22 02:38:03.764  1160  1160 D wpa_supplicant: P2P: p2p listen class(81)/channel(2)
05-22 02:38:03.764  1160  1160 D wpa_supplicant: WPS:  * Version (hardcoded 0x10)
05-22 02:38:03.764  1160  1160 D wpa_supplicant: WPS:  * UUID-E
05-22 02:38:03.764  1160  1160 D wpa_supplicant: WPS:  * Version2 (0x20)
05-22 02:38:03.764  1160  1160 D wpa_supplicant: P2P: * P2P IE header
05-22 02:38:03.764  1160  1160 D wpa_supplicant: P2P: * Capability dev=25 group=00
05-22 02:38:03.764  1160  1160 D wpa_supplicant: P2P: * Listen Channel: Regulatory Class 81 Channel 2
05-22 02:38:03.764  1160  1160 D wpa_supplicant: P2P: * Device Info
05-22 02:38:03.764  1160  1160 D wpa_supplicant: p2p0: Add radio work 'p2p-listen'@0xaa9c3690
05-22 02:38:03.764  1160  1160 D wpa_supplicant: p2p0: First radio work item in the queue - schedule start immediately
05-22 02:38:03.764  1160  1160 D wpa_supplicant: P2P: State LISTEN_ONLY -> LISTEN_ONLY
05-22 02:38:03.764  1160  1160 D wpa_supplicant: p2p0: Starting radio work 'p2p-listen'@0xaa9c3690 after 0.000058 second wait
05-22 02:38:03.764  1160  1160 D wpa_supplicant: nl80211: Enable Probe Request reporting nl_preq=0xaaa02590
05-22 02:38:03.764  1160  1160 D wpa_supplicant: nl80211: Register frame type=0x40 (WLAN_FC_STYPE_PROBE_REQ) nl_handle=0xaaa02590 match= multicast=0
05-22 02:38:03.764  1160  1160 D wpa_supplicant: nl80211: Remain-on-channel cookie 0x74e4e for freq=2417 MHz duration=5000
05-22 02:38:03.791  1160  1160 D wpa_supplicant: nl80211: Drv Event 55 (NL80211_CMD_REMAIN_ON_CHANNEL) received for p2p0
05-22 02:38:03.791  1160  1160 D wpa_supplicant: nl80211: Remain-on-channel event (cancel=0 freq=2417 channel_type=0 duration=5000 cookie=0x74e4e (match))
05-22 02:38:03.791  1160  1160 D wpa_supplicant: p2p0: Event REMAIN_ON_CHANNEL (19) received
05-22 02:38:03.791  1160  1160 D wpa_supplicant: Off-channel: Send Action callback (without_roc=0 pending_action_tx=0x0 pending_action_tx_done=0)
05-22 02:38:03.791  1160  1160 D wpa_supplicant: P2P: remain-on-channel callback (off_channel_freq=2417 pending_listen_freq=2417 roc_waiting_drv_freq=0 freq=2417 duration=5000)
05-22 02:38:03.791  1160  1160 D wpa_supplicant: STA wpa_state=9 freq=2417
05-22 02:38:03.791  1160  1160 D wpa_supplicant: P2P: Starting Listen timeout(5,0) on freq=2417 based on callback
05-22 02:38:03.791  1160  1160 D wpa_supplicant: P2P: Set timeout (state=LISTEN_ONLY): 5.020000 sec
05-22 02:38:04.029   695   695 W ThreadPoolForeg: type=1400 audit(0.0:67523): avc: denied { write } for name="traced_producer" dev="tmpfs" ino=13700 scontext=u:r:gmscore_app:s0:c512,c768 tcontext=u:object_r:traced_producer_socket:s0 tclass=sock_file permissive=0 app=com.google.android.gms
05-22 02:38:04.125   405   785 I HdmieArc: earc status newStatus 0, oldStatus=EN_TOS_CEC_EARC_STATUS_HANDSHAKE
05-22 02:38:04.125   405   785 I HdmieArc: rhal earc status: 0, error code: 0 
05-22 02:38:04.640  1160  1160 D wpa_supplicant: wlan_traffic_statistics rx_byte = 3445608155 rx rate = 11 Kb/s
05-22 02:38:04.640  1160  1160 D wpa_supplicant: wlan_traffic_statistics tx_byte = 3135562337 tx rate = 56 Kb/s
05-22 02:38:05.126   405   785 I HdmieArc: earc status newStatus 0, oldStatus=EN_TOS_CEC_EARC_STATUS_HANDSHAKE
05-22 02:38:05.126   405   785 I HdmieArc: rhal earc status: 0, error code: 0 
05-22 02:38:05.372   815   998 E WifiVendorHal: getWifiLinkLayerStats_1_3_Internal(l.978) failed {.code = ERROR_NOT_SUPPORTED, .description = }
05-22 02:38:05.378   815   998 D WifiClientModeImpl: fetchRssiLinkSpeedAndFrequencyNative rssi=-72 TxLinkspeed=130 freq=2417 RxLinkSpeed=0
05-22 02:38:05.378   815   998 V WifiConfigManager: Updating scan detail cache freq=2417 BSSID=f8:2d:c0:24:9e:d2 RSSI=-71 for "BOLSONARO2018"WPA_PSK
05-22 02:38:05.380   815   998 D WifiThroughputPredictor:  utilization (BssLoad) -1 utilization (LLStats) 80 isBluetoothConnected: false final utilization: 80
05-22 02:38:05.380   815   998 D WifiThroughputPredictor:  utilization (BssLoad) -1 utilization (LLStats) 80 isBluetoothConnected: false final utilization: 80
05-22 02:38:05.380   815   998 D WifiScoreCard: BSSID update SIGNAL_POLL ID: 398514962 SSID: BOLSONARO2018, BSSID: f8:2d:c0:24:9e:d2, MAC: 64:57:25:8c:68:c1, Supplicant state: COMPLETED, Wi-Fi standard: 0, RSSI: -72, Link speed: 130Mbps, Tx Link speed: 130Mbps, Max Supported Tx Link speed: -1Mbps, Rx Link speed: -1Mbps, Max Supported Rx Link speed: -1Mbps, Frequency: 2417MHz, Net ID: 0, Metered hint: false, score: 60
05-22 02:38:05.381   815   998 D WifiScoreCard: txRate: 21 txSpeed: 130
05-22 02:38:05.381   815   998 D WifiScoreCard: network update SIGNAL_POLL "BOLSONARO2018" ID: 976476524 RSSI -72 txSpeed 130
05-22 02:38:05.381   815   998 D WifiScoreCard: SSID: "BOLSONARO2018"
05-22 02:38:05.381   815   998 D WifiScoreCard:  LastRssiPollTime: 1509023744 LastRssiPoll: -72 LastTxSpeedPoll: 130
05-22 02:38:05.381   815   998 D WifiScoreCard:  StatsRecent:  ConnectAttempt: 4 ConnectFailure: 0 ConnectDurSec: 5179065 AssocRej: 0 AssocTimeout: 0 AuthFailure: 0 ShortDiscNonlocal: 6 DisconnectNonlocal: 7 Disconnect: 13 ConsecutiveConnectFailure: 0
05-22 02:38:05.381   815   998 D WifiScoreCard:  StatsCurr:  ConnectAttempt: 54 ConnectFailure: 0 ConnectDurSec: 759544 AssocRej: 0 AssocTimeout: 0 AuthFailure: 0 ShortDiscNonlocal: 39 DisconnectNonlocal: 53 Disconnect: 73 ConsecutiveConnectFailure: 0
05-22 02:38:05.381   815   998 D WifiScoreCard:  StatsPrev:  ConnectAttempt: 15 ConnectFailure: 0 ConnectDurSec: 211923 AssocRej: 0 AssocTimeout: 0 AuthFailure: 0 ShortDiscNonlocal: 10 DisconnectNonlocal: 19 Disconnect: 32 ConsecutiveConnectFailure: 0
05-22 02:38:05.383   815   998 D WifiClientModeImpl:  L2ConnectedState screen=on 106 0 "BOLSONARO2018" f8:2d:c0:24:9e:d2 rssi=-72 f=2417 sc=60 link=130 tx=20,8, 0,0, 0,0  rx=18,6 bcn=0 [on:0 tx:0 rx:0 period:3010] from screen [on:0 period:74109966] score=60
05-22 02:38:06.126   405   785 I HdmieArc: earc status newStatus 0, oldStatus=EN_TOS_CEC_EARC_STATUS_HANDSHAKE
05-22 02:38:06.126   405   785 I HdmieArc: rhal earc status: 0, error code: 0 
05-22 02:38:06.249   821  2012 D TVKitService: getProjectID
05-22 02:38:06.250   821  2012 D DeviceInfoImpl: getProjectID from map is 4357
05-22 02:38:06.250  2458  2458 I TCL_DeviceInfo: id = 4357
05-22 02:38:06.250  2458  2458 E TCL_DeviceInfo: from sita get client type is TCL-LA-RTD51A-S1
05-22 02:38:06.251   821  2012 D TVKitService: getSoftwareVersion
05-22 02:38:06.251   821  2012 D DeviceInfoImpl: getSoftwareVersion is V8-R51AT01-LF1V126
05-22 02:38:06.251  2458  2458 I TCL_DeviceInfo: ret  = V8-R51AT01-LF1V126
05-22 02:38:06.251   815  1981 I WifiService: getConnectionInfo uid=1000
05-22 02:38:06.642  1160  1160 D wpa_supplicant: wlan_traffic_statistics rx_byte = 3445610391 rx rate = 8 Kb/s
05-22 02:38:06.642  1160  1160 D wpa_supplicant: wlan_traffic_statistics tx_byte = 3135572249 tx rate = 38 Kb/s
05-22 02:38:07.126   405   785 I HdmieArc: earc status newStatus 0, oldStatus=EN_TOS_CEC_EARC_STATUS_HANDSHAKE
05-22 02:38:07.126   405   785 I HdmieArc: rhal earc status: 0, error code: 0 
05-22 02:38:08.127   405   785 I HdmieArc: earc status newStatus 0, oldStatus=EN_TOS_CEC_EARC_STATUS_HANDSHAKE
05-22 02:38:08.127   405   785 I HdmieArc: rhal earc status: 0, error code: 0 
05-22 02:38:08.290  2458  3731 D TCastPublishOverUdp: ad4635c@sendOnline
05-22 02:38:08.385   815   998 E WifiVendorHal: getWifiLinkLayerStats_1_3_Internal(l.978) failed {.code = ERROR_NOT_SUPPORTED, .description = }
05-22 02:38:08.392   815   998 D WifiClientModeImpl: fetchRssiLinkSpeedAndFrequencyNative rssi=-72 TxLinkspeed=130 freq=2417 RxLinkSpeed=0
05-22 02:38:08.392   815   998 V WifiConfigManager: Updating scan detail cache freq=2417 BSSID=f8:2d:c0:24:9e:d2 RSSI=-71 for "BOLSONARO2018"WPA_PSK
05-22 02:38:08.393   815   998 D WifiThroughputPredictor:  utilization (BssLoad) -1 utilization (LLStats) 80 isBluetoothConnected: false final utilization: 80
05-22 02:38:08.393   815   998 D WifiThroughputPredictor:  utilization (BssLoad) -1 utilization (LLStats) 80 isBluetoothConnected: false final utilization: 80
05-22 02:38:08.393   815   998 D WifiScoreCard: BSSID update SIGNAL_POLL ID: 398514962 SSID: BOLSONARO2018, BSSID: f8:2d:c0:24:9e:d2, MAC: 64:57:25:8c:68:c1, Supplicant state: COMPLETED, Wi-Fi standard: 0, RSSI: -72, Link speed: 130Mbps, Tx Link speed: 130Mbps, Max Supported Tx Link speed: -1Mbps, Rx Link speed: -1Mbps, Max Supported Rx Link speed: -1Mbps, Frequency: 2417MHz, Net ID: 0, Metered hint: false, score: 60
05-22 02:38:08.393   815   998 D WifiScoreCard: txRate: 19 txSpeed: 130
05-22 02:38:08.393   815   998 D WifiScoreCard: network update SIGNAL_POLL "BOLSONARO2018" ID: 976476524 RSSI -72 txSpeed 130
05-22 02:38:08.394   815   998 D WifiScoreCard: SSID: "BOLSONARO2018"
05-22 02:38:08.394   815   998 D WifiScoreCard:  LastRssiPollTime: 1509026756 LastRssiPoll: -72 LastTxSpeedPoll: 130
05-22 02:38:08.394   815   998 D WifiScoreCard:  StatsRecent:  ConnectAttempt: 4 ConnectFailure: 0 ConnectDurSec: 5179065 AssocRej: 0 AssocTimeout: 0 AuthFailure: 0 ShortDiscNonlocal: 6 DisconnectNonlocal: 7 Disconnect: 13 ConsecutiveConnectFailure: 0
05-22 02:38:08.394   815   998 D WifiScoreCard:  StatsCurr:  ConnectAttempt: 54 ConnectFailure: 0 ConnectDurSec: 759544 AssocRej: 0 AssocTimeout: 0 AuthFailure: 0 ShortDiscNonlocal: 39 DisconnectNonlocal: 53 Disconnect: 73 ConsecutiveConnectFailure: 0
05-22 02:38:08.394   815   998 D WifiScoreCard:  StatsPrev:  ConnectAttempt: 15 ConnectFailure: 0 ConnectDurSec: 211923 AssocRej: 0 AssocTimeout: 0 AuthFailure: 0 ShortDiscNonlocal: 10 DisconnectNonlocal: 19 Disconnect: 32 ConsecutiveConnectFailure: 0
05-22 02:38:08.397   815   998 D WifiClientModeImpl:  L2ConnectedState screen=on 106 0 "BOLSONARO2018" f8:2d:c0:24:9e:d2 rssi=-72 f=2417 sc=60 link=130 tx=18,1, 0,0, 0,0  rx=16,1 bcn=0 [on:0 tx:0 rx:0 period:3013] from screen [on:0 period:74112980] score=60
05-22 02:38:08.643  1160  1160 D wpa_supplicant: wlan_traffic_statistics rx_byte = 3445612603 rx rate = 8 Kb/s
05-22 02:38:08.643  1160  1160 D wpa_supplicant: wlan_traffic_statistics tx_byte = 3135581544 tx rate = 36 Kb/s
05-22 02:38:08.800  1160  1160 D wpa_supplicant: nl80211: Drv Event 56 (NL80211_CMD_CANCEL_REMAIN_ON_CHANNEL) received for p2p0
05-22 02:38:08.800  1160  1160 D wpa_supplicant: nl80211: Remain-on-channel event (cancel=1 freq=2417 channel_type=0 duration=0 cookie=0x74e4e (match))
05-22 02:38:08.800  1160  1160 D wpa_supplicant: p2p0: Event CANCEL_REMAIN_ON_CHANNEL (20) received
05-22 02:38:08.800  1160  1160 D wpa_supplicant: P2P: Cancel remain-on-channel callback (p2p_long_listen=1905467704 ms pending_action_tx=0x0)
05-22 02:38:08.800  1160  1160 D wpa_supplicant: p2p0: Radio work 'p2p-listen'@0xaa9c3690 done in 5.035910 seconds
05-22 02:38:08.800  1160  1160 D wpa_supplicant: p2p0: radio_work_free('p2p-listen'@0xaa9c3690): num_active_works --> 0
05-22 02:38:08.800  1160  1160 D wpa_supplicant: P2P: Driver ended Listen state (freq=2417)
05-22 02:38:08.800  1160  1160 D wpa_supplicant: P2P: Continuing long Listen state
05-22 02:38:08.800  1160  1160 D wpa_supplicant: P2P: Going to listen(only) state
05-22 02:38:08.800  1160  1160 D wpa_supplicant: STA wpa_state=9 freq=2417
05-22 02:38:08.800  1160  1160 D wpa_supplicant: P2P: cfg reg_class(81) channel(2)
05-22 02:38:08.800  1160  1160 D wpa_supplicant: P2P: cfg reg_class(81) channel(2)
05-22 02:38:08.800  1160  1160 D wpa_supplicant: P2P: Set Listen channel: reg_class 81 channel 2
05-22 02:38:08.800  1160  1160 D wpa_supplicant: P2P: Defer setting listen channel
05-22 02:38:08.800  1160  1160 D wpa_supplicant: P2P: p2p listen class(81)/channel(2)
05-22 02:38:08.800  1160  1160 D wpa_supplicant: WPS:  * Version (hardcoded 0x10)
05-22 02:38:08.800  1160  1160 D wpa_supplicant: WPS:  * UUID-E
05-22 02:38:08.800  1160  1160 D wpa_supplicant: WPS:  * Version2 (0x20)
05-22 02:38:08.800  1160  1160 D wpa_supplicant: P2P: * P2P IE header
05-22 02:38:08.800  1160  1160 D wpa_supplicant: P2P: * Capability dev=25 group=00
05-22 02:38:08.800  1160  1160 D wpa_supplicant: P2P: * Listen Channel: Regulatory Class 81 Channel 2
05-22 02:38:08.800  1160  1160 D wpa_supplicant: P2P: * Device Info
05-22 02:38:08.800  1160  1160 D wpa_supplicant: p2p0: Add radio work 'p2p-listen'@0xaa9c3690
05-22 02:38:08.800  1160  1160 D wpa_supplicant: p2p0: First radio work item in the queue - schedule start immediately
05-22 02:38:08.800  1160  1160 D wpa_supplicant: P2P: State LISTEN_ONLY -> LISTEN_ONLY
05-22 02:38:08.800  1160  1160 D wpa_supplicant: p2p0: Starting radio work 'p2p-listen'@0xaa9c3690 after 0.000073 second wait
05-22 02:38:08.800  1160  1160 D wpa_supplicant: nl80211: Probe Request reporting already on! nl_preq=0x2228ad19
05-22 02:38:08.800  1160  1160 D wpa_supplicant: nl80211: Remain-on-channel cookie 0x74e4f for freq=2417 MHz duration=5000
05-22 02:38:08.811  1160  1160 D wpa_supplicant: P2P: Timeout (state=LISTEN_ONLY)
05-22 02:38:08.826  1160  1160 D wpa_supplicant: nl80211: Drv Event 55 (NL80211_CMD_REMAIN_ON_CHANNEL) received for p2p0
05-22 02:38:08.826  1160  1160 D wpa_supplicant: nl80211: Remain-on-channel event (cancel=0 freq=2417 channel_type=0 duration=5000 cookie=0x74e4f (match))
05-22 02:38:08.826  1160  1160 D wpa_supplicant: p2p0: Event REMAIN_ON_CHANNEL (19) received
05-22 02:38:08.826  1160  1160 D wpa_supplicant: Off-channel: Send Action callback (without_roc=0 pending_action_tx=0x0 pending_action_tx_done=0)
05-22 02:38:08.826  1160  1160 D wpa_supplicant: P2P: remain-on-channel callback (off_channel_freq=2417 pending_listen_freq=2417 roc_waiting_drv_freq=0 freq=2417 duration=5000)
05-22 02:38:08.826  1160  1160 D wpa_supplicant: STA wpa_state=9 freq=2417
05-22 02:38:08.826  1160  1160 D wpa_supplicant: P2P: Starting Listen timeout(5,0) on freq=2417 based on callback
05-22 02:38:08.826  1160  1160 D wpa_supplicant: P2P: Set timeout (state=LISTEN_ONLY): 5.020000 sec
05-22 02:38:09.127   405   785 I HdmieArc: earc status newStatus 0, oldStatus=EN_TOS_CEC_EARC_STATUS_HANDSHAKE
05-22 02:38:09.127   405   785 I HdmieArc: rhal earc status: 0, error code: 0 
05-22 02:38:09.335  1052  1417 I TGuardMemoryManagerMemoryInfoManager: com.redflix.tvmoderno avgPss is 83686  predictSize is 83686
05-22 02:38:09.335  1052  1417 I TGuardMemoryManagerMemoryStrategy: unit(kb),need=83686,lost=0,swapFree=112432,memAvail=497552,WarningThreshold=183994,realAvail=313558,realNeed=-229872
05-22 02:38:09.335  1052  1417 D NativeJni: start GetKswapdHigh, zone info path = /proc/zoneinfo
05-22 02:38:09.336  1052  1404 I TGuardMemoryManagerKillHandler: kill max rank = 3
05-22 02:38:09.336  1052  1417 D NativeJni: get high size = 7291 page
05-22 02:38:09.336  1052  1417 D NativeJni: start GetKswapdLow, zone info path = /proc/zoneinfo
05-22 02:38:09.336  1052  1404 I TGuardMemoryManagerKillHandler: rank[0, 19]:skipped kill for children size is 0:
05-22 02:38:09.336  1052  1404 I TGuardMemoryManagerKillHandler: rank[0, 18]:skipped kill for children size is 0:com.google.android.gms.persistent
05-22 02:38:09.336  1052  1404 I TGuardMemoryManagerKillHandler: rank[0, 17]:skipped kill for children size is 0:com.google.android.webview:sandboxed_process0:org.chromium.content.app.SandboxedProcessService0:0
05-22 02:38:09.336  1052  1404 I TGuardMemoryManagerKillHandler: rank[0, 16]:skipped kill for children size is 0:com.android.vending:quick_launch
05-22 02:38:09.336  1052  1404 I TGuardMemoryManagerKillHandler: rank[0, 15]:skipped kill for children size is 0:android.process.media
05-22 02:38:09.336  1052  1404 I TGuardMemoryManagerKillHandler: rank[0, 14]:skipped kill for children size is 0:com.google.android.webview:webview_apk
05-22 02:38:09.336  1052  1404 I TGuardMemoryManagerKillHandler: rank[0, 13]:skipped kill for children size is 0:com.google.android.apps.tv.launcherx:coreservices
05-22 02:38:09.336  1052  1404 I TGuardMemoryManagerKillHandler: rank[0, 12]:skipped kill for children size is 0:com.redflix.tvmoderno
05-22 02:38:09.336  1052  1404 I TGuardMemoryManagerKillHandler: rank[0, 11]:skipped kill for children size is 0:com.google.android.webview:sandboxed_process0:org.chromium.content.app.SandboxedProcessService0:1
05-22 02:38:09.336  1052  1404 I TGuardMemoryManagerKillHandler: rank[0, 10]:skipped kill for children size is 0:android:ui
05-22 02:38:09.336  1052  1404 I TGuardMemoryManagerKillHandler: rank[0, 9]:skipped kill for children size is 0:com.google.android.gms.unstable
05-22 02:38:09.336  1052  1417 D NativeJni: get high size = 6710 page
05-22 02:38:09.336  1052  1417 D NativeJni: start GetKswapdMin, zone info path = /proc/zoneinfo
05-22 02:38:09.336  1052  1404 I TGuardMemoryManagerKillHandler: rank[0, 8]:skipped kill for children size is 0:com.google.android.webview:webview_service
05-22 02:38:09.337  1052  1404 I TGuardMemoryManagerKillHandler: rank[0, 7]:skipped kill for children size is 0:com.redflix.tvmoderno
05-22 02:38:09.337  1052  1404 I TGuardMemoryManagerKillHandler: rank[0, 6]:skipped kill for children size is 0:com.android.vending:background
05-22 02:38:09.337  1052  1404 I TGuardMemoryManagerKillHandler: rank[0, 5]:skipped kill for children size is 0:com.redflix.tvmoderno
05-22 02:38:09.337  1052  1404 I TGuardMemoryManagerKillHandler: rank[0, 4]:skipped kill for children size is 0:com.google.android.apps.tv.dreamx:smarthome
05-22 02:38:09.337  1052  1417 D NativeJni: get high size = 778 page
05-22 02:38:09.337  1052  1404 I TGuardMemoryManagerKillHandler: rank[0, 3]:skipped kill for children size is 0:com.google.android.youtube.tv.recommendations
05-22 02:38:09.337  1052  1417 I TGuardMemoryManagerMemoryStrategy: free=88428,wartermark=(29164,26840,3112),swapfree=112432
05-22 02:38:09.337  1052  1404 I TGuardMemoryManagerKillHandler: rank[0, 2]:skipped kill for children size is 0:com.google.process.gapps
05-22 02:38:09.337  1052  1404 I TGuardMemoryManagerKillHandler: rank[0, 1]:skipped kill for children size is 0:system
05-22 02:38:09.337  1052  1404 I TGuardMemoryManagerKillHandler: rank[0, 0]:skipped kill for children size is 0:com.google.process.gservices
05-22 02:38:09.337  1052  1404 I TGuardMemoryManagerKillHandler: rank[2, 29]:skipped kill white list:com.android.providers.media.module,pss=15894
05-22 02:38:09.337  1052  1404 I TGuardMemoryManagerKillHandler: prepare package: com.google.android.gms, rank = 2, reason = tguard-kill-Gms, isUseHighCpu = false
05-22 02:38:09.337  1052  1404 D NativeJni: get -1 process level 2 memory failed(No such process)
05-22 02:38:09.337  1052  1404 D NativeJni: get -1 process level 2 memory failed(No such process)
05-22 02:38:09.338  1052  1404 I TGuardMemoryManagerKillHandler: res = 0 noneExist:0 allToKill:2
05-22 02:38:09.338  1052  1404 I TGuardMemoryManagerKillHandler: prepare package: com.android.externalstorage, rank = 2, reason = tguard-kill-SystemApp, isUseHighCpu = false
05-22 02:38:09.339  1052  1404 I TGuardMemoryManagerKillHandler: res = 0 noneExist:0 allToKill:1
05-22 02:38:09.339  1052  1404 I TGuardMemoryManagerKillHandler: rank[2, 22]:skipped kill white list:com.android.bluetooth,pss=9508
05-22 02:38:09.339  1052  1404 I TGuardMemoryManagerKillHandler: rank[2, 21]: skipped kill as auto restart:com.google.android.gms,pss=79496
05-22 02:38:09.339  1052  1404 I TGuardMemoryManagerKillHandler: memory, finish kill total size:0 realNeed:0 cacheFreed:0
05-22 02:38:09.620   815  1009 D DeviceStorageMonitorService: updateBroadcasts,oldlevel is 0,newLevel is 0
05-22 02:38:10.127   405   785 I HdmieArc: earc status newStatus 0, oldStatus=EN_TOS_CEC_EARC_STATUS_HANDSHAKE
05-22 02:38:10.127   405   785 I HdmieArc: rhal earc status: 0, error code: 0 
05-22 02:38:10.644  1160  1160 D wpa_supplicant: wlan_traffic_statistics rx_byte = 3445615541 rx rate = 11 Kb/s
05-22 02:38:10.644  1160  1160 D wpa_supplicant: wlan_traffic_statistics tx_byte = 3135604299 tx rate = 88 Kb/s
05-22 02:38:11.128   405   785 I HdmieArc: earc status newStatus 0, oldStatus=EN_TOS_CEC_EARC_STATUS_HANDSHAKE
05-22 02:38:11.128   405   785 I HdmieArc: rhal earc status: 0, error code: 0 
05-22 02:38:11.259   821  2012 D TVKitService: getProjectID
05-22 02:38:11.259   821  2012 D DeviceInfoImpl: getProjectID from map is 4357
05-22 02:38:11.259  2458  2458 I TCL_DeviceInfo: id = 4357
05-22 02:38:11.259  2458  2458 E TCL_DeviceInfo: from sita get client type is TCL-LA-RTD51A-S1
05-22 02:38:11.260   821  2012 D TVKitService: getSoftwareVersion
05-22 02:38:11.260   821  2012 D DeviceInfoImpl: getSoftwareVersion is V8-R51AT01-LF1V126
05-22 02:38:11.260  2458  2458 I TCL_DeviceInfo: ret  = V8-R51AT01-LF1V126
05-22 02:38:11.261   815  2033 I WifiService: getConnectionInfo uid=1000
05-22 02:38:11.397   815   998 E WifiVendorHal: getWifiLinkLayerStats_1_3_Internal(l.978) failed {.code = ERROR_NOT_SUPPORTED, .description = }
05-22 02:38:11.404   815   998 D WifiClientModeImpl: fetchRssiLinkSpeedAndFrequencyNative rssi=-71 TxLinkspeed=130 freq=2417 RxLinkSpeed=0
05-22 02:38:11.404   815   998 V WifiConfigManager: Updating scan detail cache freq=2417 BSSID=f8:2d:c0:24:9e:d2 RSSI=-71 for "BOLSONARO2018"WPA_PSK
05-22 02:38:11.405   815   998 D WifiThroughputPredictor:  utilization (BssLoad) -1 utilization (LLStats) 80 isBluetoothConnected: false final utilization: 80
05-22 02:38:11.405   815   998 D WifiThroughputPredictor:  utilization (BssLoad) -1 utilization (LLStats) 80 isBluetoothConnected: false final utilization: 80
05-22 02:38:11.406   815   998 D WifiScoreCard: BSSID update SIGNAL_POLL ID: 398514962 SSID: BOLSONARO2018, BSSID: f8:2d:c0:24:9e:d2, MAC: 64:57:25:8c:68:c1, Supplicant state: COMPLETED, Wi-Fi standard: 0, RSSI: -71, Link speed: 130Mbps, Tx Link speed: 130Mbps, Max Supported Tx Link speed: -1Mbps, Rx Link speed: -1Mbps, Max Supported Rx Link speed: -1Mbps, Frequency: 2417MHz, Net ID: 0, Metered hint: false, score: 60
05-22 02:38:11.406   815   998 D WifiScoreCard: txRate: 25 txSpeed: 130
05-22 02:38:11.406   815   998 D WifiScoreCard: network update SIGNAL_POLL "BOLSONARO2018" ID: 976476524 RSSI -71 txSpeed 130
05-22 02:38:11.406   815   998 D WifiScoreCard: SSID: "BOLSONARO2018"
05-22 02:38:11.406   815   998 D WifiScoreCard:  LastRssiPollTime: 1509029769 LastRssiPoll: -71 LastTxSpeedPoll: 130
05-22 02:38:11.406   815   998 D WifiScoreCard:  StatsRecent:  ConnectAttempt: 4 ConnectFailure: 0 ConnectDurSec: 5179065 AssocRej: 0 AssocTimeout: 0 AuthFailure: 0 ShortDiscNonlocal: 6 DisconnectNonlocal: 7 Disconnect: 13 ConsecutiveConnectFailure: 0
05-22 02:38:11.406   815   998 D WifiScoreCard:  StatsCurr:  ConnectAttempt: 54 ConnectFailure: 0 ConnectDurSec: 759544 AssocRej: 0 AssocTimeout: 0 AuthFailure: 0 ShortDiscNonlocal: 39 DisconnectNonlocal: 53 Disconnect: 73 ConsecutiveConnectFailure: 0
05-22 02:38:11.406   815   998 D WifiScoreCard:  StatsPrev:  ConnectAttempt: 15 ConnectFailure: 0 ConnectDurSec: 211923 AssocRej: 0 AssocTimeout: 0 AuthFailure: 0 ShortDiscNonlocal: 10 DisconnectNonlocal: 19 Disconnect: 32 ConsecutiveConnectFailure: 0
05-22 02:38:11.408   815   998 D WifiClientModeImpl:  L2ConnectedState screen=on 106 0 "BOLSONARO2018" f8:2d:c0:24:9e:d2 rssi=-71 f=2417 sc=60 link=130 tx=24,7, 0,0, 0,0  rx=21,5 bcn=0 [on:0 tx:0 rx:0 period:3010] from screen [on:0 period:74115990] score=60
05-22 02:38:12.128   405   785 I HdmieArc: earc status newStatus 0, oldStatus=EN_TOS_CEC_EARC_STATUS_HANDSHAKE
05-22 02:38:12.128   405   785 I HdmieArc: rhal earc status: 0, error code: 0 
05-22 02:38:12.647  1160  1160 D wpa_supplicant: wlan_traffic_statistics rx_byte = 3445618129 rx rate = 10 Kb/s
05-22 02:38:12.647  1160  1160 D wpa_supplicant: wlan_traffic_statistics tx_byte = 3135614705 tx rate = 40 Kb/s
05-22 02:38:13.128   405   785 I HdmieArc: earc status newStatus 0, oldStatus=EN_TOS_CEC_EARC_STATUS_HANDSHAKE
05-22 02:38:13.128   405   785 I HdmieArc: rhal earc status: 0, error code: 0 
05-22 02:38:13.691  2458  3731 D TCastPublishOverUdp: ad4635c@sendOnline
05-22 02:38:13.848  1160  1160 D wpa_supplicant: P2P: Timeout (state=LISTEN_ONLY)
05-22 02:38:13.848  1160  1160 D wpa_supplicant: P2P: Driver is still in listen state - stop it
05-22 02:38:13.848  1160  1160 D wpa_supplicant: nl80211: Cancel remain-on-channel with cookie 0x74e4f
05-22 02:38:13.848  1160  1160 D wpa_supplicant: nl80211: Disable Probe Request reporting nl_preq=0x2228ad19
05-22 02:38:13.848  1160  1160 D wpa_supplicant: p2p0: Radio work 'p2p-listen'@0xaa9c3690 done in 5.047926 seconds
05-22 02:38:13.848  1160  1160 D wpa_supplicant: p2p0: radio_work_free('p2p-listen'@0xaa9c3690): num_active_works --> 0
05-22 02:38:13.848  1160  1160 D wpa_supplicant: nl80211: Drv Event 56 (NL80211_CMD_CANCEL_REMAIN_ON_CHANNEL) received for p2p0
05-22 02:38:13.848  1160  1160 D wpa_supplicant: nl80211: Remain-on-channel event (cancel=1 freq=2417 channel_type=0 duration=0 cookie=0x74e4f (match))
05-22 02:38:13.848  1160  1160 D wpa_supplicant: p2p0: Event CANCEL_REMAIN_ON_CHANNEL (20) received
05-22 02:38:13.848  1160  1160 D wpa_supplicant: P2P: Cancel remain-on-channel callback (p2p_long_listen=1905462704 ms pending_action_tx=0x0)
05-22 02:38:13.848  1160  1160 D wpa_supplicant: P2P: Driver ended Listen state (freq=2417)
05-22 02:38:13.848  1160  1160 D wpa_supplicant: P2P: Continuing long Listen state
05-22 02:38:13.848  1160  1160 D wpa_supplicant: P2P: Going to listen(only) state
05-22 02:38:13.848  1160  1160 D wpa_supplicant: STA wpa_state=9 freq=2417
05-22 02:38:13.848  1160  1160 D wpa_supplicant: P2P: cfg reg_class(81) channel(2)
05-22 02:38:13.848  1160  1160 D wpa_supplicant: P2P: cfg reg_class(81) channel(2)
05-22 02:38:13.848  1160  1160 D wpa_supplicant: P2P: Set Listen channel: reg_class 81 channel 2
05-22 02:38:13.848  1160  1160 D wpa_supplicant: P2P: Defer setting listen channel
05-22 02:38:13.848  1160  1160 D wpa_supplicant: P2P: p2p listen class(81)/channel(2)
05-22 02:38:13.848  1160  1160 D wpa_supplicant: WPS:  * Version (hardcoded 0x10)
05-22 02:38:13.848  1160  1160 D wpa_supplicant: WPS:  * UUID-E
05-22 02:38:13.848  1160  1160 D wpa_supplicant: WPS:  * Version2 (0x20)
05-22 02:38:13.848  1160  1160 D wpa_supplicant: P2P: * P2P IE header
05-22 02:38:13.848  1160  1160 D wpa_supplicant: P2P: * Capability dev=25 group=00
05-22 02:38:13.848  1160  1160 D wpa_supplicant: P2P: * Listen Channel: Regulatory Class 81 Channel 2
05-22 02:38:13.848  1160  1160 D wpa_supplicant: P2P: * Device Info
05-22 02:38:13.848  1160  1160 D wpa_supplicant: p2p0: Add radio work 'p2p-listen'@0xaa9c3690
05-22 02:38:13.848  1160  1160 D wpa_supplicant: p2p0: First radio work item in the queue - schedule start immediately
05-22 02:38:13.849  1160  1160 D wpa_supplicant: P2P: State LISTEN_ONLY -> LISTEN_ONLY
05-22 02:38:13.849  1160  1160 D wpa_supplicant: p2p0: Starting radio work 'p2p-listen'@0xaa9c3690 after 0.000065 second wait
05-22 02:38:13.849  1160  1160 D wpa_supplicant: nl80211: Enable Probe Request reporting nl_preq=0xaaa02590
05-22 02:38:13.849  1160  1160 D wpa_supplicant: nl80211: Register frame type=0x40 (WLAN_FC_STYPE_PROBE_REQ) nl_handle=0xaaa02590 match= multicast=0
05-22 02:38:13.849  1160  1160 D wpa_supplicant: nl80211: Remain-on-channel cookie 0x74e50 for freq=2417 MHz duration=5000
05-22 02:38:13.876  1160  1160 D wpa_supplicant: nl80211: Drv Event 55 (NL80211_CMD_REMAIN_ON_CHANNEL) received for p2p0
05-22 02:38:13.876  1160  1160 D wpa_supplicant: nl80211: Remain-on-channel event (cancel=0 freq=2417 channel_type=0 duration=5000 cookie=0x74e50 (match))
05-22 02:38:13.876  1160  1160 D wpa_supplicant: p2p0: Event REMAIN_ON_CHANNEL (19) received
05-22 02:38:13.876  1160  1160 D wpa_supplicant: Off-channel: Send Action callback (without_roc=0 pending_action_tx=0x0 pending_action_tx_done=0)
05-22 02:38:13.876  1160  1160 D wpa_supplicant: P2P: remain-on-channel callback (off_channel_freq=2417 pending_listen_freq=2417 roc_waiting_drv_freq=0 freq=2417 duration=5000)
05-22 02:38:13.876  1160  1160 D wpa_supplicant: STA wpa_state=9 freq=2417
05-22 02:38:13.876  1160  1160 D wpa_supplicant: P2P: Starting Listen timeout(5,0) on freq=2417 based on callback
05-22 02:38:13.876  1160  1160 D wpa_supplicant: P2P: Set timeout (state=LISTEN_ONLY): 5.020000 sec
05-22 02:38:14.129   405   785 I HdmieArc: earc status newStatus 0, oldStatus=EN_TOS_CEC_EARC_STATUS_HANDSHAKE
05-22 02:38:14.129   405   785 I HdmieArc: rhal earc status: 0, error code: 0 
05-22 02:38:14.410   815   998 E WifiVendorHal: getWifiLinkLayerStats_1_3_Internal(l.978) failed {.code = ERROR_NOT_SUPPORTED, .description = }
05-22 02:38:14.417   815   998 D WifiClientModeImpl: fetchRssiLinkSpeedAndFrequencyNative rssi=-73 TxLinkspeed=156 freq=2417 RxLinkSpeed=0
05-22 02:38:14.417   815   998 V WifiConfigManager: Updating scan detail cache freq=2417 BSSID=f8:2d:c0:24:9e:d2 RSSI=-72 for "BOLSONARO2018"WPA_PSK
05-22 02:38:14.418   815   998 D WifiThroughputPredictor:  utilization (BssLoad) -1 utilization (LLStats) 80 isBluetoothConnected: false final utilization: 80
05-22 02:38:14.418   815   998 D WifiThroughputPredictor:  utilization (BssLoad) -1 utilization (LLStats) 80 isBluetoothConnected: false final utilization: 80
05-22 02:38:14.419   815   998 D WifiScoreCard: BSSID update SIGNAL_POLL ID: 398514962 SSID: BOLSONARO2018, BSSID: f8:2d:c0:24:9e:d2, MAC: 64:57:25:8c:68:c1, Supplicant state: COMPLETED, Wi-Fi standard: 0, RSSI: -73, Link speed: 156Mbps, Tx Link speed: 156Mbps, Max Supported Tx Link speed: -1Mbps, Rx Link speed: -1Mbps, Max Supported Rx Link speed: -1Mbps, Frequency: 2417MHz, Net ID: 0, Metered hint: false, score: 60
05-22 02:38:14.419   815   998 D WifiScoreCard: txRate: 20 txSpeed: 156
05-22 02:38:14.419   815   998 D WifiScoreCard: network update SIGNAL_POLL "BOLSONARO2018" ID: 976476524 RSSI -73 txSpeed 156
05-22 02:38:14.419   815   998 D WifiScoreCard: SSID: "BOLSONARO2018"
05-22 02:38:14.419   815   998 D WifiScoreCard:  LastRssiPollTime: 1509032782 LastRssiPoll: -73 LastTxSpeedPoll: 156
05-22 02:38:14.419   815   998 D WifiScoreCard:  StatsRecent:  ConnectAttempt: 4 ConnectFailure: 0 ConnectDurSec: 5179065 AssocRej: 0 AssocTimeout: 0 AuthFailure: 0 ShortDiscNonlocal: 6 DisconnectNonlocal: 7 Disconnect: 13 ConsecutiveConnectFailure: 0
05-22 02:38:14.419   815   998 D WifiScoreCard:  StatsCurr:  ConnectAttempt: 54 ConnectFailure: 0 ConnectDurSec: 759544 AssocRej: 0 AssocTimeout: 0 AuthFailure: 0 ShortDiscNonlocal: 39 DisconnectNonlocal: 53 Disconnect: 73 ConsecutiveConnectFailure: 0
05-22 02:38:14.419   815   998 D WifiScoreCard:  StatsPrev:  ConnectAttempt: 15 ConnectFailure: 0 ConnectDurSec: 211923 AssocRej: 0 AssocTimeout: 0 AuthFailure: 0 ShortDiscNonlocal: 10 DisconnectNonlocal: 19 Disconnect: 32 ConsecutiveConnectFailure: 0
05-22 02:38:14.421   815   998 D WifiClientModeImpl:  L2ConnectedState screen=on 106 0 "BOLSONARO2018" f8:2d:c0:24:9e:d2 rssi=-73 f=2417 sc=60 link=156 tx=19,4, 0,0, 0,0  rx=17,1 bcn=0 [on:0 tx:0 rx:0 period:3012] from screen [on:0 period:74119003] score=60
05-22 02:38:14.647  1160  1160 D wpa_supplicant: wlan_traffic_statistics rx_byte = 3445621093 rx rate = 11 Kb/s
05-22 02:38:14.648  1160  1160 D wpa_supplicant: wlan_traffic_statistics tx_byte = 3135633232 tx rate = 72 Kb/s
05-22 02:38:15.129   405   785 I HdmieArc: earc status newStatus 0, oldStatus=EN_TOS_CEC_EARC_STATUS_HANDSHAKE
05-22 02:38:15.129   405   785 I HdmieArc: rhal earc status: 0, error code: 0 
05-22 02:38:16.129   405   785 I HdmieArc: earc status newStatus 0, oldStatus=EN_TOS_CEC_EARC_STATUS_HANDSHAKE
05-22 02:38:16.129   405   785 I HdmieArc: rhal earc status: 0, error code: 0 
05-22 02:38:16.268   821  2012 D TVKitService: getProjectID
05-22 02:38:16.268   821  2012 D DeviceInfoImpl: getProjectID from map is 4357
05-22 02:38:16.268  2458  2458 I TCL_DeviceInfo: id = 4357
05-22 02:38:16.269  2458  2458 E TCL_DeviceInfo: from sita get client type is TCL-LA-RTD51A-S1
05-22 02:38:16.269   821  2012 D TVKitService: getSoftwareVersion
05-22 02:38:16.269   821  2012 D DeviceInfoImpl: getSoftwareVersion is V8-R51AT01-LF1V126
05-22 02:38:16.270  2458  2458 I TCL_DeviceInfo: ret  = V8-R51AT01-LF1V126
05-22 02:38:16.270   815  2032 I WifiService: getConnectionInfo uid=1000
05-22 02:38:16.650  1160  1160 D wpa_supplicant: wlan_traffic_statistics rx_byte = 3445622581 rx rate = 5 Kb/s
05-22 02:38:16.650  1160  1160 D wpa_supplicant: wlan_traffic_statistics tx_byte = 3135636901 tx rate = 14 Kb/s
05-22 02:38:17.130   405   785 I HdmieArc: earc status newStatus 0, oldStatus=EN_TOS_CEC_EARC_STATUS_HANDSHAKE
05-22 02:38:17.130   405   785 I HdmieArc: rhal earc status: 0, error code: 0 
05-22 02:38:17.422   815   998 E WifiVendorHal: getWifiLinkLayerStats_1_3_Internal(l.978) failed {.code = ERROR_NOT_SUPPORTED, .description = }
05-22 02:38:17.429   815   998 D WifiClientModeImpl: fetchRssiLinkSpeedAndFrequencyNative rssi=-74 TxLinkspeed=104 freq=2417 RxLinkSpeed=0
05-22 02:38:17.429   815   998 V WifiConfigManager: Updating scan detail cache freq=2417 BSSID=f8:2d:c0:24:9e:d2 RSSI=-73 for "BOLSONARO2018"WPA_PSK
05-22 02:38:17.430   815   998 D WifiThroughputPredictor:  utilization (BssLoad) -1 utilization (LLStats) 80 isBluetoothConnected: false final utilization: 80
05-22 02:38:17.430   815   998 D WifiThroughputPredictor:  utilization (BssLoad) -1 utilization (LLStats) 80 isBluetoothConnected: false final utilization: 80
05-22 02:38:17.430   815   998 D WifiScoreCard: BSSID update SIGNAL_POLL ID: 398514962 SSID: BOLSONARO2018, BSSID: f8:2d:c0:24:9e:d2, MAC: 64:57:25:8c:68:c1, Supplicant state: COMPLETED, Wi-Fi standard: 0, RSSI: -74, Link speed: 104Mbps, Tx Link speed: 104Mbps, Max Supported Tx Link speed: -1Mbps, Rx Link speed: -1Mbps, Max Supported Rx Link speed: -1Mbps, Frequency: 2417MHz, Net ID: 0, Metered hint: false, score: 60
05-22 02:38:17.431   815   998 D WifiScoreCard: txRate: 16 txSpeed: 104
05-22 02:38:17.431   815   998 D WifiScoreCard: network update SIGNAL_POLL "BOLSONARO2018" ID: 976476524 RSSI -74 txSpeed 104
05-22 02:38:17.431   815   998 D WifiScoreCard: SSID: "BOLSONARO2018"
05-22 02:38:17.431   815   998 D WifiScoreCard:  LastRssiPollTime: 1509035794 LastRssiPoll: -74 LastTxSpeedPoll: 104
05-22 02:38:17.431   815   998 D WifiScoreCard:  StatsRecent:  ConnectAttempt: 4 ConnectFailure: 0 ConnectDurSec: 5179065 AssocRej: 0 AssocTimeout: 0 AuthFailure: 0 ShortDiscNonlocal: 6 DisconnectNonlocal: 7 Disconnect: 13 ConsecutiveConnectFailure: 0
05-22 02:38:17.431   815   998 D WifiScoreCard:  StatsCurr:  ConnectAttempt: 54 ConnectFailure: 0 ConnectDurSec: 759544 AssocRej: 0 AssocTimeout: 0 AuthFailure: 0 ShortDiscNonlocal: 39 DisconnectNonlocal: 53 Disconnect: 73 ConsecutiveConnectFailure: 0
05-22 02:38:17.431   815   998 D WifiScoreCard:  StatsPrev:  ConnectAttempt: 15 ConnectFailure: 0 ConnectDurSec: 211923 AssocRej: 0 AssocTimeout: 0 AuthFailure: 0 ShortDiscNonlocal: 10 DisconnectNonlocal: 19 Disconnect: 32 ConsecutiveConnectFailure: 0
05-22 02:38:17.432   815   998 D WifiClientModeImpl:  L2ConnectedState screen=on 106 0 "BOLSONARO2018" f8:2d:c0:24:9e:d2 rssi=-74 f=2417 sc=60 link=104 tx=15,1, 0,0, 0,0  rx=14,5 bcn=0 [on:0 tx:0 rx:0 period:3010] from screen [on:0 period:74122015] score=60
05-22 02:38:18.130   405   785 I HdmieArc: earc status newStatus 0, oldStatus=EN_TOS_CEC_EARC_STATUS_HANDSHAKE
05-22 02:38:18.130   405   785 I HdmieArc: rhal earc status: 0, error code: 0 
05-22 02:38:18.652  1160  1160 D wpa_supplicant: wlan_traffic_statistics rx_byte = 3445624109 rx rate = 5 Kb/s
05-22 02:38:18.652  1160  1160 D wpa_supplicant: wlan_traffic_statistics tx_byte = 3135644720 tx rate = 30 Kb/s
05-22 02:38:18.876  1160  1160 D wpa_supplicant: nl80211: Drv Event 56 (NL80211_CMD_CANCEL_REMAIN_ON_CHANNEL) received for p2p0
05-22 02:38:18.876  1160  1160 D wpa_supplicant: nl80211: Remain-on-channel event (cancel=1 freq=2417 channel_type=0 duration=0 cookie=0x74e50 (match))
05-22 02:38:18.876  1160  1160 D wpa_supplicant: p2p0: Event CANCEL_REMAIN_ON_CHANNEL (20) received
05-22 02:38:18.876  1160  1160 D wpa_supplicant: P2P: Cancel remain-on-channel callback (p2p_long_listen=1905457704 ms pending_action_tx=0x0)
05-22 02:38:18.876  1160  1160 D wpa_supplicant: p2p0: Radio work 'p2p-listen'@0xaa9c3690 done in 5.027178 seconds
05-22 02:38:18.876  1160  1160 D wpa_supplicant: p2p0: radio_work_free('p2p-listen'@0xaa9c3690): num_active_works --> 0
05-22 02:38:18.876  1160  1160 D wpa_supplicant: P2P: Driver ended Listen state (freq=2417)
05-22 02:38:18.876  1160  1160 D wpa_supplicant: P2P: Continuing long Listen state
05-22 02:38:18.876  1160  1160 D wpa_supplicant: P2P: Going to listen(only) state
05-22 02:38:18.876  1160  1160 D wpa_supplicant: STA wpa_state=9 freq=2417
05-22 02:38:18.876  1160  1160 D wpa_supplicant: P2P: cfg reg_class(81) channel(2)
05-22 02:38:18.876  1160  1160 D wpa_supplicant: P2P: cfg reg_class(81) channel(2)
05-22 02:38:18.876  1160  1160 D wpa_supplicant: P2P: Set Listen channel: reg_class 81 channel 2
05-22 02:38:18.876  1160  1160 D wpa_supplicant: P2P: Defer setting listen channel
05-22 02:38:18.876  1160  1160 D wpa_supplicant: P2P: p2p listen class(81)/channel(2)
05-22 02:38:18.876  1160  1160 D wpa_supplicant: WPS:  * Version (hardcoded 0x10)
05-22 02:38:18.876  1160  1160 D wpa_supplicant: WPS:  * UUID-E
05-22 02:38:18.876  1160  1160 D wpa_supplicant: WPS:  * Version2 (0x20)
05-22 02:38:18.876  1160  1160 D wpa_supplicant: P2P: * P2P IE header
05-22 02:38:18.876  1160  1160 D wpa_supplicant: P2P: * Capability dev=25 group=00
05-22 02:38:18.876  1160  1160 D wpa_supplicant: P2P: * Listen Channel: Regulatory Class 81 Channel 2
05-22 02:38:18.876  1160  1160 D wpa_supplicant: P2P: * Device Info
05-22 02:38:18.876  1160  1160 D wpa_supplicant: p2p0: Add radio work 'p2p-listen'@0xaa9c3690
05-22 02:38:18.876  1160  1160 D wpa_supplicant: p2p0: First radio work item in the queue - schedule start immediately
05-22 02:38:18.876  1160  1160 D wpa_supplicant: P2P: State LISTEN_ONLY -> LISTEN_ONLY
05-22 02:38:18.876  1160  1160 D wpa_supplicant: p2p0: Starting radio work 'p2p-listen'@0xaa9c3690 after 0.000067 second wait
05-22 02:38:18.876  1160  1160 D wpa_supplicant: nl80211: Probe Request reporting already on! nl_preq=0x2228ad19
05-22 02:38:18.876  1160  1160 D wpa_supplicant: nl80211: Remain-on-channel cookie 0x74e51 for freq=2417 MHz duration=5000
05-22 02:38:18.896  1160  1160 D wpa_supplicant: P2P: Timeout (state=LISTEN_ONLY)
05-22 02:38:18.902  1160  1160 D wpa_supplicant: nl80211: Drv Event 55 (NL80211_CMD_REMAIN_ON_CHANNEL) received for p2p0
05-22 02:38:18.902  1160  1160 D wpa_supplicant: nl80211: Remain-on-channel event (cancel=0 freq=2417 channel_type=0 duration=5000 cookie=0x74e51 (match))
05-22 02:38:18.902  1160  1160 D wpa_supplicant: p2p0: Event REMAIN_ON_CHANNEL (19) received
05-22 02:38:18.902  1160  1160 D wpa_supplicant: Off-channel: Send Action callback (without_roc=0 pending_action_tx=0x0 pending_action_tx_done=0)
05-22 02:38:18.902  1160  1160 D wpa_supplicant: P2P: remain-on-channel callback (off_channel_freq=2417 pending_listen_freq=2417 roc_waiting_drv_freq=0 freq=2417 duration=5000)
05-22 02:38:18.902  1160  1160 D wpa_supplicant: STA wpa_state=9 freq=2417
05-22 02:38:18.902  1160  1160 D wpa_supplicant: P2P: Starting Listen timeout(5,0) on freq=2417 based on callback
05-22 02:38:18.902  1160  1160 D wpa_supplicant: P2P: Set timeout (state=LISTEN_ONLY): 5.020000 sec
05-22 02:38:19.072   815  1049 D FreezeManager: doFreeze 356 is died,skip freeze proCurent null
05-22 02:38:19.093  2458  3731 D TCastPublishOverUdp: ad4635c@sendOnline
05-22 02:38:19.130   405   785 I HdmieArc: earc status newStatus 0, oldStatus=EN_TOS_CEC_EARC_STATUS_HANDSHAKE
05-22 02:38:19.130   405   785 I HdmieArc: rhal earc status: 0, error code: 0 
05-22 02:38:20.131   405   785 I HdmieArc: earc status newStatus 0, oldStatus=EN_TOS_CEC_EARC_STATUS_HANDSHAKE
05-22 02:38:20.131   405   785 I HdmieArc: rhal earc status: 0, error code: 0 
05-22 02:38:20.435   815   998 E WifiVendorHal: getWifiLinkLayerStats_1_3_Internal(l.978) failed {.code = ERROR_NOT_SUPPORTED, .description = }
05-22 02:38:20.441   815   998 D WifiClientModeImpl: fetchRssiLinkSpeedAndFrequencyNative rssi=-72 TxLinkspeed=130 freq=2417 RxLinkSpeed=0
05-22 02:38:20.442   815   998 V WifiConfigManager: Updating scan detail cache freq=2417 BSSID=f8:2d:c0:24:9e:d2 RSSI=-72 for "BOLSONARO2018"WPA_PSK
05-22 02:38:20.443   815   998 D WifiThroughputPredictor:  utilization (BssLoad) -1 utilization (LLStats) 80 isBluetoothConnected: false final utilization: 80
05-22 02:38:20.443   815   998 D WifiThroughputPredictor:  utilization (BssLoad) -1 utilization (LLStats) 80 isBluetoothConnected: false final utilization: 80
05-22 02:38:20.443   815   998 D WifiScoreCard: BSSID update SIGNAL_POLL ID: 398514962 SSID: BOLSONARO2018, BSSID: f8:2d:c0:24:9e:d2, MAC: 64:57:25:8c:68:c1, Supplicant state: COMPLETED, Wi-Fi standard: 0, RSSI: -72, Link speed: 130Mbps, Tx Link speed: 130Mbps, Max Supported Tx Link speed: -1Mbps, Rx Link speed: -1Mbps, Max Supported Rx Link speed: -1Mbps, Frequency: 2417MHz, Net ID: 0, Metered hint: false, score: 60
05-22 02:38:20.443   815   998 D WifiScoreCard: txRate: 17 txSpeed: 130
05-22 02:38:20.443   815   998 D WifiScoreCard: network update SIGNAL_POLL "BOLSONARO2018" ID: 976476524 RSSI -72 txSpeed 130
05-22 02:38:20.444   815   998 D WifiScoreCard: SSID: "BOLSONARO2018"
05-22 02:38:20.444   815   998 D WifiScoreCard:  LastRssiPollTime: 1509038806 LastRssiPoll: -72 LastTxSpeedPoll: 130
05-22 02:38:20.444   815   998 D WifiScoreCard:  StatsRecent:  ConnectAttempt: 4 ConnectFailure: 0 ConnectDurSec: 5179065 AssocRej: 0 AssocTimeout: 0 AuthFailure: 0 ShortDiscNonlocal: 6 DisconnectNonlocal: 7 Disconnect: 13 ConsecutiveConnectFailure: 0
05-22 02:38:20.444   815   998 D WifiScoreCard:  StatsCurr:  ConnectAttempt: 54 ConnectFailure: 0 ConnectDurSec: 759544 AssocRej: 0 AssocTimeout: 0 AuthFailure: 0 ShortDiscNonlocal: 39 DisconnectNonlocal: 53 Disconnect: 73 ConsecutiveConnectFailure: 0
05-22 02:38:20.444   815   998 D WifiScoreCard:  StatsPrev:  ConnectAttempt: 15 ConnectFailure: 0 ConnectDurSec: 211923 AssocRej: 0 AssocTimeout: 0 AuthFailure: 0 ShortDiscNonlocal: 10 DisconnectNonlocal: 19 Disconnect: 32 ConsecutiveConnectFailure: 0
05-22 02:38:20.445   815   998 D WifiClientModeImpl:  L2ConnectedState screen=on 106 0 "BOLSONARO2018" f8:2d:c0:24:9e:d2 rssi=-72 f=2417 sc=60 link=130 tx=16,7, 0,0, 0,0  rx=15,4 bcn=0 [on:0 tx:0 rx:0 period:3012] from screen [on:0 period:74125028] score=60
05-22 02:38:20.653  1160  1160 D wpa_supplicant: wlan_traffic_statistics rx_byte = 3445626897 rx rate = 10 Kb/s
05-22 02:38:20.654  1160  1160 D wpa_supplicant: wlan_traffic_statistics tx_byte = 3135662548 tx rate = 69 Kb/s
05-22 02:38:21.131   405   785 I HdmieArc: earc status newStatus 0, oldStatus=EN_TOS_CEC_EARC_STATUS_HANDSHAKE
05-22 02:38:21.131   405   785 I HdmieArc: rhal earc status: 0, error code: 0 
05-22 02:38:21.275   821  2012 D TVKitService: getProjectID
05-22 02:38:21.275   821  2012 D DeviceInfoImpl: getProjectID from map is 4357
05-22 02:38:21.275  2458  2458 I TCL_DeviceInfo: id = 4357
05-22 02:38:21.275  2458  2458 E TCL_DeviceInfo: from sita get client type is TCL-LA-RTD51A-S1
05-22 02:38:21.276   821  2012 D TVKitService: getSoftwareVersion
05-22 02:38:21.276   821  2012 D DeviceInfoImpl: getSoftwareVersion is V8-R51AT01-LF1V126
05-22 02:38:21.276  2458  2458 I TCL_DeviceInfo: ret  = V8-R51AT01-LF1V126
05-22 02:38:21.277   815  2030 I WifiService: getConnectionInfo uid=1000
05-22 02:38:22.131   405   785 I HdmieArc: earc status newStatus 0, oldStatus=EN_TOS_CEC_EARC_STATUS_HANDSHAKE
05-22 02:38:22.131   405   785 I HdmieArc: rhal earc status: 0, error code: 0 
05-22 02:38:22.656  1160  1160 D wpa_supplicant: wlan_traffic_statistics rx_byte = 3445628359 rx rate = 5 Kb/s
05-22 02:38:22.656  1160  1160 D wpa_supplicant: wlan_traffic_statistics tx_byte = 3135666188 tx rate = 14 Kb/s
05-22 02:38:23.132   405   785 I HdmieArc: earc status newStatus 0, oldStatus=EN_TOS_CEC_EARC_STATUS_HANDSHAKE
05-22 02:38:23.132   405   785 I HdmieArc: rhal earc status: 0, error code: 0 
05-22 02:38:23.449   815   998 E WifiVendorHal: getWifiLinkLayerStats_1_3_Internal(l.978) failed {.code = ERROR_NOT_SUPPORTED, .description = }
05-22 02:38:23.455   815   998 D WifiClientModeImpl: fetchRssiLinkSpeedAndFrequencyNative rssi=-66 TxLinkspeed=130 freq=2417 RxLinkSpeed=0
05-22 02:38:23.456   815   998 D WifiDataStall: tx tput in kbps: -1000
05-22 02:38:23.456   815   998 D WifiDataStall: rx tput in kbps: -1000
05-22 02:38:23.456   815   998 D WifiClientModeImpl: tx tput in kbps: -1000
05-22 02:38:23.456   815   998 D WifiClientModeImpl: rx tput in kbps: -1000
05-22 02:38:23.461   815   998 V WifiConfigManager: Updating scan detail cache freq=2417 BSSID=f8:2d:c0:24:9e:d2 RSSI=-68 for "BOLSONARO2018"WPA_PSK
05-22 02:38:23.463   815   998 D WifiThroughputPredictor:  utilization (BssLoad) -1 utilization (LLStats) 80 isBluetoothConnected: false final utilization: 80
05-22 02:38:23.463   815   998 D WifiThroughputPredictor:  utilization (BssLoad) -1 utilization (LLStats) 80 isBluetoothConnected: false final utilization: 80
05-22 02:38:23.464   815   998 D WifiScoreCard: BSSID update SIGNAL_POLL ID: 398514962 SSID: BOLSONARO2018, BSSID: f8:2d:c0:24:9e:d2, MAC: 64:57:25:8c:68:c1, Supplicant state: COMPLETED, Wi-Fi standard: 0, RSSI: -66, Link speed: 130Mbps, Tx Link speed: 130Mbps, Max Supported Tx Link speed: -1Mbps, Rx Link speed: -1Mbps, Max Supported Rx Link speed: -1Mbps, Frequency: 2417MHz, Net ID: 0, Metered hint: false, score: 60
05-22 02:38:23.464   815   998 D WifiScoreCard: txRate: 15 txSpeed: 130
05-22 02:38:23.465   815   998 D WifiScoreCard: network update SIGNAL_POLL "BOLSONARO2018" ID: 976476524 RSSI -66 txSpeed 130
05-22 02:38:23.465   815   998 D WifiScoreCard: SSID: "BOLSONARO2018"
05-22 02:38:23.465   815   998 D WifiScoreCard:  LastRssiPollTime: 1509041828 LastRssiPoll: -66 LastTxSpeedPoll: 130
05-22 02:38:23.465   815   998 D WifiScoreCard:  StatsRecent:  ConnectAttempt: 4 ConnectFailure: 0 ConnectDurSec: 5179065 AssocRej: 0 AssocTimeout: 0 AuthFailure: 0 ShortDiscNonlocal: 6 DisconnectNonlocal: 7 Disconnect: 13 ConsecutiveConnectFailure: 0
05-22 02:38:23.465   815   998 D WifiScoreCard:  StatsCurr:  ConnectAttempt: 54 ConnectFailure: 0 ConnectDurSec: 759544 AssocRej: 0 AssocTimeout: 0 AuthFailure: 0 ShortDiscNonlocal: 39 DisconnectNonlocal: 53 Disconnect: 73 ConsecutiveConnectFailure: 0
05-22 02:38:23.465   815   998 D WifiScoreCard:  StatsPrev:  ConnectAttempt: 15 ConnectFailure: 0 ConnectDurSec: 211923 AssocRej: 0 AssocTimeout: 0 AuthFailure: 0 ShortDiscNonlocal: 10 DisconnectNonlocal: 19 Disconnect: 32 ConsecutiveConnectFailure: 0
05-22 02:38:23.467   815   998 D WifiClientModeImpl:  L2ConnectedState screen=on 106 0 "BOLSONARO2018" f8:2d:c0:24:9e:d2 rssi=-66 f=2417 sc=60 link=130 tx=14,7, 0,0, 0,0  rx=14,1 bcn=0 [on:0 tx:0 rx:0 period:3020] from screen [on:0 period:74128049] score=60
05-22 02:38:23.904  1160  1160 D wpa_supplicant: nl80211: Drv Event 56 (NL80211_CMD_CANCEL_REMAIN_ON_CHANNEL) received for p2p0
05-22 02:38:23.904  1160  1160 D wpa_supplicant: nl80211: Remain-on-channel event (cancel=1 freq=2417 channel_type=0 duration=0 cookie=0x74e51 (match))
05-22 02:38:23.904  1160  1160 D wpa_supplicant: p2p0: Event CANCEL_REMAIN_ON_CHANNEL (20) received
05-22 02:38:23.904  1160  1160 D wpa_supplicant: P2P: Cancel remain-on-channel callback (p2p_long_listen=1905452704 ms pending_action_tx=0x0)
05-22 02:38:23.904  1160  1160 D wpa_supplicant: p2p0: Radio work 'p2p-listen'@0xaa9c3690 done in 5.027670 seconds
05-22 02:38:23.904  1160  1160 D wpa_supplicant: p2p0: radio_work_free('p2p-listen'@0xaa9c3690): num_active_works --> 0
05-22 02:38:23.904  1160  1160 D wpa_supplicant: P2P: Driver ended Listen state (freq=2417)
05-22 02:38:23.904  1160  1160 D wpa_supplicant: P2P: Continuing long Listen state
05-22 02:38:23.904  1160  1160 D wpa_supplicant: P2P: Going to listen(only) state
05-22 02:38:23.904  1160  1160 D wpa_supplicant: STA wpa_state=9 freq=2417
05-22 02:38:23.904  1160  1160 D wpa_supplicant: P2P: cfg reg_class(81) channel(2)
05-22 02:38:23.904  1160  1160 D wpa_supplicant: P2P: cfg reg_class(81) channel(2)
05-22 02:38:23.904  1160  1160 D wpa_supplicant: P2P: Set Listen channel: reg_class 81 channel 2
05-22 02:38:23.904  1160  1160 D wpa_supplicant: P2P: Defer setting listen channel
05-22 02:38:23.904  1160  1160 D wpa_supplicant: P2P: p2p listen class(81)/channel(2)
05-22 02:38:23.904  1160  1160 D wpa_supplicant: WPS:  * Version (hardcoded 0x10)
05-22 02:38:23.904  1160  1160 D wpa_supplicant: WPS:  * UUID-E
