--------- beginning of perf
05-21 20:43:08.778  3068  3157 P Quality : 09 03 info 1779406988776 procName:com.google.android.apps.tv.launcherx 2 callback:vur,target:android.os.Handler $ latencyTime:0,WallTime:504 android.os.MessageQueue.nativePollOnce:-2,android.os.MessageQueue.next:335,android.os.Looper.loop:200,android.app.ActivityThread.main:7848,java.lang.reflect.Method.invoke:-2,com.android.internal.os.RuntimeInit$MethodAndArgsCaller.run:592,com.android.internal.os.ZygoteInit.main:1070, allocWait:0,ionwait:0,dstate:0,sched:0,iowait:0 $ $
--------- beginning of system
05-21 20:43:08.779   815   872 D BMS-BlockMonitorManagerService: ProcessName: com.google.android.apps.tv.launcherx
05-21 20:43:08.779   815   872 D BMS-BlockMonitorManagerService: Timestamp: 2026-05-21 20:43:08
05-21 20:43:08.779   815   872 D BMS-BlockMonitorManagerService: HandlerName: android.os.Handler
05-21 20:43:08.779   815   872 D BMS-BlockMonitorManagerService: Message.what: 0
05-21 20:43:08.779   815   872 D BMS-BlockMonitorManagerService: blockDuration: 504
05-21 20:43:08.779   815   872 D BMS-BlockMonitorManagerService: BlockTraces: 
05-21 20:43:08.779   815   872 D BMS-BlockMonitorManagerService: android.os.MessageQueue.nativePollOnce:-2,android.os.MessageQueue.next:335,android.os.Looper.loop:200,android.app.ActivityThread.main:7848,java.lang.reflect.Method.invoke:-2,com.android.internal.os.RuntimeInit$MethodAndArgsCaller.run:592,com.android.internal.os.ZygoteInit.main:1070,
05-21 20:43:08.997   815  2028 I ActivityManager: Force stopping com.redflix.tvmoderno appid=10162 user=0: from pid 359
05-21 20:43:09.111   815  1772 I ActivityManager: Force stopping com.redflix.tvmoderno appid=10162 user=0: clear data
05-21 20:43:09.114   815   861 I ActivityManager: Force stopping com.redflix.tvmoderno appid=10162 user=-1: clearApplicationUserData
05-21 20:43:09.120   815  1629 E TaskPersister: File error accessing recents directory (directory doesn't exist?).
05-21 20:43:09.166   815  1009 D DeviceStorageMonitorService: updateBroadcasts,oldlevel is 0,newLevel is 0
05-21 20:43:09.203   821  3231 D TVKitService: getProjectID
05-21 20:43:09.203   821  3231 D DeviceInfoImpl: getProjectID from map is 4357
05-21 20:43:09.209   815  1772 D ProcessStartManager: onStartProcess targetProcessName:com.android.vending:backgroundapplication processName : com.android.vending ,type: 2 ,tbr: { intent=Intent { act=android.intent.action.PACKAGE_DATA_CLEARED dat=package:com.redflix.tvmoderno flg=0x1000010 (has extras) } curComponent=ComponentInfo{com.android.vending/com.google.android.finsky.appcontentservice.engage.broadcastreceiver.EngagePackageActionReceiver} curReceiver=ActivityInfo{c29d188 com.google.android.finsky.appcontentservice.engage.broadcastreceiver.EngagePackageActionReceiver} }
05-21 20:43:09.209   815  1772 D ProcessStartManager: onStartProcess return: false
05-21 20:43:09.212   815  1772 D CompatibilityChangeReporter: Compat change id reported: 135634846; UID 10045; state: DISABLED
05-21 20:43:09.212   815   862 D CompatibilityChangeReporter: Compat change id reported: 143937733; UID 10045; state: ENABLED
05-21 20:43:09.231   815   862 I ActivityManager: Start proc 427:com.android.vending:background/u0a45 for broadcast {com.android.vending/com.google.android.finsky.appcontentservice.engage.broadcastreceiver.EngagePackageActionReceiver}
05-21 20:43:09.246   815   815 W ActivityManager: forbid bind service ComponentInfo{com.esaba.downloader/com.google.android.datatransport.runtime.scheduling.jobscheduling.JobInfoSchedulerService}
05-21 20:43:09.246   815  1063 I TclAppBoot: [TclAppBootManagerImpl]:TclAppBootInfo{callerPkgName = 'android',callerFlag = '262145',calleePkgName = 'com.esaba.downloader',calleeComponent = 'com.esaba.downloader/com.google.android.datatransport.runtime.scheduling.jobscheduling.JobInfoSchedulerService',calleeFlag = '16',bootType = 'bind_service_form_job',broadcastAction = '',time = '1779406989246',isAutoStart = 'true',isAllow = 'false',reason = 'callee_does't_have_OP_AUTO_START_permission.',count = '1'}
05-21 20:43:09.246   815   815 D JobScheduler: Error executing JobStatus{b487f0c #u0a93/1292248364 com.esaba.downloader/com.google.android.datatransport.runtime.scheduling.jobscheduling.JobInfoSchedulerService u=0 s=10093 TIME=-1d2h51m58s62ms:none NET READY}
05-21 20:43:09.439   427   427 I ActivityTaskManager: isPreloadSplashApp = com.android.vending:background
05-21 20:43:09.675   815  1772 E ContentProviderRecord: newHolder true, info: ContentProviderInfo{name=settings className=com.android.providers.settings.SettingsProvider}
05-21 20:43:09.713   815  1772 D BMS-BlockMonitorManagerService: attach caller is com.android.vending ,pid is 427
05-21 20:43:09.713   815  1772 D BMS-BlockMonitorManagerService: start init monitor config(only init, not start) for 427
05-21 20:43:09.713   815  1772 D BMS-BlockMonitorManagerService: here may be print binder warning(flag no oneway), it's normal
05-21 20:43:09.717   815  1772 D BMS-BlockMonitorManagerService: init monitor config end
05-21 20:43:09.814   815  1262 W PackageManager: Non System Server process reporting dex loads as system server. uid=10037
05-21 20:43:09.818   815  1262 I AlarmManager: Change Wakeup Alarm type to non Wakeup type, current type=[3] packageName = com.google.android.gms @316847728167 and next wakeup alarm is @Thu May 21 21:10:27 GMT-03:00 2026
05-21 20:43:09.824   815  1772 W PackageManager: Non System Server process reporting dex loads as system server. uid=10037
05-21 20:43:09.827   815  1772 I AlarmManager: Change Wakeup Alarm type to non Wakeup type, current type=[3] packageName = com.google.android.gms @316847728166 and next wakeup alarm is @Thu May 21 21:10:27 GMT-03:00 2026
05-21 20:43:10.025   815  1772 D ConnectivityService: requestNetwork for uid/pid:10045/427 NetworkRequest [ TRACK_DEFAULT id=9090, [ Capabilities: INTERNET&NOT_RESTRICTED&TRUSTED Uid: 10045 AdministratorUids: [] RequestorUid: 10045 RequestorPackageName: com.android.vending] ]
05-21 20:43:10.026   815  1002 D ConnectivityService: NetReassign [9090 : null → 107]
05-21 20:43:10.037   815  1772 D ConnectivityService: requestNetwork for uid/pid:10045/427 NetworkRequest [ TRACK_DEFAULT id=9091, [ Capabilities: INTERNET&NOT_RESTRICTED&TRUSTED Uid: 10045 AdministratorUids: [] RequestorUid: 10045 RequestorPackageName: com.android.vending] ]
05-21 20:43:10.038   815  1002 D ConnectivityService: NetReassign [9091 : null → 107]
05-21 20:43:10.041   815  1002 D ConnectivityService: NetReassign [no changes]
05-21 20:43:11.277   821  3231 D TVKitService: getProjectID
05-21 20:43:11.277   821  3231 D DeviceInfoImpl: getProjectID from map is 4357
05-21 20:43:11.278   821  3231 D TVKitService: getSoftwareVersion
05-21 20:43:11.278   821  3231 D DeviceInfoImpl: getSoftwareVersion is V8-R51AT01-LF1V126
05-21 20:43:11.578   815  1990 I ActivityTaskManager: START u0 {flg=0x10000000 cmp=com.redflix.tvmoderno/com.redx.tvbox.NativeBootActivity} from uid 2000
05-21 20:43:11.637   815   855 D CompatibilityChangeReporter: Compat change id reported: 135634846; UID 10162; state: DISABLED
05-21 20:43:11.638   815   862 D CompatibilityChangeReporter: Compat change id reported: 143937733; UID 10162; state: ENABLED
05-21 20:43:11.681   815   862 I ActivityManager: Start proc 952:com.redflix.tvmoderno/u0a162 for pre-top-activity {com.redflix.tvmoderno/com.redx.tvbox.NativeBootActivity}
05-21 20:43:11.708   815  1772 D ResourceManagerService: onResumeTopActivity com.redflix.tvmoderno, Intent { flg=0x10000000 cmp=com.redflix.tvmoderno/com.redx.tvbox.NativeBootActivity }, ComponentInfo{com.redflix.tvmoderno/com.redx.tvbox.NativeBootActivity}
05-21 20:43:11.708   815  1772 I ActivityTaskManager: gc_tuning enable system_server's gc tuning when start activity com.redflix.tvmoderno
05-21 20:43:11.715   815  1772 I ActivityTaskManager: gc_tuning enable system_server's gc tuning when start activity com.redflix.tvmoderno
05-21 20:43:11.873   815   985 W TclActivityManagerService: update relate relatePid 952 front true
05-21 20:43:11.873   815   985 W TclActivityManagerService: update relate pro com.google.android.apps.tv.launcherx:coreservices front false
05-21 20:43:11.874   815   985 I chatty  : uid=1000(system) AppRecordListen identical 7 lines
05-21 20:43:11.874   815   985 W TclActivityManagerService: update relate pro com.google.android.apps.tv.launcherx:coreservices front false
05-21 20:43:11.874   815   985 W TclActivityManagerService: update relate pro com.google.android.gms.persistent front false
05-21 20:43:11.874   815   985 W TclActivityManagerService: update relate pro com.google.android.apps.tv.launcherx:coreservices front false
05-21 20:43:11.874   815   985 I chatty  : uid=1000(system) AppRecordListen identical 3 lines
05-21 20:43:11.874   815   985 W TclActivityManagerService: update relate pro com.google.android.apps.tv.launcherx:coreservices front false
05-21 20:43:11.874   815   985 W TclActivityManagerService: update relate relatePid 525 front false
05-21 20:43:11.874   815   985 W TclActivityManagerService: update relate relatePid 3068 front false
05-21 20:43:12.122   952   952 W ActivityThread: Application com.redflix.tvmoderno can be debugged on port 8100...
05-21 20:43:13.177   952   952 I ActivityTaskManager: isPreloadSplashApp = com.redflix.tvmoderno
05-21 20:43:13.263   815  2028 D BMS-BlockMonitorManagerService: attach caller is com.redflix.tvmoderno ,pid is 952
05-21 20:43:13.263   815  2028 D BMS-BlockMonitorManagerService: start init monitor config(only init, not start) for 952
05-21 20:43:13.263   815  2028 D BMS-BlockMonitorManagerService: here may be print binder warning(flag no oneway), it's normal
05-21 20:43:13.266   815  2028 D BMS-BlockMonitorManagerService: init monitor config end
05-21 20:43:13.309   815  2028 E ContentProviderRecord: newHolder true, info: ContentProviderInfo{name=settings className=com.android.providers.settings.SettingsProvider}
05-21 20:43:13.431   952   952 W Looper  : Slow delivery took 1365ms main h=android.app.ActivityThread$H c=null m=159
05-21 20:43:13.662   815   856 I ActivityTaskManager: gc_tuning disable system_server's gc tuning after com.redflix.tvmoderno shown
05-21 20:43:13.691   815   878 V DisplayPowerController: Brightness [0.39763778] reason changing to: 'manual', previous reason: 'manual [ dim ]'.
05-21 20:43:13.706   952   952 W Looper  : Drained
05-21 20:43:13.730   815  1772 W ActivityTaskManager: ActivityRecord idle mService.getTclHandler() = Handler (com.android.server.wm.TclActivityTaskManagerService$MainHandler) {4429da4}      r.occludesParent = true,r.isResumedActivityOnDisplay():true
05-21 20:43:13.730   815  1772 W ActivityTaskManager: ActivityRecord idle....com.redflix.tvmoderno====name = 101=====msg.obj = com.redflix.tvmoderno
05-21 20:43:13.730   815   855 W TclActivityTaskManagerService: amati platform ,actionForIdelActivity not set source
05-21 20:43:13.732   815  1772 D ResourceManagerService: onStopActivity com.google.android.apps.tv.launcherx, ComponentInfo{com.google.android.apps.tv.launcherx/com.google.android.apps.tv.launcherx.home.HomeActivity}
05-21 20:43:14.056  3068  3157 P Quality : 09 03 info 1779406994055 procName:com.google.android.apps.tv.launcherx 2 what:159,obj:android.app.servertransaction.ClientTransaction@41ff,target:android.app.ActivityThread$H $ latencyTime:0,WallTime:306 android.os.MessageQueue.nativePollOnce:-2,android.os.MessageQueue.next:335,android.os.Looper.loop:200,android.app.ActivityThread.main:7848,java.lang.reflect.Method.invoke:-2,com.android.internal.os.RuntimeInit$MethodAndArgsCaller.run:592,com.android.internal.os.ZygoteInit.main:1070, allocWait:0,ionwait:0,dstate:0,sched:0,iowait:0 $ com.google.android.apps.tv.launcherx/.home.HomeActivity
05-21 20:43:14.538   815  1049 D FreezeManager: doFreeze 2742 is died,skip freeze proCurent null
05-21 20:43:14.676   815  1629 E TaskPersister: File error accessing recents directory (directory doesn't exist?).
05-21 20:43:16.285   821  3231 D TVKitService: getProjectID
05-21 20:43:16.285   821  3231 D DeviceInfoImpl: getProjectID from map is 4357
05-21 20:43:16.287   821  3231 D TVKitService: getSoftwareVersion
05-21 20:43:16.287   821  3231 D DeviceInfoImpl: getSoftwareVersion is V8-R51AT01-LF1V126
05-21 20:43:16.540   815  1772 I ActivityTaskManager: START u0 {flg=0x24000000 cmp=com.redflix.tvmoderno/com.redx.tvbox.MainActivity} from uid 10162
05-21 20:43:16.564   815  1772 D ResourceManagerService: onResumeTopActivity com.redflix.tvmoderno, Intent { flg=0x24000000 cmp=com.redflix.tvmoderno/com.redx.tvbox.MainActivity }, ComponentInfo{com.redflix.tvmoderno/com.redx.tvbox.MainActivity}
05-21 20:43:16.564   815  1772 I ActivityTaskManager: gc_tuning enable system_server's gc tuning when start activity com.redflix.tvmoderno
05-21 20:43:16.564   815  1772 I ActivityTaskManager: gc_tuning enable com.redflix.tvmoderno gc tuning when start activity
05-21 20:43:16.564   815  1772 W ActivityTaskManager: Tried to set launchTime (0) < mLastActivityLaunchTime (747288387)
05-21 20:43:16.886   815  1990 D ProcessStartManager: onStartProcess targetProcessName:com.google.process.gservicesapplication processName : com.google.process.gapps ,type: 3 ,tbr: null
05-21 20:43:16.886   815  1990 D ProcessStartManager: onStartProcess return: false
05-21 20:43:16.887   815  1990 D CompatibilityChangeReporter: Compat change id reported: 135634846; UID 10037; state: DISABLED
05-21 20:43:16.888   815   862 D CompatibilityChangeReporter: Compat change id reported: 143937733; UID 10037; state: ENABLED
05-21 20:43:16.905   815   862 I ActivityManager: Start proc 1145:com.google.process.gservices/u0a37 for content provider {com.google.android.gsf/com.google.android.gsf.gservices.GservicesProvider}
05-21 20:43:17.041  1145  1145 I ActivityTaskManager: isPreloadSplashApp = com.google.process.gservices
05-21 20:43:17.056   815  1262 E ContentProviderRecord: newHolder true, info: ContentProviderInfo{name=settings className=com.android.providers.settings.SettingsProvider}
05-21 20:43:17.109   815  1262 D ProcessStartManager: onStartProcess targetProcessName:com.google.android.webview:webview_serviceapplication processName : com.google.android.webview ,type: 3 ,tbr: null
05-21 20:43:17.109   815  1262 D ProcessStartManager: onStartProcess return: false
05-21 20:43:17.110   815  1262 D CompatibilityChangeReporter: Compat change id reported: 135634846; UID 10062; state: DISABLED
05-21 20:43:17.110   815   862 D CompatibilityChangeReporter: Compat change id reported: 143937733; UID 10062; state: ENABLED
05-21 20:43:17.129   815   862 I ActivityManager: Start proc 1185:com.google.android.webview:webview_service/u0a62 for content provider {com.google.android.webview/org.chromium.android_webview.services.SafeModeContentProvider}
05-21 20:43:17.160   815  1772 D BMS-BlockMonitorManagerService: attach caller is com.google.android.gsf ,pid is 1145
05-21 20:43:17.160   815  1772 D BMS-BlockMonitorManagerService: start init monitor config(only init, not start) for 1145
05-21 20:43:17.160   815  1772 D BMS-BlockMonitorManagerService: here may be print binder warning(flag no oneway), it's normal
05-21 20:43:17.162   815  1772 D BMS-BlockMonitorManagerService: init monitor config end
05-21 20:43:17.180   815   815 W ActivityManager: forbid bind service ComponentInfo{com.esaba.downloader/com.google.android.datatransport.runtime.scheduling.jobscheduling.JobInfoSchedulerService}
05-21 20:43:17.180   815   815 D JobScheduler: Error executing JobStatus{b487f0c #u0a93/1292248364 com.esaba.downloader/com.google.android.datatransport.runtime.scheduling.jobscheduling.JobInfoSchedulerService u=0 s=10093 TIME=-1d2h52m5s996ms:none NET READY}
05-21 20:43:17.181   815  1063 I TclAppBoot: [TclAppBootManagerImpl]:TclAppBootInfo{callerPkgName = 'android',callerFlag = '786433',calleePkgName = 'com.esaba.downloader',calleeComponent = 'com.esaba.downloader/com.google.android.datatransport.runtime.scheduling.jobscheduling.JobInfoSchedulerService',calleeFlag = '16',bootType = 'bind_service_form_job',broadcastAction = '',time = '1779406997180',isAutoStart = 'true',isAllow = 'false',reason = 'callee_does't_have_OP_AUTO_START_permission.',count = '1'}
05-21 20:43:17.212  1185  1185 I ActivityTaskManager: isPreloadSplashApp = com.google.android.webview:webview_service
05-21 20:43:17.246   815  1262 D BMS-BlockMonitorManagerService: attach caller is com.google.android.webview ,pid is 1185
05-21 20:43:17.247   815  1262 D BMS-BlockMonitorManagerService: start init monitor config(only init, not start) for 1185
05-21 20:43:17.247   815  1262 D BMS-BlockMonitorManagerService: here may be print binder warning(flag no oneway), it's normal
05-21 20:43:17.248   815  1262 D BMS-BlockMonitorManagerService: init monitor config end
05-21 20:43:17.514   815  1262 D ProcessStartManager: onStartProcess targetProcessName:com.google.android.webview:sandboxed_process0:org.chromium.content.app.SandboxedProcessService0:0application processName : com.google.android.webview ,type: 4 ,tbr: null
05-21 20:43:17.514   815  1262 D ProcessStartManager: onStartProcess return: false
05-21 20:43:17.516   815  1262 D CompatibilityChangeReporter: Compat change id reported: 135634846; UID 10162; state: DISABLED
05-21 20:43:17.517   815   862 D CompatibilityChangeReporter: Compat change id reported: 143937733; UID 10162; state: ENABLED
05-21 20:43:17.565   815   862 I ActivityManager: Start proc 1245:com.google.android.webview:sandboxed_process0:org.chromium.content.app.SandboxedProcessService0:0/u0i505 for  {com.redflix.tvmoderno/org.chromium.content.app.SandboxedProcessService0:0}
05-21 20:43:17.567   815   862 W ActivityManager: Slow operation: 52ms so far, now at startProcess: done updating pids map
05-21 20:43:17.614   815  1772 D CompatibilityChangeReporter: Compat change id reported: 136274596; UID 10162; state: ENABLED
05-21 20:43:17.661  1245  1245 I ActivityTaskManager: isPreloadSplashApp = com.google.android.webview:sandboxed_process0:org.chromium.content.app.SandboxedProcessService0:0
05-21 20:43:18.138   815  1772 D ConnectivityService: requestNetwork for uid/pid:10162/952 NetworkRequest [ TRACK_DEFAULT id=9093, [ Capabilities: INTERNET&NOT_RESTRICTED&TRUSTED Uid: 10162 AdministratorUids: [] RequestorUid: 10162 RequestorPackageName: com.redflix.tvmoderno] ]
05-21 20:43:18.138   815  1002 D ConnectivityService: NetReassign [9093 : null → 107]
05-21 20:43:18.144   815  1002 D ConnectivityService: NetReassign [no changes]
05-21 20:43:18.211   815  1990 I ActivityManager: PendingStartActivityUids startActivity to updateOomAdj delay:1639ms, uid:10162
05-21 20:43:18.812   952   952 W Looper  : Slow dispatch took 2235ms main h=android.app.ActivityThread$H c=null m=159
05-21 20:43:18.812   952  1087 P Quality : 09 03 info 1779406998810 procName:com.redflix.tvmoderno 2 what:159,obj:android.app.servertransaction.ClientTransaction@6192949,target:android.app.ActivityThread$H $ latencyTime:5,WallTime:2234 java.util.zip.ZipFile.open:-2,java.util.zip.ZipFile.<init>:265,java.util.zip.ZipFile.<init>:187,java.util.jar.JarFile.<init>:169,java.util.jar.JarFile.<init>:106,libcore.io.ClassPathURLStreamHandler.<init>:46,dalvik.system.DexPathList$NativeLibraryElement.maybeInit:859,dalvik.system.DexPathList$NativeLibraryElement.findNativeLibrary:880,dalvik.system.DexPathList.findLibrary:595,dalvik.system.BaseDexClassLoader.findLibrary:281,java.lang.Runtime.loadLibrary0:1061,java.lang.Runtime.loadLibrary0:1008,java.lang.System.loadLibrary:1664,WV.z91.f:34,WV.z91.g:27,org.chromium.android_webview.AwBrowserProcess.f:41,com.android.webview.chromium.WebViewChromiumFactoryProvider.<init>:822,com.android.webview.chromium.WebViewChromiumFactoryProviderForR.<init>:1,com.android.webview.chromium.WebViewChromiumFactoryProviderForR.create:3,java.lang.reflect.Method.invoke:-2,android.webkit.WebViewFactory.getProvider:266,android.webkit.WebView.getFactory:2576,android.webkit.WebView.ensureProviderCreated:2570,android.webkit.WebView.setOverScrollMode:2638,android.view.View.<init>:5321,android.view.View.<init>:5467,android.view.ViewGroup.<init>:697,android.widget.AbsoluteLayout.<init>:56,android.webkit.WebView.<init>:413,android.webkit.WebView.<init>:355,android.webkit.WebView.<init>:337,android.webkit.WebView.<init>:324,com.getcapacitor.CapacitorWebView.<init>:22,java.lang.reflect.Constructor.newInstance0:-2,java.lang.reflect.Constructor.newInstance:343,android.view.LayoutInflater.createView:866,android.view.LayoutInflater.createViewFromTag:1018,android.view.LayoutInflater.createViewFromTag:973,android.view.LayoutInflater.rInflate:1135,android.view.LayoutInflater.rInflateChildren:1096,android.view.LayoutInflater.inflate:694,android.view.LayoutInflater.inflate:546,android.view.LayoutInflater.inflate:483,androidx.appcompat.app.AppCompatDelegateImpl.setContentView:775,androidx.appcompat.app.AppCompatActivity.setContentView:197,com.getcapacitor.BridgeActivity.onCreate:28,com.redx.tvbox.MainActivity.onCreate:47,android.app.Activity.performCreate:8004,android.app.Activity.performCreate:7984,android.app.Instrumentation.callActivityOnCreate:1309,android.app.ActivityThread.performLaunchActivity:3521,android.app.ActivityThread.handleLaunchActivity:3726,android.app.servertransaction.LaunchActivityItem.execute:85,android.app.servertransaction.TransactionExecutor.executeCallbacks:135,android.app.servertransaction.TransactionExecutor.execute:95,android.app.ActivityThread$H.handleMessage:2122,android.os.Handler.dispatchMessage:111,android.os.Looper.loop:250,android.app.ActivityThread.main:7848,java.lang.reflect.Method.invoke:-2,com.android.internal.os.RuntimeInit$MethodAndArgsCaller.run:592,com.android.internal.os.ZygoteInit.main:1070, allocWait:0,ionwait:0,dstate:0,sched:0,iowait:0 $ com.redflix.tvmoderno/com.redx.tvbox.MainActivity
05-21 20:43:18.813   815   872 D BMS-BlockMonitorManagerService: ProcessName: com.redflix.tvmoderno
05-21 20:43:18.813   815   872 D BMS-BlockMonitorManagerService: Timestamp: 2026-05-21 20:43:18
05-21 20:43:18.813   815   872 D BMS-BlockMonitorManagerService: HandlerName: android.app.ActivityThread$H
05-21 20:43:18.813   815   872 D BMS-BlockMonitorManagerService: Message.what: 159
05-21 20:43:18.813   815   872 D BMS-BlockMonitorManagerService: blockDuration: 2235
05-21 20:43:18.813   815   872 D BMS-BlockMonitorManagerService: BlockTraces: 
05-21 20:43:18.813   815   872 D BMS-BlockMonitorManagerService: java.util.zip.ZipFile.open:-2,java.util.zip.ZipFile.<init>:265,java.util.zip.ZipFile.<init>:187,java.util.jar.JarFile.<init>:169,java.util.jar.JarFile.<init>:106,libcore.io.ClassPathURLStreamHandler.<init>:46,dalvik.system.DexPathList$NativeLibraryElement.maybeInit:859,dalvik.system.DexPathList$NativeLibraryElement.findNativeLibrary:880,dalvik.system.DexPathList.findLibrary:595,dalvik.system.BaseDexClassLoader.findLibrary:281,java.lang.Runtime.loadLibrary0:1061,java.lang.Runtime.loadLibrary0:1008,java.lang.System.loadLibrary:1664,WV.z91.f:34,WV.z91.g:27,org.chromium.android_webview.AwBrowserProcess.f:41,com.android.webview.chromium.WebViewChromiumFactoryProvider.<init>:822,com.android.webview.chromium.WebViewChromiumFactoryProviderForR.<init>:1,com.android.webview.chromium.WebViewChromiumFactoryProviderForR.create:3,java.lang.reflect.Method.invoke:-2,android.webkit.WebViewFactory.getProvider:266,android.webkit.WebView.getFactory:2576,android.webkit.WebView.ensureProviderCreated:2570,android.webkit.WebView.setOverScrollMode:2638,android.view.View.<init>:5321,android.view.View.<init>:5467,android.view.ViewGroup.<init>:697,android.widget.AbsoluteLayout.<init>:56,android.webkit.WebView.<init>:413,android.webkit.WebView.<init>:355,android.webkit.WebView.<init>:337,android.webkit.WebView.<init>:324,com.getcapacitor.CapacitorWebView.<init>:22,java.lang.reflect.Constructor.newInstance0:-2,java.lang.reflect.Constructor.newInstance:343,android.view.LayoutInflater.createView:866,android.view.LayoutInflater.createViewFromTag:1018,android.view.LayoutInflater.createViewFromTag:973,android.view.LayoutInflater.rInflate:1135,android.view.LayoutInflater.rInflateChildren:1096,android.view.LayoutInflater.inflate:694,android.view.LayoutInflater.inflate:546,android.view.LayoutInflater.inflate:483,androidx.appcompat.app.AppCompatDelegateImpl.setContentView:775,androidx.appcompat.app.AppCompatActivity.setContentView:197,com.getcapacitor.BridgeActivity.onCreate:28,com.redx.tvbox.MainActivity.onCreate:47,android.app.Activity.performCreate:8004,android.app.Activity.performCreate:7984,android.app.Instrumentation.callActivityOnCreate:1309,android.app.ActivityThread.performLaunchActivity:3521,android.app.ActivityThread.handleLaunchActivity:3726,android.app.servertransaction.LaunchActivityItem.execute:85,android.app.servertransaction.TransactionExecutor.executeCallbacks:135,android.app.servertransaction.TransactionExecutor.execute:95,android.app.ActivityThread$H.handleMessage:2122,android.os.Handler.dispatchMessage:111,android.os.Looper.loop:250,android.app.ActivityThread.main:7848,java.lang.reflect.Method.invoke:-2,com.android.internal.os.RuntimeInit$MethodAndArgsCaller.run:592,com.android.internal.os.ZygoteInit.main:1070,
05-21 20:43:18.815   815   872 W ContextImpl: Calling a method in the system process without a qualified user: android.app.ContextImpl.sendBroadcast:1125 com.tcl.server.rm.BlockReport.reportBlock:35 com.tcl.server.rm.BlockMonitorManagerService.handleBlock:76 com.tcl.server.rm.BlockMonitorManagerService.access$000:31 com.tcl.server.rm.BlockMonitorManagerService$H.handleMessage:61 
05-21 20:43:19.228   952   952 W Looper  : Slow delivery took 2655ms main h=android.app.ActivityThread$H c=null m=159
05-21 20:43:19.230   815   856 I ActivityTaskManager: gc_tuning disable system_server's gc tuning after com.redflix.tvmoderno shown
05-21 20:43:19.277   952  1087 P Quality : 09 03 info 1779406999266 procName:com.redflix.tvmoderno 1 callback:android.app.LoadedApk$ServiceDispatcher$RunConnection,target:android.app.ActivityThread$H what:159,obj:android.app.servertransaction.ClientTransaction@6192949,target:android.app.ActivityThread$H,maxWallTime:2234 latencyTime:1059,WallTime:0,normalLatencySlowTimes:10 $ $ $ $
05-21 20:43:19.334   952  1087 P Quality : 09 03 info 1779406999333 procName:com.redflix.tvmoderno 1 callback:com.redx.tvbox.MainActivity$1,target:android.os.Handler what:159,obj:android.app.servertransaction.ClientTransaction@6192949,target:android.app.ActivityThread$H,maxWallTime:2234 latencyTime:644,WallTime:15,normalLatencySlowTimes:10 $ $ $ $
05-21 20:43:19.569   815  1990 W ActivityTaskManager: ActivityRecord idle mService.getTclHandler() = Handler (com.android.server.wm.TclActivityTaskManagerService$MainHandler) {4429da4}      r.occludesParent = true,r.isResumedActivityOnDisplay():true
05-21 20:43:19.569   815  1990 W ActivityTaskManager: ActivityRecord idle....com.redflix.tvmoderno====name = 101=====msg.obj = com.redflix.tvmoderno
05-21 20:43:19.569   815   855 W TclActivityTaskManagerService: amati platform ,actionForIdelActivity not set source
05-21 20:43:19.572   952   952 W Looper  : Drained
05-21 20:43:20.286   815  1629 E TaskPersister: File error accessing recents directory (directory doesn't exist?).
05-21 20:43:20.582   952  1087 P Quality : 09 03 info 1779407000582 procName:com.redflix.tvmoderno 2 callback:android.view.Choreographer$FrameDisplayEventReceiver,target:android.view.Choreographer$FrameHandler $ latencyTime:12,WallTime:385 java.util.zip.ZipFile.open:-2,java.util.zip.ZipFile.<init>:265,java.util.zip.ZipFile.<init>:187,java.util.jar.JarFile.<init>:169,java.util.jar.JarFile.<init>:106,libcore.io.ClassPathURLStreamHandler.<init>:46,dalvik.system.DexPathList$NativeLibraryElement.maybeInit:859,dalvik.system.DexPathList$NativeLibraryElement.findNativeLibrary:880,dalvik.system.DexPathList.findLibrary:595,dalvik.system.BaseDexClassLoader.findLibrary:281,java.lang.Runtime.loadLibrary0:1061,java.lang.Runtime.loadLibrary0:1008,java.lang.System.loadLibrary:1664,WV.z91.f:34,WV.z91.g:27,org.chromium.android_webview.AwBrowserProcess.f:41,com.android.webview.chromium.WebViewChromiumFactoryProvider.<init>:822,com.android.webview.chromium.WebViewChromiumFactoryProviderForR.<init>:1,com.android.webview.chromium.WebViewChromiumFactoryProviderForR.create:3,java.lang.reflect.Method.invoke:-2,android.webkit.WebViewFactory.getProvider:266,android.webkit.WebView.getFactory:2576,android.webkit.WebView.ensureProviderCreated:2570,android.webkit.WebView.setOverScrollMode:2638,android.view.View.<init>:5321,android.view.View.<init>:5467,android.view.ViewGroup.<init>:697,android.widget.AbsoluteLayout.<init>:56,android.webkit.WebView.<init>:413,android.webkit.WebView.<init>:355,android.webkit.WebView.<init>:337,android.webkit.WebView.<init>:324,com.getcapacitor.CapacitorWebView.<init>:22,java.lang.reflect.Constructor.newInstance0:-2,java.lang.reflect.Constructor.newInstance:343,android.view.LayoutInflater.createView:866,android.view.LayoutInflater.createViewFromTag:1018,android.view.LayoutInflater.createViewFromTag:973,android.view.LayoutInflater.rInflate:1135,android.view.LayoutInflater.rInflateChildren:1096,android.view.LayoutInflater.inflate:694,android.view.LayoutInflater.inflate:546,android.view.LayoutInflater.inflate:483,androidx.appcompat.app.AppCompatDelegateImpl.setContentView:775,androidx.appcompat.app.AppCompatActivity.setContentView:197,com.getcapacitor.BridgeActivity.onCreate:28,com.redx.tvbox.MainActivity.onCreate:47,android.app.Activity.performCreate:8004,android.app.Activity.performCreate:7984,android.app.Instrumentation.callActivityOnCreate:1309,android.app.ActivityThread.performLaunchActivity:3521,android.app.ActivityThread.handleLaunchActivity:3726,android.app.servertransaction.LaunchActivityItem.execute:85,android.app.servertransaction.TransactionExecutor.executeCallbacks:135,android.app.servertransaction.TransactionExecutor.execute:95,android.app.ActivityThread$H.handleMessage:2122,android.os.Handler.dispatchMessage:111,android.os.Looper.loop:250,android.app.ActivityThread.main:7848,java.lang.reflect.Method.invoke:-2,com.android.internal.os.RuntimeInit$MethodAndArgsCaller.run:592,com.android.internal.os.ZygoteInit.main:1070, allocWait:0,ionwait:0,dstate:0,sched:0,iowait:0 viewTitle:com.redflix.tvmoderno/com.redx.tvbox.MainActivity $
05-21 20:43:21.298   821  3231 D TVKitService: getProjectID
05-21 20:43:21.298   821  3231 D DeviceInfoImpl: getProjectID from map is 4357
05-21 20:43:21.300   821  3231 D TVKitService: getSoftwareVersion
05-21 20:43:21.300   821  3231 D DeviceInfoImpl: getSoftwareVersion is V8-R51AT01-LF1V126
05-21 20:43:21.565   815   855 I ActivityTaskManager: gc_tuning disable system_server's gc tuning from message
05-21 20:43:22.860   952  1087 P Quality : 09 03 info 1779407002855 procName:com.redflix.tvmoderno 2 callback:android.view.Choreographer$FrameDisplayEventReceiver,target:android.view.Choreographer$FrameHandler $ latencyTime:1,WallTime:420 android.os.MessageQueue.nativePollOnce:-2,android.os.MessageQueue.next:335,android.os.Looper.loop:200,android.app.ActivityThread.main:7848,java.lang.reflect.Method.invoke:-2,com.android.internal.os.RuntimeInit$MethodAndArgsCaller.run:592,com.android.internal.os.ZygoteInit.main:1070, allocWait:0,ionwait:0,dstate:0,sched:0,iowait:0 viewTitle:com.redflix.tvmoderno/com.redx.tvbox.MainActivity $
05-21 20:43:23.745   952  1087 P Quality : 09 03 info 1779407003744 procName:com.redflix.tvmoderno 2 callback:android.view.Choreographer$FrameDisplayEventReceiver,target:android.view.Choreographer$FrameHandler $ latencyTime:42,WallTime:800 android.os.MessageQueue.nativePollOnce:-2,android.os.MessageQueue.next:335,android.os.Looper.loop:200,android.app.ActivityThread.main:7848,java.lang.reflect.Method.invoke:-2,com.android.internal.os.RuntimeInit$MethodAndArgsCaller.run:592,com.android.internal.os.ZygoteInit.main:1070, allocWait:0,ionwait:0,dstate:0,sched:0,iowait:0 viewTitle:com.redflix.tvmoderno/com.redx.tvbox.MainActivity $
05-21 20:43:23.757   815   872 D BMS-BlockMonitorManagerService: ProcessName: com.redflix.tvmoderno
05-21 20:43:23.757   815   872 D BMS-BlockMonitorManagerService: Timestamp: 2026-05-21 20:43:23
05-21 20:43:23.757   815   872 D BMS-BlockMonitorManagerService: HandlerName: android.view.Choreographer$FrameHandler
05-21 20:43:23.757   815   872 D BMS-BlockMonitorManagerService: Message.what: 0
05-21 20:43:23.757   815   872 D BMS-BlockMonitorManagerService: blockDuration: 800
05-21 20:43:23.757   815   872 D BMS-BlockMonitorManagerService: BlockTraces: 
05-21 20:43:23.757   815   872 D BMS-BlockMonitorManagerService: android.os.MessageQueue.nativePollOnce:-2,android.os.MessageQueue.next:335,android.os.Looper.loop:200,android.app.ActivityThread.main:7848,java.lang.reflect.Method.invoke:-2,com.android.internal.os.RuntimeInit$MethodAndArgsCaller.run:592,com.android.internal.os.ZygoteInit.main:1070,
05-21 20:43:26.309   821  3231 D TVKitService: getProjectID
05-21 20:43:26.309   821  3231 D DeviceInfoImpl: getProjectID from map is 4357
05-21 20:43:26.311   821  3231 D TVKitService: getSoftwareVersion
05-21 20:43:26.311   821  3231 D DeviceInfoImpl: getSoftwareVersion is V8-R51AT01-LF1V126
05-21 20:43:31.319   821  3231 D TVKitService: getProjectID
05-21 20:43:31.319   821  3231 D DeviceInfoImpl: getProjectID from map is 4357
05-21 20:43:31.322   821  3231 D TVKitService: getSoftwareVersion
05-21 20:43:31.322   821  3231 D DeviceInfoImpl: getSoftwareVersion is V8-R51AT01-LF1V126
05-21 20:43:31.661   815   985 D AppRecordListenerForFreeze: noteTrafficChanged  pid = 952 pro = com.redflix.tvmoderno using = true
05-21 20:43:31.661   815   985 D AppRecordListenerForFreeze: noteTrafficChanged  pid = 1245 pro = com.google.android.webview:sandboxed_process0:org.chromium.content.app.SandboxedProcessService0:0 using = true
05-21 20:43:31.880   815  1049 W TclActivityManagerService: freeze pkg:ProcessRecord{20f0a38 525:com.google.android.apps.tv.launcherx:coreservices/u0a42}
05-21 20:43:31.880   815  1049 W TclActivityManagerService: sikp freeze pkg:ProcessRecord{20f0a38 525:com.google.android.apps.tv.launcherx:coreservices/u0a42} [service] is need by ProcessRecord{92f408d 952:com.redflix.tvmoderno/u0a162} or start by system
05-21 20:43:32.714   815  3139 I ActivityManager: Killing 427:com.android.vending:background/u0a45 (adj 925): tguard-kill-SystemApp
05-21 20:43:32.799   815  2028 D ConnectivityService: ConnectivityService NetworkRequestInfo binderDied(NetworkRequest [ TRACK_DEFAULT id=9090, [ Capabilities: INTERNET&NOT_RESTRICTED&TRUSTED Uid: 10045 AdministratorUids: [] RequestorUid: 10045 RequestorPackageName: com.android.vending] ], android.os.BinderProxy@5c8ab92)
05-21 20:43:32.800   815  1002 D ConnectivityService: releasing NetworkRequest [ TRACK_DEFAULT id=9090, [ Capabilities: INTERNET&NOT_RESTRICTED&TRUSTED Uid: 10045 AdministratorUids: [] RequestorUid: 10045 RequestorPackageName: com.android.vending] ] (release request)
05-21 20:43:32.800   815  1262 D ConnectivityService: ConnectivityService NetworkRequestInfo binderDied(NetworkRequest [ LISTEN id=9092, [ Capabilities: INTERNET&NOT_RESTRICTED&TRUSTED Uid: 10045 AdministratorUids: [] RequestorUid: 10045 RequestorPackageName: com.android.vending] ], android.os.BinderProxy@fa3b963)
05-21 20:43:32.800   815  3139 D ConnectivityService: ConnectivityService NetworkRequestInfo binderDied(NetworkRequest [ TRACK_DEFAULT id=9091, [ Capabilities: INTERNET&NOT_RESTRICTED&TRUSTED Uid: 10045 AdministratorUids: [] RequestorUid: 10045 RequestorPackageName: com.android.vending] ], android.os.BinderProxy@c44960)
05-21 20:43:32.802   815  1002 D ConnectivityService: releasing NetworkRequest [ TRACK_DEFAULT id=9091, [ Capabilities: INTERNET&NOT_RESTRICTED&TRUSTED Uid: 10045 AdministratorUids: [] RequestorUid: 10045 RequestorPackageName: com.android.vending] ] (release request)
05-21 20:43:32.817   815  1990 D ResourceManagerService: getPackageByPid,pid=427
05-21 20:43:36.336   821  3231 D TVKitService: getProjectID
05-21 20:43:36.336   821  3231 D DeviceInfoImpl: getProjectID from map is 4357
05-21 20:43:36.339   821  3231 D TVKitService: getSoftwareVersion
05-21 20:43:36.339   821  3231 D DeviceInfoImpl: getSoftwareVersion is V8-R51AT01-LF1V126
05-21 20:43:38.217   815  1049 D FreezeManager: before doFreeze 1145 pro com.google.process.gservices
05-21 20:43:38.217   815  1049 D FreezeManager: doFreeze 1145 pro com.google.process.gservices res true
05-21 20:43:39.208   815  1990 I ActivityManager: Killing 1145:com.google.process.gservices/u0a37 (adj 915): tguard-kill-SystemApp
05-21 20:43:39.261   815  1772 D ResourceManagerService: getPackageByPid,pid=1145
05-21 20:43:41.346   821  3231 D TVKitService: getProjectID
05-21 20:43:41.346   821  3231 D DeviceInfoImpl: getProjectID from map is 4357
05-21 20:43:41.347   821  3231 D TVKitService: getSoftwareVersion
05-21 20:43:41.347   821  3231 D DeviceInfoImpl: getSoftwareVersion is V8-R51AT01-LF1V126
05-21 20:43:42.760   815  1049 D FreezeManager: doFreeze 4062 is died,skip freeze proCurent null
05-21 20:43:46.356   821  3231 D TVKitService: getProjectID
05-21 20:43:46.356   821  3231 D DeviceInfoImpl: getProjectID from map is 4357
05-21 20:43:46.357   821  3231 D TVKitService: getSoftwareVersion
05-21 20:43:46.357   821  3231 D DeviceInfoImpl: getSoftwareVersion is V8-R51AT01-LF1V126
05-21 20:43:50.932   815  1002 D ConnectivityService: NetReassign [no changes]
05-21 20:43:51.363   821  3231 D TVKitService: getProjectID
05-21 20:43:51.363   821  3231 D DeviceInfoImpl: getProjectID from map is 4357
05-21 20:43:51.365   821  3231 D TVKitService: getSoftwareVersion
05-21 20:43:51.365   821  3231 D DeviceInfoImpl: getSoftwareVersion is V8-R51AT01-LF1V126
05-21 20:43:53.948   815  1002 D ConnectivityService: NetReassign [no changes]
05-21 20:43:55.150   815  1774 W PackageManager: Non System Server process reporting dex loads as system server. uid=10037
05-21 20:43:55.305   815  1774 I AlarmManager: Change Wakeup Alarm type to non Wakeup type, current type=[2] packageName = com.google.android.gms @1488073491 and next wakeup alarm is @Thu May 21 21:10:27 GMT-03:00 2026
05-21 20:43:55.638   815  1774 W PackageManager: Non System Server process reporting dex loads as system server. uid=10037
05-21 20:43:55.641   815  1774 I AlarmManager: Change Wakeup Alarm type to non Wakeup type, current type=[2] packageName = com.google.android.gms @1488073998 and next wakeup alarm is @Thu May 21 21:10:27 GMT-03:00 2026
05-21 20:43:55.969   815  1774 I AlarmManager: Change Wakeup Alarm type to non Wakeup type, listenerTag=*job.delay*
05-21 20:43:56.043   815  1774 I AlarmManager: Change Wakeup Alarm type to non Wakeup type, listenerTag=*job.delay*
05-21 20:43:56.375   821  3231 D TVKitService: getProjectID
05-21 20:43:56.375   821  3231 D DeviceInfoImpl: getProjectID from map is 4357
05-21 20:43:56.378   821  3231 D TVKitService: getSoftwareVersion
05-21 20:43:56.378   821  3231 D DeviceInfoImpl: getSoftwareVersion is V8-R51AT01-LF1V126
05-21 20:43:56.566   815   815 W ActivityManager: forbid bind service ComponentInfo{com.esaba.downloader/com.google.android.datatransport.runtime.scheduling.jobscheduling.JobInfoSchedulerService}
05-21 20:43:56.567   815   815 D JobScheduler: Error executing JobStatus{b487f0c #u0a93/1292248364 com.esaba.downloader/com.google.android.datatransport.runtime.scheduling.jobscheduling.JobInfoSchedulerService u=0 s=10093 TIME=-1d2h52m45s382ms:none NET READY}
05-21 20:43:56.567   815  1063 I TclAppBoot: [TclAppBootManagerImpl]:TclAppBootInfo{callerPkgName = 'android',callerFlag = '262145',calleePkgName = 'com.esaba.downloader',calleeComponent = 'com.esaba.downloader/com.google.android.datatransport.runtime.scheduling.jobscheduling.JobInfoSchedulerService',calleeFlag = '16',bootType = 'bind_service_form_job',broadcastAction = '',time = '1779407036566',isAutoStart = 'true',isAllow = 'false',reason = 'callee_does't_have_OP_AUTO_START_permission.',count = '1'}
05-21 20:43:57.027   815  1774 W TGuardService: killing pkg:com.redflix.tvmoderno uid:10162 [service] is not depends on 1185:com.google.android.webview:webview_service/u0a62
05-21 20:43:57.027   815  1774 I ActivityManager: Killing 1185:com.google.android.webview:webview_service/u0a62 (adj 915): tguard-kill-SystemApp
05-21 20:43:57.061   815   841 D ResourceManagerService: getPackageByPid,pid=1185
05-21 20:43:57.069   815   815 W ActivityManager: forbid bind service ComponentInfo{com.esaba.downloader/com.google.android.datatransport.runtime.scheduling.jobscheduling.JobInfoSchedulerService}
05-21 20:43:57.069   815   815 D JobScheduler: Error executing JobStatus{b487f0c #u0a93/1292248364 com.esaba.downloader/com.google.android.datatransport.runtime.scheduling.jobscheduling.JobInfoSchedulerService u=0 s=10093 TIME=-1d2h52m45s885ms:none NET READY}
05-21 20:43:57.069   815  1063 I TclAppBoot: [TclAppBootManagerImpl]:TclAppBootInfo{callerPkgName = 'android',callerFlag = '262145',calleePkgName = 'com.esaba.downloader',calleeComponent = 'com.esaba.downloader/com.google.android.datatransport.runtime.scheduling.jobscheduling.JobInfoSchedulerService',calleeFlag = '16',bootType = 'bind_service_form_job',broadcastAction = '',time = '1779407037068',isAutoStart = 'true',isAllow = 'false',reason = 'callee_does't_have_OP_AUTO_START_permission.',count = '1'}
05-21 20:44:01.386   821  3231 D TVKitService: getProjectID
05-21 20:44:01.386   821  3231 D DeviceInfoImpl: getProjectID from map is 4357
05-21 20:44:01.387   821  3231 D TVKitService: getSoftwareVersion
05-21 20:44:01.387   821  3231 D DeviceInfoImpl: getSoftwareVersion is V8-R51AT01-LF1V126
05-21 20:44:01.689   815   985 D AppRecordListenerForFreeze: noteTrafficChanged  pid = 952 pro = com.redflix.tvmoderno using = false
05-21 20:44:01.689   815   985 D AppRecordListenerForFreeze: noteTrafficChanged  pid = 1245 pro = com.google.android.webview:sandboxed_process0:org.chromium.content.app.SandboxedProcessService0:0 using = false
05-21 20:44:06.399   821  3231 D TVKitService: getProjectID
05-21 20:44:06.399   821  3231 D DeviceInfoImpl: getProjectID from map is 4357
05-21 20:44:06.400   821  3231 D TVKitService: getSoftwareVersion
05-21 20:44:06.401   821  3231 D DeviceInfoImpl: getSoftwareVersion is V8-R51AT01-LF1V126
05-21 20:44:09.273   815  1009 D DeviceStorageMonitorService: updateBroadcasts,oldlevel is 0,newLevel is 0
05-21 20:44:11.407   821  3231 D TVKitService: getProjectID
05-21 20:44:11.407   821  3231 D DeviceInfoImpl: getProjectID from map is 4357
05-21 20:44:11.412   821  3231 D TVKitService: getSoftwareVersion
05-21 20:44:11.412   821  3231 D DeviceInfoImpl: getSoftwareVersion is V8-R51AT01-LF1V126
05-21 20:44:14.639   815   986 W ContextImpl: Calling a method in the system process without a qualified user: android.app.ContextImpl.sendBroadcast:1125 com.android.server.policy.TclPhoneWindowManager.supportUserActionCollect:4559 com.android.server.policy.TclPhoneWindowManager.handleCustomKey:1811 com.android.server.policy.TclPhoneWindowManager.handleKeyBeforeDispatching:1211 com.android.server.policy.PhoneWindowManager.interceptKeyBeforeDispatching:2733 
05-21 20:44:14.733   815   986 I chatty  : uid=1000(system) InputDispatcher identical 4 lines
05-21 20:44:14.743   815   986 W ContextImpl: Calling a method in the system process without a qualified user: android.app.ContextImpl.sendBroadcast:1125 com.android.server.policy.TclPhoneWindowManager.supportUserActionCollect:4559 com.android.server.policy.TclPhoneWindowManager.handleCustomKey:1811 com.android.server.policy.TclPhoneWindowManager.handleKeyBeforeDispatching:1211 com.android.server.policy.PhoneWindowManager.interceptKeyBeforeDispatching:2733 
05-21 20:44:16.417   821  3231 D TVKitService: getProjectID
05-21 20:44:16.417   821  3231 D DeviceInfoImpl: getProjectID from map is 4357
05-21 20:44:16.420   821  3231 D TVKitService: getSoftwareVersion
05-21 20:44:16.420   821  3231 D DeviceInfoImpl: getSoftwareVersion is V8-R51AT01-LF1V126
05-21 20:44:16.700   815   986 W ContextImpl: Calling a method in the system process without a qualified user: android.app.ContextImpl.sendBroadcast:1125 com.android.server.policy.TclPhoneWindowManager.supportUserActionCollect:4559 com.android.server.policy.TclPhoneWindowManager.handleCustomKey:1811 com.android.server.policy.TclPhoneWindowManager.handleKeyBeforeDispatching:1211 com.android.server.policy.PhoneWindowManager.interceptKeyBeforeDispatching:2733 
05-21 20:44:20.229   815   815 W ActivityManager: forbid bind service ComponentInfo{com.esaba.downloader/com.google.android.datatransport.runtime.scheduling.jobscheduling.JobInfoSchedulerService}
05-21 20:44:20.229   815  1063 I TclAppBoot: [TclAppBootManagerImpl]:TclAppBootInfo{callerPkgName = 'android',callerFlag = '262145',calleePkgName = 'com.esaba.downloader',calleeComponent = 'com.esaba.downloader/com.google.android.datatransport.runtime.scheduling.jobscheduling.JobInfoSchedulerService',calleeFlag = '16',bootType = 'bind_service_form_job',broadcastAction = '',time = '1779407060228',isAutoStart = 'true',isAllow = 'false',reason = 'callee_does't_have_OP_AUTO_START_permission.',count = '1'}
05-21 20:44:20.229   815   815 D JobScheduler: Error executing JobStatus{b487f0c #u0a93/1292248364 com.esaba.downloader/com.google.android.datatransport.runtime.scheduling.jobscheduling.JobInfoSchedulerService u=0 s=10093 TIME=-1d2h53m9s45ms:none NET READY}
05-21 20:44:21.423   815   841 I ActivityManager: Killing 2875:com.tcl.settings/1000 (adj 200): tguard-kill-lowSwapFree
05-21 20:44:21.430   821  3231 D TVKitService: getProjectID
05-21 20:44:21.430   821  3231 D DeviceInfoImpl: getProjectID from map is 4357
05-21 20:44:21.432   821  3231 D TVKitService: getSoftwareVersion
05-21 20:44:21.432   821  3231 D DeviceInfoImpl: getSoftwareVersion is V8-R51AT01-LF1V126
05-21 20:44:21.474   815   841 I ActivityManager: Process com.android.keychain (pid 2661) has died: cch+35 CEM 
05-21 20:44:21.475   815   841 D ResourceManagerService: getPackageByPid,pid=2661
05-21 20:44:21.555   815  1772 W ActivityManager: Scheduling restart of crashed service com.tcl.settings/.showmessage.ShowMessageService in 1000ms for start-requested
05-21 20:44:21.555   815  1772 D ResourceManagerService: getPackageByPid,pid=2875
05-21 20:44:21.580   815   841 I ActivityManager: Process com.google.android.katniss:search (pid 3848) has died: cch+25 CEM 
05-21 20:44:21.582   815   841 D ResourceManagerService: getPackageByPid,pid=3848
05-21 20:44:22.371   815  1981 I ActivityManager: Process com.google.android.permissioncontroller (pid 2988) has died: cch+15 CEM 
05-21 20:44:22.372   815  1981 D ResourceManagerService: getPackageByPid,pid=2988
05-21 20:44:22.574   815   861 D ProcessStartManager: onStartProcess targetProcessName:com.tcl.settingsapplication processName : com.tcl.settings ,type: 4 ,tbr: null
05-21 20:44:22.574   815   861 D ProcessStartManager: onStartProcess return: false
05-21 20:44:22.576   815   861 D CompatibilityChangeReporter: Compat change id reported: 135634846; UID 1000; state: DISABLED
05-21 20:44:22.633   815   862 W ActivityManager: Slow operation: 59ms so far, now at startProcess: returned from zygote!
05-21 20:44:22.633   815   862 W ActivityManager: Slow operation: 59ms so far, now at startProcess: done updating battery stats
05-21 20:44:22.634   815   862 W ActivityManager: Slow operation: 60ms so far, now at startProcess: building log message
05-21 20:44:22.634   815   862 I ActivityManager: Start proc 1750:com.tcl.settings/1000 for service {com.tcl.settings/com.tcl.settings.showmessage.ShowMessageService}
05-21 20:44:22.634   815   862 W ActivityManager: Slow operation: 60ms so far, now at startProcess: starting to update pids map
05-21 20:44:22.637   815   862 W ActivityManager: Slow operation: 63ms so far, now at startProcess: done updating pids map
05-21 20:44:22.802   815   841 D CompatibilityChangeReporter: Compat change id reported: 136219221; UID 1000; state: ENABLED
05-21 20:44:23.021   815   815 W NotificationHistory: Attempted to add notif for locked/gone/disabled user 0
05-21 20:44:23.167  1750  1750 I ActivityTaskManager: isPreloadSplashApp = com.tcl.settings
05-21 20:44:23.656   821  3231 D TVKitService: getProjectID
05-21 20:44:23.656   821  3231 D DeviceInfoImpl: getProjectID from map is 4357
05-21 20:44:23.813   815  1764 E ContentProviderRecord: newHolder true, info: ContentProviderInfo{name=settings className=com.android.providers.settings.SettingsProvider}
05-21 20:44:24.313   815   841 D BMS-BlockMonitorManagerService: attach caller is com.tcl.settings ,pid is 1750
05-21 20:44:24.313   815   841 D BMS-BlockMonitorManagerService: start init monitor config(only init, not start) for 1750
05-21 20:44:24.313   815   841 D BMS-BlockMonitorManagerService: here may be print binder warning(flag no oneway), it's normal
05-21 20:44:24.317   815   841 D BMS-BlockMonitorManagerService: init monitor config end
05-21 20:44:24.336  1750  1815 W ContextImpl: Calling a method in the system process without a qualified user: android.app.ContextImpl.bindService:1762 android.content.ContextWrapper.bindService:756 org.tcl.ttvs.common.MultiConnectionKeeper$Connection.bind:125 org.tcl.ttvs.common.MultiConnectionKeeper.bind:66 org.tcl.ttvs.common.TTVSClient.connect:80 
05-21 20:44:25.505   815   985 D AppRecordListenerForFreeze: noteTrafficChanged  pid = 952 pro = com.redflix.tvmoderno using = true
05-21 20:44:25.505   815   985 D AppRecordListenerForFreeze: noteTrafficChanged  pid = 1245 pro = com.google.android.webview:sandboxed_process0:org.chromium.content.app.SandboxedProcessService0:0 using = true
05-21 20:44:26.440   821  3231 D TVKitService: getProjectID
05-21 20:44:26.440   821  3231 D DeviceInfoImpl: getProjectID from map is 4357
05-21 20:44:26.442   821  3231 D TVKitService: getSoftwareVersion
05-21 20:44:26.442   821  3231 D DeviceInfoImpl: getSoftwareVersion is V8-R51AT01-LF1V126
