05-27 22:06:19.287 D/WifiScoreCard(  806): BSSID update SIGNAL_POLL ID: 398514962 SSID: BOLSONARO2018, BSSID: f8:2d:c0:24:9e:d2, MAC: 64:57:25:8c:68:c1, Supplicant state: COMPLETED, Wi-Fi standard: 0, RSSI: -73, Link speed: 117Mbps, Tx Link speed: 117Mbps, Max Supported Tx Link speed: -1Mbps, Rx Link speed: -1Mbps, Max Supported Rx Link speed: -1Mbps, Frequency: 2417MHz, Net ID: 0, Metered hint: false, score: 59
05-27 22:06:19.287 D/WifiScoreCard(  806): txRate: 106 txSpeed: 117
05-27 22:06:19.287 D/WifiScoreCard(  806): network update SIGNAL_POLL "BOLSONARO2018" ID: 976476524 RSSI -73 txSpeed 117
05-27 22:06:19.287 D/WifiScoreCard(  806): SSID: "BOLSONARO2018"
05-27 22:06:19.287 D/WifiScoreCard(  806):  LastRssiPollTime: 12359351 LastRssiPoll: -73 LastTxSpeedPoll: 117
05-27 22:06:19.287 D/WifiScoreCard(  806):  StatsRecent:  ConnectAttempt: 4 ConnectFailure: 0 ConnectDurSec: 6372708 AssocRej: 0 AssocTimeout: 0 AuthFailure: 0 ShortDiscNonlocal: 6 DisconnectNonlocal: 7 Disconnect: 13 ConsecutiveConnectFailure: 0
05-27 22:06:19.287 D/WifiScoreCard(  806):  StatsCurr:  ConnectAttempt: 54 ConnectFailure: 0 ConnectDurSec: 759544 AssocRej: 0 AssocTimeout: 0 AuthFailure: 0 ShortDiscNonlocal: 39 DisconnectNonlocal: 53 Disconnect: 73 ConsecutiveConnectFailure: 0
05-27 22:06:19.287 D/WifiScoreCard(  806):  StatsPrev:  ConnectAttempt: 15 ConnectFailure: 0 ConnectDurSec: 211923 AssocRej: 0 AssocTimeout: 0 AuthFailure: 0 ShortDiscNonlocal: 10 DisconnectNonlocal: 19 Disconnect: 32 ConsecutiveConnectFailure: 0
05-27 22:06:19.291 D/ConnectivityListener( 1306): updateWifiConnectivityStatus
05-27 22:06:19.291 I/WifiService(  806): getConnectionInfo uid=1000
05-27 22:06:19.293 D/ConnectivityListener( 1306): updateWifiConnectivityStatus: AP state = COMPLETED
05-27 22:06:19.293 D/ConnectivityListener( 1306): updateWifiConnectivityStatus: AP is connected
05-27 22:06:19.293 D/ConnectivityListener( 1306): setWifiStatus connected = true
05-27 22:06:19.294 E/RHWC2   (  376): fox1 func=hwc2_func_validate_display line=1291 
05-27 22:06:19.294 E/RHWC2   (  376): fox1 func=hwc2_func_validate_display line=1411 
05-27 22:06:19.296 E/RHWC2   (  376): fox1 [rtk_gdma_post 1507 ]
05-27 22:06:19.296 E/RHWC2   (  376): fox1 [rtk_gdma_post 1530 ]name_of_layer = com.redflix.tvmoderno/com.redx.tvbox.ExoPlayerActivity#0 num_of_layers=1
05-27 22:06:19.296 E/RHWC2   (  376): fox 1 [rtk_gdma_post 1531] HAS_FLAG=0
05-27 22:06:19.296 E/RHWC2   (  376): fox1 [rtk_gdma_post 1565 ]
05-27 22:06:19.294 D/ConnectivityListener( 1306): updateWifiConnectivityStatus: ssid = "BOLSONARO2018"
05-27 22:06:19.296 D/ConnectivityListener( 1306): isWireConnected: 
05-27 22:06:19.297 D/ConnectivityListener( 1306): isWireConnected = false
05-27 22:06:19.297 D/ConnectivityListener( 1306): setEthernetStatus = false
05-27 22:06:19.297 D/MainFragment( 1306): updateConnectivity() start
05-27 22:06:19.297 D/MainFragment( 1306): connectedState = true
05-27 22:06:19.298 D/MainFragment( 1306): TextUtils.isEmpty(connectedState) = false
05-27 22:06:19.298 I/WifiService(  806): getWifiEnabledState uid=1000
05-27 22:06:19.298 D/ConnectivityListener( 1306): isWifiEnabledOrEnabling: wifiManager.getWifiState = 3
05-27 22:06:19.298 I/WifiService(  806): getWifiEnabledState uid=1000
05-27 22:06:19.298 D/ConnectivityListener( 1306): isWifiConnected: isWifiConnected = true
05-27 22:06:19.298 I/WifiService(  806): getConnectionInfo uid=1000
05-27 22:06:19.299 D/WifiClientModeImpl(  806):  L2ConnectedState screen=on 1 0 "BOLSONARO2018" f8:2d:c0:24:9e:d2 rssi=-73 f=2417 sc=59 link=117 tx=105,4, 0,0, 0,0  rx=90,6 bcn=0 [on:0 tx:0 rx:0 period:3015] from screen [on:0 period:1813918754] score=59
05-27 22:06:19.299 I/WifiService(  806): getConnectionInfo uid=1000
05-27 22:06:19.299 D/MainFragment( 1306): updateConnectivity() end
05-27 22:06:19.300 V/WifiNetworkFactory(  806): Accepted network request NetworkRequest [ REQUEST id=1, [ Capabilities: INTERNET&NOT_RESTRICTED&TRUSTED&NOT_VPN AdministratorUids: [] RequestorUid: 1000 RequestorPackageName: android] ]
05-27 22:06:19.300 V/WifiNetworkFactory(  806): Accepted network request NetworkRequest [ TRACK_DEFAULT id=8, [ Capabilities: INTERNET&NOT_RESTRICTED&TRUSTED Uid: 1000 AdministratorUids: [] RequestorUid: 1000 RequestorPackageName: android] ]
05-27 22:06:19.300 V/WifiNetworkFactory(  806): Accepted network request NetworkRequest [ TRACK_DEFAULT id=9, [ Capabilities: INTERNET&NOT_RESTRICTED&TRUSTED Uid: 1000 AdministratorUids: [] RequestorUid: 1000 RequestorPackageName: android] ]
05-27 22:06:19.300 V/WifiNetworkFactory(  806): Accepted network request NetworkRequest [ REQUEST id=11, [ Capabilities: INTERNET&NOT_RESTRICTED&TRUSTED&NOT_VPN AdministratorUids: [] RequestorUid: 1000 RequestorPackageName: android] ]
05-27 22:06:19.300 V/WifiNetworkFactory(  806): Accepted network request NetworkRequest [ TRACK_DEFAULT id=15, [ Capabilities: INTERNET&NOT_RESTRICTED&TRUSTED Uid: 10037 AdministratorUids: [] RequestorUid: 10037 RequestorPackageName: com.google.android.gms] ]
05-27 22:06:19.301 V/WifiNetworkFactory(  806): Accepted network request NetworkRequest [ TRACK_DEFAULT id=18, [ Capabilities: INTERNET&NOT_RESTRICTED&TRUSTED Uid: 10037 AdministratorUids: [] RequestorUid: 10037 RequestorPackageName: com.google.android.gms] ]
05-27 22:06:19.301 V/WifiNetworkFactory(  806): Accepted network request NetworkRequest [ TRACK_DEFAULT id=19, [ Capabilities: INTERNET&NOT_RESTRICTED&TRUSTED Uid: 10042 AdministratorUids: [] RequestorUid: 10042 RequestorPackageName: com.google.android.apps.tv.launcherx] ]
05-27 22:06:19.301 V/WifiNetworkFactory(  806): Accepted network request NetworkRequest [ TRACK_DEFAULT id=20, [ Capabilities: INTERNET&NOT_RESTRICTED&TRUSTED Uid: 10042 AdministratorUids: [] RequestorUid: 10042 RequestorPackageName: com.google.android.apps.tv.launcherx] ]
05-27 22:06:19.301 V/WifiNetworkFactory(  806): Accepted network request NetworkRequest [ TRACK_DEFAULT id=23, [ Capabilities: INTERNET&NOT_RESTRICTED&TRUSTED Uid: 10042 AdministratorUids: [] RequestorUid: 10042 RequestorPackageName: com.google.android.apps.tv.launcherx] ]
05-27 22:06:19.301 V/WifiNetworkFactory(  806): Accepted network request NetworkRequest [ TRACK_DEFAULT id=24, [ Capabilities: INTERNET&NOT_RESTRICTED&TRUSTED Uid: 10043 AdministratorUids: [] RequestorUid: 10043 RequestorPackageName: com.google.android.apps.mediashell] ]
05-27 22:06:19.301 V/WifiNetworkFactory(  806): Accepted network request NetworkRequest [ TRACK_DEFAULT id=27, [ Capabilities: INTERNET&NOT_RESTRICTED&TRUSTED Uid: 10037 AdministratorUids: [] RequestorUid: 10037 RequestorPackageName: com.google.android.gms] ]
05-27 22:06:19.301 V/WifiNetworkFactory(  806): Accepted network request NetworkRequest [ TRACK_DEFAULT id=30, [ Capabilities: INTERNET&NOT_RESTRICTED&TRUSTED Uid: 10045 AdministratorUids: [] RequestorUid: 10045 RequestorPackageName: com.android.vending] ]
05-27 22:06:19.301 V/WifiNetworkFactory(  806): Accepted network request NetworkRequest [ TRACK_DEFAULT id=58, [ Capabilities: INTERNET&NOT_RESTRICTED&TRUSTED Uid: 10040 AdministratorUids: [] RequestorUid: 10040 RequestorPackageName: com.google.android.apps.tv.dreamx] ]
05-27 22:06:19.301 V/WifiNetworkFactory(  806): Accepted network request NetworkRequest [ TRACK_DEFAULT id=73, [ Capabilities: INTERNET&NOT_RESTRICTED&TRUSTED Uid: 10045 AdministratorUids: [] RequestorUid: 10045 RequestorPackageName: com.android.vending] ]
05-27 22:06:19.301 V/WifiNetworkFactory(  806): Accepted network request NetworkRequest [ TRACK_DEFAULT id=74, [ Capabilities: INTERNET&NOT_RESTRICTED&TRUSTED Uid: 10045 AdministratorUids: [] RequestorUid: 10045 RequestorPackageName: com.android.vending] ]
05-27 22:06:19.301 V/WifiNetworkFactory(  806): Accepted network request NetworkRequest [ TRACK_DEFAULT id=84, [ Capabilities: INTERNET&NOT_RESTRICTED&TRUSTED Uid: 10054 AdministratorUids: [] RequestorUid: 10054 RequestorPackageName: com.google.android.videos] ]
05-27 22:06:19.302 V/WifiNetworkFactory(  806): Accepted network request NetworkRequest [ TRACK_DEFAULT id=93, [ Capabilities: INTERNET&NOT_RESTRICTED&TRUSTED Uid: 10040 AdministratorUids: [] RequestorUid: 10040 RequestorPackageName: com.google.android.apps.tv.dreamx] ]
05-27 22:06:19.302 V/WifiNetworkFactory(  806): Accepted network request NetworkRequest [ TRACK_DEFAULT id=108, [ Capabilities: INTERNET&NOT_RESTRICTED&TRUSTED Uid: 1000 AdministratorUids: [] RequestorUid: 1000 RequestorPackageName: com.tcl.ttvs] ]
05-27 22:06:19.302 V/WifiNetworkFactory(  806): Accepted network request NetworkRequest [ TRACK_DEFAULT id=111, [ Capabilities: INTERNET&NOT_RESTRICTED&TRUSTED Uid: 10165 AdministratorUids: [] RequestorUid: 10165 RequestorPackageName: com.redflix.tvmoderno] ]
05-27 22:06:19.331 E/RHWC2   (  376): fox1 func=hwc2_func_validate_display line=1291 
05-27 22:06:19.331 E/RHWC2   (  376): fox1 func=hwc2_func_validate_display line=1411 
05-27 22:06:19.333 E/RHWC2   (  376): fox1 [rtk_gdma_post 1507 ]
05-27 22:06:19.333 E/RHWC2   (  376): fox1 [rtk_gdma_post 1530 ]name_of_layer = com.redflix.tvmoderno/com.redx.tvbox.ExoPlayerActivity#0 num_of_layers=1
05-27 22:06:19.333 E/RHWC2   (  376): fox 1 [rtk_gdma_post 1531] HAS_FLAG=0
05-27 22:06:19.333 E/RHWC2   (  376): fox1 [rtk_gdma_post 1565 ]
05-27 22:06:19.382 E/RHWC2   (  376): fox1 func=hwc2_func_validate_display line=1291 
05-27 22:06:19.382 E/RHWC2   (  376): fox1 func=hwc2_func_validate_display line=1411 
05-27 22:06:19.384 E/RHWC2   (  376): fox1 [rtk_gdma_post 1507 ]
05-27 22:06:19.384 E/RHWC2   (  376): fox1 [rtk_gdma_post 1530 ]name_of_layer = com.redflix.tvmoderno/com.redx.tvbox.ExoPlayerActivity#0 num_of_layers=1
05-27 22:06:19.384 E/RHWC2   (  376): fox 1 [rtk_gdma_post 1531] HAS_FLAG=0
05-27 22:06:19.384 E/RHWC2   (  376): fox1 [rtk_gdma_post 1565 ]
05-27 22:06:19.424 E/RHWC2   (  376): fox1 func=hwc2_func_validate_display line=1291 
05-27 22:06:19.424 E/RHWC2   (  376): fox1 func=hwc2_func_validate_display line=1411 
05-27 22:06:19.286 D/ConnectivityService(  806): NetReassign [no changes]
05-27 22:06:19.425 D/TVKitService(  812): getProjectID
05-27 22:06:19.425 D/DeviceInfoImpl(  812): getProjectID from map is 4357
05-27 22:06:19.425 I/TCL_DeviceInfo( 2208): id = 4357
05-27 22:06:19.426 E/TCL_DeviceInfo( 2208): from sita get client type is TCL-LA-RTD51A-S1
05-27 22:06:19.427 E/RHWC2   (  376): fox1 [rtk_gdma_post 1507 ]
05-27 22:06:19.427 E/RHWC2   (  376): fox1 [rtk_gdma_post 1530 ]name_of_layer = com.redflix.tvmoderno/com.redx.tvbox.ExoPlayerActivity#0 num_of_layers=1
05-27 22:06:19.427 E/RHWC2   (  376): fox 1 [rtk_gdma_post 1531] HAS_FLAG=0
05-27 22:06:19.427 E/RHWC2   (  376): fox1 [rtk_gdma_post 1565 ]
05-27 22:06:19.429 D/TVKitService(  812): getSoftwareVersion
05-27 22:06:19.429 D/DeviceInfoImpl(  812): getSoftwareVersion is V8-R51AT01-LF1V126
05-27 22:06:19.429 I/TCL_DeviceInfo( 2208): ret  = V8-R51AT01-LF1V126
05-27 22:06:19.430 I/WifiService(  806): getConnectionInfo uid=1000
05-27 22:06:19.473 E/RHWC2   (  376): fox1 func=hwc2_func_validate_display line=1291 
05-27 22:06:19.473 E/RHWC2   (  376): fox1 func=hwc2_func_validate_display line=1411 
05-27 22:06:19.474 E/RHWC2   (  376): fox1 [rtk_gdma_post 1507 ]
05-27 22:06:19.475 E/RHWC2   (  376): fox1 [rtk_gdma_post 1530 ]name_of_layer = com.redflix.tvmoderno/com.redx.tvbox.ExoPlayerActivity#0 num_of_layers=1
05-27 22:06:19.475 E/RHWC2   (  376): fox 1 [rtk_gdma_post 1531] HAS_FLAG=0
05-27 22:06:19.475 E/RHWC2   (  376): fox1 [rtk_gdma_post 1565 ]
05-27 22:06:19.512 E/RHWC2   (  376): fox1 func=hwc2_func_validate_display line=1291 
05-27 22:06:19.512 E/RHWC2   (  376): fox1 func=hwc2_func_validate_display line=1411 
05-27 22:06:19.514 E/RHWC2   (  376): fox1 [rtk_gdma_post 1507 ]
05-27 22:06:19.514 E/RHWC2   (  376): fox1 [rtk_gdma_post 1530 ]name_of_layer = com.redflix.tvmoderno/com.redx.tvbox.ExoPlayerActivity#0 num_of_layers=1
05-27 22:06:19.514 E/RHWC2   (  376): fox 1 [rtk_gdma_post 1531] HAS_FLAG=0
05-27 22:06:19.514 E/RHWC2   (  376): fox1 [rtk_gdma_post 1565 ]
05-27 22:06:19.565 E/RHWC2   (  376): fox1 func=hwc2_func_validate_display line=1291 
05-27 22:06:19.565 E/RHWC2   (  376): fox1 func=hwc2_func_validate_display line=1411 
05-27 22:06:19.566 E/RHWC2   (  376): fox1 [rtk_gdma_post 1507 ]
05-27 22:06:19.566 E/RHWC2   (  376): fox1 [rtk_gdma_post 1530 ]name_of_layer = com.redflix.tvmoderno/com.redx.tvbox.ExoPlayerActivity#0 num_of_layers=1
05-27 22:06:19.566 E/RHWC2   (  376): fox 1 [rtk_gdma_post 1531] HAS_FLAG=0
05-27 22:06:19.566 E/RHWC2   (  376): fox1 [rtk_gdma_post 1565 ]
05-27 22:06:19.594 I/HdmieArc(  394): earc status newStatus 0, oldStatus=EN_TOS_CEC_EARC_STATUS_HANDSHAKE
05-27 22:06:19.594 I/HdmieArc(  394): rhal earc status: 0, error code: 0 
05-27 22:06:19.605 E/RHWC2   (  376): fox1 func=hwc2_func_validate_display line=1291 
05-27 22:06:19.605 E/RHWC2   (  376): fox1 func=hwc2_func_validate_display line=1411 
05-27 22:06:19.606 E/RHWC2   (  376): fox1 [rtk_gdma_post 1507 ]
05-27 22:06:19.606 E/RHWC2   (  376): fox1 [rtk_gdma_post 1530 ]name_of_layer = com.redflix.tvmoderno/com.redx.tvbox.ExoPlayerActivity#0 num_of_layers=1
05-27 22:06:19.606 E/RHWC2   (  376): fox 1 [rtk_gdma_post 1531] HAS_FLAG=0
05-27 22:06:19.606 E/RHWC2   (  376): fox1 [rtk_gdma_post 1565 ]
05-27 22:06:19.655 E/RHWC2   (  376): fox1 func=hwc2_func_validate_display line=1291 
05-27 22:06:19.655 E/RHWC2   (  376): fox1 func=hwc2_func_validate_display line=1411 
05-27 22:06:19.657 E/RHWC2   (  376): fox1 [rtk_gdma_post 1507 ]
05-27 22:06:19.657 E/RHWC2   (  376): fox1 [rtk_gdma_post 1530 ]name_of_layer = com.redflix.tvmoderno/com.redx.tvbox.ExoPlayerActivity#0 num_of_layers=1
05-27 22:06:19.657 E/RHWC2   (  376): fox 1 [rtk_gdma_post 1531] HAS_FLAG=0
05-27 22:06:19.657 E/RHWC2   (  376): fox1 [rtk_gdma_post 1565 ]
05-27 22:06:19.694 E/RHWC2   (  376): fox1 func=hwc2_func_validate_display line=1291 
05-27 22:06:19.694 E/RHWC2   (  376): fox1 func=hwc2_func_validate_display line=1411 
05-27 22:06:19.695 E/RHWC2   (  376): fox1 [rtk_gdma_post 1507 ]
05-27 22:06:19.696 E/RHWC2   (  376): fox1 [rtk_gdma_post 1530 ]name_of_layer = com.redflix.tvmoderno/com.redx.tvbox.ExoPlayerActivity#0 num_of_layers=1
05-27 22:06:19.696 E/RHWC2   (  376): fox 1 [rtk_gdma_post 1531] HAS_FLAG=0
05-27 22:06:19.696 E/RHWC2   (  376): fox1 [rtk_gdma_post 1565 ]
05-27 22:06:19.745 E/RHWC2   (  376): fox1 func=hwc2_func_validate_display line=1291 
05-27 22:06:19.745 E/RHWC2   (  376): fox1 func=hwc2_func_validate_display line=1411 
05-27 22:06:19.747 E/RHWC2   (  376): fox1 [rtk_gdma_post 1507 ]
05-27 22:06:19.747 E/RHWC2   (  376): fox1 [rtk_gdma_post 1530 ]name_of_layer = com.redflix.tvmoderno/com.redx.tvbox.ExoPlayerActivity#0 num_of_layers=1
05-27 22:06:19.747 E/RHWC2   (  376): fox 1 [rtk_gdma_post 1531] HAS_FLAG=0
05-27 22:06:19.747 E/RHWC2   (  376): fox1 [rtk_gdma_post 1565 ]
05-27 22:06:19.784 E/RHWC2   (  376): fox1 func=hwc2_func_validate_display line=1291 
05-27 22:06:19.784 E/RHWC2   (  376): fox1 func=hwc2_func_validate_display line=1411 
05-27 22:06:19.786 E/RHWC2   (  376): fox1 [rtk_gdma_post 1507 ]
05-27 22:06:19.786 E/RHWC2   (  376): fox1 [rtk_gdma_post 1530 ]name_of_layer = com.redflix.tvmoderno/com.redx.tvbox.ExoPlayerActivity#0 num_of_layers=1
05-27 22:06:19.786 E/RHWC2   (  376): fox 1 [rtk_gdma_post 1531] HAS_FLAG=0
05-27 22:06:19.786 E/RHWC2   (  376): fox1 [rtk_gdma_post 1565 ]
05-27 22:06:19.835 E/RHWC2   (  376): fox1 func=hwc2_func_validate_display line=1291 
05-27 22:06:19.835 E/RHWC2   (  376): fox1 func=hwc2_func_validate_display line=1411 
05-27 22:06:19.837 E/RHWC2   (  376): fox1 [rtk_gdma_post 1507 ]
05-27 22:06:19.837 E/RHWC2   (  376): fox1 [rtk_gdma_post 1530 ]name_of_layer = com.redflix.tvmoderno/com.redx.tvbox.ExoPlayerActivity#0 num_of_layers=1
05-27 22:06:19.837 E/RHWC2   (  376): fox 1 [rtk_gdma_post 1531] HAS_FLAG=0
05-27 22:06:19.837 E/RHWC2   (  376): fox1 [rtk_gdma_post 1565 ]
05-27 22:06:19.874 E/RHWC2   (  376): fox1 func=hwc2_func_validate_display line=1291 
05-27 22:06:19.874 E/RHWC2   (  376): fox1 func=hwc2_func_validate_display line=1411 
05-27 22:06:19.876 E/RHWC2   (  376): fox1 [rtk_gdma_post 1507 ]
05-27 22:06:19.876 E/RHWC2   (  376): fox1 [rtk_gdma_post 1530 ]name_of_layer = com.redflix.tvmoderno/com.redx.tvbox.ExoPlayerActivity#0 num_of_layers=1
05-27 22:06:19.876 E/RHWC2   (  376): fox 1 [rtk_gdma_post 1531] HAS_FLAG=0
05-27 22:06:19.876 E/RHWC2   (  376): fox1 [rtk_gdma_post 1565 ]
05-27 22:06:19.926 E/RHWC2   (  376): fox1 func=hwc2_func_validate_display line=1291 
05-27 22:06:19.926 E/RHWC2   (  376): fox1 func=hwc2_func_validate_display line=1411 
05-27 22:06:19.927 E/RHWC2   (  376): fox1 [rtk_gdma_post 1507 ]
05-27 22:06:19.927 E/RHWC2   (  376): fox1 [rtk_gdma_post 1530 ]name_of_layer = com.redflix.tvmoderno/com.redx.tvbox.ExoPlayerActivity#0 num_of_layers=1
05-27 22:06:19.927 E/RHWC2   (  376): fox 1 [rtk_gdma_post 1531] HAS_FLAG=0
05-27 22:06:19.927 E/RHWC2   (  376): fox1 [rtk_gdma_post 1565 ]
05-27 22:06:19.965 E/RHWC2   (  376): fox1 func=hwc2_func_validate_display line=1291 
05-27 22:06:19.965 E/RHWC2   (  376): fox1 func=hwc2_func_validate_display line=1411 
05-27 22:06:19.966 E/RHWC2   (  376): fox1 [rtk_gdma_post 1507 ]
05-27 22:06:19.966 E/RHWC2   (  376): fox1 [rtk_gdma_post 1530 ]name_of_layer = com.redflix.tvmoderno/com.redx.tvbox.ExoPlayerActivity#0 num_of_layers=1
05-27 22:06:19.966 E/RHWC2   (  376): fox 1 [rtk_gdma_post 1531] HAS_FLAG=0
05-27 22:06:19.966 E/RHWC2   (  376): fox1 [rtk_gdma_post 1565 ]
05-27 22:06:20.016 E/RHWC2   (  376): fox1 func=hwc2_func_validate_display line=1291 
05-27 22:06:20.016 E/RHWC2   (  376): fox1 func=hwc2_func_validate_display line=1411 
05-27 22:06:20.018 E/RHWC2   (  376): fox1 [rtk_gdma_post 1507 ]
05-27 22:06:20.018 E/RHWC2   (  376): fox1 [rtk_gdma_post 1530 ]name_of_layer = com.redflix.tvmoderno/com.redx.tvbox.ExoPlayerActivity#0 num_of_layers=1
05-27 22:06:20.018 E/RHWC2   (  376): fox 1 [rtk_gdma_post 1531] HAS_FLAG=0
05-27 22:06:20.018 E/RHWC2   (  376): fox1 [rtk_gdma_post 1565 ]
05-27 22:06:20.056 E/RHWC2   (  376): fox1 func=hwc2_func_validate_display line=1291 
05-27 22:06:20.056 E/RHWC2   (  376): fox1 func=hwc2_func_validate_display line=1411 
05-27 22:06:20.057 E/RHWC2   (  376): fox1 [rtk_gdma_post 1507 ]
05-27 22:06:20.058 E/RHWC2   (  376): fox1 [rtk_gdma_post 1530 ]name_of_layer = com.redflix.tvmoderno/com.redx.tvbox.ExoPlayerActivity#0 num_of_layers=1
05-27 22:06:20.058 E/RHWC2   (  376): fox 1 [rtk_gdma_post 1531] HAS_FLAG=0
05-27 22:06:20.058 E/RHWC2   (  376): fox1 [rtk_gdma_post 1565 ]
05-27 22:06:20.108 E/RHWC2   (  376): fox1 func=hwc2_func_validate_display line=1291 
05-27 22:06:20.108 E/RHWC2   (  376): fox1 func=hwc2_func_validate_display line=1411 
05-27 22:06:20.110 E/RHWC2   (  376): fox1 [rtk_gdma_post 1507 ]
05-27 22:06:20.110 E/RHWC2   (  376): fox1 [rtk_gdma_post 1530 ]name_of_layer = com.redflix.tvmoderno/com.redx.tvbox.ExoPlayerActivity#0 num_of_layers=1
05-27 22:06:20.110 E/RHWC2   (  376): fox 1 [rtk_gdma_post 1531] HAS_FLAG=0
05-27 22:06:20.110 E/RHWC2   (  376): fox1 [rtk_gdma_post 1565 ]
05-27 22:06:20.147 E/RHWC2   (  376): fox1 func=hwc2_func_validate_display line=1291 
05-27 22:06:20.148 E/RHWC2   (  376): fox1 func=hwc2_func_validate_display line=1411 
05-27 22:06:20.149 E/RHWC2   (  376): fox1 [rtk_gdma_post 1507 ]
05-27 22:06:20.149 E/RHWC2   (  376): fox1 [rtk_gdma_post 1530 ]name_of_layer = com.redflix.tvmoderno/com.redx.tvbox.ExoPlayerActivity#0 num_of_layers=1
05-27 22:06:20.150 E/RHWC2   (  376): fox 1 [rtk_gdma_post 1531] HAS_FLAG=0
05-27 22:06:20.150 E/RHWC2   (  376): fox1 [rtk_gdma_post 1565 ]
05-27 22:06:20.199 E/RHWC2   (  376): fox1 func=hwc2_func_validate_display line=1291 
05-27 22:06:20.199 E/RHWC2   (  376): fox1 func=hwc2_func_validate_display line=1411 
05-27 22:06:20.201 E/RHWC2   (  376): fox1 [rtk_gdma_post 1507 ]
05-27 22:06:20.201 E/RHWC2   (  376): fox1 [rtk_gdma_post 1530 ]name_of_layer = com.redflix.tvmoderno/com.redx.tvbox.ExoPlayerActivity#0 num_of_layers=1
05-27 22:06:20.201 E/RHWC2   (  376): fox 1 [rtk_gdma_post 1531] HAS_FLAG=0
05-27 22:06:20.201 E/RHWC2   (  376): fox1 [rtk_gdma_post 1565 ]
05-27 22:06:20.238 E/RHWC2   (  376): fox1 func=hwc2_func_validate_display line=1291 
05-27 22:06:20.238 E/RHWC2   (  376): fox1 func=hwc2_func_validate_display line=1411 
05-27 22:06:20.240 E/RHWC2   (  376): fox1 [rtk_gdma_post 1507 ]
05-27 22:06:20.240 E/RHWC2   (  376): fox1 [rtk_gdma_post 1530 ]name_of_layer = com.redflix.tvmoderno/com.redx.tvbox.ExoPlayerActivity#0 num_of_layers=1
05-27 22:06:20.240 E/RHWC2   (  376): fox 1 [rtk_gdma_post 1531] HAS_FLAG=0
05-27 22:06:20.240 E/RHWC2   (  376): fox1 [rtk_gdma_post 1565 ]
05-27 22:06:20.288 E/RHWC2   (  376): fox1 func=hwc2_func_validate_display line=1291 
05-27 22:06:20.288 E/RHWC2   (  376): fox1 func=hwc2_func_validate_display line=1411 
05-27 22:06:20.290 E/RHWC2   (  376): fox1 [rtk_gdma_post 1507 ]
05-27 22:06:20.290 E/RHWC2   (  376): fox1 [rtk_gdma_post 1530 ]name_of_layer = com.redflix.tvmoderno/com.redx.tvbox.ExoPlayerActivity#0 num_of_layers=1
05-27 22:06:20.290 E/RHWC2   (  376): fox 1 [rtk_gdma_post 1531] HAS_FLAG=0
05-27 22:06:20.290 E/RHWC2   (  376): fox1 [rtk_gdma_post 1565 ]
05-27 22:06:20.328 E/RHWC2   (  376): fox1 func=hwc2_func_validate_display line=1291 
05-27 22:06:20.328 E/RHWC2   (  376): fox1 func=hwc2_func_validate_display line=1411 
05-27 22:06:20.330 E/RHWC2   (  376): fox1 [rtk_gdma_post 1507 ]
05-27 22:06:20.330 E/RHWC2   (  376): fox1 [rtk_gdma_post 1530 ]name_of_layer = com.redflix.tvmoderno/com.redx.tvbox.ExoPlayerActivity#0 num_of_layers=1
05-27 22:06:20.330 E/RHWC2   (  376): fox 1 [rtk_gdma_post 1531] HAS_FLAG=0
05-27 22:06:20.330 E/RHWC2   (  376): fox1 [rtk_gdma_post 1565 ]
05-27 22:06:20.380 E/RHWC2   (  376): fox1 func=hwc2_func_validate_display line=1291 
05-27 22:06:20.380 E/RHWC2   (  376): fox1 func=hwc2_func_validate_display line=1411 
05-27 22:06:20.381 E/RHWC2   (  376): fox1 [rtk_gdma_post 1507 ]
05-27 22:06:20.381 E/RHWC2   (  376): fox1 [rtk_gdma_post 1530 ]name_of_layer = com.redflix.tvmoderno/com.redx.tvbox.ExoPlayerActivity#0 num_of_layers=1
05-27 22:06:20.381 E/RHWC2   (  376): fox 1 [rtk_gdma_post 1531] HAS_FLAG=0
05-27 22:06:20.381 E/RHWC2   (  376): fox1 [rtk_gdma_post 1565 ]
05-27 22:06:20.419 E/RHWC2   (  376): fox1 func=hwc2_func_validate_display line=1291 
05-27 22:06:20.419 E/RHWC2   (  376): fox1 func=hwc2_func_validate_display line=1411 
05-27 22:06:20.420 E/RHWC2   (  376): fox1 [rtk_gdma_post 1507 ]
05-27 22:06:20.420 E/RHWC2   (  376): fox1 [rtk_gdma_post 1530 ]name_of_layer = com.redflix.tvmoderno/com.redx.tvbox.ExoPlayerActivity#0 num_of_layers=1
05-27 22:06:20.420 E/RHWC2   (  376): fox 1 [rtk_gdma_post 1531] HAS_FLAG=0
05-27 22:06:20.420 E/RHWC2   (  376): fox1 [rtk_gdma_post 1565 ]
05-27 22:06:20.470 E/RHWC2   (  376): fox1 func=hwc2_func_validate_display line=1291 
05-27 22:06:20.470 E/RHWC2   (  376): fox1 func=hwc2_func_validate_display line=1411 
05-27 22:06:20.472 E/RHWC2   (  376): fox1 [rtk_gdma_post 1507 ]
05-27 22:06:20.472 E/RHWC2   (  376): fox1 [rtk_gdma_post 1530 ]name_of_layer = com.redflix.tvmoderno/com.redx.tvbox.ExoPlayerActivity#0 num_of_layers=1
05-27 22:06:20.472 E/RHWC2   (  376): fox 1 [rtk_gdma_post 1531] HAS_FLAG=0
05-27 22:06:20.472 E/RHWC2   (  376): fox1 [rtk_gdma_post 1565 ]
05-27 22:06:20.509 E/RHWC2   (  376): fox1 func=hwc2_func_validate_display line=1291 
05-27 22:06:20.509 E/RHWC2   (  376): fox1 func=hwc2_func_validate_display line=1411 
05-27 22:06:20.510 E/RHWC2   (  376): fox1 [rtk_gdma_post 1507 ]
05-27 22:06:20.510 E/RHWC2   (  376): fox1 [rtk_gdma_post 1530 ]name_of_layer = com.redflix.tvmoderno/com.redx.tvbox.ExoPlayerActivity#0 num_of_layers=1
05-27 22:06:20.510 E/RHWC2   (  376): fox 1 [rtk_gdma_post 1531] HAS_FLAG=0
05-27 22:06:20.510 E/RHWC2   (  376): fox1 [rtk_gdma_post 1565 ]
05-27 22:06:20.561 E/RHWC2   (  376): fox1 func=hwc2_func_validate_display line=1291 
05-27 22:06:20.561 E/RHWC2   (  376): fox1 func=hwc2_func_validate_display line=1411 
05-27 22:06:20.563 E/RHWC2   (  376): fox1 [rtk_gdma_post 1507 ]
05-27 22:06:20.563 E/RHWC2   (  376): fox1 [rtk_gdma_post 1530 ]name_of_layer = com.redflix.tvmoderno/com.redx.tvbox.ExoPlayerActivity#0 num_of_layers=1
05-27 22:06:20.563 E/RHWC2   (  376): fox 1 [rtk_gdma_post 1531] HAS_FLAG=0
05-27 22:06:20.563 E/RHWC2   (  376): fox1 [rtk_gdma_post 1565 ]
05-27 22:06:20.595 I/HdmieArc(  394): earc status newStatus 0, oldStatus=EN_TOS_CEC_EARC_STATUS_HANDSHAKE
05-27 22:06:20.595 I/HdmieArc(  394): rhal earc status: 0, error code: 0 
05-27 22:06:20.598 E/RHWC2   (  376): fox1 func=hwc2_func_validate_display line=1291 
05-27 22:06:20.598 E/RHWC2   (  376): fox1 func=hwc2_func_validate_display line=1411 
05-27 22:06:20.600 E/RHWC2   (  376): fox1 [rtk_gdma_post 1507 ]
05-27 22:06:20.600 E/RHWC2   (  376): fox1 [rtk_gdma_post 1530 ]name_of_layer = com.redflix.tvmoderno/com.redx.tvbox.ExoPlayerActivity#0 num_of_layers=1
05-27 22:06:20.600 E/RHWC2   (  376): fox 1 [rtk_gdma_post 1531] HAS_FLAG=0
05-27 22:06:20.600 E/RHWC2   (  376): fox1 [rtk_gdma_post 1565 ]
05-27 22:06:20.653 E/RHWC2   (  376): fox1 func=hwc2_func_validate_display line=1291 
05-27 22:06:20.653 E/RHWC2   (  376): fox1 func=hwc2_func_validate_display line=1411 
05-27 22:06:20.655 E/RHWC2   (  376): fox1 [rtk_gdma_post 1507 ]
05-27 22:06:20.655 E/RHWC2   (  376): fox1 [rtk_gdma_post 1530 ]name_of_layer = com.redflix.tvmoderno/com.redx.tvbox.ExoPlayerActivity#0 num_of_layers=1
05-27 22:06:20.655 E/RHWC2   (  376): fox 1 [rtk_gdma_post 1531] HAS_FLAG=0
05-27 22:06:20.655 E/RHWC2   (  376): fox1 [rtk_gdma_post 1565 ]
05-27 22:06:20.690 E/RHWC2   (  376): fox1 func=hwc2_func_validate_display line=1291 
05-27 22:06:20.690 E/RHWC2   (  376): fox1 func=hwc2_func_validate_display line=1411 
05-27 22:06:20.693 E/RHWC2   (  376): fox1 [rtk_gdma_post 1507 ]
05-27 22:06:20.693 E/RHWC2   (  376): fox1 [rtk_gdma_post 1530 ]name_of_layer = com.redflix.tvmoderno/com.redx.tvbox.ExoPlayerActivity#0 num_of_layers=1
05-27 22:06:20.693 E/RHWC2   (  376): fox 1 [rtk_gdma_post 1531] HAS_FLAG=0
05-27 22:06:20.693 E/RHWC2   (  376): fox1 [rtk_gdma_post 1565 ]
05-27 22:06:20.743 E/RHWC2   (  376): fox1 func=hwc2_func_validate_display line=1291 
05-27 22:06:20.743 E/RHWC2   (  376): fox1 func=hwc2_func_validate_display line=1411 
05-27 22:06:20.745 E/RHWC2   (  376): fox1 [rtk_gdma_post 1507 ]
05-27 22:06:20.745 E/RHWC2   (  376): fox1 [rtk_gdma_post 1530 ]name_of_layer = com.redflix.tvmoderno/com.redx.tvbox.ExoPlayerActivity#0 num_of_layers=1
05-27 22:06:20.745 E/RHWC2   (  376): fox 1 [rtk_gdma_post 1531] HAS_FLAG=0
05-27 22:06:20.745 E/RHWC2   (  376): fox1 [rtk_gdma_post 1565 ]
05-27 22:06:20.779 E/RHWC2   (  376): fox1 func=hwc2_func_validate_display line=1291 
05-27 22:06:20.779 E/RHWC2   (  376): fox1 func=hwc2_func_validate_display line=1411 
05-27 22:06:20.781 E/RHWC2   (  376): fox1 [rtk_gdma_post 1507 ]
05-27 22:06:20.781 E/RHWC2   (  376): fox1 [rtk_gdma_post 1530 ]name_of_layer = com.redflix.tvmoderno/com.redx.tvbox.ExoPlayerActivity#0 num_of_layers=1
05-27 22:06:20.781 E/RHWC2   (  376): fox 1 [rtk_gdma_post 1531] HAS_FLAG=0
05-27 22:06:20.781 E/RHWC2   (  376): fox1 [rtk_gdma_post 1565 ]
05-27 22:06:20.832 E/RHWC2   (  376): fox1 func=hwc2_func_validate_display line=1291 
05-27 22:06:20.832 E/RHWC2   (  376): fox1 func=hwc2_func_validate_display line=1411 
05-27 22:06:20.834 E/RHWC2   (  376): fox1 [rtk_gdma_post 1507 ]
05-27 22:06:20.834 E/RHWC2   (  376): fox1 [rtk_gdma_post 1530 ]name_of_layer = com.redflix.tvmoderno/com.redx.tvbox.ExoPlayerActivity#0 num_of_layers=1
05-27 22:06:20.834 E/RHWC2   (  376): fox 1 [rtk_gdma_post 1531] HAS_FLAG=0
05-27 22:06:20.834 E/RHWC2   (  376): fox1 [rtk_gdma_post 1565 ]
05-27 22:06:20.870 E/RHWC2   (  376): fox1 func=hwc2_func_validate_display line=1291 
05-27 22:06:20.870 E/RHWC2   (  376): fox1 func=hwc2_func_validate_display line=1411 
05-27 22:06:20.871 E/RHWC2   (  376): fox1 [rtk_gdma_post 1507 ]
05-27 22:06:20.871 E/RHWC2   (  376): fox1 [rtk_gdma_post 1530 ]name_of_layer = com.redflix.tvmoderno/com.redx.tvbox.ExoPlayerActivity#0 num_of_layers=1
05-27 22:06:20.871 E/RHWC2   (  376): fox 1 [rtk_gdma_post 1531] HAS_FLAG=0
05-27 22:06:20.871 E/RHWC2   (  376): fox1 [rtk_gdma_post 1565 ]
05-27 22:06:20.922 E/RHWC2   (  376): fox1 func=hwc2_func_validate_display line=1291 
05-27 22:06:20.922 E/RHWC2   (  376): fox1 func=hwc2_func_validate_display line=1411 
05-27 22:06:20.924 E/RHWC2   (  376): fox1 [rtk_gdma_post 1507 ]
05-27 22:06:20.924 E/RHWC2   (  376): fox1 [rtk_gdma_post 1530 ]name_of_layer = com.redflix.tvmoderno/com.redx.tvbox.ExoPlayerActivity#0 num_of_layers=1
05-27 22:06:20.924 E/RHWC2   (  376): fox 1 [rtk_gdma_post 1531] HAS_FLAG=0
05-27 22:06:20.924 E/RHWC2   (  376): fox1 [rtk_gdma_post 1565 ]
05-27 22:06:20.960 E/RHWC2   (  376): fox1 func=hwc2_func_validate_display line=1291 
05-27 22:06:20.960 E/RHWC2   (  376): fox1 func=hwc2_func_validate_display line=1411 
05-27 22:06:20.962 E/RHWC2   (  376): fox1 [rtk_gdma_post 1507 ]
05-27 22:06:20.962 E/RHWC2   (  376): fox1 [rtk_gdma_post 1530 ]name_of_layer = com.redflix.tvmoderno/com.redx.tvbox.ExoPlayerActivity#0 num_of_layers=1
05-27 22:06:20.962 E/RHWC2   (  376): fox 1 [rtk_gdma_post 1531] HAS_FLAG=0
05-27 22:06:20.962 E/RHWC2   (  376): fox1 [rtk_gdma_post 1565 ]
05-27 22:06:20.994 D/wpa_supplicant( 1207): wlan_traffic_statistics rx_byte = 959480132 rx rate = 48 Kb/s
05-27 22:06:20.994 D/wpa_supplicant( 1207): wlan_traffic_statistics tx_byte = 157215058 tx rate = 153 Kb/s
05-27 22:06:21.011 E/RHWC2   (  376): fox1 func=hwc2_func_validate_display line=1291 
05-27 22:06:21.011 E/RHWC2   (  376): fox1 func=hwc2_func_validate_display line=1411 
05-27 22:06:21.013 E/RHWC2   (  376): fox1 [rtk_gdma_post 1507 ]
05-27 22:06:21.013 E/RHWC2   (  376): fox1 [rtk_gdma_post 1530 ]name_of_layer = com.redflix.tvmoderno/com.redx.tvbox.ExoPlayerActivity#0 num_of_layers=1
05-27 22:06:21.013 E/RHWC2   (  376): fox 1 [rtk_gdma_post 1531] HAS_FLAG=0
05-27 22:06:21.013 E/RHWC2   (  376): fox1 [rtk_gdma_post 1565 ]
05-27 22:06:21.050 E/RHWC2   (  376): fox1 func=hwc2_func_validate_display line=1291 
05-27 22:06:21.050 E/RHWC2   (  376): fox1 func=hwc2_func_validate_display line=1411 
05-27 22:06:21.052 E/RHWC2   (  376): fox1 [rtk_gdma_post 1507 ]
05-27 22:06:21.052 E/RHWC2   (  376): fox1 [rtk_gdma_post 1530 ]name_of_layer = com.redflix.tvmoderno/com.redx.tvbox.ExoPlayerActivity#0 num_of_layers=1
05-27 22:06:21.052 E/RHWC2   (  376): fox 1 [rtk_gdma_post 1531] HAS_FLAG=0
05-27 22:06:21.052 E/RHWC2   (  376): fox1 [rtk_gdma_post 1565 ]
05-27 22:06:21.102 E/RHWC2   (  376): fox1 func=hwc2_func_validate_display line=1291 
05-27 22:06:21.102 E/RHWC2   (  376): fox1 func=hwc2_func_validate_display line=1411 
05-27 22:06:21.103 E/RHWC2   (  376): fox1 [rtk_gdma_post 1507 ]
05-27 22:06:21.103 E/RHWC2   (  376): fox1 [rtk_gdma_post 1530 ]name_of_layer = com.redflix.tvmoderno/com.redx.tvbox.ExoPlayerActivity#0 num_of_layers=1
05-27 22:06:21.103 E/RHWC2   (  376): fox 1 [rtk_gdma_post 1531] HAS_FLAG=0
05-27 22:06:21.104 E/RHWC2   (  376): fox1 [rtk_gdma_post 1565 ]
05-27 22:06:21.143 E/RHWC2   (  376): fox1 func=hwc2_func_validate_display line=1291 
05-27 22:06:21.143 E/RHWC2   (  376): fox1 func=hwc2_func_validate_display line=1411 
05-27 22:06:21.145 E/RHWC2   (  376): fox1 [rtk_gdma_post 1507 ]
05-27 22:06:21.145 E/RHWC2   (  376): fox1 [rtk_gdma_post 1530 ]name_of_layer = com.redflix.tvmoderno/com.redx.tvbox.ExoPlayerActivity#0 num_of_layers=1
05-27 22:06:21.145 E/RHWC2   (  376): fox 1 [rtk_gdma_post 1531] HAS_FLAG=0
05-27 22:06:21.145 E/RHWC2   (  376): fox1 [rtk_gdma_post 1565 ]
05-27 22:06:21.192 E/RHWC2   (  376): fox1 func=hwc2_func_validate_display line=1291 
05-27 22:06:21.193 E/RHWC2   (  376): fox1 func=hwc2_func_validate_display line=1411 
05-27 22:06:21.194 E/RHWC2   (  376): fox1 [rtk_gdma_post 1507 ]
05-27 22:06:21.194 E/RHWC2   (  376): fox1 [rtk_gdma_post 1530 ]name_of_layer = com.redflix.tvmoderno/com.redx.tvbox.ExoPlayerActivity#0 num_of_layers=1
05-27 22:06:21.194 E/RHWC2   (  376): fox 1 [rtk_gdma_post 1531] HAS_FLAG=0
05-27 22:06:21.194 E/RHWC2   (  376): fox1 [rtk_gdma_post 1565 ]
05-27 22:06:21.232 E/RHWC2   (  376): fox1 func=hwc2_func_validate_display line=1291 
05-27 22:06:21.232 E/RHWC2   (  376): fox1 func=hwc2_func_validate_display line=1411 
05-27 22:06:21.234 E/RHWC2   (  376): fox1 [rtk_gdma_post 1507 ]
05-27 22:06:21.234 E/RHWC2   (  376): fox1 [rtk_gdma_post 1530 ]name_of_layer = com.redflix.tvmoderno/com.redx.tvbox.ExoPlayerActivity#0 num_of_layers=1
05-27 22:06:21.234 E/RHWC2   (  376): fox 1 [rtk_gdma_post 1531] HAS_FLAG=0
05-27 22:06:21.234 E/RHWC2   (  376): fox1 [rtk_gdma_post 1565 ]
05-27 22:06:21.282 E/RHWC2   (  376): fox1 func=hwc2_func_validate_display line=1291 
05-27 22:06:21.282 E/RHWC2   (  376): fox1 func=hwc2_func_validate_display line=1411 
05-27 22:06:21.284 E/RHWC2   (  376): fox1 [rtk_gdma_post 1507 ]
05-27 22:06:21.284 E/RHWC2   (  376): fox1 [rtk_gdma_post 1530 ]name_of_layer = com.redflix.tvmoderno/com.redx.tvbox.ExoPlayerActivity#0 num_of_layers=1
05-27 22:06:21.284 E/RHWC2   (  376): fox 1 [rtk_gdma_post 1531] HAS_FLAG=0
05-27 22:06:21.284 E/RHWC2   (  376): fox1 [rtk_gdma_post 1565 ]
05-27 22:06:21.323 E/RHWC2   (  376): fox1 func=hwc2_func_validate_display line=1291 
05-27 22:06:21.323 E/RHWC2   (  376): fox1 func=hwc2_func_validate_display line=1411 
05-27 22:06:21.326 E/RHWC2   (  376): fox1 [rtk_gdma_post 1507 ]
05-27 22:06:21.326 E/RHWC2   (  376): fox1 [rtk_gdma_post 1530 ]name_of_layer = com.redflix.tvmoderno/com.redx.tvbox.ExoPlayerActivity#0 num_of_layers=1
05-27 22:06:21.326 E/RHWC2   (  376): fox 1 [rtk_gdma_post 1531] HAS_FLAG=0
05-27 22:06:21.326 E/RHWC2   (  376): fox1 [rtk_gdma_post 1565 ]
05-27 22:06:21.374 E/RHWC2   (  376): fox1 func=hwc2_func_validate_display line=1291 
05-27 22:06:21.374 E/RHWC2   (  376): fox1 func=hwc2_func_validate_display line=1411 
05-27 22:06:21.376 E/RHWC2   (  376): fox1 [rtk_gdma_post 1507 ]
05-27 22:06:21.376 E/RHWC2   (  376): fox1 [rtk_gdma_post 1530 ]name_of_layer = com.redflix.tvmoderno/com.redx.tvbox.ExoPlayerActivity#0 num_of_layers=1
05-27 22:06:21.376 E/RHWC2   (  376): fox 1 [rtk_gdma_post 1531] HAS_FLAG=0
05-27 22:06:21.376 E/RHWC2   (  376): fox1 [rtk_gdma_post 1565 ]
05-27 22:06:21.412 E/RHWC2   (  376): fox1 func=hwc2_func_validate_display line=1291 
05-27 22:06:21.412 E/RHWC2   (  376): fox1 func=hwc2_func_validate_display line=1411 
05-27 22:06:21.414 E/RHWC2   (  376): fox1 [rtk_gdma_post 1507 ]
05-27 22:06:21.414 E/RHWC2   (  376): fox1 [rtk_gdma_post 1530 ]name_of_layer = com.redflix.tvmoderno/com.redx.tvbox.ExoPlayerActivity#0 num_of_layers=1
05-27 22:06:21.414 E/RHWC2   (  376): fox 1 [rtk_gdma_post 1531] HAS_FLAG=0
05-27 22:06:21.414 E/RHWC2   (  376): fox1 [rtk_gdma_post 1565 ]
05-27 22:06:21.463 E/RHWC2   (  376): fox1 func=hwc2_func_validate_display line=1291 
05-27 22:06:21.463 E/RHWC2   (  376): fox1 func=hwc2_func_validate_display line=1411 
05-27 22:06:21.465 E/RHWC2   (  376): fox1 [rtk_gdma_post 1507 ]
05-27 22:06:21.465 E/RHWC2   (  376): fox1 [rtk_gdma_post 1530 ]name_of_layer = com.redflix.tvmoderno/com.redx.tvbox.ExoPlayerActivity#0 num_of_layers=1
05-27 22:06:21.465 E/RHWC2   (  376): fox 1 [rtk_gdma_post 1531] HAS_FLAG=0
05-27 22:06:21.465 E/RHWC2   (  376): fox1 [rtk_gdma_post 1565 ]
05-27 22:06:21.501 E/RHWC2   (  376): fox1 func=hwc2_func_validate_display line=1291 
05-27 22:06:21.501 E/RHWC2   (  376): fox1 func=hwc2_func_validate_display line=1411 
05-27 22:06:21.503 E/RHWC2   (  376): fox1 [rtk_gdma_post 1507 ]
05-27 22:06:21.503 E/RHWC2   (  376): fox1 [rtk_gdma_post 1530 ]name_of_layer = com.redflix.tvmoderno/com.redx.tvbox.ExoPlayerActivity#0 num_of_layers=1
05-27 22:06:21.503 E/RHWC2   (  376): fox 1 [rtk_gdma_post 1531] HAS_FLAG=0
05-27 22:06:21.503 E/RHWC2   (  376): fox1 [rtk_gdma_post 1565 ]
05-27 22:06:21.554 E/RHWC2   (  376): fox1 func=hwc2_func_validate_display line=1291 
05-27 22:06:21.554 E/RHWC2   (  376): fox1 func=hwc2_func_validate_display line=1411 
05-27 22:06:21.555 E/RHWC2   (  376): fox1 [rtk_gdma_post 1507 ]
05-27 22:06:21.555 E/RHWC2   (  376): fox1 [rtk_gdma_post 1530 ]name_of_layer = com.redflix.tvmoderno/com.redx.tvbox.ExoPlayerActivity#0 num_of_layers=1
05-27 22:06:21.555 E/RHWC2   (  376): fox 1 [rtk_gdma_post 1531] HAS_FLAG=0
05-27 22:06:21.555 E/RHWC2   (  376): fox1 [rtk_gdma_post 1565 ]
05-27 22:06:21.593 E/RHWC2   (  376): fox1 func=hwc2_func_validate_display line=1291 
05-27 22:06:21.593 E/RHWC2   (  376): fox1 func=hwc2_func_validate_display line=1411 
05-27 22:06:21.595 I/HdmieArc(  394): earc status newStatus 0, oldStatus=EN_TOS_CEC_EARC_STATUS_HANDSHAKE
05-27 22:06:21.595 I/HdmieArc(  394): rhal earc status: 0, error code: 0 
05-27 22:06:21.595 E/RHWC2   (  376): fox1 [rtk_gdma_post 1507 ]
05-27 22:06:21.595 E/RHWC2   (  376): fox1 [rtk_gdma_post 1530 ]name_of_layer = com.redflix.tvmoderno/com.redx.tvbox.ExoPlayerActivity#0 num_of_layers=1
05-27 22:06:21.595 E/RHWC2   (  376): fox 1 [rtk_gdma_post 1531] HAS_FLAG=0
05-27 22:06:21.595 E/RHWC2   (  376): fox1 [rtk_gdma_post 1565 ]
05-27 22:06:21.646 E/RHWC2   (  376): fox1 func=hwc2_func_validate_display line=1291 
05-27 22:06:21.646 E/RHWC2   (  376): fox1 func=hwc2_func_validate_display line=1411 
05-27 22:06:21.648 E/RHWC2   (  376): fox1 [rtk_gdma_post 1507 ]
05-27 22:06:21.648 E/RHWC2   (  376): fox1 [rtk_gdma_post 1530 ]name_of_layer = com.redflix.tvmoderno/com.redx.tvbox.ExoPlayerActivity#0 num_of_layers=1
05-27 22:06:21.648 E/RHWC2   (  376): fox 1 [rtk_gdma_post 1531] HAS_FLAG=0
05-27 22:06:21.648 E/RHWC2   (  376): fox1 [rtk_gdma_post 1565 ]
05-27 22:06:21.683 E/RHWC2   (  376): fox1 func=hwc2_func_validate_display line=1291 
05-27 22:06:21.683 E/RHWC2   (  376): fox1 func=hwc2_func_validate_display line=1411 
05-27 22:06:21.685 E/RHWC2   (  376): fox1 [rtk_gdma_post 1507 ]
05-27 22:06:21.685 E/RHWC2   (  376): fox1 [rtk_gdma_post 1530 ]name_of_layer = com.redflix.tvmoderno/com.redx.tvbox.ExoPlayerActivity#0 num_of_layers=1
05-27 22:06:21.685 E/RHWC2   (  376): fox 1 [rtk_gdma_post 1531] HAS_FLAG=0
05-27 22:06:21.685 E/RHWC2   (  376): fox1 [rtk_gdma_post 1565 ]
05-27 22:06:21.735 E/RHWC2   (  376): fox1 func=hwc2_func_validate_display line=1291 
05-27 22:06:21.735 E/RHWC2   (  376): fox1 func=hwc2_func_validate_display line=1411 
05-27 22:06:21.737 E/RHWC2   (  376): fox1 [rtk_gdma_post 1507 ]
05-27 22:06:21.737 E/RHWC2   (  376): fox1 [rtk_gdma_post 1530 ]name_of_layer = com.redflix.tvmoderno/com.redx.tvbox.ExoPlayerActivity#0 num_of_layers=1
05-27 22:06:21.737 E/RHWC2   (  376): fox 1 [rtk_gdma_post 1531] HAS_FLAG=0
05-27 22:06:21.737 E/RHWC2   (  376): fox1 [rtk_gdma_post 1565 ]
05-27 22:06:21.772 E/RHWC2   (  376): fox1 func=hwc2_func_validate_display line=1291 
05-27 22:06:21.773 E/RHWC2   (  376): fox1 func=hwc2_func_validate_display line=1411 
05-27 22:06:21.774 E/RHWC2   (  376): fox1 [rtk_gdma_post 1507 ]
05-27 22:06:21.774 E/RHWC2   (  376): fox1 [rtk_gdma_post 1530 ]name_of_layer = com.redflix.tvmoderno/com.redx.tvbox.ExoPlayerActivity#0 num_of_layers=1
05-27 22:06:21.775 E/RHWC2   (  376): fox 1 [rtk_gdma_post 1531] HAS_FLAG=0
05-27 22:06:21.775 E/RHWC2   (  376): fox1 [rtk_gdma_post 1565 ]
05-27 22:06:21.825 E/RHWC2   (  376): fox1 func=hwc2_func_validate_display line=1291 
05-27 22:06:21.825 E/RHWC2   (  376): fox1 func=hwc2_func_validate_display line=1411 
05-27 22:06:21.827 E/RHWC2   (  376): fox1 [rtk_gdma_post 1507 ]
05-27 22:06:21.827 E/RHWC2   (  376): fox1 [rtk_gdma_post 1530 ]name_of_layer = com.redflix.tvmoderno/com.redx.tvbox.ExoPlayerActivity#0 num_of_layers=1
05-27 22:06:21.827 E/RHWC2   (  376): fox 1 [rtk_gdma_post 1531] HAS_FLAG=0
05-27 22:06:21.827 E/RHWC2   (  376): fox1 [rtk_gdma_post 1565 ]
05-27 22:06:21.864 E/RHWC2   (  376): fox1 func=hwc2_func_validate_display line=1291 
05-27 22:06:21.864 E/RHWC2   (  376): fox1 func=hwc2_func_validate_display line=1411 
05-27 22:06:21.865 E/RHWC2   (  376): fox1 [rtk_gdma_post 1507 ]
05-27 22:06:21.865 E/RHWC2   (  376): fox1 [rtk_gdma_post 1530 ]name_of_layer = com.redflix.tvmoderno/com.redx.tvbox.ExoPlayerActivity#0 num_of_layers=1
05-27 22:06:21.865 E/RHWC2   (  376): fox 1 [rtk_gdma_post 1531] HAS_FLAG=0
05-27 22:06:21.866 E/RHWC2   (  376): fox1 [rtk_gdma_post 1565 ]
05-27 22:06:21.915 E/RHWC2   (  376): fox1 func=hwc2_func_validate_display line=1291 
05-27 22:06:21.915 E/RHWC2   (  376): fox1 func=hwc2_func_validate_display line=1411 
05-27 22:06:21.917 E/RHWC2   (  376): fox1 [rtk_gdma_post 1507 ]
05-27 22:06:21.917 E/RHWC2   (  376): fox1 [rtk_gdma_post 1530 ]name_of_layer = com.redflix.tvmoderno/com.redx.tvbox.ExoPlayerActivity#0 num_of_layers=1
05-27 22:06:21.917 E/RHWC2   (  376): fox 1 [rtk_gdma_post 1531] HAS_FLAG=0
05-27 22:06:21.917 E/RHWC2   (  376): fox1 [rtk_gdma_post 1565 ]
05-27 22:06:21.955 E/RHWC2   (  376): fox1 func=hwc2_func_validate_display line=1291 
05-27 22:06:21.955 E/RHWC2   (  376): fox1 func=hwc2_func_validate_display line=1411 
05-27 22:06:21.956 E/RHWC2   (  376): fox1 [rtk_gdma_post 1507 ]
05-27 22:06:21.956 E/RHWC2   (  376): fox1 [rtk_gdma_post 1530 ]name_of_layer = com.redflix.tvmoderno/com.redx.tvbox.ExoPlayerActivity#0 num_of_layers=1
05-27 22:06:21.956 E/RHWC2   (  376): fox 1 [rtk_gdma_post 1531] HAS_FLAG=0
05-27 22:06:21.956 E/RHWC2   (  376): fox1 [rtk_gdma_post 1565 ]
05-27 22:06:22.005 E/RHWC2   (  376): fox1 func=hwc2_func_validate_display line=1291 
05-27 22:06:22.005 E/RHWC2   (  376): fox1 func=hwc2_func_validate_display line=1411 
05-27 22:06:22.007 E/RHWC2   (  376): fox1 [rtk_gdma_post 1507 ]
05-27 22:06:22.007 E/RHWC2   (  376): fox1 [rtk_gdma_post 1530 ]name_of_layer = com.redflix.tvmoderno/com.redx.tvbox.ExoPlayerActivity#0 num_of_layers=1
05-27 22:06:22.007 E/RHWC2   (  376): fox 1 [rtk_gdma_post 1531] HAS_FLAG=0
05-27 22:06:22.007 E/RHWC2   (  376): fox1 [rtk_gdma_post 1565 ]
05-27 22:06:22.045 E/RHWC2   (  376): fox1 func=hwc2_func_validate_display line=1291 
05-27 22:06:22.045 E/RHWC2   (  376): fox1 func=hwc2_func_validate_display line=1411 
05-27 22:06:22.047 E/RHWC2   (  376): fox1 [rtk_gdma_post 1507 ]
05-27 22:06:22.047 E/RHWC2   (  376): fox1 [rtk_gdma_post 1530 ]name_of_layer = com.redflix.tvmoderno/com.redx.tvbox.ExoPlayerActivity#0 num_of_layers=1
05-27 22:06:22.047 E/RHWC2   (  376): fox 1 [rtk_gdma_post 1531] HAS_FLAG=0
05-27 22:06:22.047 E/RHWC2   (  376): fox1 [rtk_gdma_post 1565 ]
05-27 22:06:22.080 D/TCastPublishOverUdp( 2208): ed8fb9a@sendOnline
05-27 22:06:22.095 E/RHWC2   (  376): fox1 func=hwc2_func_validate_display line=1291 
05-27 22:06:22.096 E/RHWC2   (  376): fox1 func=hwc2_func_validate_display line=1411 
05-27 22:06:22.097 E/RHWC2   (  376): fox1 [rtk_gdma_post 1507 ]
05-27 22:06:22.097 E/RHWC2   (  376): fox1 [rtk_gdma_post 1530 ]name_of_layer = com.redflix.tvmoderno/com.redx.tvbox.ExoPlayerActivity#0 num_of_layers=1
05-27 22:06:22.097 E/RHWC2   (  376): fox 1 [rtk_gdma_post 1531] HAS_FLAG=0
05-27 22:06:22.097 E/RHWC2   (  376): fox1 [rtk_gdma_post 1565 ]
05-27 22:06:22.135 E/RHWC2   (  376): fox1 func=hwc2_func_validate_display line=1291 
05-27 22:06:22.135 E/RHWC2   (  376): fox1 func=hwc2_func_validate_display line=1411 
05-27 22:06:22.137 E/RHWC2   (  376): fox1 [rtk_gdma_post 1507 ]
05-27 22:06:22.137 E/RHWC2   (  376): fox1 [rtk_gdma_post 1530 ]name_of_layer = com.redflix.tvmoderno/com.redx.tvbox.ExoPlayerActivity#0 num_of_layers=1
05-27 22:06:22.137 E/RHWC2   (  376): fox 1 [rtk_gdma_post 1531] HAS_FLAG=0
05-27 22:06:22.137 E/RHWC2   (  376): fox1 [rtk_gdma_post 1565 ]
05-27 22:06:22.185 E/RHWC2   (  376): fox1 func=hwc2_func_validate_display line=1291 
05-27 22:06:22.186 E/RHWC2   (  376): fox1 func=hwc2_func_validate_display line=1411 
05-27 22:06:22.187 E/RHWC2   (  376): fox1 [rtk_gdma_post 1507 ]
05-27 22:06:22.187 E/RHWC2   (  376): fox1 [rtk_gdma_post 1530 ]name_of_layer = com.redflix.tvmoderno/com.redx.tvbox.ExoPlayerActivity#0 num_of_layers=1
05-27 22:06:22.187 E/RHWC2   (  376): fox 1 [rtk_gdma_post 1531] HAS_FLAG=0
05-27 22:06:22.187 E/RHWC2   (  376): fox1 [rtk_gdma_post 1565 ]
05-27 22:06:22.225 E/RHWC2   (  376): fox1 func=hwc2_func_validate_display line=1291 
05-27 22:06:22.226 E/RHWC2   (  376): fox1 func=hwc2_func_validate_display line=1411 
05-27 22:06:22.227 E/RHWC2   (  376): fox1 [rtk_gdma_post 1507 ]
05-27 22:06:22.227 E/RHWC2   (  376): fox1 [rtk_gdma_post 1530 ]name_of_layer = com.redflix.tvmoderno/com.redx.tvbox.ExoPlayerActivity#0 num_of_layers=1
05-27 22:06:22.227 E/RHWC2   (  376): fox 1 [rtk_gdma_post 1531] HAS_FLAG=0
05-27 22:06:22.227 E/RHWC2   (  376): fox1 [rtk_gdma_post 1565 ]
05-27 22:06:22.276 E/RHWC2   (  376): fox1 func=hwc2_func_validate_display line=1291 
05-27 22:06:22.276 E/RHWC2   (  376): fox1 func=hwc2_func_validate_display line=1411 
05-27 22:06:22.278 E/RHWC2   (  376): fox1 [rtk_gdma_post 1507 ]
05-27 22:06:22.278 E/RHWC2   (  376): fox1 [rtk_gdma_post 1530 ]name_of_layer = com.redflix.tvmoderno/com.redx.tvbox.ExoPlayerActivity#0 num_of_layers=1
05-27 22:06:22.278 E/RHWC2   (  376): fox 1 [rtk_gdma_post 1531] HAS_FLAG=0
05-27 22:06:22.278 E/RHWC2   (  376): fox1 [rtk_gdma_post 1565 ]
05-27 22:06:22.292 E/WifiVendorHal(  806): getWifiLinkLayerStats_1_3_Internal(l.978) failed {.code = ERROR_NOT_SUPPORTED, .description = }
05-27 22:06:22.298 D/WifiClientModeImpl(  806): fetchRssiLinkSpeedAndFrequencyNative rssi=-74 TxLinkspeed=117 freq=2417 RxLinkSpeed=0
05-27 22:06:22.298 V/WifiConfigManager(  806): Updating scan detail cache freq=2417 BSSID=f8:2d:c0:24:9e:d2 RSSI=-73 for "BOLSONARO2018"WPA_PSK
05-27 22:06:22.299 D/WifiThroughputPredictor(  806):  utilization (BssLoad) -1 utilization (LLStats) 80 isBluetoothConnected: false final utilization: 80
05-27 22:06:22.299 D/WifiThroughputPredictor(  806):  utilization (BssLoad) -1 utilization (LLStats) 80 isBluetoothConnected: false final utilization: 80
05-27 22:06:22.299 D/WifiScoreCard(  806): BSSID update SIGNAL_POLL ID: 398514962 SSID: BOLSONARO2018, BSSID: f8:2d:c0:24:9e:d2, MAC: 64:57:25:8c:68:c1, Supplicant state: COMPLETED, Wi-Fi standard: 0, RSSI: -74, Link speed: 117Mbps, Tx Link speed: 117Mbps, Max Supported Tx Link speed: -1Mbps, Rx Link speed: -1Mbps, Max Supported Rx Link speed: -1Mbps, Frequency: 2417MHz, Net ID: 0, Metered hint: false, score: 59
05-27 22:06:22.300 D/WifiScoreCard(  806): txRate: 108 txSpeed: 117
05-27 22:06:22.300 D/WifiScoreCard(  806): network update SIGNAL_POLL "BOLSONARO2018" ID: 976476524 RSSI -74 txSpeed 117
05-27 22:06:22.300 D/WifiScoreCard(  806): SSID: "BOLSONARO2018"
05-27 22:06:22.300 D/WifiScoreCard(  806):  LastRssiPollTime: 12362364 LastRssiPoll: -74 LastTxSpeedPoll: 117
05-27 22:06:22.300 D/WifiScoreCard(  806):  StatsRecent:  ConnectAttempt: 4 ConnectFailure: 0 ConnectDurSec: 6372708 AssocRej: 0 AssocTimeout: 0 AuthFailure: 0 ShortDiscNonlocal: 6 DisconnectNonlocal: 7 Disconnect: 13 ConsecutiveConnectFailure: 0
05-27 22:06:22.300 D/WifiScoreCard(  806):  StatsCurr:  ConnectAttempt: 54 ConnectFailure: 0 ConnectDurSec: 759544 AssocRej: 0 AssocTimeout: 0 AuthFailure: 0 ShortDiscNonlocal: 39 DisconnectNonlocal: 53 Disconnect: 73 ConsecutiveConnectFailure: 0
05-27 22:06:22.300 D/WifiScoreCard(  806):  StatsPrev:  ConnectAttempt: 15 ConnectFailure: 0 ConnectDurSec: 211923 AssocRej: 0 AssocTimeout: 0 AuthFailure: 0 ShortDiscNonlocal: 10 DisconnectNonlocal: 19 Disconnect: 32 ConsecutiveConnectFailure: 0
05-27 22:06:22.301 D/ConnectivityListener( 1306): updateWifiConnectivityStatus
05-27 22:06:22.302 D/WifiClientModeImpl(  806):  L2ConnectedState screen=on 1 0 "BOLSONARO2018" f8:2d:c0:24:9e:d2 rssi=-74 f=2417 sc=59 link=117 tx=107,8, 0,0, 0,0  rx=91,0 bcn=0 [on:0 tx:0 rx:0 period:3001] from screen [on:0 period:1813921757] score=59
05-27 22:06:22.302 I/WifiService(  806): getConnectionInfo uid=1000
05-27 22:06:22.302 D/ConnectivityListener( 1306): updateWifiConnectivityStatus: AP state = COMPLETED
05-27 22:06:22.303 D/ConnectivityListener( 1306): updateWifiConnectivityStatus: AP is connected
05-27 22:06:22.303 D/ConnectivityListener( 1306): setWifiStatus connected = true
05-27 22:06:22.303 D/ConnectivityListener( 1306): updateWifiConnectivityStatus: ssid = "BOLSONARO2018"
05-27 22:06:22.303 D/ConnectivityListener( 1306): isWireConnected: 
05-27 22:06:22.303 D/ConnectivityListener( 1306): isWireConnected = false
05-27 22:06:22.303 D/ConnectivityListener( 1306): setEthernetStatus = false
05-27 22:06:22.303 D/MainFragment( 1306): updateConnectivity() start
05-27 22:06:22.303 D/MainFragment( 1306): connectedState = true
05-27 22:06:22.304 D/MainFragment( 1306): TextUtils.isEmpty(connectedState) = false
05-27 22:06:22.304 I/WifiService(  806): getWifiEnabledState uid=1000
05-27 22:06:22.304 D/ConnectivityListener( 1306): isWifiEnabledOrEnabling: wifiManager.getWifiState = 3
05-27 22:06:22.304 I/WifiService(  806): getWifiEnabledState uid=1000
05-27 22:06:22.304 D/ConnectivityListener( 1306): isWifiConnected: isWifiConnected = true
05-27 22:06:22.304 I/WifiService(  806): getConnectionInfo uid=1000
05-27 22:06:22.305 I/WifiService(  806): getConnectionInfo uid=1000
05-27 22:06:22.306 D/MainFragment( 1306): updateConnectivity() end
05-27 22:06:22.316 E/RHWC2   (  376): fox1 func=hwc2_func_validate_display line=1291 
05-27 22:06:22.316 E/RHWC2   (  376): fox1 func=hwc2_func_validate_display line=1411 
05-27 22:06:22.317 E/RHWC2   (  376): fox1 [rtk_gdma_post 1507 ]
05-27 22:06:22.317 E/RHWC2   (  376): fox1 [rtk_gdma_post 1530 ]name_of_layer = com.redflix.tvmoderno/com.redx.tvbox.ExoPlayerActivity#0 num_of_layers=1
05-27 22:06:22.317 E/RHWC2   (  376): fox 1 [rtk_gdma_post 1531] HAS_FLAG=0
05-27 22:06:22.317 E/RHWC2   (  376): fox1 [rtk_gdma_post 1565 ]
05-27 22:06:22.367 E/RHWC2   (  376): fox1 func=hwc2_func_validate_display line=1291 
05-27 22:06:22.367 E/RHWC2   (  376): fox1 func=hwc2_func_validate_display line=1411 
05-27 22:06:22.369 E/RHWC2   (  376): fox1 [rtk_gdma_post 1507 ]
