05-27 22:06:22.369 E/RHWC2   (  376): fox1 [rtk_gdma_post 1530 ]name_of_layer = com.redflix.tvmoderno/com.redx.tvbox.ExoPlayerActivity#0 num_of_layers=1
05-27 22:06:22.369 E/RHWC2   (  376): fox 1 [rtk_gdma_post 1531] HAS_FLAG=0
05-27 22:06:22.369 E/RHWC2   (  376): fox1 [rtk_gdma_post 1565 ]
05-27 22:06:22.407 E/RHWC2   (  376): fox1 func=hwc2_func_validate_display line=1291 
05-27 22:06:22.407 E/RHWC2   (  376): fox1 func=hwc2_func_validate_display line=1411 
05-27 22:06:22.409 E/RHWC2   (  376): fox1 [rtk_gdma_post 1507 ]
05-27 22:06:22.409 E/RHWC2   (  376): fox1 [rtk_gdma_post 1530 ]name_of_layer = com.redflix.tvmoderno/com.redx.tvbox.ExoPlayerActivity#0 num_of_layers=1
05-27 22:06:22.409 E/RHWC2   (  376): fox 1 [rtk_gdma_post 1531] HAS_FLAG=0
05-27 22:06:22.409 E/RHWC2   (  376): fox1 [rtk_gdma_post 1565 ]
05-27 22:06:22.458 E/RHWC2   (  376): fox1 func=hwc2_func_validate_display line=1291 
05-27 22:06:22.458 E/RHWC2   (  376): fox1 func=hwc2_func_validate_display line=1411 
05-27 22:06:22.460 E/RHWC2   (  376): fox1 [rtk_gdma_post 1507 ]
05-27 22:06:22.460 E/RHWC2   (  376): fox1 [rtk_gdma_post 1530 ]name_of_layer = com.redflix.tvmoderno/com.redx.tvbox.ExoPlayerActivity#0 num_of_layers=1
05-27 22:06:22.460 E/RHWC2   (  376): fox 1 [rtk_gdma_post 1531] HAS_FLAG=0
05-27 22:06:22.460 E/RHWC2   (  376): fox1 [rtk_gdma_post 1565 ]
05-27 22:06:22.496 E/RHWC2   (  376): fox1 func=hwc2_func_validate_display line=1291 
05-27 22:06:22.496 E/RHWC2   (  376): fox1 func=hwc2_func_validate_display line=1411 
05-27 22:06:22.498 E/RHWC2   (  376): fox1 [rtk_gdma_post 1507 ]
05-27 22:06:22.498 E/RHWC2   (  376): fox1 [rtk_gdma_post 1530 ]name_of_layer = com.redflix.tvmoderno/com.redx.tvbox.ExoPlayerActivity#0 num_of_layers=1
05-27 22:06:22.498 E/RHWC2   (  376): fox 1 [rtk_gdma_post 1531] HAS_FLAG=0
05-27 22:06:22.498 E/RHWC2   (  376): fox1 [rtk_gdma_post 1565 ]
05-27 22:06:22.548 E/RHWC2   (  376): fox1 func=hwc2_func_validate_display line=1291 
05-27 22:06:22.548 E/RHWC2   (  376): fox1 func=hwc2_func_validate_display line=1411 
05-27 22:06:22.550 E/RHWC2   (  376): fox1 [rtk_gdma_post 1507 ]
05-27 22:06:22.550 E/RHWC2   (  376): fox1 [rtk_gdma_post 1530 ]name_of_layer = com.redflix.tvmoderno/com.redx.tvbox.ExoPlayerActivity#0 num_of_layers=1
05-27 22:06:22.550 E/RHWC2   (  376): fox 1 [rtk_gdma_post 1531] HAS_FLAG=0
05-27 22:06:22.550 E/RHWC2   (  376): fox1 [rtk_gdma_post 1565 ]
05-27 22:06:22.587 E/RHWC2   (  376): fox1 func=hwc2_func_validate_display line=1291 
05-27 22:06:22.587 E/RHWC2   (  376): fox1 func=hwc2_func_validate_display line=1411 
05-27 22:06:22.589 E/RHWC2   (  376): fox1 [rtk_gdma_post 1507 ]
05-27 22:06:22.589 E/RHWC2   (  376): fox1 [rtk_gdma_post 1530 ]name_of_layer = com.redflix.tvmoderno/com.redx.tvbox.ExoPlayerActivity#0 num_of_layers=1
05-27 22:06:22.589 E/RHWC2   (  376): fox 1 [rtk_gdma_post 1531] HAS_FLAG=0
05-27 22:06:22.589 E/RHWC2   (  376): fox1 [rtk_gdma_post 1565 ]
05-27 22:06:22.595 I/HdmieArc(  394): earc status newStatus 0, oldStatus=EN_TOS_CEC_EARC_STATUS_HANDSHAKE
05-27 22:06:22.595 I/HdmieArc(  394): rhal earc status: 0, error code: 0 
05-27 22:06:22.639 E/RHWC2   (  376): fox1 func=hwc2_func_validate_display line=1291 
05-27 22:06:22.639 E/RHWC2   (  376): fox1 func=hwc2_func_validate_display line=1411 
05-27 22:06:22.641 E/RHWC2   (  376): fox1 [rtk_gdma_post 1507 ]
05-27 22:06:22.641 E/RHWC2   (  376): fox1 [rtk_gdma_post 1530 ]name_of_layer = com.redflix.tvmoderno/com.redx.tvbox.ExoPlayerActivity#0 num_of_layers=1
05-27 22:06:22.641 E/RHWC2   (  376): fox 1 [rtk_gdma_post 1531] HAS_FLAG=0
05-27 22:06:22.641 E/RHWC2   (  376): fox1 [rtk_gdma_post 1565 ]
05-27 22:06:22.678 E/RHWC2   (  376): fox1 func=hwc2_func_validate_display line=1291 
05-27 22:06:22.678 E/RHWC2   (  376): fox1 func=hwc2_func_validate_display line=1411 
05-27 22:06:22.680 E/RHWC2   (  376): fox1 [rtk_gdma_post 1507 ]
05-27 22:06:22.680 E/RHWC2   (  376): fox1 [rtk_gdma_post 1530 ]name_of_layer = com.redflix.tvmoderno/com.redx.tvbox.ExoPlayerActivity#0 num_of_layers=1
05-27 22:06:22.680 E/RHWC2   (  376): fox 1 [rtk_gdma_post 1531] HAS_FLAG=0
05-27 22:06:22.680 E/RHWC2   (  376): fox1 [rtk_gdma_post 1565 ]
05-27 22:06:22.729 E/RHWC2   (  376): fox1 func=hwc2_func_validate_display line=1291 
05-27 22:06:22.730 E/RHWC2   (  376): fox1 func=hwc2_func_validate_display line=1411 
05-27 22:06:22.731 E/RHWC2   (  376): fox1 [rtk_gdma_post 1507 ]
05-27 22:06:22.731 E/RHWC2   (  376): fox1 [rtk_gdma_post 1530 ]name_of_layer = com.redflix.tvmoderno/com.redx.tvbox.ExoPlayerActivity#0 num_of_layers=1
05-27 22:06:22.731 E/RHWC2   (  376): fox 1 [rtk_gdma_post 1531] HAS_FLAG=0
05-27 22:06:22.731 E/RHWC2   (  376): fox1 [rtk_gdma_post 1565 ]
05-27 22:06:22.769 E/RHWC2   (  376): fox1 func=hwc2_func_validate_display line=1291 
05-27 22:06:22.769 E/RHWC2   (  376): fox1 func=hwc2_func_validate_display line=1411 
05-27 22:06:22.770 E/RHWC2   (  376): fox1 [rtk_gdma_post 1507 ]
05-27 22:06:22.770 E/RHWC2   (  376): fox1 [rtk_gdma_post 1530 ]name_of_layer = com.redflix.tvmoderno/com.redx.tvbox.ExoPlayerActivity#0 num_of_layers=1
05-27 22:06:22.770 E/RHWC2   (  376): fox 1 [rtk_gdma_post 1531] HAS_FLAG=0
05-27 22:06:22.770 E/RHWC2   (  376): fox1 [rtk_gdma_post 1565 ]
05-27 22:06:22.820 E/RHWC2   (  376): fox1 func=hwc2_func_validate_display line=1291 
05-27 22:06:22.820 E/RHWC2   (  376): fox1 func=hwc2_func_validate_display line=1411 
05-27 22:06:22.822 E/RHWC2   (  376): fox1 [rtk_gdma_post 1507 ]
05-27 22:06:22.822 E/RHWC2   (  376): fox1 [rtk_gdma_post 1530 ]name_of_layer = com.redflix.tvmoderno/com.redx.tvbox.ExoPlayerActivity#0 num_of_layers=1
05-27 22:06:22.822 E/RHWC2   (  376): fox 1 [rtk_gdma_post 1531] HAS_FLAG=0
05-27 22:06:22.822 E/RHWC2   (  376): fox1 [rtk_gdma_post 1565 ]
05-27 22:06:22.844 D/wpa_supplicant( 1207): nl80211: Drv Event 56 (NL80211_CMD_CANCEL_REMAIN_ON_CHANNEL) received for p2p0
05-27 22:06:22.844 D/wpa_supplicant( 1207): nl80211: Remain-on-channel event (cancel=1 freq=2417 channel_type=0 duration=0 cookie=0x994 (match))
05-27 22:06:22.844 D/wpa_supplicant( 1207): p2p0: Event CANCEL_REMAIN_ON_CHANNEL (20) received
05-27 22:06:22.844 D/wpa_supplicant( 1207): P2P: Cancel remain-on-channel callback (p2p_long_listen=1904542704 ms pending_action_tx=0x0)
05-27 22:06:22.844 D/wpa_supplicant( 1207): p2p0: Radio work 'p2p-listen'@0xb4f80f50 done in 5.023581 seconds
05-27 22:06:22.844 D/wpa_supplicant( 1207): p2p0: radio_work_free('p2p-listen'@0xb4f80f50): num_active_works --> 0
05-27 22:06:22.844 D/wpa_supplicant( 1207): P2P: Driver ended Listen state (freq=2417)
05-27 22:06:22.844 D/wpa_supplicant( 1207): P2P: Continuing long Listen state
05-27 22:06:22.844 D/wpa_supplicant( 1207): P2P: Going to listen(only) state
05-27 22:06:22.844 D/wpa_supplicant( 1207): STA wpa_state=9 freq=2417
05-27 22:06:22.844 D/wpa_supplicant( 1207): P2P: cfg reg_class(81) channel(2)
05-27 22:06:22.844 D/wpa_supplicant( 1207): P2P: cfg reg_class(81) channel(2)
05-27 22:06:22.844 D/wpa_supplicant( 1207): P2P: Set Listen channel: reg_class 81 channel 2
05-27 22:06:22.844 D/wpa_supplicant( 1207): P2P: Defer setting listen channel
05-27 22:06:22.844 D/wpa_supplicant( 1207): P2P: p2p listen class(81)/channel(2)
05-27 22:06:22.844 D/wpa_supplicant( 1207): WPS:  * Version (hardcoded 0x10)
05-27 22:06:22.844 D/wpa_supplicant( 1207): WPS:  * UUID-E
05-27 22:06:22.844 D/wpa_supplicant( 1207): WPS:  * Version2 (0x20)
05-27 22:06:22.844 D/wpa_supplicant( 1207): P2P: * P2P IE header
05-27 22:06:22.844 D/wpa_supplicant( 1207): P2P: * Capability dev=25 group=00
05-27 22:06:22.844 D/wpa_supplicant( 1207): P2P: * Listen Channel: Regulatory Class 81 Channel 2
05-27 22:06:22.844 D/wpa_supplicant( 1207): P2P: * Device Info
05-27 22:06:22.844 D/wpa_supplicant( 1207): p2p0: Add radio work 'p2p-listen'@0xb4f80f50
05-27 22:06:22.844 D/wpa_supplicant( 1207): p2p0: First radio work item in the queue - schedule start immediately
05-27 22:06:22.844 D/wpa_supplicant( 1207): P2P: State LISTEN_ONLY -> LISTEN_ONLY
05-27 22:06:22.844 D/wpa_supplicant( 1207): p2p0: Starting radio work 'p2p-listen'@0xb4f80f50 after 0.000068 second wait
05-27 22:06:22.844 D/wpa_supplicant( 1207): nl80211: Probe Request reporting already on! nl_preq=0x3c74b859
05-27 22:06:22.844 D/wpa_supplicant( 1207): nl80211: Remain-on-channel cookie 0x995 for freq=2417 MHz duration=5000
05-27 22:06:22.858 E/RHWC2   (  376): fox1 func=hwc2_func_validate_display line=1291 
05-27 22:06:22.858 E/RHWC2   (  376): fox1 func=hwc2_func_validate_display line=1411 
05-27 22:06:22.860 E/RHWC2   (  376): fox1 [rtk_gdma_post 1507 ]
05-27 22:06:22.860 E/RHWC2   (  376): fox1 [rtk_gdma_post 1530 ]name_of_layer = com.redflix.tvmoderno/com.redx.tvbox.ExoPlayerActivity#0 num_of_layers=1
05-27 22:06:22.860 E/RHWC2   (  376): fox 1 [rtk_gdma_post 1531] HAS_FLAG=0
05-27 22:06:22.860 E/RHWC2   (  376): fox1 [rtk_gdma_post 1565 ]
05-27 22:06:22.862 D/wpa_supplicant( 1207): P2P: Timeout (state=LISTEN_ONLY)
05-27 22:06:22.866 D/wpa_supplicant( 1207): nl80211: Drv Event 55 (NL80211_CMD_REMAIN_ON_CHANNEL) received for p2p0
05-27 22:06:22.866 D/wpa_supplicant( 1207): nl80211: Remain-on-channel event (cancel=0 freq=2417 channel_type=0 duration=5000 cookie=0x995 (match))
05-27 22:06:22.866 D/wpa_supplicant( 1207): p2p0: Event REMAIN_ON_CHANNEL (19) received
05-27 22:06:22.866 D/wpa_supplicant( 1207): Off-channel: Send Action callback (without_roc=0 pending_action_tx=0x0 pending_action_tx_done=0)
05-27 22:06:22.866 D/wpa_supplicant( 1207): P2P: remain-on-channel callback (off_channel_freq=2417 pending_listen_freq=2417 roc_waiting_drv_freq=0 freq=2417 duration=5000)
05-27 22:06:22.866 D/wpa_supplicant( 1207): STA wpa_state=9 freq=2417
05-27 22:06:22.866 D/wpa_supplicant( 1207): P2P: Starting Listen timeout(5,0) on freq=2417 based on callback
05-27 22:06:22.866 D/wpa_supplicant( 1207): P2P: Set timeout (state=LISTEN_ONLY): 5.020000 sec
05-27 22:06:22.910 E/RHWC2   (  376): fox1 func=hwc2_func_validate_display line=1291 
05-27 22:06:22.910 E/RHWC2   (  376): fox1 func=hwc2_func_validate_display line=1411 
05-27 22:06:22.912 E/RHWC2   (  376): fox1 [rtk_gdma_post 1507 ]
05-27 22:06:22.912 E/RHWC2   (  376): fox1 [rtk_gdma_post 1530 ]name_of_layer = com.redflix.tvmoderno/com.redx.tvbox.ExoPlayerActivity#0 num_of_layers=1
05-27 22:06:22.912 E/RHWC2   (  376): fox 1 [rtk_gdma_post 1531] HAS_FLAG=0
05-27 22:06:22.912 E/RHWC2   (  376): fox1 [rtk_gdma_post 1565 ]
05-27 22:06:22.948 E/RHWC2   (  376): fox1 func=hwc2_func_validate_display line=1291 
05-27 22:06:22.948 E/RHWC2   (  376): fox1 func=hwc2_func_validate_display line=1411 
05-27 22:06:22.950 E/RHWC2   (  376): fox1 [rtk_gdma_post 1507 ]
05-27 22:06:22.950 E/RHWC2   (  376): fox1 [rtk_gdma_post 1530 ]name_of_layer = com.redflix.tvmoderno/com.redx.tvbox.ExoPlayerActivity#0 num_of_layers=1
05-27 22:06:22.950 E/RHWC2   (  376): fox 1 [rtk_gdma_post 1531] HAS_FLAG=0
05-27 22:06:22.950 E/RHWC2   (  376): fox1 [rtk_gdma_post 1565 ]
05-27 22:06:22.994 D/wpa_supplicant( 1207): wlan_traffic_statistics rx_byte = 959492736 rx rate = 49 Kb/s
05-27 22:06:22.994 D/wpa_supplicant( 1207): wlan_traffic_statistics tx_byte = 157255080 tx rate = 156 Kb/s
05-27 22:06:23.001 E/RHWC2   (  376): fox1 func=hwc2_func_validate_display line=1291 
05-27 22:06:23.002 E/RHWC2   (  376): fox1 func=hwc2_func_validate_display line=1411 
05-27 22:06:23.003 E/RHWC2   (  376): fox1 [rtk_gdma_post 1507 ]
05-27 22:06:23.003 E/RHWC2   (  376): fox1 [rtk_gdma_post 1530 ]name_of_layer = com.redflix.tvmoderno/com.redx.tvbox.ExoPlayerActivity#0 num_of_layers=1
05-27 22:06:23.003 E/RHWC2   (  376): fox 1 [rtk_gdma_post 1531] HAS_FLAG=0
05-27 22:06:23.003 E/RHWC2   (  376): fox1 [rtk_gdma_post 1565 ]
05-27 22:06:23.039 E/RHWC2   (  376): fox1 func=hwc2_func_validate_display line=1291 
05-27 22:06:23.039 E/RHWC2   (  376): fox1 func=hwc2_func_validate_display line=1411 
05-27 22:06:23.041 E/RHWC2   (  376): fox1 [rtk_gdma_post 1507 ]
05-27 22:06:23.041 E/RHWC2   (  376): fox1 [rtk_gdma_post 1530 ]name_of_layer = com.redflix.tvmoderno/com.redx.tvbox.ExoPlayerActivity#0 num_of_layers=1
05-27 22:06:23.041 E/RHWC2   (  376): fox 1 [rtk_gdma_post 1531] HAS_FLAG=0
05-27 22:06:23.041 E/RHWC2   (  376): fox1 [rtk_gdma_post 1565 ]
05-27 22:06:23.092 E/RHWC2   (  376): fox1 func=hwc2_func_validate_display line=1291 
05-27 22:06:23.092 E/RHWC2   (  376): fox1 func=hwc2_func_validate_display line=1411 
05-27 22:06:23.093 E/RHWC2   (  376): fox1 [rtk_gdma_post 1507 ]
05-27 22:06:23.093 E/RHWC2   (  376): fox1 [rtk_gdma_post 1530 ]name_of_layer = com.redflix.tvmoderno/com.redx.tvbox.ExoPlayerActivity#0 num_of_layers=1
05-27 22:06:23.093 E/RHWC2   (  376): fox 1 [rtk_gdma_post 1531] HAS_FLAG=0
05-27 22:06:23.093 E/RHWC2   (  376): fox1 [rtk_gdma_post 1565 ]
05-27 22:06:23.130 E/RHWC2   (  376): fox1 func=hwc2_func_validate_display line=1291 
05-27 22:06:23.130 E/RHWC2   (  376): fox1 func=hwc2_func_validate_display line=1411 
05-27 22:06:23.132 E/RHWC2   (  376): fox1 [rtk_gdma_post 1507 ]
05-27 22:06:23.132 E/RHWC2   (  376): fox1 [rtk_gdma_post 1530 ]name_of_layer = com.redflix.tvmoderno/com.redx.tvbox.ExoPlayerActivity#0 num_of_layers=1
05-27 22:06:23.132 E/RHWC2   (  376): fox 1 [rtk_gdma_post 1531] HAS_FLAG=0
05-27 22:06:23.132 E/RHWC2   (  376): fox1 [rtk_gdma_post 1565 ]
05-27 22:06:23.182 E/RHWC2   (  376): fox1 func=hwc2_func_validate_display line=1291 
05-27 22:06:23.182 E/RHWC2   (  376): fox1 func=hwc2_func_validate_display line=1411 
05-27 22:06:23.184 E/RHWC2   (  376): fox1 [rtk_gdma_post 1507 ]
05-27 22:06:23.184 E/RHWC2   (  376): fox1 [rtk_gdma_post 1530 ]name_of_layer = com.redflix.tvmoderno/com.redx.tvbox.ExoPlayerActivity#0 num_of_layers=1
05-27 22:06:23.184 E/RHWC2   (  376): fox 1 [rtk_gdma_post 1531] HAS_FLAG=0
05-27 22:06:23.184 E/RHWC2   (  376): fox1 [rtk_gdma_post 1565 ]
05-27 22:06:23.220 E/RHWC2   (  376): fox1 func=hwc2_func_validate_display line=1291 
05-27 22:06:23.220 E/RHWC2   (  376): fox1 func=hwc2_func_validate_display line=1411 
05-27 22:06:23.221 E/RHWC2   (  376): fox1 [rtk_gdma_post 1507 ]
05-27 22:06:23.221 E/RHWC2   (  376): fox1 [rtk_gdma_post 1530 ]name_of_layer = com.redflix.tvmoderno/com.redx.tvbox.ExoPlayerActivity#0 num_of_layers=1
05-27 22:06:23.221 E/RHWC2   (  376): fox 1 [rtk_gdma_post 1531] HAS_FLAG=0
05-27 22:06:23.221 E/RHWC2   (  376): fox1 [rtk_gdma_post 1565 ]
05-27 22:06:23.271 E/RHWC2   (  376): fox1 func=hwc2_func_validate_display line=1291 
05-27 22:06:23.271 E/RHWC2   (  376): fox1 func=hwc2_func_validate_display line=1411 
05-27 22:06:23.274 E/RHWC2   (  376): fox1 [rtk_gdma_post 1507 ]
05-27 22:06:23.274 E/RHWC2   (  376): fox1 [rtk_gdma_post 1530 ]name_of_layer = com.redflix.tvmoderno/com.redx.tvbox.ExoPlayerActivity#0 num_of_layers=1
05-27 22:06:23.274 E/RHWC2   (  376): fox 1 [rtk_gdma_post 1531] HAS_FLAG=0
05-27 22:06:23.274 E/RHWC2   (  376): fox1 [rtk_gdma_post 1565 ]
05-27 22:06:23.309 E/RHWC2   (  376): fox1 func=hwc2_func_validate_display line=1291 
05-27 22:06:23.309 E/RHWC2   (  376): fox1 func=hwc2_func_validate_display line=1411 
05-27 22:06:23.311 E/RHWC2   (  376): fox1 [rtk_gdma_post 1507 ]
05-27 22:06:23.311 E/RHWC2   (  376): fox1 [rtk_gdma_post 1530 ]name_of_layer = com.redflix.tvmoderno/com.redx.tvbox.ExoPlayerActivity#0 num_of_layers=1
05-27 22:06:23.311 E/RHWC2   (  376): fox 1 [rtk_gdma_post 1531] HAS_FLAG=0
05-27 22:06:23.311 E/RHWC2   (  376): fox1 [rtk_gdma_post 1565 ]
05-27 22:06:23.362 E/RHWC2   (  376): fox1 func=hwc2_func_validate_display line=1291 
05-27 22:06:23.362 E/RHWC2   (  376): fox1 func=hwc2_func_validate_display line=1411 
05-27 22:06:23.363 E/RHWC2   (  376): fox1 [rtk_gdma_post 1507 ]
05-27 22:06:23.363 E/RHWC2   (  376): fox1 [rtk_gdma_post 1530 ]name_of_layer = com.redflix.tvmoderno/com.redx.tvbox.ExoPlayerActivity#0 num_of_layers=1
05-27 22:06:23.363 E/RHWC2   (  376): fox 1 [rtk_gdma_post 1531] HAS_FLAG=0
05-27 22:06:23.363 E/RHWC2   (  376): fox1 [rtk_gdma_post 1565 ]
05-27 22:06:23.400 E/RHWC2   (  376): fox1 func=hwc2_func_validate_display line=1291 
05-27 22:06:23.400 E/RHWC2   (  376): fox1 func=hwc2_func_validate_display line=1411 
05-27 22:06:23.401 E/RHWC2   (  376): fox1 [rtk_gdma_post 1507 ]
05-27 22:06:23.401 E/RHWC2   (  376): fox1 [rtk_gdma_post 1530 ]name_of_layer = com.redflix.tvmoderno/com.redx.tvbox.ExoPlayerActivity#0 num_of_layers=1
05-27 22:06:23.401 E/RHWC2   (  376): fox 1 [rtk_gdma_post 1531] HAS_FLAG=0
05-27 22:06:23.401 E/RHWC2   (  376): fox1 [rtk_gdma_post 1565 ]
05-27 22:06:23.454 E/RHWC2   (  376): fox1 func=hwc2_func_validate_display line=1291 
05-27 22:06:23.454 E/RHWC2   (  376): fox1 func=hwc2_func_validate_display line=1411 
05-27 22:06:23.455 E/RHWC2   (  376): fox1 [rtk_gdma_post 1507 ]
05-27 22:06:23.455 E/RHWC2   (  376): fox1 [rtk_gdma_post 1530 ]name_of_layer = com.redflix.tvmoderno/com.redx.tvbox.ExoPlayerActivity#0 num_of_layers=1
05-27 22:06:23.455 E/RHWC2   (  376): fox 1 [rtk_gdma_post 1531] HAS_FLAG=0
05-27 22:06:23.455 E/RHWC2   (  376): fox1 [rtk_gdma_post 1565 ]
05-27 22:06:23.490 E/RHWC2   (  376): fox1 func=hwc2_func_validate_display line=1291 
05-27 22:06:23.490 E/RHWC2   (  376): fox1 func=hwc2_func_validate_display line=1411 
05-27 22:06:23.492 E/RHWC2   (  376): fox1 [rtk_gdma_post 1507 ]
05-27 22:06:23.492 E/RHWC2   (  376): fox1 [rtk_gdma_post 1530 ]name_of_layer = com.redflix.tvmoderno/com.redx.tvbox.ExoPlayerActivity#0 num_of_layers=1
05-27 22:06:23.492 E/RHWC2   (  376): fox 1 [rtk_gdma_post 1531] HAS_FLAG=0
05-27 22:06:23.492 E/RHWC2   (  376): fox1 [rtk_gdma_post 1565 ]
05-27 22:06:23.543 E/RHWC2   (  376): fox1 func=hwc2_func_validate_display line=1291 
05-27 22:06:23.543 E/RHWC2   (  376): fox1 func=hwc2_func_validate_display line=1411 
05-27 22:06:23.545 E/RHWC2   (  376): fox1 [rtk_gdma_post 1507 ]
05-27 22:06:23.545 E/RHWC2   (  376): fox1 [rtk_gdma_post 1530 ]name_of_layer = com.redflix.tvmoderno/com.redx.tvbox.ExoPlayerActivity#0 num_of_layers=1
05-27 22:06:23.545 E/RHWC2   (  376): fox 1 [rtk_gdma_post 1531] HAS_FLAG=0
05-27 22:06:23.545 E/RHWC2   (  376): fox1 [rtk_gdma_post 1565 ]
05-27 22:06:23.580 E/RHWC2   (  376): fox1 func=hwc2_func_validate_display line=1291 
05-27 22:06:23.580 E/RHWC2   (  376): fox1 func=hwc2_func_validate_display line=1411 
05-27 22:06:23.582 E/RHWC2   (  376): fox1 [rtk_gdma_post 1507 ]
05-27 22:06:23.582 E/RHWC2   (  376): fox1 [rtk_gdma_post 1530 ]name_of_layer = com.redflix.tvmoderno/com.redx.tvbox.ExoPlayerActivity#0 num_of_layers=1
05-27 22:06:23.582 E/RHWC2   (  376): fox 1 [rtk_gdma_post 1531] HAS_FLAG=0
05-27 22:06:23.582 E/RHWC2   (  376): fox1 [rtk_gdma_post 1565 ]
05-27 22:06:23.596 I/HdmieArc(  394): earc status newStatus 0, oldStatus=EN_TOS_CEC_EARC_STATUS_HANDSHAKE
05-27 22:06:23.596 I/HdmieArc(  394): rhal earc status: 0, error code: 0 
05-27 22:06:23.633 E/RHWC2   (  376): fox1 func=hwc2_func_validate_display line=1291 
05-27 22:06:23.633 E/RHWC2   (  376): fox1 func=hwc2_func_validate_display line=1411 
05-27 22:06:23.635 E/RHWC2   (  376): fox1 [rtk_gdma_post 1507 ]
05-27 22:06:23.635 E/RHWC2   (  376): fox1 [rtk_gdma_post 1530 ]name_of_layer = com.redflix.tvmoderno/com.redx.tvbox.ExoPlayerActivity#0 num_of_layers=1
05-27 22:06:23.635 E/RHWC2   (  376): fox 1 [rtk_gdma_post 1531] HAS_FLAG=0
05-27 22:06:23.635 E/RHWC2   (  376): fox1 [rtk_gdma_post 1565 ]
05-27 22:06:23.670 E/RHWC2   (  376): fox1 func=hwc2_func_validate_display line=1291 
05-27 22:06:23.670 E/RHWC2   (  376): fox1 func=hwc2_func_validate_display line=1411 
05-27 22:06:23.671 E/RHWC2   (  376): fox1 [rtk_gdma_post 1507 ]
05-27 22:06:23.671 E/RHWC2   (  376): fox1 [rtk_gdma_post 1530 ]name_of_layer = com.redflix.tvmoderno/com.redx.tvbox.ExoPlayerActivity#0 num_of_layers=1
05-27 22:06:23.671 E/RHWC2   (  376): fox 1 [rtk_gdma_post 1531] HAS_FLAG=0
05-27 22:06:23.671 E/RHWC2   (  376): fox1 [rtk_gdma_post 1565 ]
05-27 22:06:23.723 E/RHWC2   (  376): fox1 func=hwc2_func_validate_display line=1291 
05-27 22:06:23.723 E/RHWC2   (  376): fox1 func=hwc2_func_validate_display line=1411 
05-27 22:06:23.725 E/RHWC2   (  376): fox1 [rtk_gdma_post 1507 ]
05-27 22:06:23.725 E/RHWC2   (  376): fox1 [rtk_gdma_post 1530 ]name_of_layer = com.redflix.tvmoderno/com.redx.tvbox.ExoPlayerActivity#0 num_of_layers=1
05-27 22:06:23.725 E/RHWC2   (  376): fox 1 [rtk_gdma_post 1531] HAS_FLAG=0
05-27 22:06:23.725 E/RHWC2   (  376): fox1 [rtk_gdma_post 1565 ]
05-27 22:06:23.760 E/RHWC2   (  376): fox1 func=hwc2_func_validate_display line=1291 
05-27 22:06:23.760 E/RHWC2   (  376): fox1 func=hwc2_func_validate_display line=1411 
05-27 22:06:23.762 E/RHWC2   (  376): fox1 [rtk_gdma_post 1507 ]
05-27 22:06:23.762 E/RHWC2   (  376): fox1 [rtk_gdma_post 1530 ]name_of_layer = com.redflix.tvmoderno/com.redx.tvbox.ExoPlayerActivity#0 num_of_layers=1
05-27 22:06:23.762 E/RHWC2   (  376): fox 1 [rtk_gdma_post 1531] HAS_FLAG=0
05-27 22:06:23.762 E/RHWC2   (  376): fox1 [rtk_gdma_post 1565 ]
05-27 22:06:23.813 E/RHWC2   (  376): fox1 func=hwc2_func_validate_display line=1291 
05-27 22:06:23.813 E/RHWC2   (  376): fox1 func=hwc2_func_validate_display line=1411 
05-27 22:06:23.815 E/RHWC2   (  376): fox1 [rtk_gdma_post 1507 ]
05-27 22:06:23.815 E/RHWC2   (  376): fox1 [rtk_gdma_post 1530 ]name_of_layer = com.redflix.tvmoderno/com.redx.tvbox.ExoPlayerActivity#0 num_of_layers=1
05-27 22:06:23.815 E/RHWC2   (  376): fox 1 [rtk_gdma_post 1531] HAS_FLAG=0
05-27 22:06:23.815 E/RHWC2   (  376): fox1 [rtk_gdma_post 1565 ]
05-27 22:06:23.850 E/RHWC2   (  376): fox1 func=hwc2_func_validate_display line=1291 
05-27 22:06:23.850 E/RHWC2   (  376): fox1 func=hwc2_func_validate_display line=1411 
05-27 22:06:23.852 E/RHWC2   (  376): fox1 [rtk_gdma_post 1507 ]
05-27 22:06:23.852 E/RHWC2   (  376): fox1 [rtk_gdma_post 1530 ]name_of_layer = com.redflix.tvmoderno/com.redx.tvbox.ExoPlayerActivity#0 num_of_layers=1
05-27 22:06:23.852 E/RHWC2   (  376): fox 1 [rtk_gdma_post 1531] HAS_FLAG=0
05-27 22:06:23.852 E/RHWC2   (  376): fox1 [rtk_gdma_post 1565 ]
05-27 22:06:23.903 E/RHWC2   (  376): fox1 func=hwc2_func_validate_display line=1291 
05-27 22:06:23.903 E/RHWC2   (  376): fox1 func=hwc2_func_validate_display line=1411 
05-27 22:06:23.905 E/RHWC2   (  376): fox1 [rtk_gdma_post 1507 ]
05-27 22:06:23.905 E/RHWC2   (  376): fox1 [rtk_gdma_post 1530 ]name_of_layer = com.redflix.tvmoderno/com.redx.tvbox.ExoPlayerActivity#0 num_of_layers=1
05-27 22:06:23.905 E/RHWC2   (  376): fox 1 [rtk_gdma_post 1531] HAS_FLAG=0
05-27 22:06:23.905 E/RHWC2   (  376): fox1 [rtk_gdma_post 1565 ]
05-27 22:06:23.941 E/RHWC2   (  376): fox1 func=hwc2_func_validate_display line=1291 
05-27 22:06:23.941 E/RHWC2   (  376): fox1 func=hwc2_func_validate_display line=1411 
05-27 22:06:23.943 E/RHWC2   (  376): fox1 [rtk_gdma_post 1507 ]
05-27 22:06:23.943 E/RHWC2   (  376): fox1 [rtk_gdma_post 1530 ]name_of_layer = com.redflix.tvmoderno/com.redx.tvbox.ExoPlayerActivity#0 num_of_layers=1
05-27 22:06:23.943 E/RHWC2   (  376): fox 1 [rtk_gdma_post 1531] HAS_FLAG=0
05-27 22:06:23.943 E/RHWC2   (  376): fox1 [rtk_gdma_post 1565 ]
05-27 22:06:23.994 E/RHWC2   (  376): fox1 func=hwc2_func_validate_display line=1291 
05-27 22:06:23.994 E/RHWC2   (  376): fox1 func=hwc2_func_validate_display line=1411 
05-27 22:06:23.996 E/RHWC2   (  376): fox1 [rtk_gdma_post 1507 ]
05-27 22:06:23.996 E/RHWC2   (  376): fox1 [rtk_gdma_post 1530 ]name_of_layer = com.redflix.tvmoderno/com.redx.tvbox.ExoPlayerActivity#0 num_of_layers=1
05-27 22:06:23.996 E/RHWC2   (  376): fox 1 [rtk_gdma_post 1531] HAS_FLAG=0
05-27 22:06:23.996 E/RHWC2   (  376): fox1 [rtk_gdma_post 1565 ]
05-27 22:06:24.031 E/RHWC2   (  376): fox1 func=hwc2_func_validate_display line=1291 
05-27 22:06:24.031 E/RHWC2   (  376): fox1 func=hwc2_func_validate_display line=1411 
05-27 22:06:24.033 E/RHWC2   (  376): fox1 [rtk_gdma_post 1507 ]
05-27 22:06:24.033 E/RHWC2   (  376): fox1 [rtk_gdma_post 1530 ]name_of_layer = com.redflix.tvmoderno/com.redx.tvbox.ExoPlayerActivity#0 num_of_layers=1
05-27 22:06:24.033 E/RHWC2   (  376): fox 1 [rtk_gdma_post 1531] HAS_FLAG=0
05-27 22:06:24.033 E/RHWC2   (  376): fox1 [rtk_gdma_post 1565 ]
05-27 22:06:24.084 E/RHWC2   (  376): fox1 func=hwc2_func_validate_display line=1291 
05-27 22:06:24.084 E/RHWC2   (  376): fox1 func=hwc2_func_validate_display line=1411 
05-27 22:06:24.086 E/RHWC2   (  376): fox1 [rtk_gdma_post 1507 ]
05-27 22:06:24.086 E/RHWC2   (  376): fox1 [rtk_gdma_post 1530 ]name_of_layer = com.redflix.tvmoderno/com.redx.tvbox.ExoPlayerActivity#0 num_of_layers=1
05-27 22:06:24.086 E/RHWC2   (  376): fox 1 [rtk_gdma_post 1531] HAS_FLAG=0
05-27 22:06:24.086 E/RHWC2   (  376): fox1 [rtk_gdma_post 1565 ]
05-27 22:06:24.121 E/RHWC2   (  376): fox1 func=hwc2_func_validate_display line=1291 
05-27 22:06:24.121 E/RHWC2   (  376): fox1 func=hwc2_func_validate_display line=1411 
05-27 22:06:24.123 E/RHWC2   (  376): fox1 [rtk_gdma_post 1507 ]
05-27 22:06:24.123 E/RHWC2   (  376): fox1 [rtk_gdma_post 1530 ]name_of_layer = com.redflix.tvmoderno/com.redx.tvbox.ExoPlayerActivity#0 num_of_layers=1
05-27 22:06:24.123 E/RHWC2   (  376): fox 1 [rtk_gdma_post 1531] HAS_FLAG=0
05-27 22:06:24.123 E/RHWC2   (  376): fox1 [rtk_gdma_post 1565 ]
05-27 22:06:24.175 E/RHWC2   (  376): fox1 func=hwc2_func_validate_display line=1291 
05-27 22:06:24.175 E/RHWC2   (  376): fox1 func=hwc2_func_validate_display line=1411 
05-27 22:06:24.177 E/RHWC2   (  376): fox1 [rtk_gdma_post 1507 ]
05-27 22:06:24.177 E/RHWC2   (  376): fox1 [rtk_gdma_post 1530 ]name_of_layer = com.redflix.tvmoderno/com.redx.tvbox.ExoPlayerActivity#0 num_of_layers=1
05-27 22:06:24.177 E/RHWC2   (  376): fox 1 [rtk_gdma_post 1531] HAS_FLAG=0
05-27 22:06:24.177 E/RHWC2   (  376): fox1 [rtk_gdma_post 1565 ]
05-27 22:06:24.212 E/RHWC2   (  376): fox1 func=hwc2_func_validate_display line=1291 
05-27 22:06:24.212 E/RHWC2   (  376): fox1 func=hwc2_func_validate_display line=1411 
05-27 22:06:24.214 E/RHWC2   (  376): fox1 [rtk_gdma_post 1507 ]
05-27 22:06:24.214 E/RHWC2   (  376): fox1 [rtk_gdma_post 1530 ]name_of_layer = com.redflix.tvmoderno/com.redx.tvbox.ExoPlayerActivity#0 num_of_layers=1
05-27 22:06:24.214 E/RHWC2   (  376): fox 1 [rtk_gdma_post 1531] HAS_FLAG=0
05-27 22:06:24.214 E/RHWC2   (  376): fox1 [rtk_gdma_post 1565 ]
05-27 22:06:24.235 W/RED-X-Player( 2466): Main stream travado em BUFFERING apos 18000ms
05-27 22:06:24.236 E/RED-X-Player( 2466): TIMEOUT: Buffer travado por mais de 18000ms. Encerrando.
05-27 22:06:24.239 I/RED-X-Player( 2466): [RED_EXOPLAYER] onPlayWhenReadyChanged: playWhenReady=false reason=1
05-27 22:06:24.285 E/RHWC2   (  376): fox1 func=hwc2_func_validate_display line=1291 
05-27 22:06:24.285 E/RHWC2   (  376): fox1 func=hwc2_func_validate_display line=1411 
05-27 22:06:24.286 I/RED-X-Player( 2466): [RED_EXOPLAYER] onPause
05-27 22:06:24.287 I/RED-X-Player( 2466): onPause
05-27 22:06:24.289 D/ResourceManagerService(  806): onResumeTopActivity com.redflix.tvmoderno, Intent { act=android.intent.action.MAIN cat=[android.intent.category.LAUNCHER] flg=0x10200000 cmp=com.redflix.tvmoderno/com.redx.tvbox.MainActivity }, ComponentInfo{com.redflix.tvmoderno/com.redx.tvbox.MainActivity}
05-27 22:06:24.289 E/RHWC2   (  376): fox1 [rtk_gdma_post 1507 ]
05-27 22:06:24.289 E/RHWC2   (  376): fox1 [rtk_gdma_post 1530 ]name_of_layer = com.redflix.tvmoderno/com.redx.tvbox.ExoPlayerActivity#0 num_of_layers=1
05-27 22:06:24.289 E/RHWC2   (  376): fox 1 [rtk_gdma_post 1531] HAS_FLAG=0
05-27 22:06:24.289 E/RHWC2   (  376): fox1 [rtk_gdma_post 1565 ]
05-27 22:06:24.303 D/Capacitor( 2466): Unable to find a Capacitor plugin to handle requestCode, trying Cordova plugins 54708472
05-27 22:06:24.305 D/Capacitor( 2466): App restarted
05-27 22:06:24.307 D/Capacitor( 2466): App started
05-27 22:06:24.310 D/Capacitor( 2466): Sending plugin error: {"save":false,"callbackId":"9916765","pluginId":"NativePlayer","methodName":"play","success":false,"error":{"message":"Canal indisponível ou servidor não respondeu."}}
05-27 22:06:24.312 E/RHWC2   (  376): fox1 func=hwc2_func_validate_display line=1291 
05-27 22:06:24.312 E/RHWC2   (  376): fox1 func=hwc2_func_validate_display line=1411 
05-27 22:06:24.314 D/Capacitor/AppPlugin( 2466): Firing change: true
05-27 22:06:24.314 V/Capacitor/AppPlugin( 2466): Notifying listeners for event appStateChange
05-27 22:06:24.314 D/Capacitor/AppPlugin( 2466): No listeners found for event appStateChange
05-27 22:06:24.314 V/Capacitor/AppPlugin( 2466): Notifying listeners for event resume
05-27 22:06:24.314 D/Capacitor/AppPlugin( 2466): No listeners found for event resume
05-27 22:06:24.314 E/RHWC2   (  376): fox1 [rtk_gdma_post 1507 ]
05-27 22:06:24.314 E/RHWC2   (  376): fox1 [rtk_gdma_post 1530 ]name_of_layer = com.redflix.tvmoderno/com.redx.tvbox.ExoPlayerActivity#0 num_of_layers=1
05-27 22:06:24.314 E/RHWC2   (  376): fox 1 [rtk_gdma_post 1531] HAS_FLAG=0
05-27 22:06:24.314 E/RHWC2   (  376): fox1 [rtk_gdma_post 1565 ]
05-27 22:06:24.315 D/Capacitor( 2466): App resumed
05-27 22:06:24.322 D/RED-X   ( 2466): setMediaPlaybackRequiresUserGesture(false) aplicado
05-27 22:06:24.323 D/RED-X   ( 2466): setLayerType: usando padrão do sistema (manifest hardwareAccelerated=true)
05-27 22:06:24.329 E/Capacitor/Console( 2466): File:  - Line 330 - Msg: [object Object]
05-27 22:06:24.331 E/Capacitor/Console( 2466): File: https://localhost/canais - Line 451 - Msg: [NativePlayer] erro Error: Canal indisponível ou servidor não respondeu.
05-27 22:06:24.332 E/Capacitor/Console( 2466): File: https://localhost/canais - Line 391 - Msg: [LiveTV] Native live player failed: Error: Canal indisponível ou servidor não respondeu.
05-27 22:06:24.333 W/Capacitor/Console( 2466): File: https://localhost/canais - Line 391 - Msg: [LiveTV] canal indisponível [object Object]
05-27 22:06:24.342 D/WindowManager(  806): handleMessage mcurrentFocus=com.redflix.tvmoderno
05-27 22:06:24.345 E/RHWC2   (  376): fox1 func=hwc2_func_validate_display line=1291 
05-27 22:06:24.345 E/RHWC2   (  376): fox1 func=hwc2_func_validate_display line=1411 
05-27 22:06:24.348 E/RHWC2   (  376): fox1 [rtk_gdma_post 1507 ]
05-27 22:06:24.348 E/RHWC2   (  376): fox1 [rtk_gdma_post 1530 ]name_of_layer = com.redflix.tvmoderno/com.redx.tvbox.ExoPlayerActivity#0 num_of_layers=1
05-27 22:06:24.348 E/RHWC2   (  376): fox 1 [rtk_gdma_post 1531] HAS_FLAG=0
05-27 22:06:24.348 E/RHWC2   (  376): fox1 [rtk_gdma_post 1565 ]
05-27 22:06:24.362 E/RHWC2   (  376): fox1 func=hwc2_func_validate_display line=1291 
05-27 22:06:24.362 E/RHWC2   (  376): fox1 func=hwc2_func_validate_display line=1411 
05-27 22:06:24.363 E/RHWC2   (  376): fox1 [rtk_gdma_post 1507 ]
05-27 22:06:24.363 E/RHWC2   (  376): fox1 [rtk_gdma_post 1530 ]name_of_layer = com.redflix.tvmoderno/com.redx.tvbox.ExoPlayerActivity#0 num_of_layers=1
05-27 22:06:24.363 E/RHWC2   (  376): fox 1 [rtk_gdma_post 1531] HAS_FLAG=0
05-27 22:06:24.363 E/RHWC2   (  376): fox1 [rtk_gdma_post 1565 ]
05-27 22:06:24.429 E/RHWC2   (  376): fox1 func=hwc2_func_validate_display line=1291 
05-27 22:06:24.429 E/RHWC2   (  376): fox1 func=hwc2_func_validate_display line=1411 
05-27 22:06:24.429 E/RHWC2   (  376): fox1 [rtk_gdma_post 1507 ]
05-27 22:06:24.429 E/RHWC2   (  376): fox1 [rtk_gdma_post 1530 ]name_of_layer = com.redflix.tvmoderno/com.redx.tvbox.ExoPlayerActivity#0 num_of_layers=1
05-27 22:06:24.429 E/RHWC2   (  376): fox 1 [rtk_gdma_post 1531] HAS_FLAG=0
05-27 22:06:24.429 E/RHWC2   (  376): fox1 [rtk_gdma_post 1565 ]
05-27 22:06:24.440 D/TVKitService(  812): getProjectID
05-27 22:06:24.440 D/DeviceInfoImpl(  812): getProjectID from map is 4357
05-27 22:06:24.440 I/TCL_DeviceInfo( 2208): id = 4357
05-27 22:06:24.441 E/TCL_DeviceInfo( 2208): from sita get client type is TCL-LA-RTD51A-S1
05-27 22:06:24.442 D/TVKitService(  812): getSoftwareVersion
05-27 22:06:24.442 D/DeviceInfoImpl(  812): getSoftwareVersion is V8-R51AT01-LF1V126
05-27 22:06:24.444 I/TCL_DeviceInfo( 2208): ret  = V8-R51AT01-LF1V126
05-27 22:06:24.445 E/RHWC2   (  376): fox1 func=hwc2_func_validate_display line=1291 
05-27 22:06:24.445 E/RHWC2   (  376): fox1 func=hwc2_func_validate_display line=1411 
05-27 22:06:24.447 E/RHWC2   (  376): fox1 [rtk_gdma_post 1507 ]
05-27 22:06:24.447 E/RHWC2   (  376): fox1 [rtk_gdma_post 1530 ]name_of_layer = com.redflix.tvmoderno/com.redx.tvbox.ExoPlayerActivity#0 num_of_layers=1
05-27 22:06:24.447 E/RHWC2   (  376): fox 1 [rtk_gdma_post 1531] HAS_FLAG=0
05-27 22:06:24.447 E/RHWC2   (  376): fox1 [rtk_gdma_post 1565 ]
05-27 22:06:24.453 I/WifiService(  806): getConnectionInfo uid=1000
05-27 22:06:24.462 E/RHWC2   (  376): fox1 func=hwc2_func_validate_display line=1291 
05-27 22:06:24.463 E/RHWC2   (  376): fox1 func=hwc2_func_validate_display line=1411 
05-27 22:06:24.465 E/RHWC2   (  376): fox1 [rtk_gdma_post 1507 ]
05-27 22:06:24.465 E/RHWC2   (  376): fox1 [rtk_gdma_post 1530 ]name_of_layer = com.redflix.tvmoderno/com.redx.tvbox.ExoPlayerActivity#0 num_of_layers=1
05-27 22:06:24.465 E/RHWC2   (  376): fox 1 [rtk_gdma_post 1531] HAS_FLAG=0
05-27 22:06:24.465 E/RHWC2   (  376): fox1 [rtk_gdma_post 1565 ]
05-27 22:06:24.468 I/ActivityTaskManager(  806): gc_tuning disable system_server's gc tuning after com.redflix.tvmoderno shown
05-27 22:06:24.476 I/ActivityThread( 2466): gc_tuning enable=false
05-27 22:06:24.478 W/ActivityTaskManager(  806): ActivityRecord idle mService.getTclHandler() = Handler (com.android.server.wm.TclActivityTaskManagerService$MainHandler) {4028e34}      r.occludesParent = true,r.isResumedActivityOnDisplay():true
05-27 22:06:24.478 W/ActivityTaskManager(  806): ActivityRecord idle....com.redflix.tvmoderno====name = 101=====msg.obj = com.redflix.tvmoderno
05-27 22:06:24.479 E/RHWC2   (  376): fox1 func=hwc2_func_validate_display line=1291 
05-27 22:06:24.479 E/RHWC2   (  376): fox1 func=hwc2_func_validate_display line=1411 
05-27 22:06:24.480 I/Capacitor/Console( 2466): File:  - Line 1 - Msg: RED-X Device Info Injected: [object Object]
05-27 22:06:24.479 W/TclActivityTaskManagerService(  806): amati platform ,actionForIdelActivity not set source
05-27 22:06:24.482 E/RHWC2   (  376): fox1 [rtk_gdma_post 1507 ]
05-27 22:06:24.482 E/RHWC2   (  376): fox1 [rtk_gdma_post 1530 ]name_of_layer = com.redflix.tvmoderno/com.redx.tvbox.ExoPlayerActivity#0 num_of_layers=1
05-27 22:06:24.482 E/RHWC2   (  376): fox 1 [rtk_gdma_post 1531] HAS_FLAG=0
05-27 22:06:24.482 E/RHWC2   (  376): fox1 [rtk_gdma_post 1565 ]
05-27 22:06:24.489 D/RED-X   ( 2466): setMediaPlaybackRequiresUserGesture(false) aplicado
05-27 22:06:24.489 D/RED-X   ( 2466): setLayerType: usando padrão do sistema (manifest hardwareAccelerated=true)
05-27 22:06:24.497 E/RHWC2   (  376): fox1 func=hwc2_func_validate_display line=1291 
05-27 22:06:24.497 E/RHWC2   (  376): fox1 func=hwc2_func_validate_display line=1411 
05-27 22:06:24.499 E/RHWC2   (  376): fox1 [rtk_gdma_post 1507 ]
05-27 22:06:24.499 E/RHWC2   (  376): fox1 [rtk_gdma_post 1530 ]name_of_layer = com.redflix.tvmoderno/com.redx.tvbox.MainActivity#0 num_of_layers=1
05-27 22:06:24.499 E/RHWC2   (  376): fox 1 [rtk_gdma_post 1531] HAS_FLAG=0
05-27 22:06:24.499 E/RHWC2   (  376): fox1 [rtk_gdma_post 1530 ]name_of_layer = com.redflix.tvmoderno/com.redx.tvbox.ExoPlayerActivity#0 num_of_layers=2
05-27 22:06:24.499 E/RHWC2   (  376): fox 1 [rtk_gdma_post 1531] HAS_FLAG=0
05-27 22:06:24.499 E/RHWC2   (  376): fox1 [rtk_gdma_post 1565 ]
05-27 22:06:24.504 D/T_IME_LOG( 1637): TCL_IME********onFinishInput.
05-27 22:06:24.504 D/T_IME_LOG( 1637): TCL_IME********onStartInput  ccontentType: 0 Restarting:false
05-27 22:06:24.504 D/T_IME_LOG( 1637): TCL_IME******** commitResultText("") = 
05-27 22:06:24.505 D/T_IME_LOG( 1637): TCL_IME********null == mCandidatesContainer is true
05-27 22:06:24.513 E/RHWC2   (  376): fox1 func=hwc2_func_validate_display line=1291 
05-27 22:06:24.513 E/RHWC2   (  376): fox1 func=hwc2_func_validate_display line=1411 
05-27 22:06:24.515 E/RHWC2   (  376): fox1 [rtk_gdma_post 1507 ]
05-27 22:06:24.515 E/RHWC2   (  376): fox1 [rtk_gdma_post 1530 ]name_of_layer = com.redflix.tvmoderno/com.redx.tvbox.MainActivity#0 num_of_layers=1
05-27 22:06:24.515 E/RHWC2   (  376): fox 1 [rtk_gdma_post 1531] HAS_FLAG=0
05-27 22:06:24.515 E/RHWC2   (  376): fox1 [rtk_gdma_post 1530 ]name_of_layer = com.redflix.tvmoderno/com.redx.tvbox.ExoPlayerActivity#0 num_of_layers=2
05-27 22:06:24.515 E/RHWC2   (  376): fox 1 [rtk_gdma_post 1531] HAS_FLAG=0
05-27 22:06:24.515 E/RHWC2   (  376): fox1 [rtk_gdma_post 1565 ]
05-27 22:06:24.530 E/RHWC2   (  376): fox1 func=hwc2_func_validate_display line=1291 
05-27 22:06:24.530 E/RHWC2   (  376): fox1 func=hwc2_func_validate_display line=1411 
05-27 22:06:24.533 E/RHWC2   (  376): fox1 [rtk_gdma_post 1507 ]
05-27 22:06:24.533 E/RHWC2   (  376): fox1 [rtk_gdma_post 1530 ]name_of_layer = com.redflix.tvmoderno/com.redx.tvbox.MainActivity#0 num_of_layers=1
05-27 22:06:24.533 E/RHWC2   (  376): fox 1 [rtk_gdma_post 1531] HAS_FLAG=0
05-27 22:06:24.533 E/RHWC2   (  376): fox1 [rtk_gdma_post 1530 ]name_of_layer = com.redflix.tvmoderno/com.redx.tvbox.ExoPlayerActivity#0 num_of_layers=2
05-27 22:06:24.533 E/RHWC2   (  376): fox 1 [rtk_gdma_post 1531] HAS_FLAG=0
05-27 22:06:24.533 E/RHWC2   (  376): fox1 [rtk_gdma_post 1565 ]
05-27 22:06:24.542 I/ndroid.systemu( 1086): NativeAlloc concurrent copying GC freed 10311(797KB) AllocSpace objects, 0(0B) LOS objects, 49% free, 2535KB/5071KB, paused 177us total 224.764ms
05-27 22:06:24.545 W/System  ( 1086): A resource failed to call release. 
05-27 22:06:24.546 E/RHWC2   (  376): fox1 func=hwc2_func_validate_display line=1291 
05-27 22:06:24.546 E/RHWC2   (  376): fox1 func=hwc2_func_validate_display line=1411 
05-27 22:06:24.548 E/RHWC2   (  376): fox1 [rtk_gdma_post 1507 ]
05-27 22:06:24.548 E/RHWC2   (  376): fox1 [rtk_gdma_post 1530 ]name_of_layer = com.redflix.tvmoderno/com.redx.tvbox.MainActivity#0 num_of_layers=1
05-27 22:06:24.548 E/RHWC2   (  376): fox 1 [rtk_gdma_post 1531] HAS_FLAG=0
05-27 22:06:24.548 E/RHWC2   (  376): fox1 [rtk_gdma_post 1530 ]name_of_layer = com.redflix.tvmoderno/com.redx.tvbox.ExoPlayerActivity#0 num_of_layers=2
05-27 22:06:24.548 E/RHWC2   (  376): fox 1 [rtk_gdma_post 1531] HAS_FLAG=0
05-27 22:06:24.548 E/RHWC2   (  376): fox1 [rtk_gdma_post 1565 ]
05-27 22:06:24.563 E/RHWC2   (  376): fox1 func=hwc2_func_validate_display line=1291 
05-27 22:06:24.563 E/RHWC2   (  376): fox1 func=hwc2_func_validate_display line=1411 
05-27 22:06:24.565 E/RHWC2   (  376): fox1 [rtk_gdma_post 1507 ]
05-27 22:06:24.565 E/RHWC2   (  376): fox1 [rtk_gdma_post 1530 ]name_of_layer = com.redflix.tvmoderno/com.redx.tvbox.MainActivity#0 num_of_layers=1
05-27 22:06:24.565 E/RHWC2   (  376): fox 1 [rtk_gdma_post 1531] HAS_FLAG=0
05-27 22:06:24.565 E/RHWC2   (  376): fox1 [rtk_gdma_post 1530 ]name_of_layer = com.redflix.tvmoderno/com.redx.tvbox.ExoPlayerActivity#0 num_of_layers=2
05-27 22:06:24.565 E/RHWC2   (  376): fox 1 [rtk_gdma_post 1531] HAS_FLAG=0
05-27 22:06:24.565 E/RHWC2   (  376): fox1 [rtk_gdma_post 1565 ]
05-27 22:06:24.579 E/RHWC2   (  376): fox1 func=hwc2_func_validate_display line=1291 
05-27 22:06:24.579 E/RHWC2   (  376): fox1 func=hwc2_func_validate_display line=1411 
05-27 22:06:24.582 E/RHWC2   (  376): fox1 [rtk_gdma_post 1507 ]
05-27 22:06:24.582 E/RHWC2   (  376): fox1 [rtk_gdma_post 1530 ]name_of_layer = com.redflix.tvmoderno/com.redx.tvbox.MainActivity#0 num_of_layers=1
05-27 22:06:24.582 E/RHWC2   (  376): fox 1 [rtk_gdma_post 1531] HAS_FLAG=0
05-27 22:06:24.582 E/RHWC2   (  376): fox1 [rtk_gdma_post 1530 ]name_of_layer = com.redflix.tvmoderno/com.redx.tvbox.ExoPlayerActivity#0 num_of_layers=2
05-27 22:06:24.582 E/RHWC2   (  376): fox 1 [rtk_gdma_post 1531] HAS_FLAG=0
05-27 22:06:24.582 E/RHWC2   (  376): fox1 [rtk_gdma_post 1565 ]
05-27 22:06:24.596 E/RHWC2   (  376): fox1 func=hwc2_func_validate_display line=1291 
05-27 22:06:24.596 E/RHWC2   (  376): fox1 func=hwc2_func_validate_display line=1411 
05-27 22:06:24.596 I/HdmieArc(  394): earc status newStatus 0, oldStatus=EN_TOS_CEC_EARC_STATUS_HANDSHAKE
05-27 22:06:24.596 I/HdmieArc(  394): rhal earc status: 0, error code: 0 
05-27 22:06:24.598 E/RHWC2   (  376): fox1 [rtk_gdma_post 1507 ]
05-27 22:06:24.598 E/RHWC2   (  376): fox1 [rtk_gdma_post 1530 ]name_of_layer = com.redflix.tvmoderno/com.redx.tvbox.MainActivity#0 num_of_layers=1
05-27 22:06:24.598 E/RHWC2   (  376): fox 1 [rtk_gdma_post 1531] HAS_FLAG=0
05-27 22:06:24.598 E/RHWC2   (  376): fox1 [rtk_gdma_post 1530 ]name_of_layer = com.redflix.tvmoderno/com.redx.tvbox.ExoPlayerActivity#0 num_of_layers=2
05-27 22:06:24.598 E/RHWC2   (  376): fox 1 [rtk_gdma_post 1531] HAS_FLAG=0
05-27 22:06:24.598 E/RHWC2   (  376): fox1 [rtk_gdma_post 1565 ]
05-27 22:06:24.612 E/RHWC2   (  376): fox1 func=hwc2_func_validate_display line=1291 
05-27 22:06:24.613 E/RHWC2   (  376): fox1 func=hwc2_func_validate_display line=1411 
05-27 22:06:24.615 E/RHWC2   (  376): fox1 [rtk_gdma_post 1507 ]
05-27 22:06:24.615 E/RHWC2   (  376): fox1 [rtk_gdma_post 1530 ]name_of_layer = com.redflix.tvmoderno/com.redx.tvbox.MainActivity#0 num_of_layers=1
05-27 22:06:24.615 E/RHWC2   (  376): fox 1 [rtk_gdma_post 1531] HAS_FLAG=0
05-27 22:06:24.615 E/RHWC2   (  376): fox1 [rtk_gdma_post 1530 ]name_of_layer = com.redflix.tvmoderno/com.redx.tvbox.ExoPlayerActivity#0 num_of_layers=2
05-27 22:06:24.615 E/RHWC2   (  376): fox 1 [rtk_gdma_post 1531] HAS_FLAG=0
05-27 22:06:24.615 E/RHWC2   (  376): fox1 [rtk_gdma_post 1565 ]
05-27 22:06:24.629 E/RHWC2   (  376): fox1 func=hwc2_func_validate_display line=1291 
05-27 22:06:24.629 E/RHWC2   (  376): fox1 func=hwc2_func_validate_display line=1411 
05-27 22:06:24.631 E/RHWC2   (  376): fox1 [rtk_gdma_post 1507 ]
05-27 22:06:24.631 E/RHWC2   (  376): fox1 [rtk_gdma_post 1530 ]name_of_layer = com.redflix.tvmoderno/com.redx.tvbox.MainActivity#0 num_of_layers=1
05-27 22:06:24.631 E/RHWC2   (  376): fox 1 [rtk_gdma_post 1531] HAS_FLAG=0
05-27 22:06:24.631 E/RHWC2   (  376): fox1 [rtk_gdma_post 1530 ]name_of_layer = com.redflix.tvmoderno/com.redx.tvbox.ExoPlayerActivity#0 num_of_layers=2
05-27 22:06:24.631 E/RHWC2   (  376): fox 1 [rtk_gdma_post 1531] HAS_FLAG=0
05-27 22:06:24.631 E/RHWC2   (  376): fox1 [rtk_gdma_post 1565 ]
05-27 22:06:24.646 E/RHWC2   (  376): fox1 func=hwc2_func_validate_display line=1291 
05-27 22:06:24.646 E/RHWC2   (  376): fox1 func=hwc2_func_validate_display line=1411 
05-27 22:06:24.648 E/RHWC2   (  376): fox1 [rtk_gdma_post 1507 ]
05-27 22:06:24.648 E/RHWC2   (  376): fox1 [rtk_gdma_post 1530 ]name_of_layer = com.redflix.tvmoderno/com.redx.tvbox.MainActivity#0 num_of_layers=1
05-27 22:06:24.648 E/RHWC2   (  376): fox 1 [rtk_gdma_post 1531] HAS_FLAG=0
05-27 22:06:24.648 E/RHWC2   (  376): fox1 [rtk_gdma_post 1530 ]name_of_layer = com.redflix.tvmoderno/com.redx.tvbox.ExoPlayerActivity#0 num_of_layers=2
05-27 22:06:24.648 E/RHWC2   (  376): fox 1 [rtk_gdma_post 1531] HAS_FLAG=0
05-27 22:06:24.648 E/RHWC2   (  376): fox1 [rtk_gdma_post 1565 ]
05-27 22:06:24.662 E/RHWC2   (  376): fox1 func=hwc2_func_validate_display line=1291 
05-27 22:06:24.662 E/RHWC2   (  376): fox1 func=hwc2_func_validate_display line=1411 
05-27 22:06:24.665 E/RHWC2   (  376): fox1 [rtk_gdma_post 1507 ]
05-27 22:06:24.665 E/RHWC2   (  376): fox1 [rtk_gdma_post 1530 ]name_of_layer = com.redflix.tvmoderno/com.redx.tvbox.MainActivity#0 num_of_layers=1
05-27 22:06:24.665 E/RHWC2   (  376): fox 1 [rtk_gdma_post 1531] HAS_FLAG=0
05-27 22:06:24.665 E/RHWC2   (  376): fox1 [rtk_gdma_post 1530 ]name_of_layer = com.redflix.tvmoderno/com.redx.tvbox.ExoPlayerActivity#0 num_of_layers=2
05-27 22:06:24.665 E/RHWC2   (  376): fox 1 [rtk_gdma_post 1531] HAS_FLAG=0
05-27 22:06:24.665 E/RHWC2   (  376): fox1 [rtk_gdma_post 1565 ]
05-27 22:06:24.679 E/RHWC2   (  376): fox1 func=hwc2_func_validate_display line=1291 
05-27 22:06:24.679 E/RHWC2   (  376): fox1 func=hwc2_func_validate_display line=1411 
05-27 22:06:24.681 E/RHWC2   (  376): fox1 [rtk_gdma_post 1507 ]
05-27 22:06:24.681 E/RHWC2   (  376): fox1 [rtk_gdma_post 1530 ]name_of_layer = com.redflix.tvmoderno/com.redx.tvbox.MainActivity#0 num_of_layers=1
05-27 22:06:24.681 E/RHWC2   (  376): fox 1 [rtk_gdma_post 1531] HAS_FLAG=0
05-27 22:06:24.681 E/RHWC2   (  376): fox1 [rtk_gdma_post 1530 ]name_of_layer = com.redflix.tvmoderno/com.redx.tvbox.ExoPlayerActivity#0 num_of_layers=2
05-27 22:06:24.681 E/RHWC2   (  376): fox 1 [rtk_gdma_post 1531] HAS_FLAG=0
05-27 22:06:24.681 E/RHWC2   (  376): fox1 [rtk_gdma_post 1565 ]
05-27 22:06:24.696 E/RHWC2   (  376): fox1 func=hwc2_func_validate_display line=1291 
05-27 22:06:24.696 E/RHWC2   (  376): fox1 func=hwc2_func_validate_display line=1411 
05-27 22:06:24.698 E/RHWC2   (  376): fox1 [rtk_gdma_post 1507 ]
05-27 22:06:24.698 E/RHWC2   (  376): fox1 [rtk_gdma_post 1530 ]name_of_layer = com.redflix.tvmoderno/com.redx.tvbox.MainActivity#0 num_of_layers=1
05-27 22:06:24.698 E/RHWC2   (  376): fox 1 [rtk_gdma_post 1531] HAS_FLAG=0
05-27 22:06:24.698 E/RHWC2   (  376): fox1 [rtk_gdma_post 1530 ]name_of_layer = com.redflix.tvmoderno/com.redx.tvbox.ExoPlayerActivity#0 num_of_layers=2
05-27 22:06:24.698 E/RHWC2   (  376): fox 1 [rtk_gdma_post 1531] HAS_FLAG=0
05-27 22:06:24.698 E/RHWC2   (  376): fox1 [rtk_gdma_post 1565 ]
05-27 22:06:24.712 E/RHWC2   (  376): fox1 func=hwc2_func_validate_display line=1291 
05-27 22:06:24.712 E/RHWC2   (  376): fox1 func=hwc2_func_validate_display line=1411 
05-27 22:06:24.715 E/RHWC2   (  376): fox1 [rtk_gdma_post 1507 ]
05-27 22:06:24.715 E/RHWC2   (  376): fox1 [rtk_gdma_post 1530 ]name_of_layer = com.redflix.tvmoderno/com.redx.tvbox.MainActivity#0 num_of_layers=1
05-27 22:06:24.715 E/RHWC2   (  376): fox 1 [rtk_gdma_post 1531] HAS_FLAG=0
05-27 22:06:24.715 E/RHWC2   (  376): fox1 [rtk_gdma_post 1530 ]name_of_layer = com.redflix.tvmoderno/com.redx.tvbox.ExoPlayerActivity#0 num_of_layers=2
05-27 22:06:24.715 E/RHWC2   (  376): fox 1 [rtk_gdma_post 1531] HAS_FLAG=0
05-27 22:06:24.715 E/RHWC2   (  376): fox1 [rtk_gdma_post 1565 ]
05-27 22:06:24.729 E/RHWC2   (  376): fox1 func=hwc2_func_validate_display line=1291 
05-27 22:06:24.729 E/RHWC2   (  376): fox1 func=hwc2_func_validate_display line=1411 
05-27 22:06:24.731 E/RHWC2   (  376): fox1 [rtk_gdma_post 1507 ]
05-27 22:06:24.731 E/RHWC2   (  376): fox1 [rtk_gdma_post 1530 ]name_of_layer = com.redflix.tvmoderno/com.redx.tvbox.MainActivity#0 num_of_layers=1
05-27 22:06:24.731 E/RHWC2   (  376): fox 1 [rtk_gdma_post 1531] HAS_FLAG=0
05-27 22:06:24.731 E/RHWC2   (  376): fox1 [rtk_gdma_post 1530 ]name_of_layer = com.redflix.tvmoderno/com.redx.tvbox.ExoPlayerActivity#0 num_of_layers=2
05-27 22:06:24.731 E/RHWC2   (  376): fox 1 [rtk_gdma_post 1531] HAS_FLAG=0
05-27 22:06:24.731 E/RHWC2   (  376): fox1 [rtk_gdma_post 1565 ]
05-27 22:06:24.746 E/RHWC2   (  376): fox1 func=hwc2_func_validate_display line=1291 
05-27 22:06:24.746 E/RHWC2   (  376): fox1 func=hwc2_func_validate_display line=1411 
05-27 22:06:24.748 E/RHWC2   (  376): fox1 [rtk_gdma_post 1507 ]
05-27 22:06:24.748 E/RHWC2   (  376): fox1 [rtk_gdma_post 1530 ]name_of_layer = com.redflix.tvmoderno/com.redx.tvbox.MainActivity#0 num_of_layers=1
05-27 22:06:24.748 E/RHWC2   (  376): fox 1 [rtk_gdma_post 1531] HAS_FLAG=0
05-27 22:06:24.748 E/RHWC2   (  376): fox1 [rtk_gdma_post 1530 ]name_of_layer = com.redflix.tvmoderno/com.redx.tvbox.ExoPlayerActivity#0 num_of_layers=2
05-27 22:06:24.748 E/RHWC2   (  376): fox 1 [rtk_gdma_post 1531] HAS_FLAG=0
05-27 22:06:24.748 E/RHWC2   (  376): fox1 [rtk_gdma_post 1565 ]
05-27 22:06:24.762 E/RHWC2   (  376): fox1 func=hwc2_func_validate_display line=1291 
05-27 22:06:24.762 E/RHWC2   (  376): fox1 func=hwc2_func_validate_display line=1411 
05-27 22:06:24.765 E/RHWC2   (  376): fox1 [rtk_gdma_post 1507 ]
05-27 22:06:24.765 E/RHWC2   (  376): fox1 [rtk_gdma_post 1530 ]name_of_layer = com.redflix.tvmoderno/com.redx.tvbox.MainActivity#0 num_of_layers=1
05-27 22:06:24.765 E/RHWC2   (  376): fox 1 [rtk_gdma_post 1531] HAS_FLAG=0
05-27 22:06:24.765 E/RHWC2   (  376): fox1 [rtk_gdma_post 1530 ]name_of_layer = com.redflix.tvmoderno/com.redx.tvbox.ExoPlayerActivity#0 num_of_layers=2
05-27 22:06:24.765 E/RHWC2   (  376): fox 1 [rtk_gdma_post 1531] HAS_FLAG=0
05-27 22:06:24.765 E/RHWC2   (  376): fox1 [rtk_gdma_post 1565 ]
05-27 22:06:24.767 D/BoundBrokerSvc( 1740): onUnbind: Intent { act=com.google.android.gms.common.BIND_SHARED_PREFS pkg=com.google.android.gms }
05-27 22:06:24.779 E/RHWC2   (  376): fox1 func=hwc2_func_validate_display line=1291 
05-27 22:06:24.779 E/RHWC2   (  376): fox1 func=hwc2_func_validate_display line=1411 
05-27 22:06:24.782 E/RHWC2   (  376): fox1 [rtk_gdma_post 1507 ]
05-27 22:06:24.782 E/RHWC2   (  376): fox1 [rtk_gdma_post 1530 ]name_of_layer = com.redflix.tvmoderno/com.redx.tvbox.MainActivity#0 num_of_layers=1
05-27 22:06:24.782 E/RHWC2   (  376): fox 1 [rtk_gdma_post 1531] HAS_FLAG=0
05-27 22:06:24.782 E/RHWC2   (  376): fox1 [rtk_gdma_post 1530 ]name_of_layer = com.redflix.tvmoderno/com.redx.tvbox.ExoPlayerActivity#0 num_of_layers=2
05-27 22:06:24.782 E/RHWC2   (  376): fox 1 [rtk_gdma_post 1531] HAS_FLAG=0
05-27 22:06:24.782 E/RHWC2   (  376): fox1 [rtk_gdma_post 1565 ]
05-27 22:06:24.796 E/RHWC2   (  376): fox1 func=hwc2_func_validate_display line=1291 
05-27 22:06:24.796 E/RHWC2   (  376): fox1 func=hwc2_func_validate_display line=1411 
05-27 22:06:24.798 E/RHWC2   (  376): fox1 [rtk_gdma_post 1507 ]
05-27 22:06:24.798 E/RHWC2   (  376): fox1 [rtk_gdma_post 1530 ]name_of_layer = com.redflix.tvmoderno/com.redx.tvbox.MainActivity#0 num_of_layers=1
05-27 22:06:24.798 E/RHWC2   (  376): fox 1 [rtk_gdma_post 1531] HAS_FLAG=0
05-27 22:06:24.798 E/RHWC2   (  376): fox1 [rtk_gdma_post 1530 ]name_of_layer = com.redflix.tvmoderno/com.redx.tvbox.ExoPlayerActivity#0 num_of_layers=2
05-27 22:06:24.798 E/RHWC2   (  376): fox 1 [rtk_gdma_post 1531] HAS_FLAG=0
05-27 22:06:24.798 E/RHWC2   (  376): fox1 [rtk_gdma_post 1565 ]
05-27 22:06:24.812 E/RHWC2   (  376): fox1 func=hwc2_func_validate_display line=1291 
