05-27 21:58:59.792 E/RHWC2   (  376): fox1 [rtk_gdma_post 1530 ]name_of_layer = com.redflix.tvmoderno/com.redx.tvbox.MainActivity#0 num_of_layers=1
05-27 21:58:59.793 E/RHWC2   (  376): fox 1 [rtk_gdma_post 1531] HAS_FLAG=0
05-27 21:58:59.793 E/RHWC2   (  376): fox1 [rtk_gdma_post 1565 ]
05-27 21:58:59.808 E/RHWC2   (  376): fox1 func=hwc2_func_validate_display line=1291 
05-27 21:58:59.808 E/RHWC2   (  376): fox1 func=hwc2_func_validate_display line=1411 
05-27 21:58:59.810 E/RHWC2   (  376): fox1 [rtk_gdma_post 1507 ]
05-27 21:58:59.810 E/RHWC2   (  376): fox1 [rtk_gdma_post 1530 ]name_of_layer = com.redflix.tvmoderno/com.redx.tvbox.MainActivity#0 num_of_layers=1
05-27 21:58:59.810 E/RHWC2   (  376): fox 1 [rtk_gdma_post 1531] HAS_FLAG=0
05-27 21:58:59.810 E/RHWC2   (  376): fox1 [rtk_gdma_post 1565 ]
05-27 21:58:59.824 E/RHWC2   (  376): fox1 func=hwc2_func_validate_display line=1291 
05-27 21:58:59.825 E/RHWC2   (  376): fox1 func=hwc2_func_validate_display line=1411 
05-27 21:58:59.826 E/RHWC2   (  376): fox1 [rtk_gdma_post 1507 ]
05-27 21:58:59.826 E/RHWC2   (  376): fox1 [rtk_gdma_post 1530 ]name_of_layer = com.redflix.tvmoderno/com.redx.tvbox.MainActivity#0 num_of_layers=1
05-27 21:58:59.826 E/RHWC2   (  376): fox 1 [rtk_gdma_post 1531] HAS_FLAG=0
05-27 21:58:59.826 E/RHWC2   (  376): fox1 [rtk_gdma_post 1565 ]
05-27 21:58:59.842 E/RHWC2   (  376): fox1 func=hwc2_func_validate_display line=1291 
05-27 21:58:59.842 E/RHWC2   (  376): fox1 func=hwc2_func_validate_display line=1411 
05-27 21:58:59.844 E/RHWC2   (  376): fox1 [rtk_gdma_post 1507 ]
05-27 21:58:59.844 E/RHWC2   (  376): fox1 [rtk_gdma_post 1530 ]name_of_layer = com.redflix.tvmoderno/com.redx.tvbox.MainActivity#0 num_of_layers=1
05-27 21:58:59.844 E/RHWC2   (  376): fox 1 [rtk_gdma_post 1531] HAS_FLAG=0
05-27 21:58:59.844 E/RHWC2   (  376): fox1 [rtk_gdma_post 1565 ]
05-27 21:58:59.858 E/RHWC2   (  376): fox1 func=hwc2_func_validate_display line=1291 
05-27 21:58:59.858 E/RHWC2   (  376): fox1 func=hwc2_func_validate_display line=1411 
05-27 21:58:59.860 E/RHWC2   (  376): fox1 [rtk_gdma_post 1507 ]
05-27 21:58:59.860 E/RHWC2   (  376): fox1 [rtk_gdma_post 1530 ]name_of_layer = com.redflix.tvmoderno/com.redx.tvbox.MainActivity#0 num_of_layers=1
05-27 21:58:59.860 E/RHWC2   (  376): fox 1 [rtk_gdma_post 1531] HAS_FLAG=0
05-27 21:58:59.860 E/RHWC2   (  376): fox1 [rtk_gdma_post 1565 ]
05-27 21:58:59.875 E/RHWC2   (  376): fox1 func=hwc2_func_validate_display line=1291 
05-27 21:58:59.875 E/RHWC2   (  376): fox1 func=hwc2_func_validate_display line=1411 
05-27 21:58:59.877 E/RHWC2   (  376): fox1 [rtk_gdma_post 1507 ]
05-27 21:58:59.877 E/RHWC2   (  376): fox1 [rtk_gdma_post 1530 ]name_of_layer = com.redflix.tvmoderno/com.redx.tvbox.MainActivity#0 num_of_layers=1
05-27 21:58:59.877 E/RHWC2   (  376): fox 1 [rtk_gdma_post 1531] HAS_FLAG=0
05-27 21:58:59.877 E/RHWC2   (  376): fox1 [rtk_gdma_post 1565 ]
05-27 21:58:59.890 E/RHWC2   (  376): fox1 func=hwc2_func_validate_display line=1291 
05-27 21:58:59.890 E/RHWC2   (  376): fox1 func=hwc2_func_validate_display line=1411 
05-27 21:58:59.892 E/RHWC2   (  376): fox1 [rtk_gdma_post 1507 ]
05-27 21:58:59.892 E/RHWC2   (  376): fox1 [rtk_gdma_post 1530 ]name_of_layer = com.redflix.tvmoderno/com.redx.tvbox.MainActivity#0 num_of_layers=1
05-27 21:58:59.892 E/RHWC2   (  376): fox 1 [rtk_gdma_post 1531] HAS_FLAG=0
05-27 21:58:59.892 E/RHWC2   (  376): fox1 [rtk_gdma_post 1565 ]
05-27 21:58:59.907 E/RHWC2   (  376): fox1 func=hwc2_func_validate_display line=1291 
05-27 21:58:59.907 E/RHWC2   (  376): fox1 func=hwc2_func_validate_display line=1411 
05-27 21:58:59.909 E/RHWC2   (  376): fox1 [rtk_gdma_post 1507 ]
05-27 21:58:59.909 E/RHWC2   (  376): fox1 [rtk_gdma_post 1530 ]name_of_layer = com.redflix.tvmoderno/com.redx.tvbox.MainActivity#0 num_of_layers=1
05-27 21:58:59.909 E/RHWC2   (  376): fox 1 [rtk_gdma_post 1531] HAS_FLAG=0
05-27 21:58:59.909 E/RHWC2   (  376): fox1 [rtk_gdma_post 1565 ]
05-27 21:58:59.924 E/RHWC2   (  376): fox1 func=hwc2_func_validate_display line=1291 
05-27 21:58:59.925 E/RHWC2   (  376): fox1 func=hwc2_func_validate_display line=1411 
05-27 21:58:59.926 E/RHWC2   (  376): fox1 [rtk_gdma_post 1507 ]
05-27 21:58:59.926 E/RHWC2   (  376): fox1 [rtk_gdma_post 1530 ]name_of_layer = com.redflix.tvmoderno/com.redx.tvbox.MainActivity#0 num_of_layers=1
05-27 21:58:59.926 E/RHWC2   (  376): fox 1 [rtk_gdma_post 1531] HAS_FLAG=0
05-27 21:58:59.926 E/RHWC2   (  376): fox1 [rtk_gdma_post 1565 ]
05-27 21:58:59.940 E/RHWC2   (  376): fox1 func=hwc2_func_validate_display line=1291 
05-27 21:58:59.940 E/RHWC2   (  376): fox1 func=hwc2_func_validate_display line=1411 
05-27 21:58:59.942 E/RHWC2   (  376): fox1 [rtk_gdma_post 1507 ]
05-27 21:58:59.942 E/RHWC2   (  376): fox1 [rtk_gdma_post 1530 ]name_of_layer = com.redflix.tvmoderno/com.redx.tvbox.MainActivity#0 num_of_layers=1
05-27 21:58:59.942 E/RHWC2   (  376): fox 1 [rtk_gdma_post 1531] HAS_FLAG=0
05-27 21:58:59.942 E/RHWC2   (  376): fox1 [rtk_gdma_post 1565 ]
05-27 21:58:59.959 E/RHWC2   (  376): fox1 func=hwc2_func_validate_display line=1291 
05-27 21:58:59.959 E/RHWC2   (  376): fox1 func=hwc2_func_validate_display line=1411 
05-27 21:58:59.961 E/RHWC2   (  376): fox1 [rtk_gdma_post 1507 ]
05-27 21:58:59.961 E/RHWC2   (  376): fox1 [rtk_gdma_post 1530 ]name_of_layer = com.redflix.tvmoderno/com.redx.tvbox.MainActivity#0 num_of_layers=1
05-27 21:58:59.961 E/RHWC2   (  376): fox 1 [rtk_gdma_post 1531] HAS_FLAG=0
05-27 21:58:59.961 E/RHWC2   (  376): fox1 [rtk_gdma_post 1565 ]
05-27 21:58:59.974 E/RHWC2   (  376): fox1 func=hwc2_func_validate_display line=1291 
05-27 21:58:59.974 E/RHWC2   (  376): fox1 func=hwc2_func_validate_display line=1411 
05-27 21:58:59.975 E/RHWC2   (  376): fox1 [rtk_gdma_post 1507 ]
05-27 21:58:59.975 E/RHWC2   (  376): fox1 [rtk_gdma_post 1530 ]name_of_layer = com.redflix.tvmoderno/com.redx.tvbox.MainActivity#0 num_of_layers=1
05-27 21:58:59.975 E/RHWC2   (  376): fox 1 [rtk_gdma_post 1531] HAS_FLAG=0
05-27 21:58:59.975 E/RHWC2   (  376): fox1 [rtk_gdma_post 1565 ]
05-27 21:58:59.990 E/RHWC2   (  376): fox1 func=hwc2_func_validate_display line=1291 
05-27 21:58:59.990 E/RHWC2   (  376): fox1 func=hwc2_func_validate_display line=1411 
05-27 21:58:59.992 E/RHWC2   (  376): fox1 [rtk_gdma_post 1507 ]
05-27 21:58:59.992 E/RHWC2   (  376): fox1 [rtk_gdma_post 1530 ]name_of_layer = com.redflix.tvmoderno/com.redx.tvbox.MainActivity#0 num_of_layers=1
05-27 21:58:59.992 E/RHWC2   (  376): fox 1 [rtk_gdma_post 1531] HAS_FLAG=0
05-27 21:58:59.992 E/RHWC2   (  376): fox1 [rtk_gdma_post 1565 ]
05-27 21:59:00.018 E/RHWC2   (  376): fox1 func=hwc2_func_validate_display line=1291 
05-27 21:59:00.018 E/RHWC2   (  376): fox1 func=hwc2_func_validate_display line=1411 
05-27 21:59:00.020 E/RHWC2   (  376): fox1 [rtk_gdma_post 1507 ]
05-27 21:59:00.020 E/RHWC2   (  376): fox1 [rtk_gdma_post 1530 ]name_of_layer = com.redflix.tvmoderno/com.redx.tvbox.MainActivity#0 num_of_layers=1
05-27 21:59:00.020 E/RHWC2   (  376): fox 1 [rtk_gdma_post 1531] HAS_FLAG=0
05-27 21:59:00.020 E/RHWC2   (  376): fox1 [rtk_gdma_post 1565 ]
05-27 21:59:00.035 E/RHWC2   (  376): fox1 func=hwc2_func_validate_display line=1291 
05-27 21:59:00.035 E/RHWC2   (  376): fox1 func=hwc2_func_validate_display line=1411 
05-27 21:59:00.037 E/RHWC2   (  376): fox1 [rtk_gdma_post 1507 ]
05-27 21:59:00.037 E/RHWC2   (  376): fox1 [rtk_gdma_post 1530 ]name_of_layer = com.redflix.tvmoderno/com.redx.tvbox.MainActivity#0 num_of_layers=1
05-27 21:59:00.037 E/RHWC2   (  376): fox 1 [rtk_gdma_post 1531] HAS_FLAG=0
05-27 21:59:00.037 E/RHWC2   (  376): fox1 [rtk_gdma_post 1565 ]
05-27 21:59:00.047 I/system_server(  806): The ClassLoaderContext is a special shared library.
05-27 21:59:00.051 E/RHWC2   (  376): fox1 func=hwc2_func_validate_display line=1291 
05-27 21:59:00.051 E/RHWC2   (  376): fox1 func=hwc2_func_validate_display line=1411 
05-27 21:59:00.053 E/RHWC2   (  376): fox1 [rtk_gdma_post 1507 ]
05-27 21:59:00.053 E/RHWC2   (  376): fox1 [rtk_gdma_post 1530 ]name_of_layer = com.redflix.tvmoderno/com.redx.tvbox.MainActivity#0 num_of_layers=1
05-27 21:59:00.053 E/RHWC2   (  376): fox 1 [rtk_gdma_post 1531] HAS_FLAG=0
05-27 21:59:00.053 E/RHWC2   (  376): fox1 [rtk_gdma_post 1565 ]
05-27 21:59:00.431 I/HdmieArc(  394): earc status newStatus 0, oldStatus=EN_TOS_CEC_EARC_STATUS_HANDSHAKE
05-27 21:59:00.431 I/HdmieArc(  394): rhal earc status: 0, error code: 0 
05-27 21:59:00.497 E/RHWC2   (  376): fox1 func=hwc2_func_validate_display line=1291 
05-27 21:59:00.497 E/RHWC2   (  376): fox1 func=hwc2_func_validate_display line=1411 
05-27 21:59:00.500 E/RHWC2   (  376): fox1 [rtk_gdma_post 1507 ]
05-27 21:59:00.500 E/RHWC2   (  376): fox1 [rtk_gdma_post 1530 ]name_of_layer = com.redflix.tvmoderno/com.redx.tvbox.MainActivity#0 num_of_layers=1
05-27 21:59:00.500 E/RHWC2   (  376): fox 1 [rtk_gdma_post 1531] HAS_FLAG=0
05-27 21:59:00.500 E/RHWC2   (  376): fox1 [rtk_gdma_post 1565 ]
05-27 21:59:00.504 E/RHWC2   (  376): fox1 func=hwc2_func_validate_display line=1291 
05-27 21:59:00.504 E/RHWC2   (  376): fox1 func=hwc2_func_validate_display line=1411 
05-27 21:59:00.508 E/RHWC2   (  376): fox1 [rtk_gdma_post 1507 ]
05-27 21:59:00.508 E/RHWC2   (  376): fox1 [rtk_gdma_post 1530 ]name_of_layer = com.redflix.tvmoderno/com.redx.tvbox.MainActivity#0 num_of_layers=1
05-27 21:59:00.508 E/RHWC2   (  376): fox 1 [rtk_gdma_post 1531] HAS_FLAG=0
05-27 21:59:00.508 E/RHWC2   (  376): fox1 [rtk_gdma_post 1565 ]
05-27 21:59:00.508 D/wpa_supplicant( 1207): nl80211: Drv Event 56 (NL80211_CMD_CANCEL_REMAIN_ON_CHANNEL) received for p2p0
05-27 21:59:00.509 D/wpa_supplicant( 1207): nl80211: Remain-on-channel event (cancel=1 freq=2417 channel_type=0 duration=0 cookie=0x93c (match))
05-27 21:59:00.509 D/wpa_supplicant( 1207): p2p0: Event CANCEL_REMAIN_ON_CHANNEL (20) received
05-27 21:59:00.509 D/wpa_supplicant( 1207): P2P: Cancel remain-on-channel callback (p2p_long_listen=1904982704 ms pending_action_tx=0x0)
05-27 21:59:00.509 D/wpa_supplicant( 1207): p2p0: Radio work 'p2p-listen'@0xb4f80f50 done in 5.024713 seconds
05-27 21:59:00.509 D/wpa_supplicant( 1207): p2p0: radio_work_free('p2p-listen'@0xb4f80f50): num_active_works --> 0
05-27 21:59:00.509 D/wpa_supplicant( 1207): P2P: Driver ended Listen state (freq=2417)
05-27 21:59:00.509 D/wpa_supplicant( 1207): P2P: Continuing long Listen state
05-27 21:59:00.509 D/wpa_supplicant( 1207): P2P: Going to listen(only) state
05-27 21:59:00.509 D/wpa_supplicant( 1207): STA wpa_state=9 freq=2417
05-27 21:59:00.509 D/wpa_supplicant( 1207): P2P: cfg reg_class(81) channel(2)
05-27 21:59:00.509 D/wpa_supplicant( 1207): P2P: cfg reg_class(81) channel(2)
05-27 21:59:00.509 D/wpa_supplicant( 1207): P2P: Set Listen channel: reg_class 81 channel 2
05-27 21:59:00.509 D/wpa_supplicant( 1207): P2P: Defer setting listen channel
05-27 21:59:00.509 D/wpa_supplicant( 1207): P2P: p2p listen class(81)/channel(2)
05-27 21:59:00.509 D/wpa_supplicant( 1207): WPS:  * Version (hardcoded 0x10)
05-27 21:59:00.509 D/wpa_supplicant( 1207): WPS:  * UUID-E
05-27 21:59:00.509 D/wpa_supplicant( 1207): WPS:  * Version2 (0x20)
05-27 21:59:00.509 D/wpa_supplicant( 1207): P2P: * P2P IE header
05-27 21:59:00.509 D/wpa_supplicant( 1207): P2P: * Capability dev=25 group=00
05-27 21:59:00.509 D/wpa_supplicant( 1207): P2P: * Listen Channel: Regulatory Class 81 Channel 2
05-27 21:59:00.509 D/wpa_supplicant( 1207): P2P: * Device Info
05-27 21:59:00.509 D/wpa_supplicant( 1207): p2p0: Add radio work 'p2p-listen'@0xb4f80f50
05-27 21:59:00.509 D/wpa_supplicant( 1207): p2p0: First radio work item in the queue - schedule start immediately
05-27 21:59:00.509 D/wpa_supplicant( 1207): P2P: State LISTEN_ONLY -> LISTEN_ONLY
05-27 21:59:00.509 D/wpa_supplicant( 1207): p2p0: Starting radio work 'p2p-listen'@0xb4f80f50 after 0.000085 second wait
05-27 21:59:00.509 D/wpa_supplicant( 1207): nl80211: Probe Request reporting already on! nl_preq=0x3c74b859
05-27 21:59:00.510 D/wpa_supplicant( 1207): nl80211: Remain-on-channel cookie 0x93d for freq=2417 MHz duration=5000
05-27 21:59:00.518 E/RHWC2   (  376): fox1 func=hwc2_func_validate_display line=1291 
05-27 21:59:00.519 E/RHWC2   (  376): fox1 func=hwc2_func_validate_display line=1411 
05-27 21:59:00.521 E/RHWC2   (  376): fox1 [rtk_gdma_post 1507 ]
05-27 21:59:00.521 E/RHWC2   (  376): fox1 [rtk_gdma_post 1530 ]name_of_layer = com.redflix.tvmoderno/com.redx.tvbox.MainActivity#0 num_of_layers=1
05-27 21:59:00.521 E/RHWC2   (  376): fox 1 [rtk_gdma_post 1531] HAS_FLAG=0
05-27 21:59:00.521 E/RHWC2   (  376): fox1 [rtk_gdma_post 1565 ]
05-27 21:59:00.527 D/wpa_supplicant( 1207): P2P: Timeout (state=LISTEN_ONLY)
05-27 21:59:00.531 D/wpa_supplicant( 1207): nl80211: Drv Event 55 (NL80211_CMD_REMAIN_ON_CHANNEL) received for p2p0
05-27 21:59:00.531 D/wpa_supplicant( 1207): nl80211: Remain-on-channel event (cancel=0 freq=2417 channel_type=0 duration=5000 cookie=0x93d (match))
05-27 21:59:00.531 D/wpa_supplicant( 1207): p2p0: Event REMAIN_ON_CHANNEL (19) received
05-27 21:59:00.531 D/wpa_supplicant( 1207): Off-channel: Send Action callback (without_roc=0 pending_action_tx=0x0 pending_action_tx_done=0)
05-27 21:59:00.531 D/wpa_supplicant( 1207): P2P: remain-on-channel callback (off_channel_freq=2417 pending_listen_freq=2417 roc_waiting_drv_freq=0 freq=2417 duration=5000)
05-27 21:59:00.531 D/wpa_supplicant( 1207): STA wpa_state=9 freq=2417
05-27 21:59:00.531 D/wpa_supplicant( 1207): P2P: Starting Listen timeout(5,0) on freq=2417 based on callback
05-27 21:59:00.531 D/wpa_supplicant( 1207): P2P: Set timeout (state=LISTEN_ONLY): 5.020000 sec
05-27 21:59:00.535 E/RHWC2   (  376): fox1 func=hwc2_func_validate_display line=1291 
05-27 21:59:00.535 E/RHWC2   (  376): fox1 func=hwc2_func_validate_display line=1411 
05-27 21:59:00.537 E/RHWC2   (  376): fox1 [rtk_gdma_post 1507 ]
05-27 21:59:00.537 E/RHWC2   (  376): fox1 [rtk_gdma_post 1530 ]name_of_layer = com.redflix.tvmoderno/com.redx.tvbox.MainActivity#0 num_of_layers=1
05-27 21:59:00.537 E/RHWC2   (  376): fox 1 [rtk_gdma_post 1531] HAS_FLAG=0
05-27 21:59:00.537 E/RHWC2   (  376): fox1 [rtk_gdma_post 1565 ]
05-27 21:59:00.551 E/RHWC2   (  376): fox1 func=hwc2_func_validate_display line=1291 
05-27 21:59:00.551 E/RHWC2   (  376): fox1 func=hwc2_func_validate_display line=1411 
05-27 21:59:00.553 E/RHWC2   (  376): fox1 [rtk_gdma_post 1507 ]
05-27 21:59:00.553 E/RHWC2   (  376): fox1 [rtk_gdma_post 1530 ]name_of_layer = com.redflix.tvmoderno/com.redx.tvbox.MainActivity#0 num_of_layers=1
05-27 21:59:00.553 E/RHWC2   (  376): fox 1 [rtk_gdma_post 1531] HAS_FLAG=0
05-27 21:59:00.553 E/RHWC2   (  376): fox1 [rtk_gdma_post 1565 ]
05-27 21:59:00.568 E/RHWC2   (  376): fox1 func=hwc2_func_validate_display line=1291 
05-27 21:59:00.568 E/RHWC2   (  376): fox1 func=hwc2_func_validate_display line=1411 
05-27 21:59:00.570 E/RHWC2   (  376): fox1 [rtk_gdma_post 1507 ]
05-27 21:59:00.570 E/RHWC2   (  376): fox1 [rtk_gdma_post 1530 ]name_of_layer = com.redflix.tvmoderno/com.redx.tvbox.MainActivity#0 num_of_layers=1
05-27 21:59:00.570 E/RHWC2   (  376): fox 1 [rtk_gdma_post 1531] HAS_FLAG=0
05-27 21:59:00.570 E/RHWC2   (  376): fox1 [rtk_gdma_post 1565 ]
05-27 21:59:00.585 E/RHWC2   (  376): fox1 func=hwc2_func_validate_display line=1291 
05-27 21:59:00.585 E/RHWC2   (  376): fox1 func=hwc2_func_validate_display line=1411 
05-27 21:59:00.586 E/RHWC2   (  376): fox1 [rtk_gdma_post 1507 ]
05-27 21:59:00.586 E/RHWC2   (  376): fox1 [rtk_gdma_post 1530 ]name_of_layer = com.redflix.tvmoderno/com.redx.tvbox.MainActivity#0 num_of_layers=1
05-27 21:59:00.587 E/RHWC2   (  376): fox 1 [rtk_gdma_post 1531] HAS_FLAG=0
05-27 21:59:00.587 E/RHWC2   (  376): fox1 [rtk_gdma_post 1565 ]
05-27 21:59:00.601 E/RHWC2   (  376): fox1 func=hwc2_func_validate_display line=1291 
05-27 21:59:00.601 E/RHWC2   (  376): fox1 func=hwc2_func_validate_display line=1411 
05-27 21:59:00.603 E/RHWC2   (  376): fox1 [rtk_gdma_post 1507 ]
05-27 21:59:00.603 E/RHWC2   (  376): fox1 [rtk_gdma_post 1530 ]name_of_layer = com.redflix.tvmoderno/com.redx.tvbox.MainActivity#0 num_of_layers=1
05-27 21:59:00.603 E/RHWC2   (  376): fox 1 [rtk_gdma_post 1531] HAS_FLAG=0
05-27 21:59:00.603 E/RHWC2   (  376): fox1 [rtk_gdma_post 1565 ]
05-27 21:59:00.618 E/RHWC2   (  376): fox1 func=hwc2_func_validate_display line=1291 
05-27 21:59:00.618 E/RHWC2   (  376): fox1 func=hwc2_func_validate_display line=1411 
05-27 21:59:00.620 E/RHWC2   (  376): fox1 [rtk_gdma_post 1507 ]
05-27 21:59:00.620 E/RHWC2   (  376): fox1 [rtk_gdma_post 1530 ]name_of_layer = com.redflix.tvmoderno/com.redx.tvbox.MainActivity#0 num_of_layers=1
05-27 21:59:00.620 E/RHWC2   (  376): fox 1 [rtk_gdma_post 1531] HAS_FLAG=0
05-27 21:59:00.620 E/RHWC2   (  376): fox1 [rtk_gdma_post 1565 ]
05-27 21:59:00.635 E/RHWC2   (  376): fox1 func=hwc2_func_validate_display line=1291 
05-27 21:59:00.635 E/RHWC2   (  376): fox1 func=hwc2_func_validate_display line=1411 
05-27 21:59:00.637 E/RHWC2   (  376): fox1 [rtk_gdma_post 1507 ]
05-27 21:59:00.637 E/RHWC2   (  376): fox1 [rtk_gdma_post 1530 ]name_of_layer = com.redflix.tvmoderno/com.redx.tvbox.MainActivity#0 num_of_layers=1
05-27 21:59:00.637 E/RHWC2   (  376): fox 1 [rtk_gdma_post 1531] HAS_FLAG=0
05-27 21:59:00.637 E/RHWC2   (  376): fox1 [rtk_gdma_post 1565 ]
05-27 21:59:00.651 E/RHWC2   (  376): fox1 func=hwc2_func_validate_display line=1291 
05-27 21:59:00.651 E/RHWC2   (  376): fox1 func=hwc2_func_validate_display line=1411 
05-27 21:59:00.654 E/RHWC2   (  376): fox1 [rtk_gdma_post 1507 ]
05-27 21:59:00.654 E/RHWC2   (  376): fox1 [rtk_gdma_post 1530 ]name_of_layer = com.redflix.tvmoderno/com.redx.tvbox.MainActivity#0 num_of_layers=1
05-27 21:59:00.654 E/RHWC2   (  376): fox 1 [rtk_gdma_post 1531] HAS_FLAG=0
05-27 21:59:00.654 E/RHWC2   (  376): fox1 [rtk_gdma_post 1565 ]
05-27 21:59:00.668 E/RHWC2   (  376): fox1 func=hwc2_func_validate_display line=1291 
05-27 21:59:00.668 E/RHWC2   (  376): fox1 func=hwc2_func_validate_display line=1411 
05-27 21:59:00.670 E/RHWC2   (  376): fox1 [rtk_gdma_post 1507 ]
05-27 21:59:00.670 E/RHWC2   (  376): fox1 [rtk_gdma_post 1530 ]name_of_layer = com.redflix.tvmoderno/com.redx.tvbox.MainActivity#0 num_of_layers=1
05-27 21:59:00.670 E/RHWC2   (  376): fox 1 [rtk_gdma_post 1531] HAS_FLAG=0
05-27 21:59:00.670 E/RHWC2   (  376): fox1 [rtk_gdma_post 1565 ]
05-27 21:59:00.675 D/wpa_supplicant( 1207): wlan_traffic_statistics rx_byte = 918951200 rx rate = 67 Kb/s
05-27 21:59:00.675 D/wpa_supplicant( 1207): wlan_traffic_statistics tx_byte = 154832769 tx rate = 206 Kb/s
05-27 21:59:00.685 E/RHWC2   (  376): fox1 func=hwc2_func_validate_display line=1291 
05-27 21:59:00.685 E/RHWC2   (  376): fox1 func=hwc2_func_validate_display line=1411 
05-27 21:59:00.687 E/RHWC2   (  376): fox1 [rtk_gdma_post 1507 ]
05-27 21:59:00.687 E/RHWC2   (  376): fox1 [rtk_gdma_post 1530 ]name_of_layer = com.redflix.tvmoderno/com.redx.tvbox.MainActivity#0 num_of_layers=1
05-27 21:59:00.687 E/RHWC2   (  376): fox 1 [rtk_gdma_post 1531] HAS_FLAG=0
05-27 21:59:00.687 E/RHWC2   (  376): fox1 [rtk_gdma_post 1565 ]
05-27 21:59:00.701 E/RHWC2   (  376): fox1 func=hwc2_func_validate_display line=1291 
05-27 21:59:00.701 E/RHWC2   (  376): fox1 func=hwc2_func_validate_display line=1411 
05-27 21:59:00.703 E/RHWC2   (  376): fox1 [rtk_gdma_post 1507 ]
05-27 21:59:00.703 E/RHWC2   (  376): fox1 [rtk_gdma_post 1530 ]name_of_layer = com.redflix.tvmoderno/com.redx.tvbox.MainActivity#0 num_of_layers=1
05-27 21:59:00.703 E/RHWC2   (  376): fox 1 [rtk_gdma_post 1531] HAS_FLAG=0
05-27 21:59:00.703 E/RHWC2   (  376): fox1 [rtk_gdma_post 1565 ]
05-27 21:59:01.112 I/cast_shell( 2612): [0527/215901.111878:INFO:service_base.h(78)] Size of the map for type AuthTokenResponse is 0
05-27 21:59:01.172 I/cast_shell( 2612): [0527/215901.172735:INFO:service_base.h(246)] Container sizes for type CloudSetting are (session_info_map: 0), (topic_info_map: 21), (pending_events: 0).
05-27 21:59:01.432 I/HdmieArc(  394): earc status newStatus 0, oldStatus=EN_TOS_CEC_EARC_STATUS_HANDSHAKE
05-27 21:59:01.432 I/HdmieArc(  394): rhal earc status: 0, error code: 0 
05-27 21:59:01.927 E/TaskPersister(  806): File error accessing recents directory (directory doesn't exist?).
05-27 21:59:02.323 I/cast_shell( 2612): [0527/215902.323290:INFO:wifi_frame_histogram_capturer.cc(406)] No histogram or IOCTL data
05-27 21:59:02.326 I/cast_shell( 2612): [0527/215902.326109:INFO:wifi_util.cc(197)] Current wifi TDLS peers:
05-27 21:59:02.326 I/cast_shell( 2612): [0527/215902.326220:INFO:wifi_util.cc(199)] 	No peers:
05-27 21:59:02.432 I/HdmieArc(  394): earc status newStatus 0, oldStatus=EN_TOS_CEC_EARC_STATUS_HANDSHAKE
05-27 21:59:02.432 I/HdmieArc(  394): rhal earc status: 0, error code: 0 
05-27 21:59:02.489 I/cast_shell( 2612): [0527/215902.489701:INFO:metrics_recorder.cc(193)] Record action: Cast.CecHdmiInputState.Unknown
05-27 21:59:02.489 I/cast_shell( 2612): [0527/215902.489834:INFO:metrics_recorder.cc(193)] Record action: Cast.CecStandby.Unknown
05-27 21:59:02.513 I/cast_shell( 2612): [0527/215902.512136:INFO:metrics_stat_logger.cc(38)] Metrics stat for the past 60 secs : total=15
05-27 21:59:02.513 I/cast_shell( 2612): [metrics_stat_logger] AppRunning=1
05-27 21:59:02.513 I/cast_shell( 2612): [metrics_stat_logger] Cast.CecHdmiInputState.Unknown=1
05-27 21:59:02.513 I/cast_shell( 2612): [metrics_stat_logger] Cast.CecStandby.Unknown=1
05-27 21:59:02.513 I/cast_shell( 2612): [metrics_stat_logger] Cast.ConnectionType.Wifi=1
05-27 21:59:02.513 I/cast_shell( 2612): [metrics_stat_logger] Cast.Discovery.Mdns.Query.Cast.Count=1
05-27 21:59:02.513 I/cast_shell( 2612): [metrics_stat_logger] Cast.Discovery.Mdns.Request.In=4
05-27 21:59:02.513 I/cast_shell( 2612): [metrics_stat_logger] Cast.Discovery.Mdns.Response.Out=4
05-27 21:59:02.513 I/cast_shell( 2612): [metrics_stat_logger] Cast.Network.CheckIn=1
05-27 21:59:02.513 I/cast_shell( 2612): [metrics_stat_logger] CastV2.Authenticate.Challenge.In=1
05-27 21:59:02.513 I/cast_shell( 2612): [metrics_stat_logger] CastV2.Authenticate.Response.Out=1
05-27 21:59:02.513 I/cast_shell( 2612): [metrics_stat_logger] CastV2.Connection.Connect.In=1
05-27 21:59:02.513 I/cast_shell( 2612): [metrics_stat_logger] CastV2.Receiver.DeviceStatus.Out=1
05-27 21:59:02.513 I/cast_shell( 2612): [metrics_stat_logger] CastV2.Receiver.GetStatus.In=1
05-27 21:59:02.513 I/cast_shell( 2612): [metrics_stat_logger] CastV2.Transport.Accept=1
05-27 21:59:02.513 I/cast_shell( 2612): [metrics_stat_logger] CastV2.Transport.TcpAccept=1
05-27 21:59:02.540 E/WifiVendorHal(  806): getWifiLinkLayerStats_1_3_Internal(l.978) failed {.code = ERROR_NOT_SUPPORTED, .description = }
05-27 21:59:02.544 D/WifiClientModeImpl(  806): fetchRssiLinkSpeedAndFrequencyNative rssi=-71 TxLinkspeed=130 freq=2417 RxLinkSpeed=0
05-27 21:59:02.544 V/WifiConfigManager(  806): Updating scan detail cache freq=2417 BSSID=f8:2d:c0:24:9e:d2 RSSI=-70 for "BOLSONARO2018"WPA_PSK
05-27 21:59:02.545 D/WifiThroughputPredictor(  806):  utilization (BssLoad) -1 utilization (LLStats) 80 isBluetoothConnected: false final utilization: 80
05-27 21:59:02.545 D/WifiThroughputPredictor(  806):  utilization (BssLoad) -1 utilization (LLStats) 80 isBluetoothConnected: false final utilization: 80
05-27 21:59:02.545 D/WifiScoreCard(  806): BSSID update SIGNAL_POLL ID: 398514962 SSID: BOLSONARO2018, BSSID: f8:2d:c0:24:9e:d2, MAC: 64:57:25:8c:68:c1, Supplicant state: COMPLETED, Wi-Fi standard: 0, RSSI: -71, Link speed: 130Mbps, Tx Link speed: 130Mbps, Max Supported Tx Link speed: -1Mbps, Rx Link speed: -1Mbps, Max Supported Rx Link speed: -1Mbps, Frequency: 2417MHz, Net ID: 0, Metered hint: false, score: 60
05-27 21:59:02.545 D/WifiScoreCard(  806): txRate: 64 txSpeed: 130
05-27 21:59:02.546 D/WifiScoreCard(  806): network update SIGNAL_POLL "BOLSONARO2018" ID: 976476524 RSSI -71 txSpeed 130
05-27 21:59:02.546 D/WifiScoreCard(  806): SSID: "BOLSONARO2018"
05-27 21:59:02.546 D/WifiScoreCard(  806):  LastRssiPollTime: 11922610 LastRssiPoll: -71 LastTxSpeedPoll: 130
05-27 21:59:02.546 D/WifiScoreCard(  806):  StatsRecent:  ConnectAttempt: 4 ConnectFailure: 0 ConnectDurSec: 6372708 AssocRej: 0 AssocTimeout: 0 AuthFailure: 0 ShortDiscNonlocal: 6 DisconnectNonlocal: 7 Disconnect: 13 ConsecutiveConnectFailure: 0
05-27 21:59:02.546 D/WifiScoreCard(  806):  StatsCurr:  ConnectAttempt: 54 ConnectFailure: 0 ConnectDurSec: 759544 AssocRej: 0 AssocTimeout: 0 AuthFailure: 0 ShortDiscNonlocal: 39 DisconnectNonlocal: 53 Disconnect: 73 ConsecutiveConnectFailure: 0
05-27 21:59:02.546 D/WifiScoreCard(  806):  StatsPrev:  ConnectAttempt: 15 ConnectFailure: 0 ConnectDurSec: 211923 AssocRej: 0 AssocTimeout: 0 AuthFailure: 0 ShortDiscNonlocal: 10 DisconnectNonlocal: 19 Disconnect: 32 ConsecutiveConnectFailure: 0
05-27 21:59:02.547 D/ConnectivityListener( 1306): updateWifiConnectivityStatus
05-27 21:59:02.547 D/WifiClientModeImpl(  806):  L2ConnectedState screen=on 1 0 "BOLSONARO2018" f8:2d:c0:24:9e:d2 rssi=-71 f=2417 sc=60 link=130 tx=63,1, 0,0, 0,0  rx=57,9 bcn=0 [on:0 tx:0 rx:0 period:3006] from screen [on:0 period:1813482003] score=60
05-27 21:59:02.548 I/WifiService(  806): getConnectionInfo uid=1000
05-27 21:59:02.548 D/ConnectivityListener( 1306): updateWifiConnectivityStatus: AP state = COMPLETED
05-27 21:59:02.548 D/ConnectivityListener( 1306): updateWifiConnectivityStatus: AP is connected
05-27 21:59:02.548 D/ConnectivityListener( 1306): setWifiStatus connected = true
05-27 21:59:02.548 D/ConnectivityListener( 1306): updateWifiConnectivityStatus: ssid = "BOLSONARO2018"
05-27 21:59:02.548 D/ConnectivityListener( 1306): isWireConnected: 
05-27 21:59:02.549 D/ConnectivityListener( 1306): isWireConnected = false
05-27 21:59:02.549 D/ConnectivityListener( 1306): setEthernetStatus = false
05-27 21:59:02.549 D/MainFragment( 1306): updateConnectivity() start
05-27 21:59:02.549 D/MainFragment( 1306): connectedState = true
05-27 21:59:02.549 D/MainFragment( 1306): TextUtils.isEmpty(connectedState) = false
05-27 21:59:02.549 I/WifiService(  806): getWifiEnabledState uid=1000
05-27 21:59:02.550 D/ConnectivityListener( 1306): isWifiEnabledOrEnabling: wifiManager.getWifiState = 3
05-27 21:59:02.550 I/WifiService(  806): getWifiEnabledState uid=1000
05-27 21:59:02.550 D/ConnectivityListener( 1306): isWifiConnected: isWifiConnected = true
05-27 21:59:02.550 I/WifiService(  806): getConnectionInfo uid=1000
05-27 21:59:02.550 I/WifiService(  806): getConnectionInfo uid=1000
05-27 21:59:02.551 D/MainFragment( 1306): updateConnectivity() end
05-27 21:59:02.676 D/wpa_supplicant( 1207): wlan_traffic_statistics rx_byte = 918952780 rx rate = 6 Kb/s
05-27 21:59:02.676 D/wpa_supplicant( 1207): wlan_traffic_statistics tx_byte = 154835215 tx rate = 9 Kb/s
05-27 21:59:02.992 E/RHWC2   (  376): fox1 func=hwc2_func_validate_display line=1291 
05-27 21:59:02.993 E/RHWC2   (  376): fox1 func=hwc2_func_validate_display line=1411 
05-27 21:59:02.995 E/RHWC2   (  376): fox1 [rtk_gdma_post 1507 ]
05-27 21:59:02.995 E/RHWC2   (  376): fox1 [rtk_gdma_post 1530 ]name_of_layer = com.redflix.tvmoderno/com.redx.tvbox.MainActivity#0 num_of_layers=1
05-27 21:59:02.995 E/RHWC2   (  376): fox 1 [rtk_gdma_post 1531] HAS_FLAG=0
05-27 21:59:02.995 E/RHWC2   (  376): fox1 [rtk_gdma_post 1565 ]
05-27 21:59:03.432 I/HdmieArc(  394): earc status newStatus 0, oldStatus=EN_TOS_CEC_EARC_STATUS_HANDSHAKE
05-27 21:59:03.432 I/HdmieArc(  394): rhal earc status: 0, error code: 0 
05-27 21:59:03.650 D/TVKitService(  812): getProjectID
05-27 21:59:03.650 D/DeviceInfoImpl(  812): getProjectID from map is 4357
05-27 21:59:03.650 I/TCL_DeviceInfo( 2208): id = 4357
05-27 21:59:03.651 E/TCL_DeviceInfo( 2208): from sita get client type is TCL-LA-RTD51A-S1
05-27 21:59:03.651 D/TVKitService(  812): getSoftwareVersion
05-27 21:59:03.651 D/DeviceInfoImpl(  812): getSoftwareVersion is V8-R51AT01-LF1V126
05-27 21:59:03.652 I/TCL_DeviceInfo( 2208): ret  = V8-R51AT01-LF1V126
05-27 21:59:03.652 I/WifiService(  806): getConnectionInfo uid=1000
05-27 21:59:04.432 I/HdmieArc(  394): earc status newStatus 0, oldStatus=EN_TOS_CEC_EARC_STATUS_HANDSHAKE
05-27 21:59:04.433 I/HdmieArc(  394): rhal earc status: 0, error code: 0 
05-27 21:59:04.579 D/TCastPublishOverUdp( 2208): ed8fb9a@sendOnline
05-27 21:59:04.677 D/wpa_supplicant( 1207): wlan_traffic_statistics rx_byte = 918954054 rx rate = 4 Kb/s
05-27 21:59:04.677 D/wpa_supplicant( 1207): wlan_traffic_statistics tx_byte = 154837105 tx rate = 7 Kb/s
05-27 21:59:05.433 I/HdmieArc(  394): earc status newStatus 0, oldStatus=EN_TOS_CEC_EARC_STATUS_HANDSHAKE
05-27 21:59:05.433 I/HdmieArc(  394): rhal earc status: 0, error code: 0 
05-27 21:59:05.532 D/wpa_supplicant( 1207): nl80211: Drv Event 56 (NL80211_CMD_CANCEL_REMAIN_ON_CHANNEL) received for p2p0
05-27 21:59:05.532 D/wpa_supplicant( 1207): nl80211: Remain-on-channel event (cancel=1 freq=2417 channel_type=0 duration=0 cookie=0x93d (match))
05-27 21:59:05.532 D/wpa_supplicant( 1207): p2p0: Event CANCEL_REMAIN_ON_CHANNEL (20) received
05-27 21:59:05.532 D/wpa_supplicant( 1207): P2P: Cancel remain-on-channel callback (p2p_long_listen=1904977704 ms pending_action_tx=0x0)
05-27 21:59:05.532 D/wpa_supplicant( 1207): p2p0: Radio work 'p2p-listen'@0xb4f80f50 done in 5.022487 seconds
05-27 21:59:05.532 D/wpa_supplicant( 1207): p2p0: radio_work_free('p2p-listen'@0xb4f80f50): num_active_works --> 0
05-27 21:59:05.532 D/wpa_supplicant( 1207): P2P: Driver ended Listen state (freq=2417)
05-27 21:59:05.532 D/wpa_supplicant( 1207): P2P: Continuing long Listen state
05-27 21:59:05.532 D/wpa_supplicant( 1207): P2P: Going to listen(only) state
05-27 21:59:05.532 D/wpa_supplicant( 1207): STA wpa_state=9 freq=2417
05-27 21:59:05.532 D/wpa_supplicant( 1207): P2P: cfg reg_class(81) channel(2)
05-27 21:59:05.532 D/wpa_supplicant( 1207): P2P: cfg reg_class(81) channel(2)
05-27 21:59:05.532 D/wpa_supplicant( 1207): P2P: Set Listen channel: reg_class 81 channel 2
05-27 21:59:05.532 D/wpa_supplicant( 1207): P2P: Defer setting listen channel
05-27 21:59:05.532 D/wpa_supplicant( 1207): P2P: p2p listen class(81)/channel(2)
05-27 21:59:05.532 D/wpa_supplicant( 1207): WPS:  * Version (hardcoded 0x10)
05-27 21:59:05.532 D/wpa_supplicant( 1207): WPS:  * UUID-E
05-27 21:59:05.532 D/wpa_supplicant( 1207): WPS:  * Version2 (0x20)
05-27 21:59:05.532 D/wpa_supplicant( 1207): P2P: * P2P IE header
05-27 21:59:05.532 D/wpa_supplicant( 1207): P2P: * Capability dev=25 group=00
05-27 21:59:05.532 D/wpa_supplicant( 1207): P2P: * Listen Channel: Regulatory Class 81 Channel 2
05-27 21:59:05.532 D/wpa_supplicant( 1207): P2P: * Device Info
05-27 21:59:05.532 D/wpa_supplicant( 1207): p2p0: Add radio work 'p2p-listen'@0xb4f80f50
05-27 21:59:05.532 D/wpa_supplicant( 1207): p2p0: First radio work item in the queue - schedule start immediately
05-27 21:59:05.532 D/wpa_supplicant( 1207): P2P: State LISTEN_ONLY -> LISTEN_ONLY
05-27 21:59:05.532 D/wpa_supplicant( 1207): p2p0: Starting radio work 'p2p-listen'@0xb4f80f50 after 0.000072 second wait
05-27 21:59:05.532 D/wpa_supplicant( 1207): nl80211: Probe Request reporting already on! nl_preq=0x3c74b859
05-27 21:59:05.532 D/wpa_supplicant( 1207): nl80211: Remain-on-channel cookie 0x93e for freq=2417 MHz duration=5000
05-27 21:59:05.550 E/WifiVendorHal(  806): getWifiLinkLayerStats_1_3_Internal(l.978) failed {.code = ERROR_NOT_SUPPORTED, .description = }
05-27 21:59:05.552 D/wpa_supplicant( 1207): P2P: Timeout (state=LISTEN_ONLY)
05-27 21:59:05.555 D/wpa_supplicant( 1207): nl80211: Drv Event 55 (NL80211_CMD_REMAIN_ON_CHANNEL) received for p2p0
05-27 21:59:05.555 D/wpa_supplicant( 1207): nl80211: Remain-on-channel event (cancel=0 freq=2417 channel_type=0 duration=5000 cookie=0x93e (match))
05-27 21:59:05.555 D/wpa_supplicant( 1207): p2p0: Event REMAIN_ON_CHANNEL (19) received
05-27 21:59:05.555 D/wpa_supplicant( 1207): Off-channel: Send Action callback (without_roc=0 pending_action_tx=0x0 pending_action_tx_done=0)
05-27 21:59:05.555 D/wpa_supplicant( 1207): P2P: remain-on-channel callback (off_channel_freq=2417 pending_listen_freq=2417 roc_waiting_drv_freq=0 freq=2417 duration=5000)
05-27 21:59:05.555 D/wpa_supplicant( 1207): STA wpa_state=9 freq=2417
05-27 21:59:05.555 D/wpa_supplicant( 1207): P2P: Starting Listen timeout(5,0) on freq=2417 based on callback
05-27 21:59:05.555 D/wpa_supplicant( 1207): P2P: Set timeout (state=LISTEN_ONLY): 5.020000 sec
05-27 21:59:05.560 D/WifiClientModeImpl(  806): fetchRssiLinkSpeedAndFrequencyNative rssi=-74 TxLinkspeed=130 freq=2417 RxLinkSpeed=0
05-27 21:59:05.560 V/WifiConfigManager(  806): Updating scan detail cache freq=2417 BSSID=f8:2d:c0:24:9e:d2 RSSI=-72 for "BOLSONARO2018"WPA_PSK
05-27 21:59:05.561 D/WifiThroughputPredictor(  806):  utilization (BssLoad) -1 utilization (LLStats) 80 isBluetoothConnected: false final utilization: 80
05-27 21:59:05.561 D/WifiThroughputPredictor(  806):  utilization (BssLoad) -1 utilization (LLStats) 80 isBluetoothConnected: false final utilization: 80
05-27 21:59:05.561 D/WifiScoreCard(  806): BSSID update SIGNAL_POLL ID: 398514962 SSID: BOLSONARO2018, BSSID: f8:2d:c0:24:9e:d2, MAC: 64:57:25:8c:68:c1, Supplicant state: COMPLETED, Wi-Fi standard: 0, RSSI: -74, Link speed: 130Mbps, Tx Link speed: 130Mbps, Max Supported Tx Link speed: -1Mbps, Rx Link speed: -1Mbps, Max Supported Rx Link speed: -1Mbps, Frequency: 2417MHz, Net ID: 0, Metered hint: false, score: 60
05-27 21:59:05.561 D/WifiScoreCard(  806): txRate: 28 txSpeed: 130
05-27 21:59:05.561 D/WifiScoreCard(  806): network update SIGNAL_POLL "BOLSONARO2018" ID: 976476524 RSSI -74 txSpeed 130
05-27 21:59:05.562 D/WifiScoreCard(  806): SSID: "BOLSONARO2018"
05-27 21:59:05.562 D/WifiScoreCard(  806):  LastRssiPollTime: 11925626 LastRssiPoll: -74 LastTxSpeedPoll: 130
05-27 21:59:05.562 D/WifiScoreCard(  806):  StatsRecent:  ConnectAttempt: 4 ConnectFailure: 0 ConnectDurSec: 6372708 AssocRej: 0 AssocTimeout: 0 AuthFailure: 0 ShortDiscNonlocal: 6 DisconnectNonlocal: 7 Disconnect: 13 ConsecutiveConnectFailure: 0
05-27 21:59:05.562 D/WifiScoreCard(  806):  StatsCurr:  ConnectAttempt: 54 ConnectFailure: 0 ConnectDurSec: 759544 AssocRej: 0 AssocTimeout: 0 AuthFailure: 0 ShortDiscNonlocal: 39 DisconnectNonlocal: 53 Disconnect: 73 ConsecutiveConnectFailure: 0
05-27 21:59:05.562 D/WifiScoreCard(  806):  StatsPrev:  ConnectAttempt: 15 ConnectFailure: 0 ConnectDurSec: 211923 AssocRej: 0 AssocTimeout: 0 AuthFailure: 0 ShortDiscNonlocal: 10 DisconnectNonlocal: 19 Disconnect: 32 ConsecutiveConnectFailure: 0
05-27 21:59:05.563 D/ConnectivityListener( 1306): updateWifiConnectivityStatus
05-27 21:59:05.563 D/WifiClientModeImpl(  806):  L2ConnectedState screen=on 1 0 "BOLSONARO2018" f8:2d:c0:24:9e:d2 rssi=-74 f=2417 sc=60 link=130 tx=27,1, 0,0, 0,0  rx=24,8 bcn=0 [on:0 tx:0 rx:0 period:3014] from screen [on:0 period:1813485019] score=60
05-27 21:59:05.564 I/WifiService(  806): getConnectionInfo uid=1000
05-27 21:59:05.564 D/ConnectivityListener( 1306): updateWifiConnectivityStatus: AP state = COMPLETED
05-27 21:59:05.564 D/ConnectivityListener( 1306): updateWifiConnectivityStatus: AP is connected
05-27 21:59:05.564 D/ConnectivityListener( 1306): setWifiStatus connected = true
05-27 21:59:05.564 D/ConnectivityListener( 1306): updateWifiConnectivityStatus: ssid = "BOLSONARO2018"
05-27 21:59:05.564 D/ConnectivityListener( 1306): isWireConnected: 
05-27 21:59:05.564 D/ConnectivityListener( 1306): isWireConnected = false
05-27 21:59:05.564 D/ConnectivityListener( 1306): setEthernetStatus = false
05-27 21:59:05.564 D/MainFragment( 1306): updateConnectivity() start
05-27 21:59:05.565 D/MainFragment( 1306): connectedState = true
05-27 21:59:05.565 D/MainFragment( 1306): TextUtils.isEmpty(connectedState) = false
05-27 21:59:05.565 I/WifiService(  806): getWifiEnabledState uid=1000
05-27 21:59:05.565 D/ConnectivityListener( 1306): isWifiEnabledOrEnabling: wifiManager.getWifiState = 3
05-27 21:59:05.565 I/WifiService(  806): getWifiEnabledState uid=1000
05-27 21:59:05.565 D/ConnectivityListener( 1306): isWifiConnected: isWifiConnected = true
05-27 21:59:05.566 I/WifiService(  806): getConnectionInfo uid=1000
05-27 21:59:05.566 I/WifiService(  806): getConnectionInfo uid=1000
05-27 21:59:05.566 D/MainFragment( 1306): updateConnectivity() end
05-27 21:59:06.433 I/HdmieArc(  394): earc status newStatus 0, oldStatus=EN_TOS_CEC_EARC_STATUS_HANDSHAKE
05-27 21:59:06.433 I/HdmieArc(  394): rhal earc status: 0, error code: 0 
05-27 21:59:06.560 D/FreezeManager(  806): before doFreeze 1899 pro com.android.vending:background
05-27 21:59:06.560 D/Process (  806): doFreeze success for 1899
05-27 21:59:06.560 D/FreezeManager(  806): doFreeze 1899 pro com.android.vending:background res true
05-27 21:59:06.561 D/freeze  (  806): recv from kernel: tag 5 buf [PID 1899][BUSY 0] 
05-27 21:59:06.561 D/freeze  (  806): recv from kernel: tag 5 pid is 1899 state 0 
05-27 21:59:06.561 D/Process (  806): freeze state is 5 pid is 1899 ohter is 0
05-27 21:59:06.678 D/wpa_supplicant( 1207): wlan_traffic_statistics rx_byte = 918954252 rx rate = 0 Kb/s
05-27 21:59:06.678 D/wpa_supplicant( 1207): wlan_traffic_statistics tx_byte = 154837758 tx rate = 2 Kb/s
05-27 21:59:07.434 I/HdmieArc(  394): earc status newStatus 0, oldStatus=EN_TOS_CEC_EARC_STATUS_HANDSHAKE
05-27 21:59:07.434 I/HdmieArc(  394): rhal earc status: 0, error code: 0 
05-27 21:59:07.625 W/ThreadPoolForeg( 1480): type=1400 audit(0.0:1275): avc: denied { write } for name="traced_producer" dev="tmpfs" ino=13479 scontext=u:r:gmscore_app:s0:c512,c768 tcontext=u:object_r:traced_producer_socket:s0 tclass=sock_file permissive=0 app=com.google.android.gms
05-27 21:59:08.434 I/HdmieArc(  394): earc status newStatus 0, oldStatus=EN_TOS_CEC_EARC_STATUS_HANDSHAKE
05-27 21:59:08.434 I/HdmieArc(  394): rhal earc status: 0, error code: 0 
05-27 21:59:08.565 E/WifiVendorHal(  806): getWifiLinkLayerStats_1_3_Internal(l.978) failed {.code = ERROR_NOT_SUPPORTED, .description = }
05-27 21:59:08.571 D/WifiClientModeImpl(  806): fetchRssiLinkSpeedAndFrequencyNative rssi=-72 TxLinkspeed=104 freq=2417 RxLinkSpeed=0
05-27 21:59:08.571 V/WifiConfigManager(  806): Updating scan detail cache freq=2417 BSSID=f8:2d:c0:24:9e:d2 RSSI=-72 for "BOLSONARO2018"WPA_PSK
05-27 21:59:08.572 D/WifiThroughputPredictor(  806):  utilization (BssLoad) -1 utilization (LLStats) 80 isBluetoothConnected: false final utilization: 80
05-27 21:59:08.572 D/WifiThroughputPredictor(  806):  utilization (BssLoad) -1 utilization (LLStats) 80 isBluetoothConnected: false final utilization: 80
05-27 21:59:08.573 D/WifiScoreCard(  806): BSSID update SIGNAL_POLL ID: 398514962 SSID: BOLSONARO2018, BSSID: f8:2d:c0:24:9e:d2, MAC: 64:57:25:8c:68:c1, Supplicant state: COMPLETED, Wi-Fi standard: 0, RSSI: -72, Link speed: 104Mbps, Tx Link speed: 104Mbps, Max Supported Tx Link speed: -1Mbps, Rx Link speed: -1Mbps, Max Supported Rx Link speed: -1Mbps, Frequency: 2417MHz, Net ID: 0, Metered hint: false, score: 60
05-27 21:59:08.573 D/WifiScoreCard(  806): txRate: 12 txSpeed: 104
05-27 21:59:08.573 D/WifiScoreCard(  806): network update SIGNAL_POLL "BOLSONARO2018" ID: 976476524 RSSI -72 txSpeed 104
05-27 21:59:08.573 D/WifiScoreCard(  806): SSID: "BOLSONARO2018"
05-27 21:59:08.573 D/WifiScoreCard(  806):  LastRssiPollTime: 11928637 LastRssiPoll: -72 LastTxSpeedPoll: 104
05-27 21:59:08.573 D/WifiScoreCard(  806):  StatsRecent:  ConnectAttempt: 4 ConnectFailure: 0 ConnectDurSec: 6372708 AssocRej: 0 AssocTimeout: 0 AuthFailure: 0 ShortDiscNonlocal: 6 DisconnectNonlocal: 7 Disconnect: 13 ConsecutiveConnectFailure: 0
05-27 21:59:08.573 D/WifiScoreCard(  806):  StatsCurr:  ConnectAttempt: 54 ConnectFailure: 0 ConnectDurSec: 759544 AssocRej: 0 AssocTimeout: 0 AuthFailure: 0 ShortDiscNonlocal: 39 DisconnectNonlocal: 53 Disconnect: 73 ConsecutiveConnectFailure: 0
05-27 21:59:08.573 D/WifiScoreCard(  806):  StatsPrev:  ConnectAttempt: 15 ConnectFailure: 0 ConnectDurSec: 211923 AssocRej: 0 AssocTimeout: 0 AuthFailure: 0 ShortDiscNonlocal: 10 DisconnectNonlocal: 19 Disconnect: 32 ConsecutiveConnectFailure: 0
05-27 21:59:08.575 D/ConnectivityListener( 1306): updateWifiConnectivityStatus
05-27 21:59:08.575 I/WifiService(  806): getConnectionInfo uid=1000
05-27 21:59:08.575 D/ConnectivityListener( 1306): updateWifiConnectivityStatus: AP state = COMPLETED
05-27 21:59:08.576 D/ConnectivityListener( 1306): updateWifiConnectivityStatus: AP is connected
05-27 21:59:08.576 D/ConnectivityListener( 1306): setWifiStatus connected = true
05-27 21:59:08.576 D/ConnectivityListener( 1306): updateWifiConnectivityStatus: ssid = "BOLSONARO2018"
05-27 21:59:08.576 D/ConnectivityListener( 1306): isWireConnected: 
05-27 21:59:08.576 D/ConnectivityListener( 1306): isWireConnected = false
05-27 21:59:08.576 D/ConnectivityListener( 1306): setEthernetStatus = false
05-27 21:59:08.576 D/MainFragment( 1306): updateConnectivity() start
05-27 21:59:08.576 D/MainFragment( 1306): connectedState = true
05-27 21:59:08.577 D/MainFragment( 1306): TextUtils.isEmpty(connectedState) = false
05-27 21:59:08.577 I/WifiService(  806): getWifiEnabledState uid=1000
05-27 21:59:08.577 D/ConnectivityListener( 1306): isWifiEnabledOrEnabling: wifiManager.getWifiState = 3
05-27 21:59:08.577 I/WifiService(  806): getWifiEnabledState uid=1000
05-27 21:59:08.577 D/WifiClientModeImpl(  806):  L2ConnectedState screen=on 1 0 "BOLSONARO2018" f8:2d:c0:24:9e:d2 rssi=-72 f=2417 sc=60 link=104 tx=11,4, 0,0, 0,0  rx=11,0 bcn=0 [on:0 tx:0 rx:0 period:3013] from screen [on:0 period:1813488033] score=60
05-27 21:59:08.577 D/ConnectivityListener( 1306): isWifiConnected: isWifiConnected = true
05-27 21:59:08.578 I/WifiService(  806): getConnectionInfo uid=1000
05-27 21:59:08.578 I/WifiService(  806): getConnectionInfo uid=1000
05-27 21:59:08.578 D/MainFragment( 1306): updateConnectivity() end
05-27 21:59:08.660 D/TVKitService(  812): getProjectID
05-27 21:59:08.660 D/DeviceInfoImpl(  812): getProjectID from map is 4357
05-27 21:59:08.660 I/TCL_DeviceInfo( 2208): id = 4357
05-27 21:59:08.660 E/TCL_DeviceInfo( 2208): from sita get client type is TCL-LA-RTD51A-S1
05-27 21:59:08.661 D/TVKitService(  812): getSoftwareVersion
05-27 21:59:08.661 D/DeviceInfoImpl(  812): getSoftwareVersion is V8-R51AT01-LF1V126
05-27 21:59:08.661 I/TCL_DeviceInfo( 2208): ret  = V8-R51AT01-LF1V126
05-27 21:59:08.661 I/WifiService(  806): getConnectionInfo uid=1000
05-27 21:59:08.680 D/wpa_supplicant( 1207): wlan_traffic_statistics rx_byte = 918955426 rx rate = 4 Kb/s
05-27 21:59:08.680 D/wpa_supplicant( 1207): wlan_traffic_statistics tx_byte = 154838881 tx rate = 4 Kb/s
05-27 21:59:09.434 I/HdmieArc(  394): earc status newStatus 0, oldStatus=EN_TOS_CEC_EARC_STATUS_HANDSHAKE
05-27 21:59:09.434 I/HdmieArc(  394): rhal earc status: 0, error code: 0 
05-27 21:59:09.980 D/TCastPublishOverUdp( 2208): ed8fb9a@sendOnline
05-27 21:59:10.385 E/RHWC2   (  376): fox1 func=hwc2_func_validate_display line=1291 
05-27 21:59:10.385 E/RHWC2   (  376): fox1 func=hwc2_func_validate_display line=1411 
05-27 21:59:10.387 E/RHWC2   (  376): fox1 [rtk_gdma_post 1507 ]
05-27 21:59:10.387 E/RHWC2   (  376): fox1 [rtk_gdma_post 1530 ]name_of_layer = com.redflix.tvmoderno/com.redx.tvbox.MainActivity#0 num_of_layers=1
05-27 21:59:10.387 E/RHWC2   (  376): fox 1 [rtk_gdma_post 1531] HAS_FLAG=0
05-27 21:59:10.387 E/RHWC2   (  376): fox1 [rtk_gdma_post 1565 ]
05-27 21:59:10.401 E/RHWC2   (  376): fox1 func=hwc2_func_validate_display line=1291 
05-27 21:59:10.401 E/RHWC2   (  376): fox1 func=hwc2_func_validate_display line=1411 
05-27 21:59:10.403 E/RHWC2   (  376): fox1 [rtk_gdma_post 1507 ]
05-27 21:59:10.403 E/RHWC2   (  376): fox1 [rtk_gdma_post 1530 ]name_of_layer = com.redflix.tvmoderno/com.redx.tvbox.MainActivity#0 num_of_layers=1
05-27 21:59:10.403 E/RHWC2   (  376): fox 1 [rtk_gdma_post 1531] HAS_FLAG=0
05-27 21:59:10.403 E/RHWC2   (  376): fox1 [rtk_gdma_post 1565 ]
05-27 21:59:10.418 E/RHWC2   (  376): fox1 func=hwc2_func_validate_display line=1291 
05-27 21:59:10.418 E/RHWC2   (  376): fox1 func=hwc2_func_validate_display line=1411 
05-27 21:59:10.420 E/RHWC2   (  376): fox1 [rtk_gdma_post 1507 ]
05-27 21:59:10.420 E/RHWC2   (  376): fox1 [rtk_gdma_post 1530 ]name_of_layer = com.redflix.tvmoderno/com.redx.tvbox.MainActivity#0 num_of_layers=1
05-27 21:59:10.420 E/RHWC2   (  376): fox 1 [rtk_gdma_post 1531] HAS_FLAG=0
05-27 21:59:10.420 E/RHWC2   (  376): fox1 [rtk_gdma_post 1565 ]
05-27 21:59:10.434 E/RHWC2   (  376): fox1 func=hwc2_func_validate_display line=1291 
05-27 21:59:10.434 E/RHWC2   (  376): fox1 func=hwc2_func_validate_display line=1411 
05-27 21:59:10.435 I/HdmieArc(  394): earc status newStatus 0, oldStatus=EN_TOS_CEC_EARC_STATUS_HANDSHAKE
05-27 21:59:10.436 I/HdmieArc(  394): rhal earc status: 0, error code: 0 
05-27 21:59:10.437 E/RHWC2   (  376): fox1 [rtk_gdma_post 1507 ]
05-27 21:59:10.437 E/RHWC2   (  376): fox1 [rtk_gdma_post 1530 ]name_of_layer = com.redflix.tvmoderno/com.redx.tvbox.MainActivity#0 num_of_layers=1
05-27 21:59:10.437 E/RHWC2   (  376): fox 1 [rtk_gdma_post 1531] HAS_FLAG=0
05-27 21:59:10.437 E/RHWC2   (  376): fox1 [rtk_gdma_post 1565 ]
05-27 21:59:10.451 E/RHWC2   (  376): fox1 func=hwc2_func_validate_display line=1291 
05-27 21:59:10.451 E/RHWC2   (  376): fox1 func=hwc2_func_validate_display line=1411 
05-27 21:59:10.453 E/RHWC2   (  376): fox1 [rtk_gdma_post 1507 ]
05-27 21:59:10.453 E/RHWC2   (  376): fox1 [rtk_gdma_post 1530 ]name_of_layer = com.redflix.tvmoderno/com.redx.tvbox.MainActivity#0 num_of_layers=1
05-27 21:59:10.453 E/RHWC2   (  376): fox 1 [rtk_gdma_post 1531] HAS_FLAG=0
05-27 21:59:10.453 E/RHWC2   (  376): fox1 [rtk_gdma_post 1565 ]
05-27 21:59:10.468 E/RHWC2   (  376): fox1 func=hwc2_func_validate_display line=1291 
05-27 21:59:10.468 E/RHWC2   (  376): fox1 func=hwc2_func_validate_display line=1411 
05-27 21:59:10.470 E/RHWC2   (  376): fox1 [rtk_gdma_post 1507 ]
05-27 21:59:10.470 E/RHWC2   (  376): fox1 [rtk_gdma_post 1530 ]name_of_layer = com.redflix.tvmoderno/com.redx.tvbox.MainActivity#0 num_of_layers=1
05-27 21:59:10.470 E/RHWC2   (  376): fox 1 [rtk_gdma_post 1531] HAS_FLAG=0
05-27 21:59:10.470 E/RHWC2   (  376): fox1 [rtk_gdma_post 1565 ]
05-27 21:59:10.484 E/RHWC2   (  376): fox1 func=hwc2_func_validate_display line=1291 
05-27 21:59:10.484 E/RHWC2   (  376): fox1 func=hwc2_func_validate_display line=1411 
05-27 21:59:10.486 E/RHWC2   (  376): fox1 [rtk_gdma_post 1507 ]
05-27 21:59:10.487 E/RHWC2   (  376): fox1 [rtk_gdma_post 1530 ]name_of_layer = com.redflix.tvmoderno/com.redx.tvbox.MainActivity#0 num_of_layers=1
05-27 21:59:10.487 E/RHWC2   (  376): fox 1 [rtk_gdma_post 1531] HAS_FLAG=0
05-27 21:59:10.487 E/RHWC2   (  376): fox1 [rtk_gdma_post 1565 ]
05-27 21:59:10.501 E/RHWC2   (  376): fox1 func=hwc2_func_validate_display line=1291 
05-27 21:59:10.501 E/RHWC2   (  376): fox1 func=hwc2_func_validate_display line=1411 
05-27 21:59:10.503 E/RHWC2   (  376): fox1 [rtk_gdma_post 1507 ]
05-27 21:59:10.503 E/RHWC2   (  376): fox1 [rtk_gdma_post 1530 ]name_of_layer = com.redflix.tvmoderno/com.redx.tvbox.MainActivity#0 num_of_layers=1
05-27 21:59:10.503 E/RHWC2   (  376): fox 1 [rtk_gdma_post 1531] HAS_FLAG=0
05-27 21:59:10.503 E/RHWC2   (  376): fox1 [rtk_gdma_post 1565 ]
05-27 21:59:10.518 E/RHWC2   (  376): fox1 func=hwc2_func_validate_display line=1291 
05-27 21:59:10.518 E/RHWC2   (  376): fox1 func=hwc2_func_validate_display line=1411 
05-27 21:59:10.520 E/RHWC2   (  376): fox1 [rtk_gdma_post 1507 ]
05-27 21:59:10.520 E/RHWC2   (  376): fox1 [rtk_gdma_post 1530 ]name_of_layer = com.redflix.tvmoderno/com.redx.tvbox.MainActivity#0 num_of_layers=1
05-27 21:59:10.520 E/RHWC2   (  376): fox 1 [rtk_gdma_post 1531] HAS_FLAG=0
05-27 21:59:10.520 E/RHWC2   (  376): fox1 [rtk_gdma_post 1565 ]
05-27 21:59:10.534 E/RHWC2   (  376): fox1 func=hwc2_func_validate_display line=1291 
05-27 21:59:10.535 E/RHWC2   (  376): fox1 func=hwc2_func_validate_display line=1411 
05-27 21:59:10.537 E/RHWC2   (  376): fox1 [rtk_gdma_post 1507 ]
05-27 21:59:10.537 E/RHWC2   (  376): fox1 [rtk_gdma_post 1530 ]name_of_layer = com.redflix.tvmoderno/com.redx.tvbox.MainActivity#0 num_of_layers=1
05-27 21:59:10.537 E/RHWC2   (  376): fox 1 [rtk_gdma_post 1531] HAS_FLAG=0
05-27 21:59:10.537 E/RHWC2   (  376): fox1 [rtk_gdma_post 1565 ]
05-27 21:59:10.551 E/RHWC2   (  376): fox1 func=hwc2_func_validate_display line=1291 
05-27 21:59:10.551 E/RHWC2   (  376): fox1 func=hwc2_func_validate_display line=1411 
05-27 21:59:10.553 E/RHWC2   (  376): fox1 [rtk_gdma_post 1507 ]
05-27 21:59:10.553 E/RHWC2   (  376): fox1 [rtk_gdma_post 1530 ]name_of_layer = com.redflix.tvmoderno/com.redx.tvbox.MainActivity#0 num_of_layers=1
05-27 21:59:10.553 E/RHWC2   (  376): fox 1 [rtk_gdma_post 1531] HAS_FLAG=0
05-27 21:59:10.553 E/RHWC2   (  376): fox1 [rtk_gdma_post 1565 ]
05-27 21:59:10.556 D/wpa_supplicant( 1207): nl80211: Drv Event 56 (NL80211_CMD_CANCEL_REMAIN_ON_CHANNEL) received for p2p0
05-27 21:59:10.556 D/wpa_supplicant( 1207): nl80211: Remain-on-channel event (cancel=1 freq=2417 channel_type=0 duration=0 cookie=0x93e (match))
05-27 21:59:10.556 D/wpa_supplicant( 1207): p2p0: Event CANCEL_REMAIN_ON_CHANNEL (20) received
05-27 21:59:10.556 D/wpa_supplicant( 1207): P2P: Cancel remain-on-channel callback (p2p_long_listen=1904972704 ms pending_action_tx=0x0)
05-27 21:59:10.556 D/wpa_supplicant( 1207): p2p0: Radio work 'p2p-listen'@0xb4f80f50 done in 5.023926 seconds
05-27 21:59:10.556 D/wpa_supplicant( 1207): p2p0: radio_work_free('p2p-listen'@0xb4f80f50): num_active_works --> 0
05-27 21:59:10.556 D/wpa_supplicant( 1207): P2P: Driver ended Listen state (freq=2417)
05-27 21:59:10.556 D/wpa_supplicant( 1207): P2P: Continuing long Listen state
05-27 21:59:10.556 D/wpa_supplicant( 1207): P2P: Going to listen(only) state
05-27 21:59:10.556 D/wpa_supplicant( 1207): STA wpa_state=9 freq=2417
05-27 21:59:10.556 D/wpa_supplicant( 1207): P2P: cfg reg_class(81) channel(2)
05-27 21:59:10.556 D/wpa_supplicant( 1207): P2P: cfg reg_class(81) channel(2)
