05-27 22:11:35.001 D/DeviceInfoImpl(  812): getProjectID from map is 4357
05-27 22:11:35.002 I/TCL_DeviceInfo( 2208): id = 4357
05-27 22:11:35.002 E/TCL_DeviceInfo( 2208): from sita get client type is TCL-LA-RTD51A-S1
05-27 22:11:35.002 D/TVKitService(  812): getSoftwareVersion
05-27 22:11:35.003 D/DeviceInfoImpl(  812): getSoftwareVersion is V8-R51AT01-LF1V126
05-27 22:11:35.003 I/TCL_DeviceInfo( 2208): ret  = V8-R51AT01-LF1V126
05-27 22:11:35.003 I/WifiService(  806): getConnectionInfo uid=1000
05-27 22:11:35.073 E/RHWC2   (  376): fox1 func=hwc2_func_validate_display line=1291 
05-27 22:11:35.073 E/RHWC2   (  376): fox1 func=hwc2_func_validate_display line=1411 
05-27 22:11:35.075 E/RHWC2   (  376): fox1 [rtk_gdma_post 1507 ]
05-27 22:11:35.075 E/RHWC2   (  376): fox1 [rtk_gdma_post 1530 ]name_of_layer = com.redflix.tvmoderno/com.redx.tvbox.ExoPlayerActivity#0 num_of_layers=1
05-27 22:11:35.075 E/RHWC2   (  376): fox 1 [rtk_gdma_post 1531] HAS_FLAG=0
05-27 22:11:35.075 E/RHWC2   (  376): fox1 [rtk_gdma_post 1565 ]
05-27 22:11:35.173 E/RHWC2   (  376): fox1 func=hwc2_func_validate_display line=1291 
05-27 22:11:35.173 E/RHWC2   (  376): fox1 func=hwc2_func_validate_display line=1411 
05-27 22:11:35.174 E/RHWC2   (  376): fox1 [rtk_gdma_post 1507 ]
05-27 22:11:35.174 E/RHWC2   (  376): fox1 [rtk_gdma_post 1530 ]name_of_layer = com.redflix.tvmoderno/com.redx.tvbox.ExoPlayerActivity#0 num_of_layers=1
05-27 22:11:35.175 E/RHWC2   (  376): fox 1 [rtk_gdma_post 1531] HAS_FLAG=0
05-27 22:11:35.175 E/RHWC2   (  376): fox1 [rtk_gdma_post 1565 ]
05-27 22:11:35.194 D/wpa_supplicant( 1207): wlan_traffic_statistics rx_byte = 1011947207 rx rate = 21 Kb/s
05-27 22:11:35.194 D/wpa_supplicant( 1207): wlan_traffic_statistics tx_byte = 160167923 tx rate = 72 Kb/s
05-27 22:11:35.273 E/RHWC2   (  376): fox1 func=hwc2_func_validate_display line=1291 
05-27 22:11:35.273 E/RHWC2   (  376): fox1 func=hwc2_func_validate_display line=1411 
05-27 22:11:35.274 E/RHWC2   (  376): fox1 [rtk_gdma_post 1507 ]
05-27 22:11:35.274 E/RHWC2   (  376): fox1 [rtk_gdma_post 1530 ]name_of_layer = com.redflix.tvmoderno/com.redx.tvbox.ExoPlayerActivity#0 num_of_layers=1
05-27 22:11:35.274 E/RHWC2   (  376): fox 1 [rtk_gdma_post 1531] HAS_FLAG=0
05-27 22:11:35.274 E/RHWC2   (  376): fox1 [rtk_gdma_post 1565 ]
05-27 22:11:35.372 D/TCastPublishOverUdp( 2208): ed8fb9a@sendOnline
05-27 22:11:35.375 E/RHWC2   (  376): fox1 func=hwc2_func_validate_display line=1291 
05-27 22:11:35.375 E/RHWC2   (  376): fox1 func=hwc2_func_validate_display line=1411 
05-27 22:11:35.377 E/RHWC2   (  376): fox1 [rtk_gdma_post 1507 ]
05-27 22:11:35.377 E/RHWC2   (  376): fox1 [rtk_gdma_post 1530 ]name_of_layer = com.redflix.tvmoderno/com.redx.tvbox.ExoPlayerActivity#0 num_of_layers=1
05-27 22:11:35.377 E/RHWC2   (  376): fox 1 [rtk_gdma_post 1531] HAS_FLAG=0
05-27 22:11:35.377 E/RHWC2   (  376): fox1 [rtk_gdma_post 1565 ]
05-27 22:11:35.473 E/RHWC2   (  376): fox1 func=hwc2_func_validate_display line=1291 
05-27 22:11:35.473 E/RHWC2   (  376): fox1 func=hwc2_func_validate_display line=1411 
05-27 22:11:35.475 E/RHWC2   (  376): fox1 [rtk_gdma_post 1507 ]
05-27 22:11:35.475 E/RHWC2   (  376): fox1 [rtk_gdma_post 1530 ]name_of_layer = com.redflix.tvmoderno/com.redx.tvbox.ExoPlayerActivity#0 num_of_layers=1
05-27 22:11:35.475 E/RHWC2   (  376): fox 1 [rtk_gdma_post 1531] HAS_FLAG=0
05-27 22:11:35.475 E/RHWC2   (  376): fox1 [rtk_gdma_post 1565 ]
05-27 22:11:35.525 E/WifiVendorHal(  806): getWifiLinkLayerStats_1_3_Internal(l.978) failed {.code = ERROR_NOT_SUPPORTED, .description = }
05-27 22:11:35.530 D/WifiClientModeImpl(  806): fetchRssiLinkSpeedAndFrequencyNative rssi=-71 TxLinkspeed=156 freq=2417 RxLinkSpeed=0
05-27 22:11:35.530 V/WifiConfigManager(  806): Updating scan detail cache freq=2417 BSSID=f8:2d:c0:24:9e:d2 RSSI=-70 for "BOLSONARO2018"WPA_PSK
05-27 22:11:35.532 D/WifiThroughputPredictor(  806):  utilization (BssLoad) -1 utilization (LLStats) 80 isBluetoothConnected: false final utilization: 80
05-27 22:11:35.532 D/WifiThroughputPredictor(  806):  utilization (BssLoad) -1 utilization (LLStats) 80 isBluetoothConnected: false final utilization: 80
05-27 22:11:35.533 D/WifiScoreCard(  806): BSSID update SIGNAL_POLL ID: 398514962 SSID: BOLSONARO2018, BSSID: f8:2d:c0:24:9e:d2, MAC: 64:57:25:8c:68:c1, Supplicant state: COMPLETED, Wi-Fi standard: 0, RSSI: -71, Link speed: 156Mbps, Tx Link speed: 156Mbps, Max Supported Tx Link speed: -1Mbps, Rx Link speed: -1Mbps, Max Supported Rx Link speed: -1Mbps, Frequency: 2417MHz, Net ID: 0, Metered hint: false, score: 60
05-27 22:11:35.533 D/WifiScoreCard(  806): txRate: 62 txSpeed: 156
05-27 22:11:35.533 D/WifiScoreCard(  806): network update SIGNAL_POLL "BOLSONARO2018" ID: 976476524 RSSI -71 txSpeed 156
05-27 22:11:35.533 D/WifiScoreCard(  806): SSID: "BOLSONARO2018"
05-27 22:11:35.533 D/WifiScoreCard(  806):  LastRssiPollTime: 12675597 LastRssiPoll: -71 LastTxSpeedPoll: 156
05-27 22:11:35.533 D/WifiScoreCard(  806):  StatsRecent:  ConnectAttempt: 4 ConnectFailure: 0 ConnectDurSec: 6372708 AssocRej: 0 AssocTimeout: 0 AuthFailure: 0 ShortDiscNonlocal: 6 DisconnectNonlocal: 7 Disconnect: 13 ConsecutiveConnectFailure: 0
05-27 22:11:35.533 D/WifiScoreCard(  806):  StatsCurr:  ConnectAttempt: 54 ConnectFailure: 0 ConnectDurSec: 759544 AssocRej: 0 AssocTimeout: 0 AuthFailure: 0 ShortDiscNonlocal: 39 DisconnectNonlocal: 53 Disconnect: 73 ConsecutiveConnectFailure: 0
05-27 22:11:35.533 D/WifiScoreCard(  806):  StatsPrev:  ConnectAttempt: 15 ConnectFailure: 0 ConnectDurSec: 211923 AssocRej: 0 AssocTimeout: 0 AuthFailure: 0 ShortDiscNonlocal: 10 DisconnectNonlocal: 19 Disconnect: 32 ConsecutiveConnectFailure: 0
05-27 22:11:35.535 D/ConnectivityListener( 1306): updateWifiConnectivityStatus
05-27 22:11:35.535 I/WifiService(  806): getConnectionInfo uid=1000
05-27 22:11:35.536 D/ConnectivityListener( 1306): updateWifiConnectivityStatus: AP state = COMPLETED
05-27 22:11:35.536 D/ConnectivityListener( 1306): updateWifiConnectivityStatus: AP is connected
05-27 22:11:35.536 D/ConnectivityListener( 1306): setWifiStatus connected = true
05-27 22:11:35.536 D/ConnectivityListener( 1306): updateWifiConnectivityStatus: ssid = "BOLSONARO2018"
05-27 22:11:35.536 D/ConnectivityListener( 1306): isWireConnected: 
05-27 22:11:35.536 D/WifiClientModeImpl(  806):  L2ConnectedState screen=on 1 0 "BOLSONARO2018" f8:2d:c0:24:9e:d2 rssi=-71 f=2417 sc=60 link=156 tx=61,3, 0,0, 0,0  rx=42,7 bcn=0 [on:0 tx:0 rx:0 period:3011] from screen [on:0 period:1814234992] score=60
05-27 22:11:35.536 D/ConnectivityListener( 1306): isWireConnected = false
05-27 22:11:35.536 D/ConnectivityListener( 1306): setEthernetStatus = false
05-27 22:11:35.536 D/MainFragment( 1306): updateConnectivity() start
05-27 22:11:35.536 D/MainFragment( 1306): connectedState = true
05-27 22:11:35.537 D/MainFragment( 1306): TextUtils.isEmpty(connectedState) = false
05-27 22:11:35.537 I/WifiService(  806): getWifiEnabledState uid=1000
05-27 22:11:35.537 D/ConnectivityListener( 1306): isWifiEnabledOrEnabling: wifiManager.getWifiState = 3
05-27 22:11:35.537 I/WifiService(  806): getWifiEnabledState uid=1000
05-27 22:11:35.537 D/ConnectivityListener( 1306): isWifiConnected: isWifiConnected = true
05-27 22:11:35.538 I/WifiService(  806): getConnectionInfo uid=1000
05-27 22:11:35.538 I/WifiService(  806): getConnectionInfo uid=1000
05-27 22:11:35.539 D/MainFragment( 1306): updateConnectivity() end
05-27 22:11:35.573 E/RHWC2   (  376): fox1 func=hwc2_func_validate_display line=1291 
05-27 22:11:35.573 E/RHWC2   (  376): fox1 func=hwc2_func_validate_display line=1411 
05-27 22:11:35.575 E/RHWC2   (  376): fox1 [rtk_gdma_post 1507 ]
05-27 22:11:35.575 E/RHWC2   (  376): fox1 [rtk_gdma_post 1530 ]name_of_layer = com.redflix.tvmoderno/com.redx.tvbox.ExoPlayerActivity#0 num_of_layers=1
05-27 22:11:35.575 E/RHWC2   (  376): fox 1 [rtk_gdma_post 1531] HAS_FLAG=0
05-27 22:11:35.575 E/RHWC2   (  376): fox1 [rtk_gdma_post 1565 ]
05-27 22:11:35.673 E/RHWC2   (  376): fox1 func=hwc2_func_validate_display line=1291 
05-27 22:11:35.673 E/RHWC2   (  376): fox1 func=hwc2_func_validate_display line=1411 
05-27 22:11:35.675 E/RHWC2   (  376): fox1 [rtk_gdma_post 1507 ]
05-27 22:11:35.675 E/RHWC2   (  376): fox1 [rtk_gdma_post 1530 ]name_of_layer = com.redflix.tvmoderno/com.redx.tvbox.ExoPlayerActivity#0 num_of_layers=1
05-27 22:11:35.675 E/RHWC2   (  376): fox 1 [rtk_gdma_post 1531] HAS_FLAG=0
05-27 22:11:35.675 E/RHWC2   (  376): fox1 [rtk_gdma_post 1565 ]
05-27 22:11:35.718 I/HdmieArc(  394): earc status newStatus 0, oldStatus=EN_TOS_CEC_EARC_STATUS_HANDSHAKE
05-27 22:11:35.719 I/HdmieArc(  394): rhal earc status: 0, error code: 0 
05-27 22:11:35.774 E/RHWC2   (  376): fox1 func=hwc2_func_validate_display line=1291 
05-27 22:11:35.774 E/RHWC2   (  376): fox1 func=hwc2_func_validate_display line=1411 
05-27 22:11:35.776 E/RHWC2   (  376): fox1 [rtk_gdma_post 1507 ]
05-27 22:11:35.776 E/RHWC2   (  376): fox1 [rtk_gdma_post 1530 ]name_of_layer = com.redflix.tvmoderno/com.redx.tvbox.ExoPlayerActivity#0 num_of_layers=1
05-27 22:11:35.776 E/RHWC2   (  376): fox 1 [rtk_gdma_post 1531] HAS_FLAG=0
05-27 22:11:35.776 E/RHWC2   (  376): fox1 [rtk_gdma_post 1565 ]
05-27 22:11:35.874 E/RHWC2   (  376): fox1 func=hwc2_func_validate_display line=1291 
05-27 22:11:35.874 E/RHWC2   (  376): fox1 func=hwc2_func_validate_display line=1411 
05-27 22:11:35.876 E/RHWC2   (  376): fox1 [rtk_gdma_post 1507 ]
05-27 22:11:35.876 E/RHWC2   (  376): fox1 [rtk_gdma_post 1530 ]name_of_layer = com.redflix.tvmoderno/com.redx.tvbox.ExoPlayerActivity#0 num_of_layers=1
05-27 22:11:35.876 E/RHWC2   (  376): fox 1 [rtk_gdma_post 1531] HAS_FLAG=0
05-27 22:11:35.876 E/RHWC2   (  376): fox1 [rtk_gdma_post 1565 ]
05-27 22:11:35.973 E/RHWC2   (  376): fox1 func=hwc2_func_validate_display line=1291 
05-27 22:11:35.973 E/RHWC2   (  376): fox1 func=hwc2_func_validate_display line=1411 
05-27 22:11:35.975 E/RHWC2   (  376): fox1 [rtk_gdma_post 1507 ]
05-27 22:11:35.975 E/RHWC2   (  376): fox1 [rtk_gdma_post 1530 ]name_of_layer = com.redflix.tvmoderno/com.redx.tvbox.ExoPlayerActivity#0 num_of_layers=1
05-27 22:11:35.975 E/RHWC2   (  376): fox 1 [rtk_gdma_post 1531] HAS_FLAG=0
05-27 22:11:35.975 E/RHWC2   (  376): fox1 [rtk_gdma_post 1565 ]
05-27 22:11:36.073 E/RHWC2   (  376): fox1 func=hwc2_func_validate_display line=1291 
05-27 22:11:36.073 E/RHWC2   (  376): fox1 func=hwc2_func_validate_display line=1411 
05-27 22:11:36.075 E/RHWC2   (  376): fox1 [rtk_gdma_post 1507 ]
05-27 22:11:36.075 E/RHWC2   (  376): fox1 [rtk_gdma_post 1530 ]name_of_layer = com.redflix.tvmoderno/com.redx.tvbox.ExoPlayerActivity#0 num_of_layers=1
05-27 22:11:36.075 E/RHWC2   (  376): fox 1 [rtk_gdma_post 1531] HAS_FLAG=0
05-27 22:11:36.075 E/RHWC2   (  376): fox1 [rtk_gdma_post 1565 ]
05-27 22:11:36.174 E/RHWC2   (  376): fox1 func=hwc2_func_validate_display line=1291 
05-27 22:11:36.174 E/RHWC2   (  376): fox1 func=hwc2_func_validate_display line=1411 
05-27 22:11:36.176 E/RHWC2   (  376): fox1 [rtk_gdma_post 1507 ]
05-27 22:11:36.176 E/RHWC2   (  376): fox1 [rtk_gdma_post 1530 ]name_of_layer = com.redflix.tvmoderno/com.redx.tvbox.ExoPlayerActivity#0 num_of_layers=1
05-27 22:11:36.176 E/RHWC2   (  376): fox 1 [rtk_gdma_post 1531] HAS_FLAG=0
05-27 22:11:36.176 E/RHWC2   (  376): fox1 [rtk_gdma_post 1565 ]
05-27 22:11:36.273 E/RHWC2   (  376): fox1 func=hwc2_func_validate_display line=1291 
05-27 22:11:36.273 E/RHWC2   (  376): fox1 func=hwc2_func_validate_display line=1411 
05-27 22:11:36.275 E/RHWC2   (  376): fox1 [rtk_gdma_post 1507 ]
05-27 22:11:36.275 E/RHWC2   (  376): fox1 [rtk_gdma_post 1530 ]name_of_layer = com.redflix.tvmoderno/com.redx.tvbox.ExoPlayerActivity#0 num_of_layers=1
05-27 22:11:36.275 E/RHWC2   (  376): fox 1 [rtk_gdma_post 1531] HAS_FLAG=0
05-27 22:11:36.275 E/RHWC2   (  376): fox1 [rtk_gdma_post 1565 ]
05-27 22:11:36.373 E/RHWC2   (  376): fox1 func=hwc2_func_validate_display line=1291 
05-27 22:11:36.373 E/RHWC2   (  376): fox1 func=hwc2_func_validate_display line=1411 
05-27 22:11:36.375 E/RHWC2   (  376): fox1 [rtk_gdma_post 1507 ]
05-27 22:11:36.375 E/RHWC2   (  376): fox1 [rtk_gdma_post 1530 ]name_of_layer = com.redflix.tvmoderno/com.redx.tvbox.ExoPlayerActivity#0 num_of_layers=1
05-27 22:11:36.375 E/RHWC2   (  376): fox 1 [rtk_gdma_post 1531] HAS_FLAG=0
05-27 22:11:36.375 E/RHWC2   (  376): fox1 [rtk_gdma_post 1565 ]
05-27 22:11:36.473 E/RHWC2   (  376): fox1 func=hwc2_func_validate_display line=1291 
05-27 22:11:36.473 E/RHWC2   (  376): fox1 func=hwc2_func_validate_display line=1411 
05-27 22:11:36.475 E/RHWC2   (  376): fox1 [rtk_gdma_post 1507 ]
05-27 22:11:36.475 E/RHWC2   (  376): fox1 [rtk_gdma_post 1530 ]name_of_layer = com.redflix.tvmoderno/com.redx.tvbox.ExoPlayerActivity#0 num_of_layers=1
05-27 22:11:36.475 E/RHWC2   (  376): fox 1 [rtk_gdma_post 1531] HAS_FLAG=0
05-27 22:11:36.475 E/RHWC2   (  376): fox1 [rtk_gdma_post 1565 ]
05-27 22:11:36.573 E/RHWC2   (  376): fox1 func=hwc2_func_validate_display line=1291 
05-27 22:11:36.574 E/RHWC2   (  376): fox1 func=hwc2_func_validate_display line=1411 
05-27 22:11:36.575 E/RHWC2   (  376): fox1 [rtk_gdma_post 1507 ]
05-27 22:11:36.575 E/RHWC2   (  376): fox1 [rtk_gdma_post 1530 ]name_of_layer = com.redflix.tvmoderno/com.redx.tvbox.ExoPlayerActivity#0 num_of_layers=1
05-27 22:11:36.575 E/RHWC2   (  376): fox 1 [rtk_gdma_post 1531] HAS_FLAG=0
05-27 22:11:36.575 E/RHWC2   (  376): fox1 [rtk_gdma_post 1565 ]
05-27 22:11:36.674 E/RHWC2   (  376): fox1 func=hwc2_func_validate_display line=1291 
05-27 22:11:36.674 E/RHWC2   (  376): fox1 func=hwc2_func_validate_display line=1411 
05-27 22:11:36.676 E/RHWC2   (  376): fox1 [rtk_gdma_post 1507 ]
05-27 22:11:36.676 E/RHWC2   (  376): fox1 [rtk_gdma_post 1530 ]name_of_layer = com.redflix.tvmoderno/com.redx.tvbox.ExoPlayerActivity#0 num_of_layers=1
05-27 22:11:36.676 E/RHWC2   (  376): fox 1 [rtk_gdma_post 1531] HAS_FLAG=0
05-27 22:11:36.676 E/RHWC2   (  376): fox1 [rtk_gdma_post 1565 ]
05-27 22:11:36.719 I/HdmieArc(  394): earc status newStatus 0, oldStatus=EN_TOS_CEC_EARC_STATUS_HANDSHAKE
05-27 22:11:36.719 I/HdmieArc(  394): rhal earc status: 0, error code: 0 
05-27 22:11:36.773 E/RHWC2   (  376): fox1 func=hwc2_func_validate_display line=1291 
05-27 22:11:36.773 E/RHWC2   (  376): fox1 func=hwc2_func_validate_display line=1411 
05-27 22:11:36.775 E/RHWC2   (  376): fox1 [rtk_gdma_post 1507 ]
05-27 22:11:36.775 E/RHWC2   (  376): fox1 [rtk_gdma_post 1530 ]name_of_layer = com.redflix.tvmoderno/com.redx.tvbox.ExoPlayerActivity#0 num_of_layers=1
05-27 22:11:36.775 E/RHWC2   (  376): fox 1 [rtk_gdma_post 1531] HAS_FLAG=0
05-27 22:11:36.775 E/RHWC2   (  376): fox1 [rtk_gdma_post 1565 ]
05-27 22:11:36.874 E/RHWC2   (  376): fox1 func=hwc2_func_validate_display line=1291 
05-27 22:11:36.874 E/RHWC2   (  376): fox1 func=hwc2_func_validate_display line=1411 
05-27 22:11:36.876 E/RHWC2   (  376): fox1 [rtk_gdma_post 1507 ]
05-27 22:11:36.876 E/RHWC2   (  376): fox1 [rtk_gdma_post 1530 ]name_of_layer = com.redflix.tvmoderno/com.redx.tvbox.ExoPlayerActivity#0 num_of_layers=1
05-27 22:11:36.876 E/RHWC2   (  376): fox 1 [rtk_gdma_post 1531] HAS_FLAG=0
05-27 22:11:36.876 E/RHWC2   (  376): fox1 [rtk_gdma_post 1565 ]
05-27 22:11:36.956 D/wpa_supplicant( 1207): nl80211: Drv Event 56 (NL80211_CMD_CANCEL_REMAIN_ON_CHANNEL) received for p2p0
05-27 22:11:36.956 D/wpa_supplicant( 1207): nl80211: Remain-on-channel event (cancel=1 freq=2417 channel_type=0 duration=0 cookie=0x9d3 (match))
05-27 22:11:36.956 D/wpa_supplicant( 1207): p2p0: Event CANCEL_REMAIN_ON_CHANNEL (20) received
05-27 22:11:36.956 D/wpa_supplicant( 1207): P2P: Cancel remain-on-channel callback (p2p_long_listen=1906017704 ms pending_action_tx=0x0)
05-27 22:11:36.956 D/wpa_supplicant( 1207): p2p0: Radio work 'p2p-listen'@0xb4f80f50 done in 5.033786 seconds
05-27 22:11:36.956 D/wpa_supplicant( 1207): p2p0: radio_work_free('p2p-listen'@0xb4f80f50): num_active_works --> 0
05-27 22:11:36.956 D/wpa_supplicant( 1207): P2P: Driver ended Listen state (freq=2417)
05-27 22:11:36.956 D/wpa_supplicant( 1207): P2P: Continuing long Listen state
05-27 22:11:36.956 D/wpa_supplicant( 1207): P2P: Going to listen(only) state
05-27 22:11:36.956 D/wpa_supplicant( 1207): STA wpa_state=9 freq=2417
05-27 22:11:36.956 D/wpa_supplicant( 1207): P2P: cfg reg_class(81) channel(2)
05-27 22:11:36.956 D/wpa_supplicant( 1207): P2P: cfg reg_class(81) channel(2)
05-27 22:11:36.956 D/wpa_supplicant( 1207): P2P: Set Listen channel: reg_class 81 channel 2
05-27 22:11:36.956 D/wpa_supplicant( 1207): P2P: Defer setting listen channel
05-27 22:11:36.956 D/wpa_supplicant( 1207): P2P: p2p listen class(81)/channel(2)
05-27 22:11:36.956 D/wpa_supplicant( 1207): WPS:  * Version (hardcoded 0x10)
05-27 22:11:36.956 D/wpa_supplicant( 1207): WPS:  * UUID-E
05-27 22:11:36.956 D/wpa_supplicant( 1207): WPS:  * Version2 (0x20)
05-27 22:11:36.956 D/wpa_supplicant( 1207): P2P: * P2P IE header
05-27 22:11:36.956 D/wpa_supplicant( 1207): P2P: * Capability dev=25 group=00
05-27 22:11:36.956 D/wpa_supplicant( 1207): P2P: * Listen Channel: Regulatory Class 81 Channel 2
05-27 22:11:36.956 D/wpa_supplicant( 1207): P2P: * Device Info
05-27 22:11:36.956 D/wpa_supplicant( 1207): p2p0: Add radio work 'p2p-listen'@0xb4f80f50
05-27 22:11:36.956 D/wpa_supplicant( 1207): p2p0: First radio work item in the queue - schedule start immediately
05-27 22:11:36.956 D/wpa_supplicant( 1207): P2P: State LISTEN_ONLY -> LISTEN_ONLY
05-27 22:11:36.956 D/wpa_supplicant( 1207): p2p0: Starting radio work 'p2p-listen'@0xb4f80f50 after 0.000076 second wait
05-27 22:11:36.956 D/wpa_supplicant( 1207): nl80211: Probe Request reporting already on! nl_preq=0x3c74b859
05-27 22:11:36.956 D/wpa_supplicant( 1207): nl80211: Remain-on-channel cookie 0x9d4 for freq=2417 MHz duration=5000
05-27 22:11:36.966 D/wpa_supplicant( 1207): P2P: Timeout (state=LISTEN_ONLY)
05-27 22:11:36.973 E/RHWC2   (  376): fox1 func=hwc2_func_validate_display line=1291 
05-27 22:11:36.973 E/RHWC2   (  376): fox1 func=hwc2_func_validate_display line=1411 
05-27 22:11:36.975 E/RHWC2   (  376): fox1 [rtk_gdma_post 1507 ]
05-27 22:11:36.975 E/RHWC2   (  376): fox1 [rtk_gdma_post 1530 ]name_of_layer = com.redflix.tvmoderno/com.redx.tvbox.ExoPlayerActivity#0 num_of_layers=1
05-27 22:11:36.975 E/RHWC2   (  376): fox 1 [rtk_gdma_post 1531] HAS_FLAG=0
05-27 22:11:36.975 E/RHWC2   (  376): fox1 [rtk_gdma_post 1565 ]
05-27 22:11:36.978 D/wpa_supplicant( 1207): nl80211: Drv Event 55 (NL80211_CMD_REMAIN_ON_CHANNEL) received for p2p0
05-27 22:11:36.978 D/wpa_supplicant( 1207): nl80211: Remain-on-channel event (cancel=0 freq=2417 channel_type=0 duration=5000 cookie=0x9d4 (match))
05-27 22:11:36.978 D/wpa_supplicant( 1207): p2p0: Event REMAIN_ON_CHANNEL (19) received
05-27 22:11:36.978 D/wpa_supplicant( 1207): Off-channel: Send Action callback (without_roc=0 pending_action_tx=0x0 pending_action_tx_done=0)
05-27 22:11:36.978 D/wpa_supplicant( 1207): P2P: remain-on-channel callback (off_channel_freq=2417 pending_listen_freq=2417 roc_waiting_drv_freq=0 freq=2417 duration=5000)
05-27 22:11:36.978 D/wpa_supplicant( 1207): STA wpa_state=9 freq=2417
05-27 22:11:36.978 D/wpa_supplicant( 1207): P2P: Starting Listen timeout(5,0) on freq=2417 based on callback
05-27 22:11:36.978 D/wpa_supplicant( 1207): P2P: Set timeout (state=LISTEN_ONLY): 5.020000 sec
05-27 22:11:37.074 E/RHWC2   (  376): fox1 func=hwc2_func_validate_display line=1291 
05-27 22:11:37.074 E/RHWC2   (  376): fox1 func=hwc2_func_validate_display line=1411 
05-27 22:11:37.076 E/RHWC2   (  376): fox1 [rtk_gdma_post 1507 ]
05-27 22:11:37.076 E/RHWC2   (  376): fox1 [rtk_gdma_post 1530 ]name_of_layer = com.redflix.tvmoderno/com.redx.tvbox.ExoPlayerActivity#0 num_of_layers=1
05-27 22:11:37.076 E/RHWC2   (  376): fox 1 [rtk_gdma_post 1531] HAS_FLAG=0
05-27 22:11:37.076 E/RHWC2   (  376): fox1 [rtk_gdma_post 1565 ]
05-27 22:11:37.174 E/RHWC2   (  376): fox1 func=hwc2_func_validate_display line=1291 
05-27 22:11:37.174 E/RHWC2   (  376): fox1 func=hwc2_func_validate_display line=1411 
05-27 22:11:37.176 E/RHWC2   (  376): fox1 [rtk_gdma_post 1507 ]
05-27 22:11:37.176 E/RHWC2   (  376): fox1 [rtk_gdma_post 1530 ]name_of_layer = com.redflix.tvmoderno/com.redx.tvbox.ExoPlayerActivity#0 num_of_layers=1
05-27 22:11:37.176 E/RHWC2   (  376): fox 1 [rtk_gdma_post 1531] HAS_FLAG=0
05-27 22:11:37.176 E/RHWC2   (  376): fox1 [rtk_gdma_post 1565 ]
05-27 22:11:37.195 D/wpa_supplicant( 1207): wlan_traffic_statistics rx_byte = 1011953123 rx rate = 23 Kb/s
05-27 22:11:37.195 D/wpa_supplicant( 1207): wlan_traffic_statistics tx_byte = 160187838 tx rate = 77 Kb/s
05-27 22:11:37.274 E/RHWC2   (  376): fox1 func=hwc2_func_validate_display line=1291 
05-27 22:11:37.274 E/RHWC2   (  376): fox1 func=hwc2_func_validate_display line=1411 
05-27 22:11:37.276 E/RHWC2   (  376): fox1 [rtk_gdma_post 1507 ]
05-27 22:11:37.276 E/RHWC2   (  376): fox1 [rtk_gdma_post 1530 ]name_of_layer = com.redflix.tvmoderno/com.redx.tvbox.ExoPlayerActivity#0 num_of_layers=1
05-27 22:11:37.276 E/RHWC2   (  376): fox 1 [rtk_gdma_post 1531] HAS_FLAG=0
05-27 22:11:37.276 E/RHWC2   (  376): fox1 [rtk_gdma_post 1565 ]
05-27 22:11:37.374 E/RHWC2   (  376): fox1 func=hwc2_func_validate_display line=1291 
05-27 22:11:37.374 E/RHWC2   (  376): fox1 func=hwc2_func_validate_display line=1411 
05-27 22:11:37.376 E/RHWC2   (  376): fox1 [rtk_gdma_post 1507 ]
05-27 22:11:37.376 E/RHWC2   (  376): fox1 [rtk_gdma_post 1530 ]name_of_layer = com.redflix.tvmoderno/com.redx.tvbox.ExoPlayerActivity#0 num_of_layers=1
05-27 22:11:37.376 E/RHWC2   (  376): fox 1 [rtk_gdma_post 1531] HAS_FLAG=0
05-27 22:11:37.376 E/RHWC2   (  376): fox1 [rtk_gdma_post 1565 ]
05-27 22:11:37.474 E/RHWC2   (  376): fox1 func=hwc2_func_validate_display line=1291 
05-27 22:11:37.474 E/RHWC2   (  376): fox1 func=hwc2_func_validate_display line=1411 
05-27 22:11:37.476 E/RHWC2   (  376): fox1 [rtk_gdma_post 1507 ]
05-27 22:11:37.476 E/RHWC2   (  376): fox1 [rtk_gdma_post 1530 ]name_of_layer = com.redflix.tvmoderno/com.redx.tvbox.ExoPlayerActivity#0 num_of_layers=1
05-27 22:11:37.476 E/RHWC2   (  376): fox 1 [rtk_gdma_post 1531] HAS_FLAG=0
05-27 22:11:37.476 E/RHWC2   (  376): fox1 [rtk_gdma_post 1565 ]
05-27 22:11:37.574 E/RHWC2   (  376): fox1 func=hwc2_func_validate_display line=1291 
05-27 22:11:37.574 E/RHWC2   (  376): fox1 func=hwc2_func_validate_display line=1411 
05-27 22:11:37.576 E/RHWC2   (  376): fox1 [rtk_gdma_post 1507 ]
05-27 22:11:37.576 E/RHWC2   (  376): fox1 [rtk_gdma_post 1530 ]name_of_layer = com.redflix.tvmoderno/com.redx.tvbox.ExoPlayerActivity#0 num_of_layers=1
05-27 22:11:37.576 E/RHWC2   (  376): fox 1 [rtk_gdma_post 1531] HAS_FLAG=0
05-27 22:11:37.576 E/RHWC2   (  376): fox1 [rtk_gdma_post 1565 ]
05-27 22:11:37.673 E/RHWC2   (  376): fox1 func=hwc2_func_validate_display line=1291 
05-27 22:11:37.673 E/RHWC2   (  376): fox1 func=hwc2_func_validate_display line=1411 
05-27 22:11:37.675 E/RHWC2   (  376): fox1 [rtk_gdma_post 1507 ]
05-27 22:11:37.675 E/RHWC2   (  376): fox1 [rtk_gdma_post 1530 ]name_of_layer = com.redflix.tvmoderno/com.redx.tvbox.ExoPlayerActivity#0 num_of_layers=1
05-27 22:11:37.675 E/RHWC2   (  376): fox 1 [rtk_gdma_post 1531] HAS_FLAG=0
05-27 22:11:37.675 E/RHWC2   (  376): fox1 [rtk_gdma_post 1565 ]
05-27 22:11:37.719 I/HdmieArc(  394): earc status newStatus 0, oldStatus=EN_TOS_CEC_EARC_STATUS_HANDSHAKE
05-27 22:11:37.719 I/HdmieArc(  394): rhal earc status: 0, error code: 0 
05-27 22:11:37.773 E/RHWC2   (  376): fox1 func=hwc2_func_validate_display line=1291 
05-27 22:11:37.773 E/RHWC2   (  376): fox1 func=hwc2_func_validate_display line=1411 
05-27 22:11:37.775 E/RHWC2   (  376): fox1 [rtk_gdma_post 1507 ]
05-27 22:11:37.775 E/RHWC2   (  376): fox1 [rtk_gdma_post 1530 ]name_of_layer = com.redflix.tvmoderno/com.redx.tvbox.ExoPlayerActivity#0 num_of_layers=1
05-27 22:11:37.775 E/RHWC2   (  376): fox 1 [rtk_gdma_post 1531] HAS_FLAG=0
05-27 22:11:37.775 E/RHWC2   (  376): fox1 [rtk_gdma_post 1565 ]
05-27 22:11:37.873 E/RHWC2   (  376): fox1 func=hwc2_func_validate_display line=1291 
05-27 22:11:37.873 E/RHWC2   (  376): fox1 func=hwc2_func_validate_display line=1411 
05-27 22:11:37.875 E/RHWC2   (  376): fox1 [rtk_gdma_post 1507 ]
05-27 22:11:37.875 E/RHWC2   (  376): fox1 [rtk_gdma_post 1530 ]name_of_layer = com.redflix.tvmoderno/com.redx.tvbox.ExoPlayerActivity#0 num_of_layers=1
05-27 22:11:37.875 E/RHWC2   (  376): fox 1 [rtk_gdma_post 1531] HAS_FLAG=0
05-27 22:11:37.875 E/RHWC2   (  376): fox1 [rtk_gdma_post 1565 ]
05-27 22:11:37.973 E/RHWC2   (  376): fox1 func=hwc2_func_validate_display line=1291 
05-27 22:11:37.973 E/RHWC2   (  376): fox1 func=hwc2_func_validate_display line=1411 
05-27 22:11:37.975 E/RHWC2   (  376): fox1 [rtk_gdma_post 1507 ]
05-27 22:11:37.975 E/RHWC2   (  376): fox1 [rtk_gdma_post 1530 ]name_of_layer = com.redflix.tvmoderno/com.redx.tvbox.ExoPlayerActivity#0 num_of_layers=1
05-27 22:11:37.975 E/RHWC2   (  376): fox 1 [rtk_gdma_post 1531] HAS_FLAG=0
05-27 22:11:37.975 E/RHWC2   (  376): fox1 [rtk_gdma_post 1565 ]
05-27 22:11:38.045 W/ThreadPoolForeg( 1480): type=1400 audit(0.0:1353): avc: denied { write } for name="traced_producer" dev="tmpfs" ino=13479 scontext=u:r:gmscore_app:s0:c512,c768 tcontext=u:object_r:traced_producer_socket:s0 tclass=sock_file permissive=0 app=com.google.android.gms
05-27 22:11:38.074 E/RHWC2   (  376): fox1 func=hwc2_func_validate_display line=1291 
05-27 22:11:38.075 E/RHWC2   (  376): fox1 func=hwc2_func_validate_display line=1411 
05-27 22:11:38.076 E/RHWC2   (  376): fox1 [rtk_gdma_post 1507 ]
05-27 22:11:38.076 E/RHWC2   (  376): fox1 [rtk_gdma_post 1530 ]name_of_layer = com.redflix.tvmoderno/com.redx.tvbox.ExoPlayerActivity#0 num_of_layers=1
05-27 22:11:38.076 E/RHWC2   (  376): fox 1 [rtk_gdma_post 1531] HAS_FLAG=0
05-27 22:11:38.076 E/RHWC2   (  376): fox1 [rtk_gdma_post 1565 ]
05-27 22:11:38.161 W/RED-X-Player( 3026): Main stream travado em BUFFERING apos 18000ms
05-27 22:11:38.161 E/RED-X-Player( 3026): TIMEOUT: Buffer travado por mais de 18000ms. Encerrando.
05-27 22:11:38.165 I/RED-X-Player( 3026): [RED_EXOPLAYER] onPlayWhenReadyChanged: playWhenReady=false reason=1
05-27 22:11:38.203 I/RED-X-Player( 3026): [RED_EXOPLAYER] onPause
05-27 22:11:38.203 I/RED-X-Player( 3026): onPause
05-27 22:11:38.205 E/RHWC2   (  376): fox1 func=hwc2_func_validate_display line=1291 
05-27 22:11:38.205 E/RHWC2   (  376): fox1 func=hwc2_func_validate_display line=1411 
05-27 22:11:38.207 D/ResourceManagerService(  806): onResumeTopActivity com.redflix.tvmoderno, Intent { act=android.intent.action.MAIN cat=[android.intent.category.LAUNCHER] flg=0x10200000 cmp=com.redflix.tvmoderno/com.redx.tvbox.MainActivity }, ComponentInfo{com.redflix.tvmoderno/com.redx.tvbox.MainActivity}
05-27 22:11:38.210 E/RHWC2   (  376): fox1 [rtk_gdma_post 1507 ]
05-27 22:11:38.210 E/RHWC2   (  376): fox1 [rtk_gdma_post 1530 ]name_of_layer = com.redflix.tvmoderno/com.redx.tvbox.ExoPlayerActivity#0 num_of_layers=1
05-27 22:11:38.210 E/RHWC2   (  376): fox 1 [rtk_gdma_post 1531] HAS_FLAG=0
05-27 22:11:38.210 E/RHWC2   (  376): fox1 [rtk_gdma_post 1565 ]
05-27 22:11:38.217 D/Capacitor( 3026): Unable to find a Capacitor plugin to handle requestCode, trying Cordova plugins 196820262
05-27 22:11:38.219 D/Capacitor( 3026): App restarted
05-27 22:11:38.220 E/RHWC2   (  376): fox1 func=hwc2_func_validate_display line=1291 
05-27 22:11:38.221 E/RHWC2   (  376): fox1 func=hwc2_func_validate_display line=1411 
05-27 22:11:38.223 E/RHWC2   (  376): fox1 [rtk_gdma_post 1507 ]
05-27 22:11:38.223 E/RHWC2   (  376): fox1 [rtk_gdma_post 1530 ]name_of_layer = com.redflix.tvmoderno/com.redx.tvbox.ExoPlayerActivity#0 num_of_layers=1
05-27 22:11:38.223 E/RHWC2   (  376): fox 1 [rtk_gdma_post 1531] HAS_FLAG=0
05-27 22:11:38.223 E/RHWC2   (  376): fox1 [rtk_gdma_post 1565 ]
05-27 22:11:38.223 D/Capacitor( 3026): App started
05-27 22:11:38.226 D/Capacitor( 3026): Sending plugin error: {"save":false,"callbackId":"74054065","pluginId":"NativePlayer","methodName":"play","success":false,"error":{"message":"Canal indisponível ou servidor não respondeu."}}
05-27 22:11:38.230 D/Capacitor/AppPlugin( 3026): Firing change: true
05-27 22:11:38.230 V/Capacitor/AppPlugin( 3026): Notifying listeners for event appStateChange
05-27 22:11:38.230 D/Capacitor/AppPlugin( 3026): No listeners found for event appStateChange
05-27 22:11:38.231 V/Capacitor/AppPlugin( 3026): Notifying listeners for event resume
05-27 22:11:38.231 D/Capacitor/AppPlugin( 3026): No listeners found for event resume
05-27 22:11:38.231 D/Capacitor( 3026): App resumed
05-27 22:11:38.237 E/RHWC2   (  376): fox1 func=hwc2_func_validate_display line=1291 
05-27 22:11:38.237 E/RHWC2   (  376): fox1 func=hwc2_func_validate_display line=1411 
05-27 22:11:38.240 D/RED-X   ( 3026): setMediaPlaybackRequiresUserGesture(false) aplicado
05-27 22:11:38.240 E/RHWC2   (  376): fox1 [rtk_gdma_post 1507 ]
05-27 22:11:38.240 E/RHWC2   (  376): fox1 [rtk_gdma_post 1530 ]name_of_layer = com.redflix.tvmoderno/com.redx.tvbox.ExoPlayerActivity#0 num_of_layers=1
05-27 22:11:38.240 E/RHWC2   (  376): fox 1 [rtk_gdma_post 1531] HAS_FLAG=0
05-27 22:11:38.240 E/RHWC2   (  376): fox1 [rtk_gdma_post 1565 ]
05-27 22:11:38.241 D/RED-X   ( 3026): setLayerType: usando padrão do sistema (manifest hardwareAccelerated=true)
05-27 22:11:38.247 E/Capacitor/Console( 3026): File:  - Line 330 - Msg: [object Object]
05-27 22:11:38.249 E/Capacitor/Console( 3026): File: https://localhost/canais - Line 451 - Msg: [NativePlayer] erro Error: Canal indisponível ou servidor não respondeu.
05-27 22:11:38.250 E/Capacitor/Console( 3026): File: https://localhost/canais - Line 391 - Msg: [LiveTV] Native live player failed: Error: Canal indisponível ou servidor não respondeu.
05-27 22:11:38.251 W/Capacitor/Console( 3026): File: https://localhost/canais - Line 391 - Msg: [LiveTV] canal indisponível reason=native-error url=fontez.cc/live/myfilmestest100/jkZwXZ4K4F/6423013.m3u8
05-27 22:11:38.265 D/WindowManager(  806): handleMessage mcurrentFocus=com.redflix.tvmoderno
05-27 22:11:38.270 E/RHWC2   (  376): fox1 func=hwc2_func_validate_display line=1291 
05-27 22:11:38.270 E/RHWC2   (  376): fox1 func=hwc2_func_validate_display line=1411 
05-27 22:11:38.271 E/RHWC2   (  376): fox1 [rtk_gdma_post 1507 ]
05-27 22:11:38.271 E/RHWC2   (  376): fox1 [rtk_gdma_post 1530 ]name_of_layer = com.redflix.tvmoderno/com.redx.tvbox.ExoPlayerActivity#0 num_of_layers=1
05-27 22:11:38.271 E/RHWC2   (  376): fox 1 [rtk_gdma_post 1531] HAS_FLAG=0
05-27 22:11:38.271 E/RHWC2   (  376): fox1 [rtk_gdma_post 1565 ]
05-27 22:11:38.288 E/RHWC2   (  376): fox1 func=hwc2_func_validate_display line=1291 
05-27 22:11:38.288 E/RHWC2   (  376): fox1 func=hwc2_func_validate_display line=1411 
05-27 22:11:38.288 E/RHWC2   (  376): fox1 [rtk_gdma_post 1507 ]
05-27 22:11:38.289 E/RHWC2   (  376): fox1 [rtk_gdma_post 1530 ]name_of_layer = com.redflix.tvmoderno/com.redx.tvbox.ExoPlayerActivity#0 num_of_layers=1
05-27 22:11:38.289 E/RHWC2   (  376): fox 1 [rtk_gdma_post 1531] HAS_FLAG=0
05-27 22:11:38.289 E/RHWC2   (  376): fox1 [rtk_gdma_post 1565 ]
05-27 22:11:38.355 E/RHWC2   (  376): fox1 func=hwc2_func_validate_display line=1291 
05-27 22:11:38.355 E/RHWC2   (  376): fox1 func=hwc2_func_validate_display line=1411 
05-27 22:11:38.356 E/RHWC2   (  376): fox1 [rtk_gdma_post 1507 ]
05-27 22:11:38.356 E/RHWC2   (  376): fox1 [rtk_gdma_post 1530 ]name_of_layer = com.redflix.tvmoderno/com.redx.tvbox.ExoPlayerActivity#0 num_of_layers=1
05-27 22:11:38.356 E/RHWC2   (  376): fox 1 [rtk_gdma_post 1531] HAS_FLAG=0
05-27 22:11:38.356 E/RHWC2   (  376): fox1 [rtk_gdma_post 1565 ]
05-27 22:11:38.370 E/RHWC2   (  376): fox1 func=hwc2_func_validate_display line=1291 
05-27 22:11:38.371 E/RHWC2   (  376): fox1 func=hwc2_func_validate_display line=1411 
05-27 22:11:38.371 E/RHWC2   (  376): fox1 [rtk_gdma_post 1507 ]
05-27 22:11:38.371 E/RHWC2   (  376): fox1 [rtk_gdma_post 1530 ]name_of_layer = com.redflix.tvmoderno/com.redx.tvbox.ExoPlayerActivity#0 num_of_layers=1
05-27 22:11:38.371 E/RHWC2   (  376): fox 1 [rtk_gdma_post 1531] HAS_FLAG=0
05-27 22:11:38.371 E/RHWC2   (  376): fox1 [rtk_gdma_post 1565 ]
05-27 22:11:38.387 E/RHWC2   (  376): fox1 func=hwc2_func_validate_display line=1291 
05-27 22:11:38.387 E/RHWC2   (  376): fox1 func=hwc2_func_validate_display line=1411 
05-27 22:11:38.388 E/RHWC2   (  376): fox1 [rtk_gdma_post 1507 ]
05-27 22:11:38.388 E/RHWC2   (  376): fox1 [rtk_gdma_post 1530 ]name_of_layer = com.redflix.tvmoderno/com.redx.tvbox.ExoPlayerActivity#0 num_of_layers=1
05-27 22:11:38.388 E/RHWC2   (  376): fox 1 [rtk_gdma_post 1531] HAS_FLAG=0
05-27 22:11:38.388 E/RHWC2   (  376): fox1 [rtk_gdma_post 1565 ]
05-27 22:11:38.389 I/ActivityTaskManager(  806): gc_tuning disable system_server's gc tuning after com.redflix.tvmoderno shown
05-27 22:11:38.391 I/ActivityThread( 3026): gc_tuning enable=false
05-27 22:11:38.395 W/ActivityTaskManager(  806): ActivityRecord idle mService.getTclHandler() = Handler (com.android.server.wm.TclActivityTaskManagerService$MainHandler) {4028e34}      r.occludesParent = true,r.isResumedActivityOnDisplay():true
05-27 22:11:38.395 W/ActivityTaskManager(  806): ActivityRecord idle....com.redflix.tvmoderno====name = 101=====msg.obj = com.redflix.tvmoderno
05-27 22:11:38.401 I/Capacitor/Console( 3026): File:  - Line 1 - Msg: RED-X Device Info Injected: [object Object]
05-27 22:11:38.405 E/RHWC2   (  376): fox1 func=hwc2_func_validate_display line=1291 
05-27 22:11:38.405 E/RHWC2   (  376): fox1 func=hwc2_func_validate_display line=1411 
05-27 22:11:38.405 W/TclActivityTaskManagerService(  806): amati platform ,actionForIdelActivity not set source
05-27 22:11:38.407 E/RHWC2   (  376): fox1 [rtk_gdma_post 1507 ]
05-27 22:11:38.407 E/RHWC2   (  376): fox1 [rtk_gdma_post 1530 ]name_of_layer = com.redflix.tvmoderno/com.redx.tvbox.ExoPlayerActivity#0 num_of_layers=1
05-27 22:11:38.407 E/RHWC2   (  376): fox 1 [rtk_gdma_post 1531] HAS_FLAG=0
05-27 22:11:38.407 E/RHWC2   (  376): fox1 [rtk_gdma_post 1565 ]
05-27 22:11:38.413 D/RED-X   ( 3026): setMediaPlaybackRequiresUserGesture(false) aplicado
05-27 22:11:38.413 D/RED-X   ( 3026): setLayerType: usando padrão do sistema (manifest hardwareAccelerated=true)
05-27 22:11:38.421 E/RHWC2   (  376): fox1 func=hwc2_func_validate_display line=1291 
05-27 22:11:38.421 E/RHWC2   (  376): fox1 func=hwc2_func_validate_display line=1411 
05-27 22:11:38.424 E/RHWC2   (  376): fox1 [rtk_gdma_post 1507 ]
05-27 22:11:38.424 E/RHWC2   (  376): fox1 [rtk_gdma_post 1530 ]name_of_layer = com.redflix.tvmoderno/com.redx.tvbox.MainActivity#0 num_of_layers=1
05-27 22:11:38.424 E/RHWC2   (  376): fox 1 [rtk_gdma_post 1531] HAS_FLAG=0
05-27 22:11:38.424 E/RHWC2   (  376): fox1 [rtk_gdma_post 1530 ]name_of_layer = com.redflix.tvmoderno/com.redx.tvbox.ExoPlayerActivity#0 num_of_layers=2
05-27 22:11:38.424 E/RHWC2   (  376): fox 1 [rtk_gdma_post 1531] HAS_FLAG=0
05-27 22:11:38.424 E/RHWC2   (  376): fox1 [rtk_gdma_post 1565 ]
05-27 22:11:38.427 D/T_IME_LOG( 1637): TCL_IME********onFinishInput.
05-27 22:11:38.427 D/T_IME_LOG( 1637): TCL_IME********onStartInput  ccontentType: 0 Restarting:false
05-27 22:11:38.427 D/T_IME_LOG( 1637): TCL_IME******** commitResultText("") = 
05-27 22:11:38.427 D/T_IME_LOG( 1637): TCL_IME********null == mCandidatesContainer is true
05-27 22:11:38.438 E/RHWC2   (  376): fox1 func=hwc2_func_validate_display line=1291 
05-27 22:11:38.438 E/RHWC2   (  376): fox1 func=hwc2_func_validate_display line=1411 
05-27 22:11:38.441 E/RHWC2   (  376): fox1 [rtk_gdma_post 1507 ]
05-27 22:11:38.441 E/RHWC2   (  376): fox1 [rtk_gdma_post 1530 ]name_of_layer = com.redflix.tvmoderno/com.redx.tvbox.MainActivity#0 num_of_layers=1
05-27 22:11:38.441 E/RHWC2   (  376): fox 1 [rtk_gdma_post 1531] HAS_FLAG=0
05-27 22:11:38.441 E/RHWC2   (  376): fox1 [rtk_gdma_post 1530 ]name_of_layer = com.redflix.tvmoderno/com.redx.tvbox.ExoPlayerActivity#0 num_of_layers=2
05-27 22:11:38.441 E/RHWC2   (  376): fox 1 [rtk_gdma_post 1531] HAS_FLAG=0
05-27 22:11:38.441 E/RHWC2   (  376): fox1 [rtk_gdma_post 1565 ]
05-27 22:11:38.446 E/RHWC2   (  376): fox1 func=hwc2_func_validate_display line=1291 
05-27 22:11:38.446 E/RHWC2   (  376): fox1 func=hwc2_func_validate_display line=1411 
05-27 22:11:38.448 E/RHWC2   (  376): fox1 [rtk_gdma_post 1507 ]
05-27 22:11:38.448 E/RHWC2   (  376): fox1 [rtk_gdma_post 1530 ]name_of_layer = com.redflix.tvmoderno/com.redx.tvbox.MainActivity#0 num_of_layers=1
05-27 22:11:38.448 E/RHWC2   (  376): fox 1 [rtk_gdma_post 1531] HAS_FLAG=0
05-27 22:11:38.448 E/RHWC2   (  376): fox1 [rtk_gdma_post 1530 ]name_of_layer = com.redflix.tvmoderno/com.redx.tvbox.ExoPlayerActivity#0 num_of_layers=2
05-27 22:11:38.449 E/RHWC2   (  376): fox 1 [rtk_gdma_post 1531] HAS_FLAG=0
05-27 22:11:38.449 E/RHWC2   (  376): fox1 [rtk_gdma_post 1565 ]
05-27 22:11:38.454 E/RHWC2   (  376): fox1 func=hwc2_func_validate_display line=1291 
05-27 22:11:38.454 E/RHWC2   (  376): fox1 func=hwc2_func_validate_display line=1411 
05-27 22:11:38.457 E/RHWC2   (  376): fox1 [rtk_gdma_post 1507 ]
05-27 22:11:38.457 E/RHWC2   (  376): fox1 [rtk_gdma_post 1530 ]name_of_layer = com.redflix.tvmoderno/com.redx.tvbox.MainActivity#0 num_of_layers=1
05-27 22:11:38.457 E/RHWC2   (  376): fox 1 [rtk_gdma_post 1531] HAS_FLAG=0
05-27 22:11:38.457 E/RHWC2   (  376): fox1 [rtk_gdma_post 1530 ]name_of_layer = com.redflix.tvmoderno/com.redx.tvbox.ExoPlayerActivity#0 num_of_layers=2
05-27 22:11:38.457 E/RHWC2   (  376): fox 1 [rtk_gdma_post 1531] HAS_FLAG=0
05-27 22:11:38.457 E/RHWC2   (  376): fox1 [rtk_gdma_post 1565 ]
05-27 22:11:38.471 E/RHWC2   (  376): fox1 func=hwc2_func_validate_display line=1291 
05-27 22:11:38.471 E/RHWC2   (  376): fox1 func=hwc2_func_validate_display line=1411 
05-27 22:11:38.473 E/RHWC2   (  376): fox1 [rtk_gdma_post 1507 ]
05-27 22:11:38.473 E/RHWC2   (  376): fox1 [rtk_gdma_post 1530 ]name_of_layer = com.redflix.tvmoderno/com.redx.tvbox.MainActivity#0 num_of_layers=1
05-27 22:11:38.473 E/RHWC2   (  376): fox 1 [rtk_gdma_post 1531] HAS_FLAG=0
05-27 22:11:38.473 E/RHWC2   (  376): fox1 [rtk_gdma_post 1530 ]name_of_layer = com.redflix.tvmoderno/com.redx.tvbox.ExoPlayerActivity#0 num_of_layers=2
05-27 22:11:38.473 E/RHWC2   (  376): fox 1 [rtk_gdma_post 1531] HAS_FLAG=0
05-27 22:11:38.473 E/RHWC2   (  376): fox1 [rtk_gdma_post 1565 ]
05-27 22:11:38.482 I/ndroid.systemu( 1086): NativeAlloc concurrent copying GC freed 7594(592KB) AllocSpace objects, 0(0B) LOS objects, 49% free, 2520KB/5040KB, paused 145us total 250.148ms
05-27 22:11:38.484 W/System  ( 1086): A resource failed to call release. 
05-27 22:11:38.488 E/RHWC2   (  376): fox1 func=hwc2_func_validate_display line=1291 
05-27 22:11:38.488 E/RHWC2   (  376): fox1 func=hwc2_func_validate_display line=1411 
05-27 22:11:38.490 E/RHWC2   (  376): fox1 [rtk_gdma_post 1507 ]
05-27 22:11:38.490 E/RHWC2   (  376): fox1 [rtk_gdma_post 1530 ]name_of_layer = com.redflix.tvmoderno/com.redx.tvbox.MainActivity#0 num_of_layers=1
05-27 22:11:38.490 E/RHWC2   (  376): fox 1 [rtk_gdma_post 1531] HAS_FLAG=0
05-27 22:11:38.490 E/RHWC2   (  376): fox1 [rtk_gdma_post 1530 ]name_of_layer = com.redflix.tvmoderno/com.redx.tvbox.ExoPlayerActivity#0 num_of_layers=2
05-27 22:11:38.490 E/RHWC2   (  376): fox 1 [rtk_gdma_post 1531] HAS_FLAG=0
05-27 22:11:38.490 E/RHWC2   (  376): fox1 [rtk_gdma_post 1565 ]
05-27 22:11:38.504 E/RHWC2   (  376): fox1 func=hwc2_func_validate_display line=1291 
05-27 22:11:38.504 E/RHWC2   (  376): fox1 func=hwc2_func_validate_display line=1411 
05-27 22:11:38.506 E/RHWC2   (  376): fox1 [rtk_gdma_post 1507 ]
05-27 22:11:38.506 E/RHWC2   (  376): fox1 [rtk_gdma_post 1530 ]name_of_layer = com.redflix.tvmoderno/com.redx.tvbox.MainActivity#0 num_of_layers=1
05-27 22:11:38.506 E/RHWC2   (  376): fox 1 [rtk_gdma_post 1531] HAS_FLAG=0
05-27 22:11:38.506 E/RHWC2   (  376): fox1 [rtk_gdma_post 1530 ]name_of_layer = com.redflix.tvmoderno/com.redx.tvbox.ExoPlayerActivity#0 num_of_layers=2
05-27 22:11:38.506 E/RHWC2   (  376): fox 1 [rtk_gdma_post 1531] HAS_FLAG=0
05-27 22:11:38.506 E/RHWC2   (  376): fox1 [rtk_gdma_post 1565 ]
05-27 22:11:38.521 E/RHWC2   (  376): fox1 func=hwc2_func_validate_display line=1291 
05-27 22:11:38.521 E/RHWC2   (  376): fox1 func=hwc2_func_validate_display line=1411 
05-27 22:11:38.523 E/RHWC2   (  376): fox1 [rtk_gdma_post 1507 ]
05-27 22:11:38.523 E/RHWC2   (  376): fox1 [rtk_gdma_post 1530 ]name_of_layer = com.redflix.tvmoderno/com.redx.tvbox.MainActivity#0 num_of_layers=1
05-27 22:11:38.523 E/RHWC2   (  376): fox 1 [rtk_gdma_post 1531] HAS_FLAG=0
05-27 22:11:38.523 E/RHWC2   (  376): fox1 [rtk_gdma_post 1530 ]name_of_layer = com.redflix.tvmoderno/com.redx.tvbox.ExoPlayerActivity#0 num_of_layers=2
05-27 22:11:38.523 E/RHWC2   (  376): fox 1 [rtk_gdma_post 1531] HAS_FLAG=0
05-27 22:11:38.523 E/RHWC2   (  376): fox1 [rtk_gdma_post 1565 ]
05-27 22:11:38.537 E/RHWC2   (  376): fox1 func=hwc2_func_validate_display line=1291 
05-27 22:11:38.537 E/RHWC2   (  376): fox1 func=hwc2_func_validate_display line=1411 
05-27 22:11:38.538 E/WifiVendorHal(  806): getWifiLinkLayerStats_1_3_Internal(l.978) failed {.code = ERROR_NOT_SUPPORTED, .description = }
05-27 22:11:38.540 E/RHWC2   (  376): fox1 [rtk_gdma_post 1507 ]
05-27 22:11:38.540 E/RHWC2   (  376): fox1 [rtk_gdma_post 1530 ]name_of_layer = com.redflix.tvmoderno/com.redx.tvbox.MainActivity#0 num_of_layers=1
05-27 22:11:38.540 E/RHWC2   (  376): fox 1 [rtk_gdma_post 1531] HAS_FLAG=0
05-27 22:11:38.540 E/RHWC2   (  376): fox1 [rtk_gdma_post 1530 ]name_of_layer = com.redflix.tvmoderno/com.redx.tvbox.ExoPlayerActivity#0 num_of_layers=2
05-27 22:11:38.540 E/RHWC2   (  376): fox 1 [rtk_gdma_post 1531] HAS_FLAG=0
05-27 22:11:38.540 E/RHWC2   (  376): fox1 [rtk_gdma_post 1565 ]
05-27 22:11:38.544 D/WifiClientModeImpl(  806): fetchRssiLinkSpeedAndFrequencyNative rssi=-71 TxLinkspeed=130 freq=2417 RxLinkSpeed=0
05-27 22:11:38.544 V/WifiConfigManager(  806): Updating scan detail cache freq=2417 BSSID=f8:2d:c0:24:9e:d2 RSSI=-70 for "BOLSONARO2018"WPA_PSK
05-27 22:11:38.551 D/WifiThroughputPredictor(  806):  utilization (BssLoad) -1 utilization (LLStats) 80 isBluetoothConnected: false final utilization: 80
05-27 22:11:38.551 D/WifiThroughputPredictor(  806):  utilization (BssLoad) -1 utilization (LLStats) 80 isBluetoothConnected: false final utilization: 80
05-27 22:11:38.553 E/RHWC2   (  376): fox1 func=hwc2_func_validate_display line=1291 
05-27 22:11:38.553 E/RHWC2   (  376): fox1 func=hwc2_func_validate_display line=1411 
05-27 22:11:38.552 D/WifiScoreCard(  806): BSSID update SIGNAL_POLL ID: 398514962 SSID: BOLSONARO2018, BSSID: f8:2d:c0:24:9e:d2, MAC: 64:57:25:8c:68:c1, Supplicant state: COMPLETED, Wi-Fi standard: 0, RSSI: -71, Link speed: 130Mbps, Tx Link speed: 130Mbps, Max Supported Tx Link speed: -1Mbps, Rx Link speed: -1Mbps, Max Supported Rx Link speed: -1Mbps, Frequency: 2417MHz, Net ID: 0, Metered hint: false, score: 60
05-27 22:11:38.554 D/WifiScoreCard(  806): txRate: 67 txSpeed: 130
05-27 22:11:38.555 D/WifiScoreCard(  806): network update SIGNAL_POLL "BOLSONARO2018" ID: 976476524 RSSI -71 txSpeed 130
05-27 22:11:38.555 D/WifiScoreCard(  806): SSID: "BOLSONARO2018"
05-27 22:11:38.555 D/WifiScoreCard(  806):  LastRssiPollTime: 12678619 LastRssiPoll: -71 LastTxSpeedPoll: 130
05-27 22:11:38.555 D/WifiScoreCard(  806):  StatsRecent:  ConnectAttempt: 4 ConnectFailure: 0 ConnectDurSec: 6372708 AssocRej: 0 AssocTimeout: 0 AuthFailure: 0 ShortDiscNonlocal: 6 DisconnectNonlocal: 7 Disconnect: 13 ConsecutiveConnectFailure: 0
05-27 22:11:38.555 D/WifiScoreCard(  806):  StatsCurr:  ConnectAttempt: 54 ConnectFailure: 0 ConnectDurSec: 759544 AssocRej: 0 AssocTimeout: 0 AuthFailure: 0 ShortDiscNonlocal: 39 DisconnectNonlocal: 53 Disconnect: 73 ConsecutiveConnectFailure: 0
05-27 22:11:38.555 D/WifiScoreCard(  806):  StatsPrev:  ConnectAttempt: 15 ConnectFailure: 0 ConnectDurSec: 211923 AssocRej: 0 AssocTimeout: 0 AuthFailure: 0 ShortDiscNonlocal: 10 DisconnectNonlocal: 19 Disconnect: 32 ConsecutiveConnectFailure: 0
05-27 22:11:38.556 E/RHWC2   (  376): fox1 [rtk_gdma_post 1507 ]
05-27 22:11:38.556 E/RHWC2   (  376): fox1 [rtk_gdma_post 1530 ]name_of_layer = com.redflix.tvmoderno/com.redx.tvbox.MainActivity#0 num_of_layers=1
05-27 22:11:38.556 E/RHWC2   (  376): fox 1 [rtk_gdma_post 1531] HAS_FLAG=0
05-27 22:11:38.556 E/RHWC2   (  376): fox1 [rtk_gdma_post 1530 ]name_of_layer = com.redflix.tvmoderno/com.redx.tvbox.ExoPlayerActivity#0 num_of_layers=2
05-27 22:11:38.556 E/RHWC2   (  376): fox 1 [rtk_gdma_post 1531] HAS_FLAG=0
05-27 22:11:38.556 E/RHWC2   (  376): fox1 [rtk_gdma_post 1565 ]
05-27 22:11:38.557 D/ConnectivityListener( 1306): updateWifiConnectivityStatus
05-27 22:11:38.558 I/WifiService(  806): getConnectionInfo uid=1000
05-27 22:11:38.559 D/ConnectivityListener( 1306): updateWifiConnectivityStatus: AP state = COMPLETED
05-27 22:11:38.559 D/ConnectivityListener( 1306): updateWifiConnectivityStatus: AP is connected
05-27 22:11:38.559 D/ConnectivityListener( 1306): setWifiStatus connected = true
05-27 22:11:38.560 D/ConnectivityListener( 1306): updateWifiConnectivityStatus: ssid = "BOLSONARO2018"
05-27 22:11:38.560 D/WifiClientModeImpl(  806):  L2ConnectedState screen=on 1 0 "BOLSONARO2018" f8:2d:c0:24:9e:d2 rssi=-71 f=2417 sc=60 link=130 tx=66,6, 0,0, 0,0  rx=48,2 bcn=0 [on:0 tx:0 rx:0 period:3023] from screen [on:0 period:1814238016] score=60
05-27 22:11:38.560 D/ConnectivityListener( 1306): isWireConnected: 
05-27 22:11:38.561 D/ConnectivityListener( 1306): isWireConnected = false
05-27 22:11:38.561 D/ConnectivityListener( 1306): setEthernetStatus = false
05-27 22:11:38.561 D/MainFragment( 1306): updateConnectivity() start
05-27 22:11:38.562 D/MainFragment( 1306): connectedState = true
05-27 22:11:38.562 D/MainFragment( 1306): TextUtils.isEmpty(connectedState) = false
05-27 22:11:38.562 I/WifiService(  806): getWifiEnabledState uid=1000
05-27 22:11:38.563 D/ConnectivityListener( 1306): isWifiEnabledOrEnabling: wifiManager.getWifiState = 3
05-27 22:11:38.564 I/WifiService(  806): getWifiEnabledState uid=1000
05-27 22:11:38.564 D/ConnectivityListener( 1306): isWifiConnected: isWifiConnected = true
05-27 22:11:38.564 I/WifiService(  806): getConnectionInfo uid=1000
05-27 22:11:38.565 I/WifiService(  806): getConnectionInfo uid=1000
05-27 22:11:38.566 D/MainFragment( 1306): updateConnectivity() end
05-27 22:11:38.570 E/RHWC2   (  376): fox1 func=hwc2_func_validate_display line=1291 
05-27 22:11:38.570 E/RHWC2   (  376): fox1 func=hwc2_func_validate_display line=1411 
05-27 22:11:38.573 E/RHWC2   (  376): fox1 [rtk_gdma_post 1507 ]
05-27 22:11:38.573 E/RHWC2   (  376): fox1 [rtk_gdma_post 1530 ]name_of_layer = com.redflix.tvmoderno/com.redx.tvbox.MainActivity#0 num_of_layers=1
05-27 22:11:38.573 E/RHWC2   (  376): fox 1 [rtk_gdma_post 1531] HAS_FLAG=0
05-27 22:11:38.573 E/RHWC2   (  376): fox1 [rtk_gdma_post 1530 ]name_of_layer = com.redflix.tvmoderno/com.redx.tvbox.ExoPlayerActivity#0 num_of_layers=2
05-27 22:11:38.573 E/RHWC2   (  376): fox 1 [rtk_gdma_post 1531] HAS_FLAG=0
05-27 22:11:38.573 E/RHWC2   (  376): fox1 [rtk_gdma_post 1565 ]
05-27 22:11:38.587 E/RHWC2   (  376): fox1 func=hwc2_func_validate_display line=1291 
05-27 22:11:38.587 E/RHWC2   (  376): fox1 func=hwc2_func_validate_display line=1411 
05-27 22:11:38.589 E/RHWC2   (  376): fox1 [rtk_gdma_post 1507 ]
05-27 22:11:38.589 E/RHWC2   (  376): fox1 [rtk_gdma_post 1530 ]name_of_layer = com.redflix.tvmoderno/com.redx.tvbox.MainActivity#0 num_of_layers=1
05-27 22:11:38.589 E/RHWC2   (  376): fox 1 [rtk_gdma_post 1531] HAS_FLAG=0
05-27 22:11:38.589 E/RHWC2   (  376): fox1 [rtk_gdma_post 1530 ]name_of_layer = com.redflix.tvmoderno/com.redx.tvbox.ExoPlayerActivity#0 num_of_layers=2
05-27 22:11:38.589 E/RHWC2   (  376): fox 1 [rtk_gdma_post 1531] HAS_FLAG=0
05-27 22:11:38.589 E/RHWC2   (  376): fox1 [rtk_gdma_post 1565 ]
05-27 22:11:38.603 E/RHWC2   (  376): fox1 func=hwc2_func_validate_display line=1291 
05-27 22:11:38.604 E/RHWC2   (  376): fox1 func=hwc2_func_validate_display line=1411 
05-27 22:11:38.606 E/RHWC2   (  376): fox1 [rtk_gdma_post 1507 ]
05-27 22:11:38.606 E/RHWC2   (  376): fox1 [rtk_gdma_post 1530 ]name_of_layer = com.redflix.tvmoderno/com.redx.tvbox.MainActivity#0 num_of_layers=1
05-27 22:11:38.606 E/RHWC2   (  376): fox 1 [rtk_gdma_post 1531] HAS_FLAG=0
05-27 22:11:38.606 E/RHWC2   (  376): fox1 [rtk_gdma_post 1530 ]name_of_layer = com.redflix.tvmoderno/com.redx.tvbox.ExoPlayerActivity#0 num_of_layers=2
05-27 22:11:38.606 E/RHWC2   (  376): fox 1 [rtk_gdma_post 1531] HAS_FLAG=0
05-27 22:11:38.606 E/RHWC2   (  376): fox1 [rtk_gdma_post 1565 ]
05-27 22:11:38.620 E/RHWC2   (  376): fox1 func=hwc2_func_validate_display line=1291 
05-27 22:11:38.620 E/RHWC2   (  376): fox1 func=hwc2_func_validate_display line=1411 
05-27 22:11:38.622 E/RHWC2   (  376): fox1 [rtk_gdma_post 1507 ]
05-27 22:11:38.622 E/RHWC2   (  376): fox1 [rtk_gdma_post 1530 ]name_of_layer = com.redflix.tvmoderno/com.redx.tvbox.MainActivity#0 num_of_layers=1
05-27 22:11:38.623 E/RHWC2   (  376): fox 1 [rtk_gdma_post 1531] HAS_FLAG=0
05-27 22:11:38.623 E/RHWC2   (  376): fox1 [rtk_gdma_post 1530 ]name_of_layer = com.redflix.tvmoderno/com.redx.tvbox.ExoPlayerActivity#0 num_of_layers=2
05-27 22:11:38.623 E/RHWC2   (  376): fox 1 [rtk_gdma_post 1531] HAS_FLAG=0
05-27 22:11:38.623 E/RHWC2   (  376): fox1 [rtk_gdma_post 1565 ]
05-27 22:11:38.637 E/RHWC2   (  376): fox1 func=hwc2_func_validate_display line=1291 
05-27 22:11:38.637 E/RHWC2   (  376): fox1 func=hwc2_func_validate_display line=1411 
05-27 22:11:38.640 E/RHWC2   (  376): fox1 [rtk_gdma_post 1507 ]
05-27 22:11:38.640 E/RHWC2   (  376): fox1 [rtk_gdma_post 1530 ]name_of_layer = com.redflix.tvmoderno/com.redx.tvbox.MainActivity#0 num_of_layers=1
05-27 22:11:38.640 E/RHWC2   (  376): fox 1 [rtk_gdma_post 1531] HAS_FLAG=0
