05-27 22:06:16.277 D/WifiScoreCard(  806): BSSID update SIGNAL_POLL ID: 398514962 SSID: BOLSONARO2018, BSSID: f8:2d:c0:24:9e:d2, MAC: 64:57:25:8c:68:c1, Supplicant state: COMPLETED, Wi-Fi standard: 0, RSSI: -73, Link speed: 117Mbps, Tx Link speed: 117Mbps, Max Supported Tx Link speed: -1Mbps, Rx Link speed: -1Mbps, Max Supported Rx Link speed: -1Mbps, Frequency: 2417MHz, Net ID: 0, Metered hint: false, score: 58
05-27 22:06:16.277 D/WifiScoreCard(  806): txRate: 107 txSpeed: 117
05-27 22:06:16.277 D/WifiScoreCard(  806): network update SIGNAL_POLL "BOLSONARO2018" ID: 976476524 RSSI -73 txSpeed 117
05-27 22:06:16.277 D/WifiScoreCard(  806): SSID: "BOLSONARO2018"
05-27 22:06:16.277 D/WifiScoreCard(  806):  LastRssiPollTime: 12356341 LastRssiPoll: -73 LastTxSpeedPoll: 117
05-27 22:06:16.277 D/WifiScoreCard(  806):  StatsRecent:  ConnectAttempt: 4 ConnectFailure: 0 ConnectDurSec: 6372708 AssocRej: 0 AssocTimeout: 0 AuthFailure: 0 ShortDiscNonlocal: 6 DisconnectNonlocal: 7 Disconnect: 13 ConsecutiveConnectFailure: 0
05-27 22:06:16.277 D/WifiScoreCard(  806):  StatsCurr:  ConnectAttempt: 54 ConnectFailure: 0 ConnectDurSec: 759544 AssocRej: 0 AssocTimeout: 0 AuthFailure: 0 ShortDiscNonlocal: 39 DisconnectNonlocal: 53 Disconnect: 73 ConsecutiveConnectFailure: 0
05-27 22:06:16.277 D/WifiScoreCard(  806):  StatsPrev:  ConnectAttempt: 15 ConnectFailure: 0 ConnectDurSec: 211923 AssocRej: 0 AssocTimeout: 0 AuthFailure: 0 ShortDiscNonlocal: 10 DisconnectNonlocal: 19 Disconnect: 32 ConsecutiveConnectFailure: 0
05-27 22:06:16.278 D/ConnectivityListener( 1306): updateWifiConnectivityStatus
05-27 22:06:16.279 I/WifiService(  806): getConnectionInfo uid=1000
05-27 22:06:16.279 D/ConnectivityListener( 1306): updateWifiConnectivityStatus: AP state = COMPLETED
05-27 22:06:16.279 D/ConnectivityListener( 1306): updateWifiConnectivityStatus: AP is connected
05-27 22:06:16.279 D/ConnectivityListener( 1306): setWifiStatus connected = true
05-27 22:06:16.279 D/ConnectivityListener( 1306): updateWifiConnectivityStatus: ssid = "BOLSONARO2018"
05-27 22:06:16.279 D/ConnectivityListener( 1306): isWireConnected: 
05-27 22:06:16.280 D/ConnectivityListener( 1306): isWireConnected = false
05-27 22:06:16.280 D/ConnectivityListener( 1306): setEthernetStatus = false
05-27 22:06:16.280 D/MainFragment( 1306): updateConnectivity() start
05-27 22:06:16.280 D/MainFragment( 1306): connectedState = true
05-27 22:06:16.280 D/MainFragment( 1306): TextUtils.isEmpty(connectedState) = false
05-27 22:06:16.280 I/WifiService(  806): getWifiEnabledState uid=1000
05-27 22:06:16.280 D/ConnectivityListener( 1306): isWifiEnabledOrEnabling: wifiManager.getWifiState = 3
05-27 22:06:16.281 I/WifiService(  806): getWifiEnabledState uid=1000
05-27 22:06:16.281 D/ConnectivityListener( 1306): isWifiConnected: isWifiConnected = true
05-27 22:06:16.281 I/WifiService(  806): getConnectionInfo uid=1000
05-27 22:06:16.281 I/WifiService(  806): getConnectionInfo uid=1000
05-27 22:06:16.282 D/MainFragment( 1306): updateConnectivity() end
05-27 22:06:16.282 D/WifiClientModeImpl(  806):  L2ConnectedState screen=on 1 0 "BOLSONARO2018" f8:2d:c0:24:9e:d2 rssi=-73 f=2417 sc=58 link=117 tx=106,1, 0,0, 0,0  rx=90,9 bcn=0 [on:0 tx:0 rx:0 period:3007] from screen [on:0 period:1813915737] score=58
05-27 22:06:16.283 V/WifiNetworkFactory(  806): Accepted network request NetworkRequest [ REQUEST id=1, [ Capabilities: INTERNET&NOT_RESTRICTED&TRUSTED&NOT_VPN AdministratorUids: [] RequestorUid: 1000 RequestorPackageName: android] ]
05-27 22:06:16.283 V/WifiNetworkFactory(  806): Accepted network request NetworkRequest [ TRACK_DEFAULT id=8, [ Capabilities: INTERNET&NOT_RESTRICTED&TRUSTED Uid: 1000 AdministratorUids: [] RequestorUid: 1000 RequestorPackageName: android] ]
05-27 22:06:16.283 V/WifiNetworkFactory(  806): Accepted network request NetworkRequest [ TRACK_DEFAULT id=9, [ Capabilities: INTERNET&NOT_RESTRICTED&TRUSTED Uid: 1000 AdministratorUids: [] RequestorUid: 1000 RequestorPackageName: android] ]
05-27 22:06:16.283 V/WifiNetworkFactory(  806): Accepted network request NetworkRequest [ REQUEST id=11, [ Capabilities: INTERNET&NOT_RESTRICTED&TRUSTED&NOT_VPN AdministratorUids: [] RequestorUid: 1000 RequestorPackageName: android] ]
05-27 22:06:16.284 V/WifiNetworkFactory(  806): Accepted network request NetworkRequest [ TRACK_DEFAULT id=15, [ Capabilities: INTERNET&NOT_RESTRICTED&TRUSTED Uid: 10037 AdministratorUids: [] RequestorUid: 10037 RequestorPackageName: com.google.android.gms] ]
05-27 22:06:16.284 V/WifiNetworkFactory(  806): Accepted network request NetworkRequest [ TRACK_DEFAULT id=18, [ Capabilities: INTERNET&NOT_RESTRICTED&TRUSTED Uid: 10037 AdministratorUids: [] RequestorUid: 10037 RequestorPackageName: com.google.android.gms] ]
05-27 22:06:16.284 V/WifiNetworkFactory(  806): Accepted network request NetworkRequest [ TRACK_DEFAULT id=19, [ Capabilities: INTERNET&NOT_RESTRICTED&TRUSTED Uid: 10042 AdministratorUids: [] RequestorUid: 10042 RequestorPackageName: com.google.android.apps.tv.launcherx] ]
05-27 22:06:16.284 V/WifiNetworkFactory(  806): Accepted network request NetworkRequest [ TRACK_DEFAULT id=20, [ Capabilities: INTERNET&NOT_RESTRICTED&TRUSTED Uid: 10042 AdministratorUids: [] RequestorUid: 10042 RequestorPackageName: com.google.android.apps.tv.launcherx] ]
05-27 22:06:16.284 V/WifiNetworkFactory(  806): Accepted network request NetworkRequest [ TRACK_DEFAULT id=23, [ Capabilities: INTERNET&NOT_RESTRICTED&TRUSTED Uid: 10042 AdministratorUids: [] RequestorUid: 10042 RequestorPackageName: com.google.android.apps.tv.launcherx] ]
05-27 22:06:16.284 V/WifiNetworkFactory(  806): Accepted network request NetworkRequest [ TRACK_DEFAULT id=24, [ Capabilities: INTERNET&NOT_RESTRICTED&TRUSTED Uid: 10043 AdministratorUids: [] RequestorUid: 10043 RequestorPackageName: com.google.android.apps.mediashell] ]
05-27 22:06:16.284 V/WifiNetworkFactory(  806): Accepted network request NetworkRequest [ TRACK_DEFAULT id=27, [ Capabilities: INTERNET&NOT_RESTRICTED&TRUSTED Uid: 10037 AdministratorUids: [] RequestorUid: 10037 RequestorPackageName: com.google.android.gms] ]
05-27 22:06:16.284 V/WifiNetworkFactory(  806): Accepted network request NetworkRequest [ TRACK_DEFAULT id=30, [ Capabilities: INTERNET&NOT_RESTRICTED&TRUSTED Uid: 10045 AdministratorUids: [] RequestorUid: 10045 RequestorPackageName: com.android.vending] ]
05-27 22:06:16.284 V/WifiNetworkFactory(  806): Accepted network request NetworkRequest [ TRACK_DEFAULT id=58, [ Capabilities: INTERNET&NOT_RESTRICTED&TRUSTED Uid: 10040 AdministratorUids: [] RequestorUid: 10040 RequestorPackageName: com.google.android.apps.tv.dreamx] ]
05-27 22:06:16.284 V/WifiNetworkFactory(  806): Accepted network request NetworkRequest [ TRACK_DEFAULT id=73, [ Capabilities: INTERNET&NOT_RESTRICTED&TRUSTED Uid: 10045 AdministratorUids: [] RequestorUid: 10045 RequestorPackageName: com.android.vending] ]
05-27 22:06:16.285 V/WifiNetworkFactory(  806): Accepted network request NetworkRequest [ TRACK_DEFAULT id=74, [ Capabilities: INTERNET&NOT_RESTRICTED&TRUSTED Uid: 10045 AdministratorUids: [] RequestorUid: 10045 RequestorPackageName: com.android.vending] ]
05-27 22:06:16.285 V/WifiNetworkFactory(  806): Accepted network request NetworkRequest [ TRACK_DEFAULT id=84, [ Capabilities: INTERNET&NOT_RESTRICTED&TRUSTED Uid: 10054 AdministratorUids: [] RequestorUid: 10054 RequestorPackageName: com.google.android.videos] ]
05-27 22:06:16.285 V/WifiNetworkFactory(  806): Accepted network request NetworkRequest [ TRACK_DEFAULT id=93, [ Capabilities: INTERNET&NOT_RESTRICTED&TRUSTED Uid: 10040 AdministratorUids: [] RequestorUid: 10040 RequestorPackageName: com.google.android.apps.tv.dreamx] ]
05-27 22:06:16.285 V/WifiNetworkFactory(  806): Accepted network request NetworkRequest [ TRACK_DEFAULT id=108, [ Capabilities: INTERNET&NOT_RESTRICTED&TRUSTED Uid: 1000 AdministratorUids: [] RequestorUid: 1000 RequestorPackageName: com.tcl.ttvs] ]
05-27 22:06:16.285 V/WifiNetworkFactory(  806): Accepted network request NetworkRequest [ TRACK_DEFAULT id=111, [ Capabilities: INTERNET&NOT_RESTRICTED&TRUSTED Uid: 10165 AdministratorUids: [] RequestorUid: 10165 RequestorPackageName: com.redflix.tvmoderno] ]
05-27 22:06:16.308 E/RHWC2   (  376): fox1 func=hwc2_func_validate_display line=1291 
05-27 22:06:16.309 E/RHWC2   (  376): fox1 func=hwc2_func_validate_display line=1411 
05-27 22:06:16.310 E/RHWC2   (  376): fox1 [rtk_gdma_post 1507 ]
05-27 22:06:16.310 E/RHWC2   (  376): fox1 [rtk_gdma_post 1530 ]name_of_layer = com.redflix.tvmoderno/com.redx.tvbox.ExoPlayerActivity#0 num_of_layers=1
05-27 22:06:16.310 E/RHWC2   (  376): fox 1 [rtk_gdma_post 1531] HAS_FLAG=0
05-27 22:06:16.310 E/RHWC2   (  376): fox1 [rtk_gdma_post 1565 ]
05-27 22:06:16.343 E/RHWC2   (  376): fox1 func=hwc2_func_validate_display line=1291 
05-27 22:06:16.343 E/RHWC2   (  376): fox1 func=hwc2_func_validate_display line=1411 
05-27 22:06:16.345 E/RHWC2   (  376): fox1 [rtk_gdma_post 1507 ]
05-27 22:06:16.345 E/RHWC2   (  376): fox1 [rtk_gdma_post 1530 ]name_of_layer = com.redflix.tvmoderno/com.redx.tvbox.ExoPlayerActivity#0 num_of_layers=1
05-27 22:06:16.345 E/RHWC2   (  376): fox 1 [rtk_gdma_post 1531] HAS_FLAG=0
05-27 22:06:16.345 E/RHWC2   (  376): fox1 [rtk_gdma_post 1565 ]
05-27 22:06:16.399 E/RHWC2   (  376): fox1 func=hwc2_func_validate_display line=1291 
05-27 22:06:16.399 E/RHWC2   (  376): fox1 func=hwc2_func_validate_display line=1411 
05-27 22:06:16.401 E/RHWC2   (  376): fox1 [rtk_gdma_post 1507 ]
05-27 22:06:16.401 E/RHWC2   (  376): fox1 [rtk_gdma_post 1530 ]name_of_layer = com.redflix.tvmoderno/com.redx.tvbox.ExoPlayerActivity#0 num_of_layers=1
05-27 22:06:16.401 E/RHWC2   (  376): fox 1 [rtk_gdma_post 1531] HAS_FLAG=0
05-27 22:06:16.401 E/RHWC2   (  376): fox1 [rtk_gdma_post 1565 ]
05-27 22:06:16.434 E/RHWC2   (  376): fox1 func=hwc2_func_validate_display line=1291 
05-27 22:06:16.434 E/RHWC2   (  376): fox1 func=hwc2_func_validate_display line=1411 
05-27 22:06:16.436 E/RHWC2   (  376): fox1 [rtk_gdma_post 1507 ]
05-27 22:06:16.436 E/RHWC2   (  376): fox1 [rtk_gdma_post 1530 ]name_of_layer = com.redflix.tvmoderno/com.redx.tvbox.ExoPlayerActivity#0 num_of_layers=1
05-27 22:06:16.436 E/RHWC2   (  376): fox 1 [rtk_gdma_post 1531] HAS_FLAG=0
05-27 22:06:16.436 E/RHWC2   (  376): fox1 [rtk_gdma_post 1565 ]
05-27 22:06:16.489 E/RHWC2   (  376): fox1 func=hwc2_func_validate_display line=1291 
05-27 22:06:16.489 E/RHWC2   (  376): fox1 func=hwc2_func_validate_display line=1411 
05-27 22:06:16.491 E/RHWC2   (  376): fox1 [rtk_gdma_post 1507 ]
05-27 22:06:16.491 E/RHWC2   (  376): fox1 [rtk_gdma_post 1530 ]name_of_layer = com.redflix.tvmoderno/com.redx.tvbox.ExoPlayerActivity#0 num_of_layers=1
05-27 22:06:16.491 E/RHWC2   (  376): fox 1 [rtk_gdma_post 1531] HAS_FLAG=0
05-27 22:06:16.491 E/RHWC2   (  376): fox1 [rtk_gdma_post 1565 ]
05-27 22:06:16.525 E/RHWC2   (  376): fox1 func=hwc2_func_validate_display line=1291 
05-27 22:06:16.525 E/RHWC2   (  376): fox1 func=hwc2_func_validate_display line=1411 
05-27 22:06:16.526 E/RHWC2   (  376): fox1 [rtk_gdma_post 1507 ]
05-27 22:06:16.526 E/RHWC2   (  376): fox1 [rtk_gdma_post 1530 ]name_of_layer = com.redflix.tvmoderno/com.redx.tvbox.ExoPlayerActivity#0 num_of_layers=1
05-27 22:06:16.526 E/RHWC2   (  376): fox 1 [rtk_gdma_post 1531] HAS_FLAG=0
05-27 22:06:16.526 E/RHWC2   (  376): fox1 [rtk_gdma_post 1565 ]
05-27 22:06:16.581 E/RHWC2   (  376): fox1 func=hwc2_func_validate_display line=1291 
05-27 22:06:16.581 E/RHWC2   (  376): fox1 func=hwc2_func_validate_display line=1411 
05-27 22:06:16.583 E/RHWC2   (  376): fox1 [rtk_gdma_post 1507 ]
05-27 22:06:16.583 E/RHWC2   (  376): fox1 [rtk_gdma_post 1530 ]name_of_layer = com.redflix.tvmoderno/com.redx.tvbox.ExoPlayerActivity#0 num_of_layers=1
05-27 22:06:16.583 E/RHWC2   (  376): fox 1 [rtk_gdma_post 1531] HAS_FLAG=0
05-27 22:06:16.583 E/RHWC2   (  376): fox1 [rtk_gdma_post 1565 ]
05-27 22:06:16.593 I/HdmieArc(  394): earc status newStatus 0, oldStatus=EN_TOS_CEC_EARC_STATUS_HANDSHAKE
05-27 22:06:16.593 I/HdmieArc(  394): rhal earc status: 0, error code: 0 
05-27 22:06:16.616 E/RHWC2   (  376): fox1 func=hwc2_func_validate_display line=1291 
05-27 22:06:16.616 E/RHWC2   (  376): fox1 func=hwc2_func_validate_display line=1411 
05-27 22:06:16.618 E/RHWC2   (  376): fox1 [rtk_gdma_post 1507 ]
05-27 22:06:16.618 E/RHWC2   (  376): fox1 [rtk_gdma_post 1530 ]name_of_layer = com.redflix.tvmoderno/com.redx.tvbox.ExoPlayerActivity#0 num_of_layers=1
05-27 22:06:16.618 E/RHWC2   (  376): fox 1 [rtk_gdma_post 1531] HAS_FLAG=0
05-27 22:06:16.618 E/RHWC2   (  376): fox1 [rtk_gdma_post 1565 ]
05-27 22:06:16.669 E/RHWC2   (  376): fox1 func=hwc2_func_validate_display line=1291 
05-27 22:06:16.669 E/RHWC2   (  376): fox1 func=hwc2_func_validate_display line=1411 
05-27 22:06:16.671 E/RHWC2   (  376): fox1 [rtk_gdma_post 1507 ]
05-27 22:06:16.671 E/RHWC2   (  376): fox1 [rtk_gdma_post 1530 ]name_of_layer = com.redflix.tvmoderno/com.redx.tvbox.ExoPlayerActivity#0 num_of_layers=1
05-27 22:06:16.671 E/RHWC2   (  376): fox 1 [rtk_gdma_post 1531] HAS_FLAG=0
05-27 22:06:16.671 E/RHWC2   (  376): fox1 [rtk_gdma_post 1565 ]
05-27 22:06:16.679 D/TCastPublishOverUdp( 2208): ed8fb9a@sendOnline
05-27 22:06:16.707 E/RHWC2   (  376): fox1 func=hwc2_func_validate_display line=1291 
05-27 22:06:16.707 E/RHWC2   (  376): fox1 func=hwc2_func_validate_display line=1411 
05-27 22:06:16.708 E/RHWC2   (  376): fox1 [rtk_gdma_post 1507 ]
05-27 22:06:16.708 E/RHWC2   (  376): fox1 [rtk_gdma_post 1530 ]name_of_layer = com.redflix.tvmoderno/com.redx.tvbox.ExoPlayerActivity#0 num_of_layers=1
05-27 22:06:16.709 E/RHWC2   (  376): fox 1 [rtk_gdma_post 1531] HAS_FLAG=0
05-27 22:06:16.709 E/RHWC2   (  376): fox1 [rtk_gdma_post 1565 ]
05-27 22:06:16.761 E/RHWC2   (  376): fox1 func=hwc2_func_validate_display line=1291 
05-27 22:06:16.761 E/RHWC2   (  376): fox1 func=hwc2_func_validate_display line=1411 
05-27 22:06:16.763 E/RHWC2   (  376): fox1 [rtk_gdma_post 1507 ]
05-27 22:06:16.763 E/RHWC2   (  376): fox1 [rtk_gdma_post 1530 ]name_of_layer = com.redflix.tvmoderno/com.redx.tvbox.ExoPlayerActivity#0 num_of_layers=1
05-27 22:06:16.763 E/RHWC2   (  376): fox 1 [rtk_gdma_post 1531] HAS_FLAG=0
05-27 22:06:16.763 E/RHWC2   (  376): fox1 [rtk_gdma_post 1565 ]
05-27 22:06:16.797 E/RHWC2   (  376): fox1 func=hwc2_func_validate_display line=1291 
05-27 22:06:16.797 E/RHWC2   (  376): fox1 func=hwc2_func_validate_display line=1411 
05-27 22:06:16.799 E/RHWC2   (  376): fox1 [rtk_gdma_post 1507 ]
05-27 22:06:16.799 E/RHWC2   (  376): fox1 [rtk_gdma_post 1530 ]name_of_layer = com.redflix.tvmoderno/com.redx.tvbox.ExoPlayerActivity#0 num_of_layers=1
05-27 22:06:16.799 E/RHWC2   (  376): fox 1 [rtk_gdma_post 1531] HAS_FLAG=0
05-27 22:06:16.799 E/RHWC2   (  376): fox1 [rtk_gdma_post 1565 ]
05-27 22:06:16.850 E/RHWC2   (  376): fox1 func=hwc2_func_validate_display line=1291 
05-27 22:06:16.850 E/RHWC2   (  376): fox1 func=hwc2_func_validate_display line=1411 
05-27 22:06:16.852 E/RHWC2   (  376): fox1 [rtk_gdma_post 1507 ]
05-27 22:06:16.852 E/RHWC2   (  376): fox1 [rtk_gdma_post 1530 ]name_of_layer = com.redflix.tvmoderno/com.redx.tvbox.ExoPlayerActivity#0 num_of_layers=1
05-27 22:06:16.852 E/RHWC2   (  376): fox 1 [rtk_gdma_post 1531] HAS_FLAG=0
05-27 22:06:16.852 E/RHWC2   (  376): fox1 [rtk_gdma_post 1565 ]
05-27 22:06:16.888 E/RHWC2   (  376): fox1 func=hwc2_func_validate_display line=1291 
05-27 22:06:16.888 E/RHWC2   (  376): fox1 func=hwc2_func_validate_display line=1411 
05-27 22:06:16.889 E/RHWC2   (  376): fox1 [rtk_gdma_post 1507 ]
05-27 22:06:16.889 E/RHWC2   (  376): fox1 [rtk_gdma_post 1530 ]name_of_layer = com.redflix.tvmoderno/com.redx.tvbox.ExoPlayerActivity#0 num_of_layers=1
05-27 22:06:16.889 E/RHWC2   (  376): fox 1 [rtk_gdma_post 1531] HAS_FLAG=0
05-27 22:06:16.889 E/RHWC2   (  376): fox1 [rtk_gdma_post 1565 ]
05-27 22:06:16.940 E/RHWC2   (  376): fox1 func=hwc2_func_validate_display line=1291 
05-27 22:06:16.940 E/RHWC2   (  376): fox1 func=hwc2_func_validate_display line=1411 
05-27 22:06:16.942 E/RHWC2   (  376): fox1 [rtk_gdma_post 1507 ]
05-27 22:06:16.942 E/RHWC2   (  376): fox1 [rtk_gdma_post 1530 ]name_of_layer = com.redflix.tvmoderno/com.redx.tvbox.ExoPlayerActivity#0 num_of_layers=1
05-27 22:06:16.942 E/RHWC2   (  376): fox 1 [rtk_gdma_post 1531] HAS_FLAG=0
05-27 22:06:16.942 E/RHWC2   (  376): fox1 [rtk_gdma_post 1565 ]
05-27 22:06:16.979 E/RHWC2   (  376): fox1 func=hwc2_func_validate_display line=1291 
05-27 22:06:16.979 E/RHWC2   (  376): fox1 func=hwc2_func_validate_display line=1411 
05-27 22:06:16.981 E/RHWC2   (  376): fox1 [rtk_gdma_post 1507 ]
05-27 22:06:16.981 E/RHWC2   (  376): fox1 [rtk_gdma_post 1530 ]name_of_layer = com.redflix.tvmoderno/com.redx.tvbox.ExoPlayerActivity#0 num_of_layers=1
05-27 22:06:16.981 E/RHWC2   (  376): fox 1 [rtk_gdma_post 1531] HAS_FLAG=0
05-27 22:06:16.981 E/RHWC2   (  376): fox1 [rtk_gdma_post 1565 ]
05-27 22:06:16.992 D/wpa_supplicant( 1207): wlan_traffic_statistics rx_byte = 959455264 rx rate = 50 Kb/s
05-27 22:06:16.992 D/wpa_supplicant( 1207): wlan_traffic_statistics tx_byte = 157136733 tx rate = 156 Kb/s
05-27 22:06:17.030 E/RHWC2   (  376): fox1 func=hwc2_func_validate_display line=1291 
05-27 22:06:17.030 E/RHWC2   (  376): fox1 func=hwc2_func_validate_display line=1411 
05-27 22:06:17.032 E/RHWC2   (  376): fox1 [rtk_gdma_post 1507 ]
05-27 22:06:17.032 E/RHWC2   (  376): fox1 [rtk_gdma_post 1530 ]name_of_layer = com.redflix.tvmoderno/com.redx.tvbox.ExoPlayerActivity#0 num_of_layers=1
05-27 22:06:17.032 E/RHWC2   (  376): fox 1 [rtk_gdma_post 1531] HAS_FLAG=0
05-27 22:06:17.032 E/RHWC2   (  376): fox1 [rtk_gdma_post 1565 ]
05-27 22:06:17.069 E/RHWC2   (  376): fox1 func=hwc2_func_validate_display line=1291 
05-27 22:06:17.069 E/RHWC2   (  376): fox1 func=hwc2_func_validate_display line=1411 
05-27 22:06:17.070 E/RHWC2   (  376): fox1 [rtk_gdma_post 1507 ]
05-27 22:06:17.070 E/RHWC2   (  376): fox1 [rtk_gdma_post 1530 ]name_of_layer = com.redflix.tvmoderno/com.redx.tvbox.ExoPlayerActivity#0 num_of_layers=1
05-27 22:06:17.070 E/RHWC2   (  376): fox 1 [rtk_gdma_post 1531] HAS_FLAG=0
05-27 22:06:17.071 E/RHWC2   (  376): fox1 [rtk_gdma_post 1565 ]
05-27 22:06:17.121 E/RHWC2   (  376): fox1 func=hwc2_func_validate_display line=1291 
05-27 22:06:17.121 E/RHWC2   (  376): fox1 func=hwc2_func_validate_display line=1411 
05-27 22:06:17.123 E/RHWC2   (  376): fox1 [rtk_gdma_post 1507 ]
05-27 22:06:17.123 E/RHWC2   (  376): fox1 [rtk_gdma_post 1530 ]name_of_layer = com.redflix.tvmoderno/com.redx.tvbox.ExoPlayerActivity#0 num_of_layers=1
05-27 22:06:17.123 E/RHWC2   (  376): fox 1 [rtk_gdma_post 1531] HAS_FLAG=0
05-27 22:06:17.123 E/RHWC2   (  376): fox1 [rtk_gdma_post 1565 ]
05-27 22:06:17.161 E/RHWC2   (  376): fox1 func=hwc2_func_validate_display line=1291 
05-27 22:06:17.161 E/RHWC2   (  376): fox1 func=hwc2_func_validate_display line=1411 
05-27 22:06:17.163 E/RHWC2   (  376): fox1 [rtk_gdma_post 1507 ]
05-27 22:06:17.163 E/RHWC2   (  376): fox1 [rtk_gdma_post 1530 ]name_of_layer = com.redflix.tvmoderno/com.redx.tvbox.ExoPlayerActivity#0 num_of_layers=1
05-27 22:06:17.163 E/RHWC2   (  376): fox 1 [rtk_gdma_post 1531] HAS_FLAG=0
05-27 22:06:17.163 E/RHWC2   (  376): fox1 [rtk_gdma_post 1565 ]
05-27 22:06:17.211 E/RHWC2   (  376): fox1 func=hwc2_func_validate_display line=1291 
05-27 22:06:17.211 E/RHWC2   (  376): fox1 func=hwc2_func_validate_display line=1411 
05-27 22:06:17.213 E/RHWC2   (  376): fox1 [rtk_gdma_post 1507 ]
05-27 22:06:17.213 E/RHWC2   (  376): fox1 [rtk_gdma_post 1530 ]name_of_layer = com.redflix.tvmoderno/com.redx.tvbox.ExoPlayerActivity#0 num_of_layers=1
05-27 22:06:17.213 E/RHWC2   (  376): fox 1 [rtk_gdma_post 1531] HAS_FLAG=0
05-27 22:06:17.213 E/RHWC2   (  376): fox1 [rtk_gdma_post 1565 ]
05-27 22:06:17.250 E/RHWC2   (  376): fox1 func=hwc2_func_validate_display line=1291 
05-27 22:06:17.250 E/RHWC2   (  376): fox1 func=hwc2_func_validate_display line=1411 
05-27 22:06:17.252 E/RHWC2   (  376): fox1 [rtk_gdma_post 1507 ]
05-27 22:06:17.252 E/RHWC2   (  376): fox1 [rtk_gdma_post 1530 ]name_of_layer = com.redflix.tvmoderno/com.redx.tvbox.ExoPlayerActivity#0 num_of_layers=1
05-27 22:06:17.252 E/RHWC2   (  376): fox 1 [rtk_gdma_post 1531] HAS_FLAG=0
05-27 22:06:17.252 E/RHWC2   (  376): fox1 [rtk_gdma_post 1565 ]
05-27 22:06:17.302 E/RHWC2   (  376): fox1 func=hwc2_func_validate_display line=1291 
05-27 22:06:17.302 E/RHWC2   (  376): fox1 func=hwc2_func_validate_display line=1411 
05-27 22:06:17.304 E/RHWC2   (  376): fox1 [rtk_gdma_post 1507 ]
05-27 22:06:17.304 E/RHWC2   (  376): fox1 [rtk_gdma_post 1530 ]name_of_layer = com.redflix.tvmoderno/com.redx.tvbox.ExoPlayerActivity#0 num_of_layers=1
05-27 22:06:17.304 E/RHWC2   (  376): fox 1 [rtk_gdma_post 1531] HAS_FLAG=0
05-27 22:06:17.304 E/RHWC2   (  376): fox1 [rtk_gdma_post 1565 ]
05-27 22:06:17.341 E/RHWC2   (  376): fox1 func=hwc2_func_validate_display line=1291 
05-27 22:06:17.341 E/RHWC2   (  376): fox1 func=hwc2_func_validate_display line=1411 
05-27 22:06:17.343 E/RHWC2   (  376): fox1 [rtk_gdma_post 1507 ]
05-27 22:06:17.343 E/RHWC2   (  376): fox1 [rtk_gdma_post 1530 ]name_of_layer = com.redflix.tvmoderno/com.redx.tvbox.ExoPlayerActivity#0 num_of_layers=1
05-27 22:06:17.343 E/RHWC2   (  376): fox 1 [rtk_gdma_post 1531] HAS_FLAG=0
05-27 22:06:17.343 E/RHWC2   (  376): fox1 [rtk_gdma_post 1565 ]
05-27 22:06:17.393 E/RHWC2   (  376): fox1 func=hwc2_func_validate_display line=1291 
05-27 22:06:17.393 E/RHWC2   (  376): fox1 func=hwc2_func_validate_display line=1411 
05-27 22:06:17.394 E/RHWC2   (  376): fox1 [rtk_gdma_post 1507 ]
05-27 22:06:17.394 E/RHWC2   (  376): fox1 [rtk_gdma_post 1530 ]name_of_layer = com.redflix.tvmoderno/com.redx.tvbox.ExoPlayerActivity#0 num_of_layers=1
05-27 22:06:17.394 E/RHWC2   (  376): fox 1 [rtk_gdma_post 1531] HAS_FLAG=0
05-27 22:06:17.394 E/RHWC2   (  376): fox1 [rtk_gdma_post 1565 ]
05-27 22:06:17.433 E/RHWC2   (  376): fox1 func=hwc2_func_validate_display line=1291 
05-27 22:06:17.433 E/RHWC2   (  376): fox1 func=hwc2_func_validate_display line=1411 
05-27 22:06:17.435 E/RHWC2   (  376): fox1 [rtk_gdma_post 1507 ]
05-27 22:06:17.435 E/RHWC2   (  376): fox1 [rtk_gdma_post 1530 ]name_of_layer = com.redflix.tvmoderno/com.redx.tvbox.ExoPlayerActivity#0 num_of_layers=1
05-27 22:06:17.435 E/RHWC2   (  376): fox 1 [rtk_gdma_post 1531] HAS_FLAG=0
05-27 22:06:17.435 E/RHWC2   (  376): fox1 [rtk_gdma_post 1565 ]
05-27 22:06:17.482 E/RHWC2   (  376): fox1 func=hwc2_func_validate_display line=1291 
05-27 22:06:17.482 E/RHWC2   (  376): fox1 func=hwc2_func_validate_display line=1411 
05-27 22:06:17.484 E/RHWC2   (  376): fox1 [rtk_gdma_post 1507 ]
05-27 22:06:17.484 E/RHWC2   (  376): fox1 [rtk_gdma_post 1530 ]name_of_layer = com.redflix.tvmoderno/com.redx.tvbox.ExoPlayerActivity#0 num_of_layers=1
05-27 22:06:17.484 E/RHWC2   (  376): fox 1 [rtk_gdma_post 1531] HAS_FLAG=0
05-27 22:06:17.484 E/RHWC2   (  376): fox1 [rtk_gdma_post 1565 ]
05-27 22:06:17.521 E/RHWC2   (  376): fox1 func=hwc2_func_validate_display line=1291 
05-27 22:06:17.521 E/RHWC2   (  376): fox1 func=hwc2_func_validate_display line=1411 
05-27 22:06:17.523 E/RHWC2   (  376): fox1 [rtk_gdma_post 1507 ]
05-27 22:06:17.523 E/RHWC2   (  376): fox1 [rtk_gdma_post 1530 ]name_of_layer = com.redflix.tvmoderno/com.redx.tvbox.ExoPlayerActivity#0 num_of_layers=1
05-27 22:06:17.523 E/RHWC2   (  376): fox 1 [rtk_gdma_post 1531] HAS_FLAG=0
05-27 22:06:17.523 E/RHWC2   (  376): fox1 [rtk_gdma_post 1565 ]
05-27 22:06:17.572 E/RHWC2   (  376): fox1 func=hwc2_func_validate_display line=1291 
05-27 22:06:17.572 E/RHWC2   (  376): fox1 func=hwc2_func_validate_display line=1411 
05-27 22:06:17.574 E/RHWC2   (  376): fox1 [rtk_gdma_post 1507 ]
05-27 22:06:17.574 E/RHWC2   (  376): fox1 [rtk_gdma_post 1530 ]name_of_layer = com.redflix.tvmoderno/com.redx.tvbox.ExoPlayerActivity#0 num_of_layers=1
05-27 22:06:17.574 E/RHWC2   (  376): fox 1 [rtk_gdma_post 1531] HAS_FLAG=0
05-27 22:06:17.574 E/RHWC2   (  376): fox1 [rtk_gdma_post 1565 ]
05-27 22:06:17.593 I/HdmieArc(  394): earc status newStatus 0, oldStatus=EN_TOS_CEC_EARC_STATUS_HANDSHAKE
05-27 22:06:17.594 I/HdmieArc(  394): rhal earc status: 0, error code: 0 
05-27 22:06:17.612 E/RHWC2   (  376): fox1 func=hwc2_func_validate_display line=1291 
05-27 22:06:17.612 E/RHWC2   (  376): fox1 func=hwc2_func_validate_display line=1411 
05-27 22:06:17.613 E/RHWC2   (  376): fox1 [rtk_gdma_post 1507 ]
05-27 22:06:17.613 E/RHWC2   (  376): fox1 [rtk_gdma_post 1530 ]name_of_layer = com.redflix.tvmoderno/com.redx.tvbox.ExoPlayerActivity#0 num_of_layers=1
05-27 22:06:17.613 E/RHWC2   (  376): fox 1 [rtk_gdma_post 1531] HAS_FLAG=0
05-27 22:06:17.613 E/RHWC2   (  376): fox1 [rtk_gdma_post 1565 ]
05-27 22:06:17.665 E/RHWC2   (  376): fox1 func=hwc2_func_validate_display line=1291 
05-27 22:06:17.665 E/RHWC2   (  376): fox1 func=hwc2_func_validate_display line=1411 
05-27 22:06:17.666 E/RHWC2   (  376): fox1 [rtk_gdma_post 1507 ]
05-27 22:06:17.667 E/RHWC2   (  376): fox1 [rtk_gdma_post 1530 ]name_of_layer = com.redflix.tvmoderno/com.redx.tvbox.ExoPlayerActivity#0 num_of_layers=1
05-27 22:06:17.667 E/RHWC2   (  376): fox 1 [rtk_gdma_post 1531] HAS_FLAG=0
05-27 22:06:17.667 E/RHWC2   (  376): fox1 [rtk_gdma_post 1565 ]
05-27 22:06:17.703 E/RHWC2   (  376): fox1 func=hwc2_func_validate_display line=1291 
05-27 22:06:17.703 E/RHWC2   (  376): fox1 func=hwc2_func_validate_display line=1411 
05-27 22:06:17.705 E/RHWC2   (  376): fox1 [rtk_gdma_post 1507 ]
05-27 22:06:17.705 E/RHWC2   (  376): fox1 [rtk_gdma_post 1530 ]name_of_layer = com.redflix.tvmoderno/com.redx.tvbox.ExoPlayerActivity#0 num_of_layers=1
05-27 22:06:17.705 E/RHWC2   (  376): fox 1 [rtk_gdma_post 1531] HAS_FLAG=0
05-27 22:06:17.705 E/RHWC2   (  376): fox1 [rtk_gdma_post 1565 ]
05-27 22:06:17.754 E/RHWC2   (  376): fox1 func=hwc2_func_validate_display line=1291 
05-27 22:06:17.754 E/RHWC2   (  376): fox1 func=hwc2_func_validate_display line=1411 
05-27 22:06:17.756 E/RHWC2   (  376): fox1 [rtk_gdma_post 1507 ]
05-27 22:06:17.756 E/RHWC2   (  376): fox1 [rtk_gdma_post 1530 ]name_of_layer = com.redflix.tvmoderno/com.redx.tvbox.ExoPlayerActivity#0 num_of_layers=1
05-27 22:06:17.756 E/RHWC2   (  376): fox 1 [rtk_gdma_post 1531] HAS_FLAG=0
05-27 22:06:17.756 E/RHWC2   (  376): fox1 [rtk_gdma_post 1565 ]
05-27 22:06:17.794 E/RHWC2   (  376): fox1 func=hwc2_func_validate_display line=1291 
05-27 22:06:17.794 E/RHWC2   (  376): fox1 func=hwc2_func_validate_display line=1411 
05-27 22:06:17.796 E/RHWC2   (  376): fox1 [rtk_gdma_post 1507 ]
05-27 22:06:17.796 E/RHWC2   (  376): fox1 [rtk_gdma_post 1530 ]name_of_layer = com.redflix.tvmoderno/com.redx.tvbox.ExoPlayerActivity#0 num_of_layers=1
05-27 22:06:17.796 E/RHWC2   (  376): fox 1 [rtk_gdma_post 1531] HAS_FLAG=0
05-27 22:06:17.796 E/RHWC2   (  376): fox1 [rtk_gdma_post 1565 ]
05-27 22:06:17.820 D/wpa_supplicant( 1207): nl80211: Drv Event 56 (NL80211_CMD_CANCEL_REMAIN_ON_CHANNEL) received for p2p0
05-27 22:06:17.820 D/wpa_supplicant( 1207): nl80211: Remain-on-channel event (cancel=1 freq=2417 channel_type=0 duration=0 cookie=0x993 (match))
05-27 22:06:17.820 D/wpa_supplicant( 1207): p2p0: Event CANCEL_REMAIN_ON_CHANNEL (20) received
05-27 22:06:17.820 D/wpa_supplicant( 1207): P2P: Cancel remain-on-channel callback (p2p_long_listen=1904547704 ms pending_action_tx=0x0)
05-27 22:06:17.820 D/wpa_supplicant( 1207): p2p0: Radio work 'p2p-listen'@0xb4f80f50 done in 5.023705 seconds
05-27 22:06:17.820 D/wpa_supplicant( 1207): p2p0: radio_work_free('p2p-listen'@0xb4f80f50): num_active_works --> 0
05-27 22:06:17.820 D/wpa_supplicant( 1207): P2P: Driver ended Listen state (freq=2417)
05-27 22:06:17.820 D/wpa_supplicant( 1207): P2P: Continuing long Listen state
05-27 22:06:17.820 D/wpa_supplicant( 1207): P2P: Going to listen(only) state
05-27 22:06:17.820 D/wpa_supplicant( 1207): STA wpa_state=9 freq=2417
05-27 22:06:17.820 D/wpa_supplicant( 1207): P2P: cfg reg_class(81) channel(2)
05-27 22:06:17.820 D/wpa_supplicant( 1207): P2P: cfg reg_class(81) channel(2)
05-27 22:06:17.820 D/wpa_supplicant( 1207): P2P: Set Listen channel: reg_class 81 channel 2
05-27 22:06:17.820 D/wpa_supplicant( 1207): P2P: Defer setting listen channel
05-27 22:06:17.820 D/wpa_supplicant( 1207): P2P: p2p listen class(81)/channel(2)
05-27 22:06:17.820 D/wpa_supplicant( 1207): WPS:  * Version (hardcoded 0x10)
05-27 22:06:17.820 D/wpa_supplicant( 1207): WPS:  * UUID-E
05-27 22:06:17.820 D/wpa_supplicant( 1207): WPS:  * Version2 (0x20)
05-27 22:06:17.820 D/wpa_supplicant( 1207): P2P: * P2P IE header
05-27 22:06:17.820 D/wpa_supplicant( 1207): P2P: * Capability dev=25 group=00
05-27 22:06:17.820 D/wpa_supplicant( 1207): P2P: * Listen Channel: Regulatory Class 81 Channel 2
05-27 22:06:17.820 D/wpa_supplicant( 1207): P2P: * Device Info
05-27 22:06:17.820 D/wpa_supplicant( 1207): p2p0: Add radio work 'p2p-listen'@0xb4f80f50
05-27 22:06:17.820 D/wpa_supplicant( 1207): p2p0: First radio work item in the queue - schedule start immediately
05-27 22:06:17.820 D/wpa_supplicant( 1207): P2P: State LISTEN_ONLY -> LISTEN_ONLY
05-27 22:06:17.820 D/wpa_supplicant( 1207): p2p0: Starting radio work 'p2p-listen'@0xb4f80f50 after 0.000066 second wait
05-27 22:06:17.820 D/wpa_supplicant( 1207): nl80211: Probe Request reporting already on! nl_preq=0x3c74b859
05-27 22:06:17.820 D/wpa_supplicant( 1207): nl80211: Remain-on-channel cookie 0x994 for freq=2417 MHz duration=5000
05-27 22:06:17.839 D/wpa_supplicant( 1207): P2P: Timeout (state=LISTEN_ONLY)
05-27 22:06:17.842 D/wpa_supplicant( 1207): nl80211: Drv Event 55 (NL80211_CMD_REMAIN_ON_CHANNEL) received for p2p0
05-27 22:06:17.842 D/wpa_supplicant( 1207): nl80211: Remain-on-channel event (cancel=0 freq=2417 channel_type=0 duration=5000 cookie=0x994 (match))
05-27 22:06:17.842 D/wpa_supplicant( 1207): p2p0: Event REMAIN_ON_CHANNEL (19) received
05-27 22:06:17.842 D/wpa_supplicant( 1207): Off-channel: Send Action callback (without_roc=0 pending_action_tx=0x0 pending_action_tx_done=0)
05-27 22:06:17.842 D/wpa_supplicant( 1207): P2P: remain-on-channel callback (off_channel_freq=2417 pending_listen_freq=2417 roc_waiting_drv_freq=0 freq=2417 duration=5000)
05-27 22:06:17.842 D/wpa_supplicant( 1207): STA wpa_state=9 freq=2417
05-27 22:06:17.842 D/wpa_supplicant( 1207): P2P: Starting Listen timeout(5,0) on freq=2417 based on callback
05-27 22:06:17.842 D/wpa_supplicant( 1207): P2P: Set timeout (state=LISTEN_ONLY): 5.020000 sec
05-27 22:06:17.845 E/RHWC2   (  376): fox1 func=hwc2_func_validate_display line=1291 
05-27 22:06:17.845 E/RHWC2   (  376): fox1 func=hwc2_func_validate_display line=1411 
05-27 22:06:17.847 E/RHWC2   (  376): fox1 [rtk_gdma_post 1507 ]
05-27 22:06:17.847 E/RHWC2   (  376): fox1 [rtk_gdma_post 1530 ]name_of_layer = com.redflix.tvmoderno/com.redx.tvbox.ExoPlayerActivity#0 num_of_layers=1
05-27 22:06:17.847 E/RHWC2   (  376): fox 1 [rtk_gdma_post 1531] HAS_FLAG=0
05-27 22:06:17.847 E/RHWC2   (  376): fox1 [rtk_gdma_post 1565 ]
05-27 22:06:17.884 E/RHWC2   (  376): fox1 func=hwc2_func_validate_display line=1291 
05-27 22:06:17.884 E/RHWC2   (  376): fox1 func=hwc2_func_validate_display line=1411 
05-27 22:06:17.886 E/RHWC2   (  376): fox1 [rtk_gdma_post 1507 ]
05-27 22:06:17.886 E/RHWC2   (  376): fox1 [rtk_gdma_post 1530 ]name_of_layer = com.redflix.tvmoderno/com.redx.tvbox.ExoPlayerActivity#0 num_of_layers=1
05-27 22:06:17.886 E/RHWC2   (  376): fox 1 [rtk_gdma_post 1531] HAS_FLAG=0
05-27 22:06:17.886 E/RHWC2   (  376): fox1 [rtk_gdma_post 1565 ]
05-27 22:06:17.935 E/RHWC2   (  376): fox1 func=hwc2_func_validate_display line=1291 
05-27 22:06:17.935 E/RHWC2   (  376): fox1 func=hwc2_func_validate_display line=1411 
05-27 22:06:17.937 E/RHWC2   (  376): fox1 [rtk_gdma_post 1507 ]
05-27 22:06:17.937 E/RHWC2   (  376): fox1 [rtk_gdma_post 1530 ]name_of_layer = com.redflix.tvmoderno/com.redx.tvbox.ExoPlayerActivity#0 num_of_layers=1
05-27 22:06:17.937 E/RHWC2   (  376): fox 1 [rtk_gdma_post 1531] HAS_FLAG=0
05-27 22:06:17.937 E/RHWC2   (  376): fox1 [rtk_gdma_post 1565 ]
05-27 22:06:17.974 E/RHWC2   (  376): fox1 func=hwc2_func_validate_display line=1291 
05-27 22:06:17.974 E/RHWC2   (  376): fox1 func=hwc2_func_validate_display line=1411 
05-27 22:06:17.976 E/RHWC2   (  376): fox1 [rtk_gdma_post 1507 ]
05-27 22:06:17.976 E/RHWC2   (  376): fox1 [rtk_gdma_post 1530 ]name_of_layer = com.redflix.tvmoderno/com.redx.tvbox.ExoPlayerActivity#0 num_of_layers=1
05-27 22:06:17.976 E/RHWC2   (  376): fox 1 [rtk_gdma_post 1531] HAS_FLAG=0
05-27 22:06:17.976 E/RHWC2   (  376): fox1 [rtk_gdma_post 1565 ]
05-27 22:06:18.024 E/RHWC2   (  376): fox1 func=hwc2_func_validate_display line=1291 
05-27 22:06:18.024 E/RHWC2   (  376): fox1 func=hwc2_func_validate_display line=1411 
05-27 22:06:18.026 E/RHWC2   (  376): fox1 [rtk_gdma_post 1507 ]
05-27 22:06:18.026 E/RHWC2   (  376): fox1 [rtk_gdma_post 1530 ]name_of_layer = com.redflix.tvmoderno/com.redx.tvbox.ExoPlayerActivity#0 num_of_layers=1
05-27 22:06:18.026 E/RHWC2   (  376): fox 1 [rtk_gdma_post 1531] HAS_FLAG=0
05-27 22:06:18.026 E/RHWC2   (  376): fox1 [rtk_gdma_post 1565 ]
05-27 22:06:18.065 E/RHWC2   (  376): fox1 func=hwc2_func_validate_display line=1291 
05-27 22:06:18.065 E/RHWC2   (  376): fox1 func=hwc2_func_validate_display line=1411 
05-27 22:06:18.067 E/RHWC2   (  376): fox1 [rtk_gdma_post 1507 ]
05-27 22:06:18.067 E/RHWC2   (  376): fox1 [rtk_gdma_post 1530 ]name_of_layer = com.redflix.tvmoderno/com.redx.tvbox.ExoPlayerActivity#0 num_of_layers=1
05-27 22:06:18.067 E/RHWC2   (  376): fox 1 [rtk_gdma_post 1531] HAS_FLAG=0
05-27 22:06:18.067 E/RHWC2   (  376): fox1 [rtk_gdma_post 1565 ]
05-27 22:06:18.115 E/RHWC2   (  376): fox1 func=hwc2_func_validate_display line=1291 
05-27 22:06:18.115 E/RHWC2   (  376): fox1 func=hwc2_func_validate_display line=1411 
05-27 22:06:18.116 E/RHWC2   (  376): fox1 [rtk_gdma_post 1507 ]
05-27 22:06:18.117 E/RHWC2   (  376): fox1 [rtk_gdma_post 1530 ]name_of_layer = com.redflix.tvmoderno/com.redx.tvbox.ExoPlayerActivity#0 num_of_layers=1
05-27 22:06:18.117 E/RHWC2   (  376): fox 1 [rtk_gdma_post 1531] HAS_FLAG=0
05-27 22:06:18.117 E/RHWC2   (  376): fox1 [rtk_gdma_post 1565 ]
05-27 22:06:18.156 E/RHWC2   (  376): fox1 func=hwc2_func_validate_display line=1291 
05-27 22:06:18.156 E/RHWC2   (  376): fox1 func=hwc2_func_validate_display line=1411 
05-27 22:06:18.157 E/RHWC2   (  376): fox1 [rtk_gdma_post 1507 ]
05-27 22:06:18.157 E/RHWC2   (  376): fox1 [rtk_gdma_post 1530 ]name_of_layer = com.redflix.tvmoderno/com.redx.tvbox.ExoPlayerActivity#0 num_of_layers=1
05-27 22:06:18.157 E/RHWC2   (  376): fox 1 [rtk_gdma_post 1531] HAS_FLAG=0
05-27 22:06:18.157 E/RHWC2   (  376): fox1 [rtk_gdma_post 1565 ]
05-27 22:06:18.206 E/RHWC2   (  376): fox1 func=hwc2_func_validate_display line=1291 
05-27 22:06:18.206 E/RHWC2   (  376): fox1 func=hwc2_func_validate_display line=1411 
05-27 22:06:18.208 E/RHWC2   (  376): fox1 [rtk_gdma_post 1507 ]
05-27 22:06:18.208 E/RHWC2   (  376): fox1 [rtk_gdma_post 1530 ]name_of_layer = com.redflix.tvmoderno/com.redx.tvbox.ExoPlayerActivity#0 num_of_layers=1
05-27 22:06:18.208 E/RHWC2   (  376): fox 1 [rtk_gdma_post 1531] HAS_FLAG=0
05-27 22:06:18.208 E/RHWC2   (  376): fox1 [rtk_gdma_post 1565 ]
05-27 22:06:18.246 E/RHWC2   (  376): fox1 func=hwc2_func_validate_display line=1291 
05-27 22:06:18.246 E/RHWC2   (  376): fox1 func=hwc2_func_validate_display line=1411 
05-27 22:06:18.248 E/RHWC2   (  376): fox1 [rtk_gdma_post 1507 ]
05-27 22:06:18.248 E/RHWC2   (  376): fox1 [rtk_gdma_post 1530 ]name_of_layer = com.redflix.tvmoderno/com.redx.tvbox.ExoPlayerActivity#0 num_of_layers=1
05-27 22:06:18.248 E/RHWC2   (  376): fox 1 [rtk_gdma_post 1531] HAS_FLAG=0
05-27 22:06:18.248 E/RHWC2   (  376): fox1 [rtk_gdma_post 1565 ]
05-27 22:06:18.295 E/RHWC2   (  376): fox1 func=hwc2_func_validate_display line=1291 
05-27 22:06:18.295 E/RHWC2   (  376): fox1 func=hwc2_func_validate_display line=1411 
05-27 22:06:18.297 E/RHWC2   (  376): fox1 [rtk_gdma_post 1507 ]
05-27 22:06:18.297 E/RHWC2   (  376): fox1 [rtk_gdma_post 1530 ]name_of_layer = com.redflix.tvmoderno/com.redx.tvbox.ExoPlayerActivity#0 num_of_layers=1
05-27 22:06:18.297 E/RHWC2   (  376): fox 1 [rtk_gdma_post 1531] HAS_FLAG=0
05-27 22:06:18.297 E/RHWC2   (  376): fox1 [rtk_gdma_post 1565 ]
05-27 22:06:18.336 E/RHWC2   (  376): fox1 func=hwc2_func_validate_display line=1291 
05-27 22:06:18.336 E/RHWC2   (  376): fox1 func=hwc2_func_validate_display line=1411 
05-27 22:06:18.338 E/RHWC2   (  376): fox1 [rtk_gdma_post 1507 ]
05-27 22:06:18.338 E/RHWC2   (  376): fox1 [rtk_gdma_post 1530 ]name_of_layer = com.redflix.tvmoderno/com.redx.tvbox.ExoPlayerActivity#0 num_of_layers=1
05-27 22:06:18.338 E/RHWC2   (  376): fox 1 [rtk_gdma_post 1531] HAS_FLAG=0
05-27 22:06:18.338 E/RHWC2   (  376): fox1 [rtk_gdma_post 1565 ]
05-27 22:06:18.385 E/RHWC2   (  376): fox1 func=hwc2_func_validate_display line=1291 
05-27 22:06:18.385 E/RHWC2   (  376): fox1 func=hwc2_func_validate_display line=1411 
05-27 22:06:18.387 E/RHWC2   (  376): fox1 [rtk_gdma_post 1507 ]
05-27 22:06:18.387 E/RHWC2   (  376): fox1 [rtk_gdma_post 1530 ]name_of_layer = com.redflix.tvmoderno/com.redx.tvbox.ExoPlayerActivity#0 num_of_layers=1
05-27 22:06:18.387 E/RHWC2   (  376): fox 1 [rtk_gdma_post 1531] HAS_FLAG=0
05-27 22:06:18.387 E/RHWC2   (  376): fox1 [rtk_gdma_post 1565 ]
05-27 22:06:18.426 E/RHWC2   (  376): fox1 func=hwc2_func_validate_display line=1291 
05-27 22:06:18.426 E/RHWC2   (  376): fox1 func=hwc2_func_validate_display line=1411 
05-27 22:06:18.428 E/RHWC2   (  376): fox1 [rtk_gdma_post 1507 ]
05-27 22:06:18.428 E/RHWC2   (  376): fox1 [rtk_gdma_post 1530 ]name_of_layer = com.redflix.tvmoderno/com.redx.tvbox.ExoPlayerActivity#0 num_of_layers=1
05-27 22:06:18.428 E/RHWC2   (  376): fox 1 [rtk_gdma_post 1531] HAS_FLAG=0
05-27 22:06:18.428 E/RHWC2   (  376): fox1 [rtk_gdma_post 1565 ]
05-27 22:06:18.476 E/RHWC2   (  376): fox1 func=hwc2_func_validate_display line=1291 
05-27 22:06:18.476 E/RHWC2   (  376): fox1 func=hwc2_func_validate_display line=1411 
05-27 22:06:18.477 E/RHWC2   (  376): fox1 [rtk_gdma_post 1507 ]
05-27 22:06:18.477 E/RHWC2   (  376): fox1 [rtk_gdma_post 1530 ]name_of_layer = com.redflix.tvmoderno/com.redx.tvbox.ExoPlayerActivity#0 num_of_layers=1
05-27 22:06:18.477 E/RHWC2   (  376): fox 1 [rtk_gdma_post 1531] HAS_FLAG=0
05-27 22:06:18.477 E/RHWC2   (  376): fox1 [rtk_gdma_post 1565 ]
05-27 22:06:18.516 E/RHWC2   (  376): fox1 func=hwc2_func_validate_display line=1291 
05-27 22:06:18.516 E/RHWC2   (  376): fox1 func=hwc2_func_validate_display line=1411 
05-27 22:06:18.518 E/RHWC2   (  376): fox1 [rtk_gdma_post 1507 ]
05-27 22:06:18.518 E/RHWC2   (  376): fox1 [rtk_gdma_post 1530 ]name_of_layer = com.redflix.tvmoderno/com.redx.tvbox.ExoPlayerActivity#0 num_of_layers=1
05-27 22:06:18.518 E/RHWC2   (  376): fox 1 [rtk_gdma_post 1531] HAS_FLAG=0
05-27 22:06:18.518 E/RHWC2   (  376): fox1 [rtk_gdma_post 1565 ]
05-27 22:06:18.566 E/RHWC2   (  376): fox1 func=hwc2_func_validate_display line=1291 
05-27 22:06:18.566 E/RHWC2   (  376): fox1 func=hwc2_func_validate_display line=1411 
05-27 22:06:18.568 E/RHWC2   (  376): fox1 [rtk_gdma_post 1507 ]
05-27 22:06:18.568 E/RHWC2   (  376): fox1 [rtk_gdma_post 1530 ]name_of_layer = com.redflix.tvmoderno/com.redx.tvbox.ExoPlayerActivity#0 num_of_layers=1
05-27 22:06:18.568 E/RHWC2   (  376): fox 1 [rtk_gdma_post 1531] HAS_FLAG=0
05-27 22:06:18.568 E/RHWC2   (  376): fox1 [rtk_gdma_post 1565 ]
05-27 22:06:18.594 I/HdmieArc(  394): earc status newStatus 0, oldStatus=EN_TOS_CEC_EARC_STATUS_HANDSHAKE
05-27 22:06:18.594 I/HdmieArc(  394): rhal earc status: 0, error code: 0 
05-27 22:06:18.606 E/RHWC2   (  376): fox1 func=hwc2_func_validate_display line=1291 
05-27 22:06:18.606 E/RHWC2   (  376): fox1 func=hwc2_func_validate_display line=1411 
05-27 22:06:18.608 E/RHWC2   (  376): fox1 [rtk_gdma_post 1507 ]
05-27 22:06:18.608 E/RHWC2   (  376): fox1 [rtk_gdma_post 1530 ]name_of_layer = com.redflix.tvmoderno/com.redx.tvbox.ExoPlayerActivity#0 num_of_layers=1
05-27 22:06:18.608 E/RHWC2   (  376): fox 1 [rtk_gdma_post 1531] HAS_FLAG=0
05-27 22:06:18.608 E/RHWC2   (  376): fox1 [rtk_gdma_post 1565 ]
05-27 22:06:18.657 E/RHWC2   (  376): fox1 func=hwc2_func_validate_display line=1291 
05-27 22:06:18.657 E/RHWC2   (  376): fox1 func=hwc2_func_validate_display line=1411 
05-27 22:06:18.658 E/RHWC2   (  376): fox1 [rtk_gdma_post 1507 ]
05-27 22:06:18.658 E/RHWC2   (  376): fox1 [rtk_gdma_post 1530 ]name_of_layer = com.redflix.tvmoderno/com.redx.tvbox.ExoPlayerActivity#0 num_of_layers=1
05-27 22:06:18.658 E/RHWC2   (  376): fox 1 [rtk_gdma_post 1531] HAS_FLAG=0
05-27 22:06:18.658 E/RHWC2   (  376): fox1 [rtk_gdma_post 1565 ]
05-27 22:06:18.697 E/RHWC2   (  376): fox1 func=hwc2_func_validate_display line=1291 
05-27 22:06:18.697 E/RHWC2   (  376): fox1 func=hwc2_func_validate_display line=1411 
05-27 22:06:18.698 E/RHWC2   (  376): fox1 [rtk_gdma_post 1507 ]
05-27 22:06:18.698 E/RHWC2   (  376): fox1 [rtk_gdma_post 1530 ]name_of_layer = com.redflix.tvmoderno/com.redx.tvbox.ExoPlayerActivity#0 num_of_layers=1
05-27 22:06:18.698 E/RHWC2   (  376): fox 1 [rtk_gdma_post 1531] HAS_FLAG=0
05-27 22:06:18.698 E/RHWC2   (  376): fox1 [rtk_gdma_post 1565 ]
05-27 22:06:18.748 E/RHWC2   (  376): fox1 func=hwc2_func_validate_display line=1291 
05-27 22:06:18.748 E/RHWC2   (  376): fox1 func=hwc2_func_validate_display line=1411 
05-27 22:06:18.750 E/RHWC2   (  376): fox1 [rtk_gdma_post 1507 ]
05-27 22:06:18.750 E/RHWC2   (  376): fox1 [rtk_gdma_post 1530 ]name_of_layer = com.redflix.tvmoderno/com.redx.tvbox.ExoPlayerActivity#0 num_of_layers=1
05-27 22:06:18.750 E/RHWC2   (  376): fox 1 [rtk_gdma_post 1531] HAS_FLAG=0
05-27 22:06:18.750 E/RHWC2   (  376): fox1 [rtk_gdma_post 1565 ]
05-27 22:06:18.787 E/RHWC2   (  376): fox1 func=hwc2_func_validate_display line=1291 
05-27 22:06:18.787 E/RHWC2   (  376): fox1 func=hwc2_func_validate_display line=1411 
05-27 22:06:18.789 E/RHWC2   (  376): fox1 [rtk_gdma_post 1507 ]
05-27 22:06:18.789 E/RHWC2   (  376): fox1 [rtk_gdma_post 1530 ]name_of_layer = com.redflix.tvmoderno/com.redx.tvbox.ExoPlayerActivity#0 num_of_layers=1
05-27 22:06:18.789 E/RHWC2   (  376): fox 1 [rtk_gdma_post 1531] HAS_FLAG=0
05-27 22:06:18.789 E/RHWC2   (  376): fox1 [rtk_gdma_post 1565 ]
05-27 22:06:18.837 E/RHWC2   (  376): fox1 func=hwc2_func_validate_display line=1291 
05-27 22:06:18.837 E/RHWC2   (  376): fox1 func=hwc2_func_validate_display line=1411 
05-27 22:06:18.839 E/RHWC2   (  376): fox1 [rtk_gdma_post 1507 ]
05-27 22:06:18.839 E/RHWC2   (  376): fox1 [rtk_gdma_post 1530 ]name_of_layer = com.redflix.tvmoderno/com.redx.tvbox.ExoPlayerActivity#0 num_of_layers=1
05-27 22:06:18.839 E/RHWC2   (  376): fox 1 [rtk_gdma_post 1531] HAS_FLAG=0
05-27 22:06:18.839 E/RHWC2   (  376): fox1 [rtk_gdma_post 1565 ]
05-27 22:06:18.877 E/RHWC2   (  376): fox1 func=hwc2_func_validate_display line=1291 
05-27 22:06:18.877 E/RHWC2   (  376): fox1 func=hwc2_func_validate_display line=1411 
05-27 22:06:18.880 E/RHWC2   (  376): fox1 [rtk_gdma_post 1507 ]
05-27 22:06:18.880 E/RHWC2   (  376): fox1 [rtk_gdma_post 1530 ]name_of_layer = com.redflix.tvmoderno/com.redx.tvbox.ExoPlayerActivity#0 num_of_layers=1
05-27 22:06:18.880 E/RHWC2   (  376): fox 1 [rtk_gdma_post 1531] HAS_FLAG=0
05-27 22:06:18.880 E/RHWC2   (  376): fox1 [rtk_gdma_post 1565 ]
05-27 22:06:18.928 E/RHWC2   (  376): fox1 func=hwc2_func_validate_display line=1291 
05-27 22:06:18.928 E/RHWC2   (  376): fox1 func=hwc2_func_validate_display line=1411 
05-27 22:06:18.929 E/RHWC2   (  376): fox1 [rtk_gdma_post 1507 ]
05-27 22:06:18.930 E/RHWC2   (  376): fox1 [rtk_gdma_post 1530 ]name_of_layer = com.redflix.tvmoderno/com.redx.tvbox.ExoPlayerActivity#0 num_of_layers=1
05-27 22:06:18.930 E/RHWC2   (  376): fox 1 [rtk_gdma_post 1531] HAS_FLAG=0
05-27 22:06:18.930 E/RHWC2   (  376): fox1 [rtk_gdma_post 1565 ]
05-27 22:06:18.969 E/RHWC2   (  376): fox1 func=hwc2_func_validate_display line=1291 
05-27 22:06:18.969 E/RHWC2   (  376): fox1 func=hwc2_func_validate_display line=1411 
05-27 22:06:18.971 E/RHWC2   (  376): fox1 [rtk_gdma_post 1507 ]
05-27 22:06:18.971 E/RHWC2   (  376): fox1 [rtk_gdma_post 1530 ]name_of_layer = com.redflix.tvmoderno/com.redx.tvbox.ExoPlayerActivity#0 num_of_layers=1
05-27 22:06:18.971 E/RHWC2   (  376): fox 1 [rtk_gdma_post 1531] HAS_FLAG=0
05-27 22:06:18.971 E/RHWC2   (  376): fox1 [rtk_gdma_post 1565 ]
05-27 22:06:18.993 D/wpa_supplicant( 1207): wlan_traffic_statistics rx_byte = 959467666 rx rate = 48 Kb/s
05-27 22:06:18.993 D/wpa_supplicant( 1207): wlan_traffic_statistics tx_byte = 157175678 tx rate = 152 Kb/s
05-27 22:06:19.018 E/RHWC2   (  376): fox1 func=hwc2_func_validate_display line=1291 
05-27 22:06:19.018 E/RHWC2   (  376): fox1 func=hwc2_func_validate_display line=1411 
05-27 22:06:19.020 E/RHWC2   (  376): fox1 [rtk_gdma_post 1507 ]
05-27 22:06:19.020 E/RHWC2   (  376): fox1 [rtk_gdma_post 1530 ]name_of_layer = com.redflix.tvmoderno/com.redx.tvbox.ExoPlayerActivity#0 num_of_layers=1
05-27 22:06:19.020 E/RHWC2   (  376): fox 1 [rtk_gdma_post 1531] HAS_FLAG=0
05-27 22:06:19.020 E/RHWC2   (  376): fox1 [rtk_gdma_post 1565 ]
05-27 22:06:19.058 E/RHWC2   (  376): fox1 func=hwc2_func_validate_display line=1291 
05-27 22:06:19.058 E/RHWC2   (  376): fox1 func=hwc2_func_validate_display line=1411 
05-27 22:06:19.060 E/RHWC2   (  376): fox1 [rtk_gdma_post 1507 ]
05-27 22:06:19.060 E/RHWC2   (  376): fox1 [rtk_gdma_post 1530 ]name_of_layer = com.redflix.tvmoderno/com.redx.tvbox.ExoPlayerActivity#0 num_of_layers=1
05-27 22:06:19.060 E/RHWC2   (  376): fox 1 [rtk_gdma_post 1531] HAS_FLAG=0
05-27 22:06:19.060 E/RHWC2   (  376): fox1 [rtk_gdma_post 1565 ]
05-27 22:06:19.109 E/RHWC2   (  376): fox1 func=hwc2_func_validate_display line=1291 
05-27 22:06:19.109 E/RHWC2   (  376): fox1 func=hwc2_func_validate_display line=1411 
05-27 22:06:19.111 E/RHWC2   (  376): fox1 [rtk_gdma_post 1507 ]
05-27 22:06:19.111 E/RHWC2   (  376): fox1 [rtk_gdma_post 1530 ]name_of_layer = com.redflix.tvmoderno/com.redx.tvbox.ExoPlayerActivity#0 num_of_layers=1
05-27 22:06:19.111 E/RHWC2   (  376): fox 1 [rtk_gdma_post 1531] HAS_FLAG=0
05-27 22:06:19.111 E/RHWC2   (  376): fox1 [rtk_gdma_post 1565 ]
05-27 22:06:19.149 E/RHWC2   (  376): fox1 func=hwc2_func_validate_display line=1291 
05-27 22:06:19.149 E/RHWC2   (  376): fox1 func=hwc2_func_validate_display line=1411 
05-27 22:06:19.150 E/RHWC2   (  376): fox1 [rtk_gdma_post 1507 ]
05-27 22:06:19.151 E/RHWC2   (  376): fox1 [rtk_gdma_post 1530 ]name_of_layer = com.redflix.tvmoderno/com.redx.tvbox.ExoPlayerActivity#0 num_of_layers=1
05-27 22:06:19.151 E/RHWC2   (  376): fox 1 [rtk_gdma_post 1531] HAS_FLAG=0
05-27 22:06:19.151 E/RHWC2   (  376): fox1 [rtk_gdma_post 1565 ]
05-27 22:06:19.200 E/RHWC2   (  376): fox1 func=hwc2_func_validate_display line=1291 
05-27 22:06:19.200 E/RHWC2   (  376): fox1 func=hwc2_func_validate_display line=1411 
05-27 22:06:19.202 E/RHWC2   (  376): fox1 [rtk_gdma_post 1507 ]
05-27 22:06:19.202 E/RHWC2   (  376): fox1 [rtk_gdma_post 1530 ]name_of_layer = com.redflix.tvmoderno/com.redx.tvbox.ExoPlayerActivity#0 num_of_layers=1
05-27 22:06:19.202 E/RHWC2   (  376): fox 1 [rtk_gdma_post 1531] HAS_FLAG=0
05-27 22:06:19.202 E/RHWC2   (  376): fox1 [rtk_gdma_post 1565 ]
05-27 22:06:19.240 E/RHWC2   (  376): fox1 func=hwc2_func_validate_display line=1291 
05-27 22:06:19.240 E/RHWC2   (  376): fox1 func=hwc2_func_validate_display line=1411 
05-27 22:06:19.241 E/RHWC2   (  376): fox1 [rtk_gdma_post 1507 ]
05-27 22:06:19.241 E/RHWC2   (  376): fox1 [rtk_gdma_post 1530 ]name_of_layer = com.redflix.tvmoderno/com.redx.tvbox.ExoPlayerActivity#0 num_of_layers=1
05-27 22:06:19.241 E/RHWC2   (  376): fox 1 [rtk_gdma_post 1531] HAS_FLAG=0
05-27 22:06:19.241 E/RHWC2   (  376): fox1 [rtk_gdma_post 1565 ]
05-27 22:06:19.279 E/WifiVendorHal(  806): getWifiLinkLayerStats_1_3_Internal(l.978) failed {.code = ERROR_NOT_SUPPORTED, .description = }
05-27 22:06:19.285 D/WifiClientModeImpl(  806): fetchRssiLinkSpeedAndFrequencyNative rssi=-73 TxLinkspeed=117 freq=2417 RxLinkSpeed=0
05-27 22:06:19.285 V/WifiConfigManager(  806): Updating scan detail cache freq=2417 BSSID=f8:2d:c0:24:9e:d2 RSSI=-73 for "BOLSONARO2018"WPA_PSK
05-27 22:06:19.286 D/EthernetNetworkFactory(  806): acceptRequest, request: NetworkRequest [ REQUEST id=1, [ Capabilities: INTERNET&NOT_RESTRICTED&TRUSTED&NOT_VPN AdministratorUids: [] RequestorUid: 1000 RequestorPackageName: android] ], score: 59
05-27 22:06:19.286 D/WifiScoreReport(  806): report new wifi score 59
05-27 22:06:19.286 I/EthernetNetworkFactory(  806): networkForRequest, request: NetworkRequest [ REQUEST id=1, [ Capabilities: INTERNET&NOT_RESTRICTED&TRUSTED&NOT_VPN AdministratorUids: [] RequestorUid: 1000 RequestorPackageName: android] ], network: null
05-27 22:06:19.286 D/WifiThroughputPredictor(  806):  utilization (BssLoad) -1 utilization (LLStats) 80 isBluetoothConnected: false final utilization: 80
05-27 22:06:19.286 D/WifiThroughputPredictor(  806):  utilization (BssLoad) -1 utilization (LLStats) 80 isBluetoothConnected: false final utilization: 80
05-27 22:06:19.286 D/EthernetNetworkFactory(  806): acceptRequest, request: NetworkRequest [ REQUEST id=11, [ Capabilities: INTERNET&NOT_RESTRICTED&TRUSTED&NOT_VPN AdministratorUids: [] RequestorUid: 1000 RequestorPackageName: android] ], score: 59
05-27 22:06:19.286 I/EthernetNetworkFactory(  806): networkForRequest, request: NetworkRequest [ REQUEST id=11, [ Capabilities: INTERNET&NOT_RESTRICTED&TRUSTED&NOT_VPN AdministratorUids: [] RequestorUid: 1000 RequestorPackageName: android] ], network: null
