05-27 22:11:38.640 E/RHWC2   (  376): fox1 [rtk_gdma_post 1530 ]name_of_layer = com.redflix.tvmoderno/com.redx.tvbox.ExoPlayerActivity#0 num_of_layers=2
05-27 22:11:38.640 E/RHWC2   (  376): fox 1 [rtk_gdma_post 1531] HAS_FLAG=0
05-27 22:11:38.640 E/RHWC2   (  376): fox1 [rtk_gdma_post 1565 ]
05-27 22:11:38.653 E/RHWC2   (  376): fox1 func=hwc2_func_validate_display line=1291 
05-27 22:11:38.654 E/RHWC2   (  376): fox1 func=hwc2_func_validate_display line=1411 
05-27 22:11:38.656 E/RHWC2   (  376): fox1 [rtk_gdma_post 1507 ]
05-27 22:11:38.656 E/RHWC2   (  376): fox1 [rtk_gdma_post 1530 ]name_of_layer = com.redflix.tvmoderno/com.redx.tvbox.MainActivity#0 num_of_layers=1
05-27 22:11:38.656 E/RHWC2   (  376): fox 1 [rtk_gdma_post 1531] HAS_FLAG=0
05-27 22:11:38.656 E/RHWC2   (  376): fox1 [rtk_gdma_post 1530 ]name_of_layer = com.redflix.tvmoderno/com.redx.tvbox.ExoPlayerActivity#0 num_of_layers=2
05-27 22:11:38.656 E/RHWC2   (  376): fox 1 [rtk_gdma_post 1531] HAS_FLAG=0
05-27 22:11:38.656 E/RHWC2   (  376): fox1 [rtk_gdma_post 1565 ]
05-27 22:11:38.670 E/RHWC2   (  376): fox1 func=hwc2_func_validate_display line=1291 
05-27 22:11:38.670 E/RHWC2   (  376): fox1 func=hwc2_func_validate_display line=1411 
05-27 22:11:38.673 E/RHWC2   (  376): fox1 [rtk_gdma_post 1507 ]
05-27 22:11:38.673 E/RHWC2   (  376): fox1 [rtk_gdma_post 1530 ]name_of_layer = com.redflix.tvmoderno/com.redx.tvbox.MainActivity#0 num_of_layers=1
05-27 22:11:38.673 E/RHWC2   (  376): fox 1 [rtk_gdma_post 1531] HAS_FLAG=0
05-27 22:11:38.673 E/RHWC2   (  376): fox1 [rtk_gdma_post 1530 ]name_of_layer = com.redflix.tvmoderno/com.redx.tvbox.ExoPlayerActivity#0 num_of_layers=2
05-27 22:11:38.673 E/RHWC2   (  376): fox 1 [rtk_gdma_post 1531] HAS_FLAG=0
05-27 22:11:38.673 E/RHWC2   (  376): fox1 [rtk_gdma_post 1565 ]
05-27 22:11:38.687 E/RHWC2   (  376): fox1 func=hwc2_func_validate_display line=1291 
05-27 22:11:38.687 E/RHWC2   (  376): fox1 func=hwc2_func_validate_display line=1411 
05-27 22:11:38.689 E/RHWC2   (  376): fox1 [rtk_gdma_post 1507 ]
05-27 22:11:38.689 E/RHWC2   (  376): fox1 [rtk_gdma_post 1530 ]name_of_layer = com.redflix.tvmoderno/com.redx.tvbox.MainActivity#0 num_of_layers=1
05-27 22:11:38.689 E/RHWC2   (  376): fox 1 [rtk_gdma_post 1531] HAS_FLAG=0
05-27 22:11:38.689 E/RHWC2   (  376): fox1 [rtk_gdma_post 1530 ]name_of_layer = com.redflix.tvmoderno/com.redx.tvbox.ExoPlayerActivity#0 num_of_layers=2
05-27 22:11:38.689 E/RHWC2   (  376): fox 1 [rtk_gdma_post 1531] HAS_FLAG=0
05-27 22:11:38.689 E/RHWC2   (  376): fox1 [rtk_gdma_post 1565 ]
05-27 22:11:38.703 E/RHWC2   (  376): fox1 func=hwc2_func_validate_display line=1291 
05-27 22:11:38.703 E/RHWC2   (  376): fox1 func=hwc2_func_validate_display line=1411 
05-27 22:11:38.706 E/RHWC2   (  376): fox1 [rtk_gdma_post 1507 ]
05-27 22:11:38.706 E/RHWC2   (  376): fox1 [rtk_gdma_post 1530 ]name_of_layer = com.redflix.tvmoderno/com.redx.tvbox.MainActivity#0 num_of_layers=1
05-27 22:11:38.706 E/RHWC2   (  376): fox 1 [rtk_gdma_post 1531] HAS_FLAG=0
05-27 22:11:38.706 E/RHWC2   (  376): fox1 [rtk_gdma_post 1530 ]name_of_layer = com.redflix.tvmoderno/com.redx.tvbox.ExoPlayerActivity#0 num_of_layers=2
05-27 22:11:38.706 E/RHWC2   (  376): fox 1 [rtk_gdma_post 1531] HAS_FLAG=0
05-27 22:11:38.706 E/RHWC2   (  376): fox1 [rtk_gdma_post 1565 ]
05-27 22:11:38.720 I/HdmieArc(  394): earc status newStatus 0, oldStatus=EN_TOS_CEC_EARC_STATUS_HANDSHAKE
05-27 22:11:38.720 I/HdmieArc(  394): rhal earc status: 0, error code: 0 
05-27 22:11:38.720 E/RHWC2   (  376): fox1 func=hwc2_func_validate_display line=1291 
05-27 22:11:38.720 E/RHWC2   (  376): fox1 func=hwc2_func_validate_display line=1411 
05-27 22:11:38.722 E/RHWC2   (  376): fox1 [rtk_gdma_post 1507 ]
05-27 22:11:38.722 E/RHWC2   (  376): fox1 [rtk_gdma_post 1530 ]name_of_layer = com.redflix.tvmoderno/com.redx.tvbox.MainActivity#0 num_of_layers=1
05-27 22:11:38.722 E/RHWC2   (  376): fox 1 [rtk_gdma_post 1531] HAS_FLAG=0
05-27 22:11:38.722 E/RHWC2   (  376): fox1 [rtk_gdma_post 1530 ]name_of_layer = com.redflix.tvmoderno/com.redx.tvbox.ExoPlayerActivity#0 num_of_layers=2
05-27 22:11:38.722 E/RHWC2   (  376): fox 1 [rtk_gdma_post 1531] HAS_FLAG=0
05-27 22:11:38.722 E/RHWC2   (  376): fox1 [rtk_gdma_post 1565 ]
05-27 22:11:38.737 E/RHWC2   (  376): fox1 func=hwc2_func_validate_display line=1291 
05-27 22:11:38.737 E/RHWC2   (  376): fox1 func=hwc2_func_validate_display line=1411 
05-27 22:11:38.739 E/RHWC2   (  376): fox1 [rtk_gdma_post 1507 ]
05-27 22:11:38.740 E/RHWC2   (  376): fox1 [rtk_gdma_post 1530 ]name_of_layer = com.redflix.tvmoderno/com.redx.tvbox.MainActivity#0 num_of_layers=1
05-27 22:11:38.740 E/RHWC2   (  376): fox 1 [rtk_gdma_post 1531] HAS_FLAG=0
05-27 22:11:38.740 E/RHWC2   (  376): fox1 [rtk_gdma_post 1530 ]name_of_layer = com.redflix.tvmoderno/com.redx.tvbox.ExoPlayerActivity#0 num_of_layers=2
05-27 22:11:38.740 E/RHWC2   (  376): fox 1 [rtk_gdma_post 1531] HAS_FLAG=0
05-27 22:11:38.740 E/RHWC2   (  376): fox1 [rtk_gdma_post 1565 ]
05-27 22:11:38.753 E/RHWC2   (  376): fox1 func=hwc2_func_validate_display line=1291 
05-27 22:11:38.753 E/RHWC2   (  376): fox1 func=hwc2_func_validate_display line=1411 
05-27 22:11:38.756 E/RHWC2   (  376): fox1 [rtk_gdma_post 1507 ]
05-27 22:11:38.756 E/RHWC2   (  376): fox1 [rtk_gdma_post 1530 ]name_of_layer = com.redflix.tvmoderno/com.redx.tvbox.MainActivity#0 num_of_layers=1
05-27 22:11:38.756 E/RHWC2   (  376): fox 1 [rtk_gdma_post 1531] HAS_FLAG=0
05-27 22:11:38.756 E/RHWC2   (  376): fox1 [rtk_gdma_post 1530 ]name_of_layer = com.redflix.tvmoderno/com.redx.tvbox.ExoPlayerActivity#0 num_of_layers=2
05-27 22:11:38.756 E/RHWC2   (  376): fox 1 [rtk_gdma_post 1531] HAS_FLAG=0
05-27 22:11:38.756 E/RHWC2   (  376): fox1 [rtk_gdma_post 1565 ]
05-27 22:11:38.770 E/RHWC2   (  376): fox1 func=hwc2_func_validate_display line=1291 
05-27 22:11:38.770 E/RHWC2   (  376): fox1 func=hwc2_func_validate_display line=1411 
05-27 22:11:38.772 E/RHWC2   (  376): fox1 [rtk_gdma_post 1507 ]
05-27 22:11:38.772 E/RHWC2   (  376): fox1 [rtk_gdma_post 1530 ]name_of_layer = com.redflix.tvmoderno/com.redx.tvbox.MainActivity#0 num_of_layers=1
05-27 22:11:38.772 E/RHWC2   (  376): fox 1 [rtk_gdma_post 1531] HAS_FLAG=0
05-27 22:11:38.772 E/RHWC2   (  376): fox1 [rtk_gdma_post 1530 ]name_of_layer = com.redflix.tvmoderno/com.redx.tvbox.ExoPlayerActivity#0 num_of_layers=2
05-27 22:11:38.772 E/RHWC2   (  376): fox 1 [rtk_gdma_post 1531] HAS_FLAG=0
05-27 22:11:38.772 E/RHWC2   (  376): fox1 [rtk_gdma_post 1565 ]
05-27 22:11:38.787 E/RHWC2   (  376): fox1 func=hwc2_func_validate_display line=1291 
05-27 22:11:38.787 E/RHWC2   (  376): fox1 func=hwc2_func_validate_display line=1411 
05-27 22:11:38.789 E/RHWC2   (  376): fox1 [rtk_gdma_post 1507 ]
05-27 22:11:38.789 E/RHWC2   (  376): fox1 [rtk_gdma_post 1530 ]name_of_layer = com.redflix.tvmoderno/com.redx.tvbox.MainActivity#0 num_of_layers=1
05-27 22:11:38.789 E/RHWC2   (  376): fox 1 [rtk_gdma_post 1531] HAS_FLAG=0
05-27 22:11:38.789 E/RHWC2   (  376): fox1 [rtk_gdma_post 1530 ]name_of_layer = com.redflix.tvmoderno/com.redx.tvbox.ExoPlayerActivity#0 num_of_layers=2
05-27 22:11:38.789 E/RHWC2   (  376): fox 1 [rtk_gdma_post 1531] HAS_FLAG=0
05-27 22:11:38.789 E/RHWC2   (  376): fox1 [rtk_gdma_post 1565 ]
05-27 22:11:38.803 E/RHWC2   (  376): fox1 func=hwc2_func_validate_display line=1291 
05-27 22:11:38.803 E/RHWC2   (  376): fox1 func=hwc2_func_validate_display line=1411 
05-27 22:11:38.806 E/RHWC2   (  376): fox1 [rtk_gdma_post 1507 ]
05-27 22:11:38.806 E/RHWC2   (  376): fox1 [rtk_gdma_post 1530 ]name_of_layer = com.redflix.tvmoderno/com.redx.tvbox.MainActivity#0 num_of_layers=1
05-27 22:11:38.806 E/RHWC2   (  376): fox 1 [rtk_gdma_post 1531] HAS_FLAG=0
05-27 22:11:38.806 E/RHWC2   (  376): fox1 [rtk_gdma_post 1530 ]name_of_layer = com.redflix.tvmoderno/com.redx.tvbox.ExoPlayerActivity#0 num_of_layers=2
05-27 22:11:38.806 E/RHWC2   (  376): fox 1 [rtk_gdma_post 1531] HAS_FLAG=0
05-27 22:11:38.806 E/RHWC2   (  376): fox1 [rtk_gdma_post 1565 ]
05-27 22:11:38.821 E/RHWC2   (  376): fox1 func=hwc2_func_validate_display line=1291 
05-27 22:11:38.821 E/RHWC2   (  376): fox1 func=hwc2_func_validate_display line=1411 
05-27 22:11:38.823 E/RHWC2   (  376): fox1 [rtk_gdma_post 1507 ]
05-27 22:11:38.823 E/RHWC2   (  376): fox1 [rtk_gdma_post 1530 ]name_of_layer = com.redflix.tvmoderno/com.redx.tvbox.MainActivity#0 num_of_layers=1
05-27 22:11:38.823 E/RHWC2   (  376): fox 1 [rtk_gdma_post 1531] HAS_FLAG=0
05-27 22:11:38.824 E/RHWC2   (  376): fox1 [rtk_gdma_post 1565 ]
05-27 22:11:38.836 E/RHWC2   (  376): fox1 func=hwc2_func_validate_display line=1291 
05-27 22:11:38.837 E/RHWC2   (  376): fox1 func=hwc2_func_validate_display line=1411 
05-27 22:11:38.839 E/RHWC2   (  376): fox1 [rtk_gdma_post 1507 ]
05-27 22:11:38.839 E/RHWC2   (  376): fox1 [rtk_gdma_post 1530 ]name_of_layer = com.redflix.tvmoderno/com.redx.tvbox.MainActivity#0 num_of_layers=1
05-27 22:11:38.839 E/RHWC2   (  376): fox 1 [rtk_gdma_post 1531] HAS_FLAG=0
05-27 22:11:38.839 E/RHWC2   (  376): fox1 [rtk_gdma_post 1565 ]
05-27 22:11:38.853 E/RHWC2   (  376): fox1 func=hwc2_func_validate_display line=1291 
05-27 22:11:38.853 E/RHWC2   (  376): fox1 func=hwc2_func_validate_display line=1411 
05-27 22:11:38.855 E/RHWC2   (  376): fox1 [rtk_gdma_post 1507 ]
05-27 22:11:38.855 E/RHWC2   (  376): fox1 [rtk_gdma_post 1530 ]name_of_layer = com.redflix.tvmoderno/com.redx.tvbox.MainActivity#0 num_of_layers=1
05-27 22:11:38.855 E/RHWC2   (  376): fox 1 [rtk_gdma_post 1531] HAS_FLAG=0
05-27 22:11:38.855 E/RHWC2   (  376): fox1 [rtk_gdma_post 1565 ]
05-27 22:11:38.907 E/RHWC2   (  376): fox1 func=hwc2_func_validate_display line=1291 
05-27 22:11:38.907 E/RHWC2   (  376): fox1 func=hwc2_func_validate_display line=1411 
05-27 22:11:38.909 E/RHWC2   (  376): fox1 [rtk_gdma_post 1507 ]
05-27 22:11:38.909 E/RHWC2   (  376): fox1 [rtk_gdma_post 1530 ]name_of_layer = com.redflix.tvmoderno/com.redx.tvbox.MainActivity#0 num_of_layers=1
05-27 22:11:38.909 E/RHWC2   (  376): fox 1 [rtk_gdma_post 1531] HAS_FLAG=0
05-27 22:11:38.909 E/RHWC2   (  376): fox1 [rtk_gdma_post 1565 ]
05-27 22:11:38.912 P/Quality ( 3026): 09 03 info 1779930698908 procName:com.redflix.tvmoderno 2 callback:android.view.Choreographer$FrameDisplayEventReceiver,target:android.view.Choreographer$FrameHandler $ latencyTime:0,WallTime:339 android.os.MessageQueue.nativePollOnce:-2,android.os.MessageQueue.next:335,android.os.Looper.loop:200,android.app.ActivityThread.main:7848,java.lang.reflect.Method.invoke:-2,com.android.internal.os.RuntimeInit$MethodAndArgsCaller.run:592,com.android.internal.os.ZygoteInit.main:1070, allocWait:0,ionwait:0,dstate:0,sched:0,iowait:0 viewTitle:com.redflix.tvmoderno/com.redx.tvbox.ExoPlayerActivity $
05-27 22:11:38.915 I/RED-X-Player( 3026): [RED_EXOPLAYER] onStop
05-27 22:11:38.918 I/RED-X-Player( 3026): [RED_EXOPLAYER] onDestroy
05-27 22:11:38.918 I/RED-X-Player( 3026): onDestroy
05-27 22:11:38.918 I/ExoPlayerImpl( 3026): Release 8834b18 [AndroidXMedia3/1.2.0] [G07, Smart TV, TCL, 30] [media3.common, media3.ui, media3.exoplayer, media3.decoder, media3.exoplayer.hls, media3.datasource]
05-27 22:11:38.919 E/RHWC2   (  376): fox1 func=hwc2_func_validate_display line=1291 
05-27 22:11:38.919 E/RHWC2   (  376): fox1 func=hwc2_func_validate_display line=1411 
05-27 22:11:38.921 E/RHWC2   (  376): fox1 [rtk_gdma_post 1507 ]
05-27 22:11:38.921 E/RHWC2   (  376): fox1 [rtk_gdma_post 1530 ]name_of_layer = com.redflix.tvmoderno/com.redx.tvbox.MainActivity#0 num_of_layers=1
05-27 22:11:38.921 E/RHWC2   (  376): fox 1 [rtk_gdma_post 1531] HAS_FLAG=0
05-27 22:11:38.921 E/RHWC2   (  376): fox1 [rtk_gdma_post 1565 ]
05-27 22:11:38.936 E/RHWC2   (  376): fox1 func=hwc2_func_validate_display line=1291 
05-27 22:11:38.936 E/RHWC2   (  376): fox1 func=hwc2_func_validate_display line=1411 
05-27 22:11:38.938 E/RHWC2   (  376): fox1 [rtk_gdma_post 1507 ]
05-27 22:11:38.938 E/RHWC2   (  376): fox1 [rtk_gdma_post 1530 ]name_of_layer = com.redflix.tvmoderno/com.redx.tvbox.MainActivity#0 num_of_layers=1
05-27 22:11:38.938 E/RHWC2   (  376): fox 1 [rtk_gdma_post 1531] HAS_FLAG=0
05-27 22:11:38.938 E/RHWC2   (  376): fox1 [rtk_gdma_post 1565 ]
05-27 22:11:38.946 E/BufferQueueProducer(  417): [com.redflix.tvmoderno/com.redx.tvbox.ExoPlayerActivity#0](id:1a1000000c8,api:0,p:-1,c:417) disconnect: not connected (req=1)
05-27 22:11:38.946 W/libEGL  ( 3026): EGLNativeWindowType 0x68d8c998 disconnect failed
05-27 22:11:38.954 E/RHWC2   (  376): fox1 func=hwc2_func_validate_display line=1291 
05-27 22:11:38.954 E/RHWC2   (  376): fox1 func=hwc2_func_validate_display line=1411 
05-27 22:11:38.954 E/RHWC2   (  376): fox1 [rtk_gdma_post 1507 ]
05-27 22:11:38.954 E/RHWC2   (  376): fox1 [rtk_gdma_post 1530 ]name_of_layer = com.redflix.tvmoderno/com.redx.tvbox.MainActivity#0 num_of_layers=1
05-27 22:11:38.954 E/RHWC2   (  376): fox 1 [rtk_gdma_post 1531] HAS_FLAG=0
05-27 22:11:38.954 E/RHWC2   (  376): fox1 [rtk_gdma_post 1565 ]
05-27 22:11:38.970 E/RHWC2   (  376): fox1 func=hwc2_func_validate_display line=1291 
05-27 22:11:38.970 E/RHWC2   (  376): fox1 func=hwc2_func_validate_display line=1411 
05-27 22:11:38.970 E/RHWC2   (  376): fox1 [rtk_gdma_post 1507 ]
05-27 22:11:38.970 E/RHWC2   (  376): fox1 [rtk_gdma_post 1530 ]name_of_layer = com.redflix.tvmoderno/com.redx.tvbox.MainActivity#0 num_of_layers=1
05-27 22:11:38.970 E/RHWC2   (  376): fox 1 [rtk_gdma_post 1531] HAS_FLAG=0
05-27 22:11:38.970 E/RHWC2   (  376): fox1 [rtk_gdma_post 1565 ]
05-27 22:11:39.144 E/TTVS_LOG( 2208): BI_Se-newPackageName=com.redflix.tvmoderno  oldPackageName=com.redflix.tvmoderno
05-27 22:11:39.160 E/Traffic (  806): performPollLocked:java.lang.Throwable
05-27 22:11:39.166 I/WifiService(  806): getConnectionInfo uid=1000
05-27 22:11:39.196 D/wpa_supplicant( 1207): wlan_traffic_statistics rx_byte = 1011965417 rx rate = 48 Kb/s
05-27 22:11:39.196 D/wpa_supplicant( 1207): wlan_traffic_statistics tx_byte = 160237853 tx rate = 195 Kb/s
05-27 22:11:39.328 D/BoundBrokerSvc( 1740): onUnbind: Intent { act=com.google.android.gms.common.BIND_SHARED_PREFS pkg=com.google.android.gms }
05-27 22:11:39.720 I/HdmieArc(  394): earc status newStatus 0, oldStatus=EN_TOS_CEC_EARC_STATUS_HANDSHAKE
05-27 22:11:39.720 I/HdmieArc(  394): rhal earc status: 0, error code: 0 
05-27 22:11:39.881 E/RHWC2   (  376): fox1 func=hwc2_func_validate_display line=1291 
05-27 22:11:39.881 E/RHWC2   (  376): fox1 func=hwc2_func_validate_display line=1411 
05-27 22:11:39.883 E/RHWC2   (  376): fox1 [rtk_gdma_post 1507 ]
05-27 22:11:39.883 E/RHWC2   (  376): fox1 [rtk_gdma_post 1530 ]name_of_layer = com.redflix.tvmoderno/com.redx.tvbox.MainActivity#0 num_of_layers=1
05-27 22:11:39.883 E/RHWC2   (  376): fox 1 [rtk_gdma_post 1531] HAS_FLAG=0
05-27 22:11:39.883 E/RHWC2   (  376): fox1 [rtk_gdma_post 1565 ]
05-27 22:11:39.903 E/RHWC2   (  376): fox1 func=hwc2_func_validate_display line=1291 
05-27 22:11:39.903 E/RHWC2   (  376): fox1 func=hwc2_func_validate_display line=1411 
05-27 22:11:39.905 E/RHWC2   (  376): fox1 [rtk_gdma_post 1507 ]
05-27 22:11:39.905 E/RHWC2   (  376): fox1 [rtk_gdma_post 1530 ]name_of_layer = com.redflix.tvmoderno/com.redx.tvbox.MainActivity#0 num_of_layers=1
05-27 22:11:39.905 E/RHWC2   (  376): fox 1 [rtk_gdma_post 1531] HAS_FLAG=0
05-27 22:11:39.905 E/RHWC2   (  376): fox1 [rtk_gdma_post 1565 ]
05-27 22:11:39.919 E/RHWC2   (  376): fox1 func=hwc2_func_validate_display line=1291 
05-27 22:11:39.919 E/RHWC2   (  376): fox1 func=hwc2_func_validate_display line=1411 
05-27 22:11:39.921 E/RHWC2   (  376): fox1 [rtk_gdma_post 1507 ]
05-27 22:11:39.921 E/RHWC2   (  376): fox1 [rtk_gdma_post 1530 ]name_of_layer = com.redflix.tvmoderno/com.redx.tvbox.MainActivity#0 num_of_layers=1
05-27 22:11:39.921 E/RHWC2   (  376): fox 1 [rtk_gdma_post 1531] HAS_FLAG=0
05-27 22:11:39.921 E/RHWC2   (  376): fox1 [rtk_gdma_post 1565 ]
05-27 22:11:39.936 E/RHWC2   (  376): fox1 func=hwc2_func_validate_display line=1291 
05-27 22:11:39.936 E/RHWC2   (  376): fox1 func=hwc2_func_validate_display line=1411 
05-27 22:11:39.938 E/RHWC2   (  376): fox1 [rtk_gdma_post 1507 ]
05-27 22:11:39.938 E/RHWC2   (  376): fox1 [rtk_gdma_post 1530 ]name_of_layer = com.redflix.tvmoderno/com.redx.tvbox.MainActivity#0 num_of_layers=1
05-27 22:11:39.938 E/RHWC2   (  376): fox 1 [rtk_gdma_post 1531] HAS_FLAG=0
05-27 22:11:39.938 E/RHWC2   (  376): fox1 [rtk_gdma_post 1565 ]
05-27 22:11:39.953 E/RHWC2   (  376): fox1 func=hwc2_func_validate_display line=1291 
05-27 22:11:39.953 E/RHWC2   (  376): fox1 func=hwc2_func_validate_display line=1411 
05-27 22:11:39.955 E/RHWC2   (  376): fox1 [rtk_gdma_post 1507 ]
05-27 22:11:39.955 E/RHWC2   (  376): fox1 [rtk_gdma_post 1530 ]name_of_layer = com.redflix.tvmoderno/com.redx.tvbox.MainActivity#0 num_of_layers=1
05-27 22:11:39.955 E/RHWC2   (  376): fox 1 [rtk_gdma_post 1531] HAS_FLAG=0
05-27 22:11:39.955 E/RHWC2   (  376): fox1 [rtk_gdma_post 1565 ]
05-27 22:11:39.969 E/RHWC2   (  376): fox1 func=hwc2_func_validate_display line=1291 
05-27 22:11:39.969 E/RHWC2   (  376): fox1 func=hwc2_func_validate_display line=1411 
05-27 22:11:39.971 E/RHWC2   (  376): fox1 [rtk_gdma_post 1507 ]
05-27 22:11:39.971 E/RHWC2   (  376): fox1 [rtk_gdma_post 1530 ]name_of_layer = com.redflix.tvmoderno/com.redx.tvbox.MainActivity#0 num_of_layers=1
05-27 22:11:39.971 E/RHWC2   (  376): fox 1 [rtk_gdma_post 1531] HAS_FLAG=0
05-27 22:11:39.971 E/RHWC2   (  376): fox1 [rtk_gdma_post 1565 ]
05-27 22:11:39.986 E/RHWC2   (  376): fox1 func=hwc2_func_validate_display line=1291 
05-27 22:11:39.986 E/RHWC2   (  376): fox1 func=hwc2_func_validate_display line=1411 
05-27 22:11:39.988 E/RHWC2   (  376): fox1 [rtk_gdma_post 1507 ]
05-27 22:11:39.988 E/RHWC2   (  376): fox1 [rtk_gdma_post 1530 ]name_of_layer = com.redflix.tvmoderno/com.redx.tvbox.MainActivity#0 num_of_layers=1
05-27 22:11:39.988 E/RHWC2   (  376): fox 1 [rtk_gdma_post 1531] HAS_FLAG=0
05-27 22:11:39.988 E/RHWC2   (  376): fox1 [rtk_gdma_post 1565 ]
05-27 22:11:40.003 E/RHWC2   (  376): fox1 func=hwc2_func_validate_display line=1291 
05-27 22:11:40.003 E/RHWC2   (  376): fox1 func=hwc2_func_validate_display line=1411 
05-27 22:11:40.005 E/RHWC2   (  376): fox1 [rtk_gdma_post 1507 ]
05-27 22:11:40.005 E/RHWC2   (  376): fox1 [rtk_gdma_post 1530 ]name_of_layer = com.redflix.tvmoderno/com.redx.tvbox.MainActivity#0 num_of_layers=1
05-27 22:11:40.005 E/RHWC2   (  376): fox 1 [rtk_gdma_post 1531] HAS_FLAG=0
05-27 22:11:40.005 E/RHWC2   (  376): fox1 [rtk_gdma_post 1565 ]
05-27 22:11:40.008 D/TVKitService(  812): getProjectID
05-27 22:11:40.008 D/DeviceInfoImpl(  812): getProjectID from map is 4357
05-27 22:11:40.008 I/TCL_DeviceInfo( 2208): id = 4357
05-27 22:11:40.009 E/TCL_DeviceInfo( 2208): from sita get client type is TCL-LA-RTD51A-S1
05-27 22:11:40.010 D/TVKitService(  812): getSoftwareVersion
05-27 22:11:40.010 D/DeviceInfoImpl(  812): getSoftwareVersion is V8-R51AT01-LF1V126
05-27 22:11:40.010 I/TCL_DeviceInfo( 2208): ret  = V8-R51AT01-LF1V126
05-27 22:11:40.010 I/WifiService(  806): getConnectionInfo uid=1000
05-27 22:11:40.019 E/RHWC2   (  376): fox1 func=hwc2_func_validate_display line=1291 
05-27 22:11:40.019 E/RHWC2   (  376): fox1 func=hwc2_func_validate_display line=1411 
05-27 22:11:40.021 E/RHWC2   (  376): fox1 [rtk_gdma_post 1507 ]
05-27 22:11:40.021 E/RHWC2   (  376): fox1 [rtk_gdma_post 1530 ]name_of_layer = com.redflix.tvmoderno/com.redx.tvbox.MainActivity#0 num_of_layers=1
05-27 22:11:40.021 E/RHWC2   (  376): fox 1 [rtk_gdma_post 1531] HAS_FLAG=0
05-27 22:11:40.021 E/RHWC2   (  376): fox1 [rtk_gdma_post 1565 ]
05-27 22:11:40.036 E/RHWC2   (  376): fox1 func=hwc2_func_validate_display line=1291 
05-27 22:11:40.036 E/RHWC2   (  376): fox1 func=hwc2_func_validate_display line=1411 
05-27 22:11:40.038 E/RHWC2   (  376): fox1 [rtk_gdma_post 1507 ]
05-27 22:11:40.038 E/RHWC2   (  376): fox1 [rtk_gdma_post 1530 ]name_of_layer = com.redflix.tvmoderno/com.redx.tvbox.MainActivity#0 num_of_layers=1
05-27 22:11:40.038 E/RHWC2   (  376): fox 1 [rtk_gdma_post 1531] HAS_FLAG=0
05-27 22:11:40.038 E/RHWC2   (  376): fox1 [rtk_gdma_post 1565 ]
05-27 22:11:40.053 E/RHWC2   (  376): fox1 func=hwc2_func_validate_display line=1291 
05-27 22:11:40.053 E/RHWC2   (  376): fox1 func=hwc2_func_validate_display line=1411 
05-27 22:11:40.055 E/RHWC2   (  376): fox1 [rtk_gdma_post 1507 ]
05-27 22:11:40.055 E/RHWC2   (  376): fox1 [rtk_gdma_post 1530 ]name_of_layer = com.redflix.tvmoderno/com.redx.tvbox.MainActivity#0 num_of_layers=1
05-27 22:11:40.055 E/RHWC2   (  376): fox 1 [rtk_gdma_post 1531] HAS_FLAG=0
05-27 22:11:40.055 E/RHWC2   (  376): fox1 [rtk_gdma_post 1565 ]
05-27 22:11:40.069 E/RHWC2   (  376): fox1 func=hwc2_func_validate_display line=1291 
05-27 22:11:40.069 E/RHWC2   (  376): fox1 func=hwc2_func_validate_display line=1411 
05-27 22:11:40.071 E/RHWC2   (  376): fox1 [rtk_gdma_post 1507 ]
05-27 22:11:40.071 E/RHWC2   (  376): fox1 [rtk_gdma_post 1530 ]name_of_layer = com.redflix.tvmoderno/com.redx.tvbox.MainActivity#0 num_of_layers=1
05-27 22:11:40.071 E/RHWC2   (  376): fox 1 [rtk_gdma_post 1531] HAS_FLAG=0
05-27 22:11:40.071 E/RHWC2   (  376): fox1 [rtk_gdma_post 1565 ]
05-27 22:11:40.086 E/RHWC2   (  376): fox1 func=hwc2_func_validate_display line=1291 
05-27 22:11:40.086 E/RHWC2   (  376): fox1 func=hwc2_func_validate_display line=1411 
05-27 22:11:40.088 E/RHWC2   (  376): fox1 [rtk_gdma_post 1507 ]
05-27 22:11:40.088 E/RHWC2   (  376): fox1 [rtk_gdma_post 1530 ]name_of_layer = com.redflix.tvmoderno/com.redx.tvbox.MainActivity#0 num_of_layers=1
05-27 22:11:40.088 E/RHWC2   (  376): fox 1 [rtk_gdma_post 1531] HAS_FLAG=0
05-27 22:11:40.088 E/RHWC2   (  376): fox1 [rtk_gdma_post 1565 ]
05-27 22:11:40.103 E/RHWC2   (  376): fox1 func=hwc2_func_validate_display line=1291 
05-27 22:11:40.103 E/RHWC2   (  376): fox1 func=hwc2_func_validate_display line=1411 
05-27 22:11:40.105 E/RHWC2   (  376): fox1 [rtk_gdma_post 1507 ]
05-27 22:11:40.105 E/RHWC2   (  376): fox1 [rtk_gdma_post 1530 ]name_of_layer = com.redflix.tvmoderno/com.redx.tvbox.MainActivity#0 num_of_layers=1
05-27 22:11:40.105 E/RHWC2   (  376): fox 1 [rtk_gdma_post 1531] HAS_FLAG=0
05-27 22:11:40.105 E/RHWC2   (  376): fox1 [rtk_gdma_post 1565 ]
05-27 22:11:40.119 E/RHWC2   (  376): fox1 func=hwc2_func_validate_display line=1291 
05-27 22:11:40.119 E/RHWC2   (  376): fox1 func=hwc2_func_validate_display line=1411 
05-27 22:11:40.122 E/RHWC2   (  376): fox1 [rtk_gdma_post 1507 ]
05-27 22:11:40.122 E/RHWC2   (  376): fox1 [rtk_gdma_post 1530 ]name_of_layer = com.redflix.tvmoderno/com.redx.tvbox.MainActivity#0 num_of_layers=1
05-27 22:11:40.122 E/RHWC2   (  376): fox 1 [rtk_gdma_post 1531] HAS_FLAG=0
05-27 22:11:40.122 E/RHWC2   (  376): fox1 [rtk_gdma_post 1565 ]
05-27 22:11:40.136 E/RHWC2   (  376): fox1 func=hwc2_func_validate_display line=1291 
05-27 22:11:40.136 E/RHWC2   (  376): fox1 func=hwc2_func_validate_display line=1411 
05-27 22:11:40.138 E/RHWC2   (  376): fox1 [rtk_gdma_post 1507 ]
05-27 22:11:40.138 E/RHWC2   (  376): fox1 [rtk_gdma_post 1530 ]name_of_layer = com.redflix.tvmoderno/com.redx.tvbox.MainActivity#0 num_of_layers=1
05-27 22:11:40.138 E/RHWC2   (  376): fox 1 [rtk_gdma_post 1531] HAS_FLAG=0
05-27 22:11:40.138 E/RHWC2   (  376): fox1 [rtk_gdma_post 1565 ]
05-27 22:11:40.153 E/RHWC2   (  376): fox1 func=hwc2_func_validate_display line=1291 
05-27 22:11:40.153 E/RHWC2   (  376): fox1 func=hwc2_func_validate_display line=1411 
05-27 22:11:40.155 E/RHWC2   (  376): fox1 [rtk_gdma_post 1507 ]
05-27 22:11:40.155 E/RHWC2   (  376): fox1 [rtk_gdma_post 1530 ]name_of_layer = com.redflix.tvmoderno/com.redx.tvbox.MainActivity#0 num_of_layers=1
05-27 22:11:40.155 E/RHWC2   (  376): fox 1 [rtk_gdma_post 1531] HAS_FLAG=0
05-27 22:11:40.155 E/RHWC2   (  376): fox1 [rtk_gdma_post 1565 ]
05-27 22:11:40.720 I/HdmieArc(  394): earc status newStatus 0, oldStatus=EN_TOS_CEC_EARC_STATUS_HANDSHAKE
05-27 22:11:40.720 I/HdmieArc(  394): rhal earc status: 0, error code: 0 
05-27 22:11:40.776 D/TCastPublishOverUdp( 2208): ed8fb9a@sendOnline
05-27 22:11:41.196 D/wpa_supplicant( 1207): wlan_traffic_statistics rx_byte = 1011970259 rx rate = 18 Kb/s
05-27 22:11:41.196 D/wpa_supplicant( 1207): wlan_traffic_statistics tx_byte = 160252984 tx rate = 59 Kb/s
05-27 22:11:41.560 E/WifiVendorHal(  806): getWifiLinkLayerStats_1_3_Internal(l.978) failed {.code = ERROR_NOT_SUPPORTED, .description = }
05-27 22:11:41.566 D/WifiClientModeImpl(  806): fetchRssiLinkSpeedAndFrequencyNative rssi=-74 TxLinkspeed=130 freq=2417 RxLinkSpeed=0
05-27 22:11:41.566 V/WifiConfigManager(  806): Updating scan detail cache freq=2417 BSSID=f8:2d:c0:24:9e:d2 RSSI=-72 for "BOLSONARO2018"WPA_PSK
05-27 22:11:41.567 D/WifiThroughputPredictor(  806):  utilization (BssLoad) -1 utilization (LLStats) 80 isBluetoothConnected: false final utilization: 80
05-27 22:11:41.567 D/WifiThroughputPredictor(  806):  utilization (BssLoad) -1 utilization (LLStats) 80 isBluetoothConnected: false final utilization: 80
05-27 22:11:41.567 D/WifiScoreCard(  806): BSSID update SIGNAL_POLL ID: 398514962 SSID: BOLSONARO2018, BSSID: f8:2d:c0:24:9e:d2, MAC: 64:57:25:8c:68:c1, Supplicant state: COMPLETED, Wi-Fi standard: 0, RSSI: -74, Link speed: 130Mbps, Tx Link speed: 130Mbps, Max Supported Tx Link speed: -1Mbps, Rx Link speed: -1Mbps, Max Supported Rx Link speed: -1Mbps, Frequency: 2417MHz, Net ID: 0, Metered hint: false, score: 60
05-27 22:11:41.567 D/WifiScoreCard(  806): txRate: 61 txSpeed: 130
05-27 22:11:41.568 D/WifiScoreCard(  806): network update SIGNAL_POLL "BOLSONARO2018" ID: 976476524 RSSI -74 txSpeed 130
05-27 22:11:41.568 D/WifiScoreCard(  806): SSID: "BOLSONARO2018"
05-27 22:11:41.568 D/WifiScoreCard(  806):  LastRssiPollTime: 12681632 LastRssiPoll: -74 LastTxSpeedPoll: 130
05-27 22:11:41.568 D/WifiScoreCard(  806):  StatsRecent:  ConnectAttempt: 4 ConnectFailure: 0 ConnectDurSec: 6372708 AssocRej: 0 AssocTimeout: 0 AuthFailure: 0 ShortDiscNonlocal: 6 DisconnectNonlocal: 7 Disconnect: 13 ConsecutiveConnectFailure: 0
05-27 22:11:41.568 D/WifiScoreCard(  806):  StatsCurr:  ConnectAttempt: 54 ConnectFailure: 0 ConnectDurSec: 759544 AssocRej: 0 AssocTimeout: 0 AuthFailure: 0 ShortDiscNonlocal: 39 DisconnectNonlocal: 53 Disconnect: 73 ConsecutiveConnectFailure: 0
05-27 22:11:41.568 D/WifiScoreCard(  806):  StatsPrev:  ConnectAttempt: 15 ConnectFailure: 0 ConnectDurSec: 211923 AssocRej: 0 AssocTimeout: 0 AuthFailure: 0 ShortDiscNonlocal: 10 DisconnectNonlocal: 19 Disconnect: 32 ConsecutiveConnectFailure: 0
05-27 22:11:41.569 D/ConnectivityListener( 1306): updateWifiConnectivityStatus
05-27 22:11:41.569 I/WifiService(  806): getConnectionInfo uid=1000
05-27 22:11:41.569 D/ConnectivityListener( 1306): updateWifiConnectivityStatus: AP state = COMPLETED
05-27 22:11:41.570 D/ConnectivityListener( 1306): updateWifiConnectivityStatus: AP is connected
05-27 22:11:41.570 D/ConnectivityListener( 1306): setWifiStatus connected = true
05-27 22:11:41.570 D/ConnectivityListener( 1306): updateWifiConnectivityStatus: ssid = "BOLSONARO2018"
05-27 22:11:41.570 D/ConnectivityListener( 1306): isWireConnected: 
05-27 22:11:41.570 D/ConnectivityListener( 1306): isWireConnected = false
05-27 22:11:41.570 D/ConnectivityListener( 1306): setEthernetStatus = false
05-27 22:11:41.570 D/MainFragment( 1306): updateConnectivity() start
05-27 22:11:41.570 D/MainFragment( 1306): connectedState = true
05-27 22:11:41.571 D/WifiClientModeImpl(  806):  L2ConnectedState screen=on 1 0 "BOLSONARO2018" f8:2d:c0:24:9e:d2 rssi=-74 f=2417 sc=60 link=130 tx=60,7, 0,0, 0,0  rx=52,5 bcn=0 [on:0 tx:0 rx:0 period:3009] from screen [on:0 period:1814241026] score=60
05-27 22:11:41.571 D/MainFragment( 1306): TextUtils.isEmpty(connectedState) = false
05-27 22:11:41.571 I/WifiService(  806): getWifiEnabledState uid=1000
05-27 22:11:41.571 D/ConnectivityListener( 1306): isWifiEnabledOrEnabling: wifiManager.getWifiState = 3
05-27 22:11:41.571 I/WifiService(  806): getWifiEnabledState uid=1000
05-27 22:11:41.571 D/ConnectivityListener( 1306): isWifiConnected: isWifiConnected = true
05-27 22:11:41.571 I/WifiService(  806): getConnectionInfo uid=1000
05-27 22:11:41.572 I/WifiService(  806): getConnectionInfo uid=1000
05-27 22:11:41.572 D/MainFragment( 1306): updateConnectivity() end
05-27 22:11:41.721 I/HdmieArc(  394): earc status newStatus 0, oldStatus=EN_TOS_CEC_EARC_STATUS_HANDSHAKE
05-27 22:11:41.721 I/HdmieArc(  394): rhal earc status: 0, error code: 0 
05-27 22:11:41.980 D/wpa_supplicant( 1207): nl80211: Drv Event 56 (NL80211_CMD_CANCEL_REMAIN_ON_CHANNEL) received for p2p0
05-27 22:11:41.980 D/wpa_supplicant( 1207): nl80211: Remain-on-channel event (cancel=1 freq=2417 channel_type=0 duration=0 cookie=0x9d4 (match))
05-27 22:11:41.980 D/wpa_supplicant( 1207): p2p0: Event CANCEL_REMAIN_ON_CHANNEL (20) received
05-27 22:11:41.980 D/wpa_supplicant( 1207): P2P: Cancel remain-on-channel callback (p2p_long_listen=1906012704 ms pending_action_tx=0x0)
05-27 22:11:41.980 D/wpa_supplicant( 1207): p2p0: Radio work 'p2p-listen'@0xb4f80f50 done in 5.023632 seconds
05-27 22:11:41.980 D/wpa_supplicant( 1207): p2p0: radio_work_free('p2p-listen'@0xb4f80f50): num_active_works --> 0
05-27 22:11:41.980 D/wpa_supplicant( 1207): P2P: Driver ended Listen state (freq=2417)
05-27 22:11:41.980 D/wpa_supplicant( 1207): P2P: Continuing long Listen state
05-27 22:11:41.980 D/wpa_supplicant( 1207): P2P: Going to listen(only) state
05-27 22:11:41.980 D/wpa_supplicant( 1207): STA wpa_state=9 freq=2417
05-27 22:11:41.980 D/wpa_supplicant( 1207): P2P: cfg reg_class(81) channel(2)
05-27 22:11:41.980 D/wpa_supplicant( 1207): P2P: cfg reg_class(81) channel(2)
05-27 22:11:41.980 D/wpa_supplicant( 1207): P2P: Set Listen channel: reg_class 81 channel 2
05-27 22:11:41.980 D/wpa_supplicant( 1207): P2P: Defer setting listen channel
05-27 22:11:41.980 D/wpa_supplicant( 1207): P2P: p2p listen class(81)/channel(2)
05-27 22:11:41.980 D/wpa_supplicant( 1207): WPS:  * Version (hardcoded 0x10)
05-27 22:11:41.980 D/wpa_supplicant( 1207): WPS:  * UUID-E
05-27 22:11:41.980 D/wpa_supplicant( 1207): WPS:  * Version2 (0x20)
05-27 22:11:41.980 D/wpa_supplicant( 1207): P2P: * P2P IE header
05-27 22:11:41.980 D/wpa_supplicant( 1207): P2P: * Capability dev=25 group=00
05-27 22:11:41.980 D/wpa_supplicant( 1207): P2P: * Listen Channel: Regulatory Class 81 Channel 2
05-27 22:11:41.980 D/wpa_supplicant( 1207): P2P: * Device Info
05-27 22:11:41.980 D/wpa_supplicant( 1207): p2p0: Add radio work 'p2p-listen'@0xb4f80f50
05-27 22:11:41.980 D/wpa_supplicant( 1207): p2p0: First radio work item in the queue - schedule start immediately
05-27 22:11:41.980 D/wpa_supplicant( 1207): P2P: State LISTEN_ONLY -> LISTEN_ONLY
05-27 22:11:41.980 D/wpa_supplicant( 1207): p2p0: Starting radio work 'p2p-listen'@0xb4f80f50 after 0.000076 second wait
05-27 22:11:41.980 D/wpa_supplicant( 1207): nl80211: Probe Request reporting already on! nl_preq=0x3c74b859
05-27 22:11:41.980 D/wpa_supplicant( 1207): nl80211: Remain-on-channel cookie 0x9d5 for freq=2417 MHz duration=5000
05-27 22:11:41.999 D/wpa_supplicant( 1207): P2P: Timeout (state=LISTEN_ONLY)
05-27 22:11:41.999 E/TaskPersister(  806): File error accessing recents directory (directory doesn't exist?).
05-27 22:11:42.002 D/wpa_supplicant( 1207): nl80211: Drv Event 55 (NL80211_CMD_REMAIN_ON_CHANNEL) received for p2p0
05-27 22:11:42.003 D/wpa_supplicant( 1207): nl80211: Remain-on-channel event (cancel=0 freq=2417 channel_type=0 duration=5000 cookie=0x9d5 (match))
05-27 22:11:42.003 D/wpa_supplicant( 1207): p2p0: Event REMAIN_ON_CHANNEL (19) received
05-27 22:11:42.003 D/wpa_supplicant( 1207): Off-channel: Send Action callback (without_roc=0 pending_action_tx=0x0 pending_action_tx_done=0)
05-27 22:11:42.003 D/wpa_supplicant( 1207): P2P: remain-on-channel callback (off_channel_freq=2417 pending_listen_freq=2417 roc_waiting_drv_freq=0 freq=2417 duration=5000)
05-27 22:11:42.003 D/wpa_supplicant( 1207): STA wpa_state=9 freq=2417
05-27 22:11:42.003 D/wpa_supplicant( 1207): P2P: Starting Listen timeout(5,0) on freq=2417 based on callback
05-27 22:11:42.003 D/wpa_supplicant( 1207): P2P: Set timeout (state=LISTEN_ONLY): 5.020000 sec
05-27 22:11:42.721 I/HdmieArc(  394): earc status newStatus 0, oldStatus=EN_TOS_CEC_EARC_STATUS_HANDSHAKE
05-27 22:11:42.721 I/HdmieArc(  394): rhal earc status: 0, error code: 0 
05-27 22:11:43.197 D/wpa_supplicant( 1207): wlan_traffic_statistics rx_byte = 1011970879 rx rate = 2 Kb/s
05-27 22:11:43.197 D/wpa_supplicant( 1207): wlan_traffic_statistics tx_byte = 160253921 tx rate = 3 Kb/s
05-27 22:11:43.721 I/HdmieArc(  394): earc status newStatus 0, oldStatus=EN_TOS_CEC_EARC_STATUS_HANDSHAKE
05-27 22:11:43.721 I/HdmieArc(  394): rhal earc status: 0, error code: 0 
05-27 22:11:44.572 E/WifiVendorHal(  806): getWifiLinkLayerStats_1_3_Internal(l.978) failed {.code = ERROR_NOT_SUPPORTED, .description = }
05-27 22:11:44.578 D/WifiClientModeImpl(  806): fetchRssiLinkSpeedAndFrequencyNative rssi=-72 TxLinkspeed=130 freq=2417 RxLinkSpeed=0
05-27 22:11:44.578 V/WifiConfigManager(  806): Updating scan detail cache freq=2417 BSSID=f8:2d:c0:24:9e:d2 RSSI=-72 for "BOLSONARO2018"WPA_PSK
05-27 22:11:44.579 D/WifiThroughputPredictor(  806):  utilization (BssLoad) -1 utilization (LLStats) 80 isBluetoothConnected: false final utilization: 80
05-27 22:11:44.579 D/WifiThroughputPredictor(  806):  utilization (BssLoad) -1 utilization (LLStats) 80 isBluetoothConnected: false final utilization: 80
05-27 22:11:44.580 D/WifiScoreCard(  806): BSSID update SIGNAL_POLL ID: 398514962 SSID: BOLSONARO2018, BSSID: f8:2d:c0:24:9e:d2, MAC: 64:57:25:8c:68:c1, Supplicant state: COMPLETED, Wi-Fi standard: 0, RSSI: -72, Link speed: 130Mbps, Tx Link speed: 130Mbps, Max Supported Tx Link speed: -1Mbps, Rx Link speed: -1Mbps, Max Supported Rx Link speed: -1Mbps, Frequency: 2417MHz, Net ID: 0, Metered hint: false, score: 60
05-27 22:11:44.580 D/WifiScoreCard(  806): txRate: 25 txSpeed: 130
05-27 22:11:44.580 D/WifiScoreCard(  806): network update SIGNAL_POLL "BOLSONARO2018" ID: 976476524 RSSI -72 txSpeed 130
05-27 22:11:44.580 D/WifiScoreCard(  806): SSID: "BOLSONARO2018"
05-27 22:11:44.580 D/WifiScoreCard(  806):  LastRssiPollTime: 12684644 LastRssiPoll: -72 LastTxSpeedPoll: 130
05-27 22:11:44.580 D/WifiScoreCard(  806):  StatsRecent:  ConnectAttempt: 4 ConnectFailure: 0 ConnectDurSec: 6372708 AssocRej: 0 AssocTimeout: 0 AuthFailure: 0 ShortDiscNonlocal: 6 DisconnectNonlocal: 7 Disconnect: 13 ConsecutiveConnectFailure: 0
05-27 22:11:44.580 D/WifiScoreCard(  806):  StatsCurr:  ConnectAttempt: 54 ConnectFailure: 0 ConnectDurSec: 759544 AssocRej: 0 AssocTimeout: 0 AuthFailure: 0 ShortDiscNonlocal: 39 DisconnectNonlocal: 53 Disconnect: 73 ConsecutiveConnectFailure: 0
05-27 22:11:44.580 D/WifiScoreCard(  806):  StatsPrev:  ConnectAttempt: 15 ConnectFailure: 0 ConnectDurSec: 211923 AssocRej: 0 AssocTimeout: 0 AuthFailure: 0 ShortDiscNonlocal: 10 DisconnectNonlocal: 19 Disconnect: 32 ConsecutiveConnectFailure: 0
05-27 22:11:44.582 D/ConnectivityListener( 1306): updateWifiConnectivityStatus
05-27 22:11:44.582 I/WifiService(  806): getConnectionInfo uid=1000
05-27 22:11:44.582 D/ConnectivityListener( 1306): updateWifiConnectivityStatus: AP state = COMPLETED
05-27 22:11:44.582 D/ConnectivityListener( 1306): updateWifiConnectivityStatus: AP is connected
05-27 22:11:44.582 D/ConnectivityListener( 1306): setWifiStatus connected = true
05-27 22:11:44.583 D/ConnectivityListener( 1306): updateWifiConnectivityStatus: ssid = "BOLSONARO2018"
05-27 22:11:44.583 D/ConnectivityListener( 1306): isWireConnected: 
05-27 22:11:44.583 D/ConnectivityListener( 1306): isWireConnected = false
05-27 22:11:44.583 D/ConnectivityListener( 1306): setEthernetStatus = false
05-27 22:11:44.583 D/MainFragment( 1306): updateConnectivity() start
05-27 22:11:44.583 D/MainFragment( 1306): connectedState = true
05-27 22:11:44.584 D/MainFragment( 1306): TextUtils.isEmpty(connectedState) = false
05-27 22:11:44.584 D/WifiClientModeImpl(  806):  L2ConnectedState screen=on 1 0 "BOLSONARO2018" f8:2d:c0:24:9e:d2 rssi=-72 f=2417 sc=60 link=130 tx=24,1, 0,0, 0,0  rx=21,1 bcn=0 [on:0 tx:0 rx:0 period:3012] from screen [on:0 period:1814244039] score=60
05-27 22:11:44.584 I/WifiService(  806): getWifiEnabledState uid=1000
05-27 22:11:44.584 D/ConnectivityListener( 1306): isWifiEnabledOrEnabling: wifiManager.getWifiState = 3
05-27 22:11:44.584 I/WifiService(  806): getWifiEnabledState uid=1000
05-27 22:11:44.585 D/ConnectivityListener( 1306): isWifiConnected: isWifiConnected = true
05-27 22:11:44.585 I/WifiService(  806): getConnectionInfo uid=1000
05-27 22:11:44.586 I/WifiService(  806): getConnectionInfo uid=1000
05-27 22:11:44.586 D/MainFragment( 1306): updateConnectivity() end
05-27 22:11:44.722 I/HdmieArc(  394): earc status newStatus 0, oldStatus=EN_TOS_CEC_EARC_STATUS_HANDSHAKE
05-27 22:11:44.722 I/HdmieArc(  394): rhal earc status: 0, error code: 0 
05-27 22:11:45.018 D/TVKitService(  812): getProjectID
05-27 22:11:45.018 D/DeviceInfoImpl(  812): getProjectID from map is 4357
05-27 22:11:45.019 I/TCL_DeviceInfo( 2208): id = 4357
05-27 22:11:45.019 E/TCL_DeviceInfo( 2208): from sita get client type is TCL-LA-RTD51A-S1
05-27 22:11:45.021 D/TVKitService(  812): getSoftwareVersion
05-27 22:11:45.021 D/DeviceInfoImpl(  812): getSoftwareVersion is V8-R51AT01-LF1V126
05-27 22:11:45.021 I/TCL_DeviceInfo( 2208): ret  = V8-R51AT01-LF1V126
05-27 22:11:45.021 I/WifiService(  806): getConnectionInfo uid=1000
05-27 22:11:45.199 D/wpa_supplicant( 1207): wlan_traffic_statistics rx_byte = 1011971365 rx rate = 1 Kb/s
05-27 22:11:45.200 D/wpa_supplicant( 1207): wlan_traffic_statistics tx_byte = 160254608 tx rate = 2 Kb/s
05-27 22:11:45.722 I/HdmieArc(  394): earc status newStatus 0, oldStatus=EN_TOS_CEC_EARC_STATUS_HANDSHAKE
05-27 22:11:45.722 I/HdmieArc(  394): rhal earc status: 0, error code: 0 
05-27 22:11:46.177 D/TCastPublishOverUdp( 2208): ed8fb9a@sendOnline
05-27 22:11:46.722 I/HdmieArc(  394): earc status newStatus 0, oldStatus=EN_TOS_CEC_EARC_STATUS_HANDSHAKE
05-27 22:11:46.722 I/HdmieArc(  394): rhal earc status: 0, error code: 0 
05-27 22:11:47.004 D/wpa_supplicant( 1207): nl80211: Drv Event 56 (NL80211_CMD_CANCEL_REMAIN_ON_CHANNEL) received for p2p0
05-27 22:11:47.004 D/wpa_supplicant( 1207): nl80211: Remain-on-channel event (cancel=1 freq=2417 channel_type=0 duration=0 cookie=0x9d5 (match))
05-27 22:11:47.004 D/wpa_supplicant( 1207): p2p0: Event CANCEL_REMAIN_ON_CHANNEL (20) received
05-27 22:11:47.004 D/wpa_supplicant( 1207): P2P: Cancel remain-on-channel callback (p2p_long_listen=1906007704 ms pending_action_tx=0x0)
05-27 22:11:47.004 D/wpa_supplicant( 1207): p2p0: Radio work 'p2p-listen'@0xb4f80f50 done in 5.023434 seconds
05-27 22:11:47.004 D/wpa_supplicant( 1207): p2p0: radio_work_free('p2p-listen'@0xb4f80f50): num_active_works --> 0
05-27 22:11:47.004 D/wpa_supplicant( 1207): P2P: Driver ended Listen state (freq=2417)
05-27 22:11:47.004 D/wpa_supplicant( 1207): P2P: Continuing long Listen state
05-27 22:11:47.004 D/wpa_supplicant( 1207): P2P: Going to listen(only) state
05-27 22:11:47.004 D/wpa_supplicant( 1207): STA wpa_state=9 freq=2417
05-27 22:11:47.004 D/wpa_supplicant( 1207): P2P: cfg reg_class(81) channel(2)
05-27 22:11:47.004 D/wpa_supplicant( 1207): P2P: cfg reg_class(81) channel(2)
05-27 22:11:47.004 D/wpa_supplicant( 1207): P2P: Set Listen channel: reg_class 81 channel 2
05-27 22:11:47.004 D/wpa_supplicant( 1207): P2P: Defer setting listen channel
05-27 22:11:47.004 D/wpa_supplicant( 1207): P2P: p2p listen class(81)/channel(2)
05-27 22:11:47.004 D/wpa_supplicant( 1207): WPS:  * Version (hardcoded 0x10)
05-27 22:11:47.004 D/wpa_supplicant( 1207): WPS:  * UUID-E
05-27 22:11:47.004 D/wpa_supplicant( 1207): WPS:  * Version2 (0x20)
05-27 22:11:47.004 D/wpa_supplicant( 1207): P2P: * P2P IE header
05-27 22:11:47.004 D/wpa_supplicant( 1207): P2P: * Capability dev=25 group=00
05-27 22:11:47.004 D/wpa_supplicant( 1207): P2P: * Listen Channel: Regulatory Class 81 Channel 2
05-27 22:11:47.004 D/wpa_supplicant( 1207): P2P: * Device Info
05-27 22:11:47.004 D/wpa_supplicant( 1207): p2p0: Add radio work 'p2p-listen'@0xb4f80f50
05-27 22:11:47.004 D/wpa_supplicant( 1207): p2p0: First radio work item in the queue - schedule start immediately
05-27 22:11:47.004 D/wpa_supplicant( 1207): P2P: State LISTEN_ONLY -> LISTEN_ONLY
05-27 22:11:47.004 D/wpa_supplicant( 1207): p2p0: Starting radio work 'p2p-listen'@0xb4f80f50 after 0.000067 second wait
05-27 22:11:47.004 D/wpa_supplicant( 1207): nl80211: Probe Request reporting already on! nl_preq=0x3c74b859
05-27 22:11:47.004 D/wpa_supplicant( 1207): nl80211: Remain-on-channel cookie 0x9d6 for freq=2417 MHz duration=5000
05-27 22:11:47.023 D/wpa_supplicant( 1207): P2P: Timeout (state=LISTEN_ONLY)
05-27 22:11:47.027 D/wpa_supplicant( 1207): nl80211: Drv Event 55 (NL80211_CMD_REMAIN_ON_CHANNEL) received for p2p0
05-27 22:11:47.027 D/wpa_supplicant( 1207): nl80211: Remain-on-channel event (cancel=0 freq=2417 channel_type=0 duration=5000 cookie=0x9d6 (match))
05-27 22:11:47.027 D/wpa_supplicant( 1207): p2p0: Event REMAIN_ON_CHANNEL (19) received
05-27 22:11:47.027 D/wpa_supplicant( 1207): Off-channel: Send Action callback (without_roc=0 pending_action_tx=0x0 pending_action_tx_done=0)
05-27 22:11:47.027 D/wpa_supplicant( 1207): P2P: remain-on-channel callback (off_channel_freq=2417 pending_listen_freq=2417 roc_waiting_drv_freq=0 freq=2417 duration=5000)
05-27 22:11:47.027 D/wpa_supplicant( 1207): STA wpa_state=9 freq=2417
05-27 22:11:47.027 D/wpa_supplicant( 1207): P2P: Starting Listen timeout(5,0) on freq=2417 based on callback
05-27 22:11:47.027 D/wpa_supplicant( 1207): P2P: Set timeout (state=LISTEN_ONLY): 5.020000 sec
05-27 22:11:47.200 D/wpa_supplicant( 1207): wlan_traffic_statistics rx_byte = 1011972203 rx rate = 3 Kb/s
05-27 22:11:47.200 D/wpa_supplicant( 1207): wlan_traffic_statistics tx_byte = 160255408 tx rate = 3 Kb/s
05-27 22:11:47.583 E/WifiVendorHal(  806): getWifiLinkLayerStats_1_3_Internal(l.978) failed {.code = ERROR_NOT_SUPPORTED, .description = }
05-27 22:11:47.589 D/WifiClientModeImpl(  806): fetchRssiLinkSpeedAndFrequencyNative rssi=-71 TxLinkspeed=130 freq=2417 RxLinkSpeed=0
05-27 22:11:47.589 V/WifiConfigManager(  806): Updating scan detail cache freq=2417 BSSID=f8:2d:c0:24:9e:d2 RSSI=-71 for "BOLSONARO2018"WPA_PSK
05-27 22:11:47.590 D/WifiThroughputPredictor(  806):  utilization (BssLoad) -1 utilization (LLStats) 80 isBluetoothConnected: false final utilization: 80
05-27 22:11:47.590 D/WifiThroughputPredictor(  806):  utilization (BssLoad) -1 utilization (LLStats) 80 isBluetoothConnected: false final utilization: 80
05-27 22:11:47.590 D/WifiScoreCard(  806): BSSID update SIGNAL_POLL ID: 398514962 SSID: BOLSONARO2018, BSSID: f8:2d:c0:24:9e:d2, MAC: 64:57:25:8c:68:c1, Supplicant state: COMPLETED, Wi-Fi standard: 0, RSSI: -71, Link speed: 130Mbps, Tx Link speed: 130Mbps, Max Supported Tx Link speed: -1Mbps, Rx Link speed: -1Mbps, Max Supported Rx Link speed: -1Mbps, Frequency: 2417MHz, Net ID: 0, Metered hint: false, score: 60
05-27 22:11:47.591 D/WifiScoreCard(  806): txRate: 12 txSpeed: 130
05-27 22:11:47.591 D/WifiScoreCard(  806): network update SIGNAL_POLL "BOLSONARO2018" ID: 976476524 RSSI -71 txSpeed 130
05-27 22:11:47.591 D/WifiScoreCard(  806): SSID: "BOLSONARO2018"
05-27 22:11:47.591 D/WifiScoreCard(  806):  LastRssiPollTime: 12687655 LastRssiPoll: -71 LastTxSpeedPoll: 130
05-27 22:11:47.591 D/WifiScoreCard(  806):  StatsRecent:  ConnectAttempt: 4 ConnectFailure: 0 ConnectDurSec: 6372708 AssocRej: 0 AssocTimeout: 0 AuthFailure: 0 ShortDiscNonlocal: 6 DisconnectNonlocal: 7 Disconnect: 13 ConsecutiveConnectFailure: 0
05-27 22:11:47.591 D/WifiScoreCard(  806):  StatsCurr:  ConnectAttempt: 54 ConnectFailure: 0 ConnectDurSec: 759544 AssocRej: 0 AssocTimeout: 0 AuthFailure: 0 ShortDiscNonlocal: 39 DisconnectNonlocal: 53 Disconnect: 73 ConsecutiveConnectFailure: 0
05-27 22:11:47.591 D/WifiScoreCard(  806):  StatsPrev:  ConnectAttempt: 15 ConnectFailure: 0 ConnectDurSec: 211923 AssocRej: 0 AssocTimeout: 0 AuthFailure: 0 ShortDiscNonlocal: 10 DisconnectNonlocal: 19 Disconnect: 32 ConsecutiveConnectFailure: 0
05-27 22:11:47.592 D/ConnectivityListener( 1306): updateWifiConnectivityStatus
05-27 22:11:47.592 I/WifiService(  806): getConnectionInfo uid=1000
05-27 22:11:47.593 D/ConnectivityListener( 1306): updateWifiConnectivityStatus: AP state = COMPLETED
05-27 22:11:47.593 D/ConnectivityListener( 1306): updateWifiConnectivityStatus: AP is connected
05-27 22:11:47.593 D/ConnectivityListener( 1306): setWifiStatus connected = true
05-27 22:11:47.593 D/ConnectivityListener( 1306): updateWifiConnectivityStatus: ssid = "BOLSONARO2018"
05-27 22:11:47.593 D/ConnectivityListener( 1306): isWireConnected: 
05-27 22:11:47.593 D/ConnectivityListener( 1306): isWireConnected = false
05-27 22:11:47.593 D/ConnectivityListener( 1306): setEthernetStatus = false
05-27 22:11:47.593 D/MainFragment( 1306): updateConnectivity() start
05-27 22:11:47.593 D/MainFragment( 1306): connectedState = true
05-27 22:11:47.594 D/MainFragment( 1306): TextUtils.isEmpty(connectedState) = false
05-27 22:11:47.594 I/WifiService(  806): getWifiEnabledState uid=1000
05-27 22:11:47.594 D/WifiClientModeImpl(  806):  L2ConnectedState screen=on 1 0 "BOLSONARO2018" f8:2d:c0:24:9e:d2 rssi=-71 f=2417 sc=60 link=130 tx=11,6, 0,0, 0,0  rx=11,1 bcn=0 [on:0 tx:0 rx:0 period:3009] from screen [on:0 period:1814247050] score=60
05-27 22:11:47.594 D/ConnectivityListener( 1306): isWifiEnabledOrEnabling: wifiManager.getWifiState = 3
05-27 22:11:47.594 I/WifiService(  806): getWifiEnabledState uid=1000
05-27 22:11:47.594 D/ConnectivityListener( 1306): isWifiConnected: isWifiConnected = true
05-27 22:11:47.595 I/WifiService(  806): getConnectionInfo uid=1000
05-27 22:11:47.595 I/WifiService(  806): getConnectionInfo uid=1000
05-27 22:11:47.596 D/MainFragment( 1306): updateConnectivity() end
05-27 22:11:47.723 I/HdmieArc(  394): earc status newStatus 0, oldStatus=EN_TOS_CEC_EARC_STATUS_HANDSHAKE
05-27 22:11:47.723 I/HdmieArc(  394): rhal earc status: 0, error code: 0 
05-27 22:11:48.723 I/HdmieArc(  394): earc status newStatus 0, oldStatus=EN_TOS_CEC_EARC_STATUS_HANDSHAKE
05-27 22:11:48.723 I/HdmieArc(  394): rhal earc status: 0, error code: 0 
05-27 22:11:49.202 D/wpa_supplicant( 1207): wlan_traffic_statistics rx_byte = 1011972633 rx rate = 1 Kb/s
05-27 22:11:49.202 D/wpa_supplicant( 1207): wlan_traffic_statistics tx_byte = 160257409 tx rate = 7 Kb/s
05-27 22:11:49.723 I/HdmieArc(  394): earc status newStatus 0, oldStatus=EN_TOS_CEC_EARC_STATUS_HANDSHAKE
05-27 22:11:49.724 I/HdmieArc(  394): rhal earc status: 0, error code: 0 
05-27 22:11:50.027 D/TVKitService(  812): getProjectID
05-27 22:11:50.027 D/DeviceInfoImpl(  812): getProjectID from map is 4357
05-27 22:11:50.027 I/TCL_DeviceInfo( 2208): id = 4357
05-27 22:11:50.028 E/TCL_DeviceInfo( 2208): from sita get client type is TCL-LA-RTD51A-S1
05-27 22:11:50.028 D/TVKitService(  812): getSoftwareVersion
05-27 22:11:50.029 D/DeviceInfoImpl(  812): getSoftwareVersion is V8-R51AT01-LF1V126
05-27 22:11:50.029 I/TCL_DeviceInfo( 2208): ret  = V8-R51AT01-LF1V126
05-27 22:11:50.029 I/WifiService(  806): getConnectionInfo uid=1000
05-27 22:11:50.594 E/WifiVendorHal(  806): getWifiLinkLayerStats_1_3_Internal(l.978) failed {.code = ERROR_NOT_SUPPORTED, .description = }
05-27 22:11:50.600 D/WifiClientModeImpl(  806): fetchRssiLinkSpeedAndFrequencyNative rssi=-71 TxLinkspeed=130 freq=2417 RxLinkSpeed=0
05-27 22:11:50.600 V/WifiConfigManager(  806): Updating scan detail cache freq=2417 BSSID=f8:2d:c0:24:9e:d2 RSSI=-71 for "BOLSONARO2018"WPA_PSK
05-27 22:11:50.601 D/WifiThroughputPredictor(  806):  utilization (BssLoad) -1 utilization (LLStats) 80 isBluetoothConnected: false final utilization: 80
05-27 22:11:50.601 D/WifiThroughputPredictor(  806):  utilization (BssLoad) -1 utilization (LLStats) 80 isBluetoothConnected: false final utilization: 80
05-27 22:11:50.601 D/WifiScoreCard(  806): BSSID update SIGNAL_POLL ID: 398514962 SSID: BOLSONARO2018, BSSID: f8:2d:c0:24:9e:d2, MAC: 64:57:25:8c:68:c1, Supplicant state: COMPLETED, Wi-Fi standard: 0, RSSI: -71, Link speed: 130Mbps, Tx Link speed: 130Mbps, Max Supported Tx Link speed: -1Mbps, Rx Link speed: -1Mbps, Max Supported Rx Link speed: -1Mbps, Frequency: 2417MHz, Net ID: 0, Metered hint: false, score: 60
05-27 22:11:50.601 D/WifiScoreCard(  806): txRate: 7 txSpeed: 130
05-27 22:11:50.602 D/WifiScoreCard(  806): network update SIGNAL_POLL "BOLSONARO2018" ID: 976476524 RSSI -71 txSpeed 130
05-27 22:11:50.602 D/WifiScoreCard(  806): SSID: "BOLSONARO2018"
05-27 22:11:50.602 D/WifiScoreCard(  806):  LastRssiPollTime: 12690666 LastRssiPoll: -71 LastTxSpeedPoll: 130
05-27 22:11:50.602 D/WifiScoreCard(  806):  StatsRecent:  ConnectAttempt: 4 ConnectFailure: 0 ConnectDurSec: 6372708 AssocRej: 0 AssocTimeout: 0 AuthFailure: 0 ShortDiscNonlocal: 6 DisconnectNonlocal: 7 Disconnect: 13 ConsecutiveConnectFailure: 0
05-27 22:11:50.602 D/WifiScoreCard(  806):  StatsCurr:  ConnectAttempt: 54 ConnectFailure: 0 ConnectDurSec: 759544 AssocRej: 0 AssocTimeout: 0 AuthFailure: 0 ShortDiscNonlocal: 39 DisconnectNonlocal: 53 Disconnect: 73 ConsecutiveConnectFailure: 0
05-27 22:11:50.602 D/WifiScoreCard(  806):  StatsPrev:  ConnectAttempt: 15 ConnectFailure: 0 ConnectDurSec: 211923 AssocRej: 0 AssocTimeout: 0 AuthFailure: 0 ShortDiscNonlocal: 10 DisconnectNonlocal: 19 Disconnect: 32 ConsecutiveConnectFailure: 0
05-27 22:11:50.603 D/ConnectivityListener( 1306): updateWifiConnectivityStatus
05-27 22:11:50.603 I/WifiService(  806): getConnectionInfo uid=1000
05-27 22:11:50.603 D/ConnectivityListener( 1306): updateWifiConnectivityStatus: AP state = COMPLETED
05-27 22:11:50.603 D/ConnectivityListener( 1306): updateWifiConnectivityStatus: AP is connected
05-27 22:11:50.603 D/ConnectivityListener( 1306): setWifiStatus connected = true
05-27 22:11:50.604 D/ConnectivityListener( 1306): updateWifiConnectivityStatus: ssid = "BOLSONARO2018"
