05-27 21:58:46.368 E/RHWC2   (  376): fox1 func=hwc2_func_validate_display line=1411 
05-27 21:58:46.371 E/RHWC2   (  376): fox1 [rtk_gdma_post 1507 ]
05-27 21:58:46.371 E/RHWC2   (  376): fox1 [rtk_gdma_post 1530 ]name_of_layer = com.redflix.tvmoderno/com.redx.tvbox.ExoPlayerActivity#0 num_of_layers=1
05-27 21:58:46.371 E/RHWC2   (  376): fox 1 [rtk_gdma_post 1531] HAS_FLAG=0
05-27 21:58:46.371 E/RHWC2   (  376): fox1 [rtk_gdma_post 1530 ]name_of_layer = #0 num_of_layers=2
05-27 21:58:46.371 E/RHWC2   (  376): fox 1 [rtk_gdma_post 1531] HAS_FLAG=0
05-27 21:58:46.371 E/RHWC2   (  376): fox1 [rtk_gdma_post 1565 ]
05-27 21:58:46.385 E/RHWC2   (  376): fox1 func=hwc2_func_validate_display line=1291 
05-27 21:58:46.385 E/RHWC2   (  376): fox1 func=hwc2_func_validate_display line=1411 
05-27 21:58:46.387 E/RHWC2   (  376): fox1 [rtk_gdma_post 1507 ]
05-27 21:58:46.387 E/RHWC2   (  376): fox1 [rtk_gdma_post 1530 ]name_of_layer = com.redflix.tvmoderno/com.redx.tvbox.ExoPlayerActivity#0 num_of_layers=1
05-27 21:58:46.387 E/RHWC2   (  376): fox 1 [rtk_gdma_post 1531] HAS_FLAG=0
05-27 21:58:46.387 E/RHWC2   (  376): fox1 [rtk_gdma_post 1530 ]name_of_layer = #0 num_of_layers=2
05-27 21:58:46.387 E/RHWC2   (  376): fox 1 [rtk_gdma_post 1531] HAS_FLAG=0
05-27 21:58:46.387 E/RHWC2   (  376): fox1 [rtk_gdma_post 1565 ]
05-27 21:58:46.402 E/RHWC2   (  376): fox1 func=hwc2_func_validate_display line=1291 
05-27 21:58:46.402 E/RHWC2   (  376): fox1 func=hwc2_func_validate_display line=1411 
05-27 21:58:46.404 E/RHWC2   (  376): fox1 [rtk_gdma_post 1507 ]
05-27 21:58:46.404 E/RHWC2   (  376): fox1 [rtk_gdma_post 1530 ]name_of_layer = com.redflix.tvmoderno/com.redx.tvbox.ExoPlayerActivity#0 num_of_layers=1
05-27 21:58:46.404 E/RHWC2   (  376): fox 1 [rtk_gdma_post 1531] HAS_FLAG=0
05-27 21:58:46.404 E/RHWC2   (  376): fox1 [rtk_gdma_post 1530 ]name_of_layer = #0 num_of_layers=2
05-27 21:58:46.404 E/RHWC2   (  376): fox 1 [rtk_gdma_post 1531] HAS_FLAG=0
05-27 21:58:46.404 E/RHWC2   (  376): fox1 [rtk_gdma_post 1565 ]
05-27 21:58:46.418 E/RHWC2   (  376): fox1 func=hwc2_func_validate_display line=1291 
05-27 21:58:46.418 E/RHWC2   (  376): fox1 func=hwc2_func_validate_display line=1411 
05-27 21:58:46.421 E/RHWC2   (  376): fox1 [rtk_gdma_post 1507 ]
05-27 21:58:46.421 E/RHWC2   (  376): fox1 [rtk_gdma_post 1530 ]name_of_layer = com.redflix.tvmoderno/com.redx.tvbox.ExoPlayerActivity#0 num_of_layers=1
05-27 21:58:46.421 E/RHWC2   (  376): fox 1 [rtk_gdma_post 1531] HAS_FLAG=0
05-27 21:58:46.421 E/RHWC2   (  376): fox1 [rtk_gdma_post 1530 ]name_of_layer = #0 num_of_layers=2
05-27 21:58:46.421 E/RHWC2   (  376): fox 1 [rtk_gdma_post 1531] HAS_FLAG=0
05-27 21:58:46.421 E/RHWC2   (  376): fox1 [rtk_gdma_post 1565 ]
05-27 21:58:46.426 I/HdmieArc(  394): earc status newStatus 0, oldStatus=EN_TOS_CEC_EARC_STATUS_HANDSHAKE
05-27 21:58:46.426 I/HdmieArc(  394): rhal earc status: 0, error code: 0 
05-27 21:58:46.435 E/RHWC2   (  376): fox1 func=hwc2_func_validate_display line=1291 
05-27 21:58:46.435 E/RHWC2   (  376): fox1 func=hwc2_func_validate_display line=1411 
05-27 21:58:46.437 E/RHWC2   (  376): fox1 [rtk_gdma_post 1507 ]
05-27 21:58:46.437 E/RHWC2   (  376): fox1 [rtk_gdma_post 1530 ]name_of_layer = com.redflix.tvmoderno/com.redx.tvbox.ExoPlayerActivity#0 num_of_layers=1
05-27 21:58:46.437 E/RHWC2   (  376): fox 1 [rtk_gdma_post 1531] HAS_FLAG=0
05-27 21:58:46.437 E/RHWC2   (  376): fox1 [rtk_gdma_post 1530 ]name_of_layer = #0 num_of_layers=2
05-27 21:58:46.437 E/RHWC2   (  376): fox 1 [rtk_gdma_post 1531] HAS_FLAG=0
05-27 21:58:46.437 E/RHWC2   (  376): fox1 [rtk_gdma_post 1565 ]
05-27 21:58:46.452 E/RHWC2   (  376): fox1 func=hwc2_func_validate_display line=1291 
05-27 21:58:46.452 E/RHWC2   (  376): fox1 func=hwc2_func_validate_display line=1411 
05-27 21:58:46.454 E/RHWC2   (  376): fox1 [rtk_gdma_post 1507 ]
05-27 21:58:46.454 E/RHWC2   (  376): fox1 [rtk_gdma_post 1530 ]name_of_layer = com.redflix.tvmoderno/com.redx.tvbox.ExoPlayerActivity#0 num_of_layers=1
05-27 21:58:46.454 E/RHWC2   (  376): fox 1 [rtk_gdma_post 1531] HAS_FLAG=0
05-27 21:58:46.454 E/RHWC2   (  376): fox1 [rtk_gdma_post 1530 ]name_of_layer = #0 num_of_layers=2
05-27 21:58:46.454 E/RHWC2   (  376): fox 1 [rtk_gdma_post 1531] HAS_FLAG=0
05-27 21:58:46.454 E/RHWC2   (  376): fox1 [rtk_gdma_post 1565 ]
05-27 21:58:46.468 E/RHWC2   (  376): fox1 func=hwc2_func_validate_display line=1291 
05-27 21:58:46.468 E/RHWC2   (  376): fox1 func=hwc2_func_validate_display line=1411 
05-27 21:58:46.471 E/RHWC2   (  376): fox1 [rtk_gdma_post 1507 ]
05-27 21:58:46.471 E/RHWC2   (  376): fox1 [rtk_gdma_post 1530 ]name_of_layer = com.redflix.tvmoderno/com.redx.tvbox.ExoPlayerActivity#0 num_of_layers=1
05-27 21:58:46.471 E/RHWC2   (  376): fox 1 [rtk_gdma_post 1531] HAS_FLAG=0
05-27 21:58:46.471 E/RHWC2   (  376): fox1 [rtk_gdma_post 1530 ]name_of_layer = #0 num_of_layers=2
05-27 21:58:46.471 E/RHWC2   (  376): fox 1 [rtk_gdma_post 1531] HAS_FLAG=0
05-27 21:58:46.471 E/RHWC2   (  376): fox1 [rtk_gdma_post 1565 ]
05-27 21:58:46.485 E/RHWC2   (  376): fox1 func=hwc2_func_validate_display line=1291 
05-27 21:58:46.485 E/RHWC2   (  376): fox1 func=hwc2_func_validate_display line=1411 
05-27 21:58:46.487 E/RHWC2   (  376): fox1 [rtk_gdma_post 1507 ]
05-27 21:58:46.487 E/RHWC2   (  376): fox1 [rtk_gdma_post 1530 ]name_of_layer = com.redflix.tvmoderno/com.redx.tvbox.ExoPlayerActivity#0 num_of_layers=1
05-27 21:58:46.487 E/RHWC2   (  376): fox 1 [rtk_gdma_post 1531] HAS_FLAG=0
05-27 21:58:46.487 E/RHWC2   (  376): fox1 [rtk_gdma_post 1530 ]name_of_layer = #0 num_of_layers=2
05-27 21:58:46.487 E/RHWC2   (  376): fox 1 [rtk_gdma_post 1531] HAS_FLAG=0
05-27 21:58:46.487 E/RHWC2   (  376): fox1 [rtk_gdma_post 1565 ]
05-27 21:58:46.502 E/RHWC2   (  376): fox1 func=hwc2_func_validate_display line=1291 
05-27 21:58:46.502 E/RHWC2   (  376): fox1 func=hwc2_func_validate_display line=1411 
05-27 21:58:46.504 E/RHWC2   (  376): fox1 [rtk_gdma_post 1507 ]
05-27 21:58:46.504 E/RHWC2   (  376): fox1 [rtk_gdma_post 1530 ]name_of_layer = com.redflix.tvmoderno/com.redx.tvbox.ExoPlayerActivity#0 num_of_layers=1
05-27 21:58:46.504 E/RHWC2   (  376): fox 1 [rtk_gdma_post 1531] HAS_FLAG=0
05-27 21:58:46.504 E/RHWC2   (  376): fox1 [rtk_gdma_post 1530 ]name_of_layer = #0 num_of_layers=2
05-27 21:58:46.504 E/RHWC2   (  376): fox 1 [rtk_gdma_post 1531] HAS_FLAG=0
05-27 21:58:46.504 E/RHWC2   (  376): fox1 [rtk_gdma_post 1565 ]
05-27 21:58:46.518 E/RHWC2   (  376): fox1 func=hwc2_func_validate_display line=1291 
05-27 21:58:46.518 E/RHWC2   (  376): fox1 func=hwc2_func_validate_display line=1411 
05-27 21:58:46.521 E/RHWC2   (  376): fox1 [rtk_gdma_post 1507 ]
05-27 21:58:46.521 E/RHWC2   (  376): fox1 [rtk_gdma_post 1530 ]name_of_layer = com.redflix.tvmoderno/com.redx.tvbox.ExoPlayerActivity#0 num_of_layers=1
05-27 21:58:46.521 E/RHWC2   (  376): fox 1 [rtk_gdma_post 1531] HAS_FLAG=0
05-27 21:58:46.521 E/RHWC2   (  376): fox1 [rtk_gdma_post 1530 ]name_of_layer = #0 num_of_layers=2
05-27 21:58:46.521 E/RHWC2   (  376): fox 1 [rtk_gdma_post 1531] HAS_FLAG=0
05-27 21:58:46.521 E/RHWC2   (  376): fox1 [rtk_gdma_post 1565 ]
05-27 21:58:46.535 E/RHWC2   (  376): fox1 func=hwc2_func_validate_display line=1291 
05-27 21:58:46.535 E/RHWC2   (  376): fox1 func=hwc2_func_validate_display line=1411 
05-27 21:58:46.537 E/RHWC2   (  376): fox1 [rtk_gdma_post 1507 ]
05-27 21:58:46.537 E/RHWC2   (  376): fox1 [rtk_gdma_post 1530 ]name_of_layer = com.redflix.tvmoderno/com.redx.tvbox.ExoPlayerActivity#0 num_of_layers=1
05-27 21:58:46.537 E/RHWC2   (  376): fox 1 [rtk_gdma_post 1531] HAS_FLAG=0
05-27 21:58:46.537 E/RHWC2   (  376): fox1 [rtk_gdma_post 1530 ]name_of_layer = #0 num_of_layers=2
05-27 21:58:46.537 E/RHWC2   (  376): fox 1 [rtk_gdma_post 1531] HAS_FLAG=0
05-27 21:58:46.537 E/RHWC2   (  376): fox1 [rtk_gdma_post 1565 ]
05-27 21:58:46.552 E/RHWC2   (  376): fox1 func=hwc2_func_validate_display line=1291 
05-27 21:58:46.552 E/RHWC2   (  376): fox1 func=hwc2_func_validate_display line=1411 
05-27 21:58:46.554 E/RHWC2   (  376): fox1 [rtk_gdma_post 1507 ]
05-27 21:58:46.554 E/RHWC2   (  376): fox1 [rtk_gdma_post 1530 ]name_of_layer = com.redflix.tvmoderno/com.redx.tvbox.ExoPlayerActivity#0 num_of_layers=1
05-27 21:58:46.554 E/RHWC2   (  376): fox 1 [rtk_gdma_post 1531] HAS_FLAG=0
05-27 21:58:46.554 E/RHWC2   (  376): fox1 [rtk_gdma_post 1530 ]name_of_layer = #0 num_of_layers=2
05-27 21:58:46.554 E/RHWC2   (  376): fox 1 [rtk_gdma_post 1531] HAS_FLAG=0
05-27 21:58:46.554 E/RHWC2   (  376): fox1 [rtk_gdma_post 1565 ]
05-27 21:58:46.568 E/RHWC2   (  376): fox1 func=hwc2_func_validate_display line=1291 
05-27 21:58:46.568 E/RHWC2   (  376): fox1 func=hwc2_func_validate_display line=1411 
05-27 21:58:46.571 E/RHWC2   (  376): fox1 [rtk_gdma_post 1507 ]
05-27 21:58:46.571 E/RHWC2   (  376): fox1 [rtk_gdma_post 1530 ]name_of_layer = com.redflix.tvmoderno/com.redx.tvbox.ExoPlayerActivity#0 num_of_layers=1
05-27 21:58:46.571 E/RHWC2   (  376): fox 1 [rtk_gdma_post 1531] HAS_FLAG=0
05-27 21:58:46.571 E/RHWC2   (  376): fox1 [rtk_gdma_post 1530 ]name_of_layer = #0 num_of_layers=2
05-27 21:58:46.571 E/RHWC2   (  376): fox 1 [rtk_gdma_post 1531] HAS_FLAG=0
05-27 21:58:46.571 E/RHWC2   (  376): fox1 [rtk_gdma_post 1565 ]
05-27 21:58:46.585 E/RHWC2   (  376): fox1 func=hwc2_func_validate_display line=1291 
05-27 21:58:46.585 E/RHWC2   (  376): fox1 func=hwc2_func_validate_display line=1411 
05-27 21:58:46.587 E/RHWC2   (  376): fox1 [rtk_gdma_post 1507 ]
05-27 21:58:46.588 E/RHWC2   (  376): fox1 [rtk_gdma_post 1530 ]name_of_layer = com.redflix.tvmoderno/com.redx.tvbox.ExoPlayerActivity#0 num_of_layers=1
05-27 21:58:46.588 E/RHWC2   (  376): fox 1 [rtk_gdma_post 1531] HAS_FLAG=0
05-27 21:58:46.588 E/RHWC2   (  376): fox1 [rtk_gdma_post 1530 ]name_of_layer = #0 num_of_layers=2
05-27 21:58:46.588 E/RHWC2   (  376): fox 1 [rtk_gdma_post 1531] HAS_FLAG=0
05-27 21:58:46.588 E/RHWC2   (  376): fox1 [rtk_gdma_post 1565 ]
05-27 21:58:46.602 E/RHWC2   (  376): fox1 func=hwc2_func_validate_display line=1291 
05-27 21:58:46.602 E/RHWC2   (  376): fox1 func=hwc2_func_validate_display line=1411 
05-27 21:58:46.604 E/RHWC2   (  376): fox1 [rtk_gdma_post 1507 ]
05-27 21:58:46.604 E/RHWC2   (  376): fox1 [rtk_gdma_post 1530 ]name_of_layer = com.redflix.tvmoderno/com.redx.tvbox.ExoPlayerActivity#0 num_of_layers=1
05-27 21:58:46.604 E/RHWC2   (  376): fox 1 [rtk_gdma_post 1531] HAS_FLAG=0
05-27 21:58:46.604 E/RHWC2   (  376): fox1 [rtk_gdma_post 1530 ]name_of_layer = #0 num_of_layers=2
05-27 21:58:46.604 E/RHWC2   (  376): fox 1 [rtk_gdma_post 1531] HAS_FLAG=0
05-27 21:58:46.604 E/RHWC2   (  376): fox1 [rtk_gdma_post 1565 ]
05-27 21:58:46.618 E/RHWC2   (  376): fox1 func=hwc2_func_validate_display line=1291 
05-27 21:58:46.618 E/RHWC2   (  376): fox1 func=hwc2_func_validate_display line=1411 
05-27 21:58:46.621 E/RHWC2   (  376): fox1 [rtk_gdma_post 1507 ]
05-27 21:58:46.621 E/RHWC2   (  376): fox1 [rtk_gdma_post 1530 ]name_of_layer = com.redflix.tvmoderno/com.redx.tvbox.ExoPlayerActivity#0 num_of_layers=1
05-27 21:58:46.621 E/RHWC2   (  376): fox 1 [rtk_gdma_post 1531] HAS_FLAG=0
05-27 21:58:46.621 E/RHWC2   (  376): fox1 [rtk_gdma_post 1530 ]name_of_layer = #0 num_of_layers=2
05-27 21:58:46.621 E/RHWC2   (  376): fox 1 [rtk_gdma_post 1531] HAS_FLAG=0
05-27 21:58:46.621 E/RHWC2   (  376): fox1 [rtk_gdma_post 1565 ]
05-27 21:58:46.635 E/RHWC2   (  376): fox1 func=hwc2_func_validate_display line=1291 
05-27 21:58:46.635 E/RHWC2   (  376): fox1 func=hwc2_func_validate_display line=1411 
05-27 21:58:46.637 E/RHWC2   (  376): fox1 [rtk_gdma_post 1507 ]
05-27 21:58:46.637 E/RHWC2   (  376): fox1 [rtk_gdma_post 1530 ]name_of_layer = com.redflix.tvmoderno/com.redx.tvbox.ExoPlayerActivity#0 num_of_layers=1
05-27 21:58:46.637 E/RHWC2   (  376): fox 1 [rtk_gdma_post 1531] HAS_FLAG=0
05-27 21:58:46.637 E/RHWC2   (  376): fox1 [rtk_gdma_post 1530 ]name_of_layer = #0 num_of_layers=2
05-27 21:58:46.637 E/RHWC2   (  376): fox 1 [rtk_gdma_post 1531] HAS_FLAG=0
05-27 21:58:46.637 E/RHWC2   (  376): fox1 [rtk_gdma_post 1565 ]
05-27 21:58:46.652 E/RHWC2   (  376): fox1 func=hwc2_func_validate_display line=1291 
05-27 21:58:46.652 E/RHWC2   (  376): fox1 func=hwc2_func_validate_display line=1411 
05-27 21:58:46.654 E/RHWC2   (  376): fox1 [rtk_gdma_post 1507 ]
05-27 21:58:46.654 E/RHWC2   (  376): fox1 [rtk_gdma_post 1530 ]name_of_layer = com.redflix.tvmoderno/com.redx.tvbox.ExoPlayerActivity#0 num_of_layers=1
05-27 21:58:46.654 E/RHWC2   (  376): fox 1 [rtk_gdma_post 1531] HAS_FLAG=0
05-27 21:58:46.654 E/RHWC2   (  376): fox1 [rtk_gdma_post 1530 ]name_of_layer = #0 num_of_layers=2
05-27 21:58:46.654 E/RHWC2   (  376): fox 1 [rtk_gdma_post 1531] HAS_FLAG=0
05-27 21:58:46.654 E/RHWC2   (  376): fox1 [rtk_gdma_post 1565 ]
05-27 21:58:46.664 D/wpa_supplicant( 1207): wlan_traffic_statistics rx_byte = 918873572 rx rate = 97 Kb/s
05-27 21:58:46.664 D/wpa_supplicant( 1207): wlan_traffic_statistics tx_byte = 154569992 tx rate = 339 Kb/s
05-27 21:58:46.668 E/RHWC2   (  376): fox1 func=hwc2_func_validate_display line=1291 
05-27 21:58:46.668 E/RHWC2   (  376): fox1 func=hwc2_func_validate_display line=1411 
05-27 21:58:46.671 E/RHWC2   (  376): fox1 [rtk_gdma_post 1507 ]
05-27 21:58:46.671 E/RHWC2   (  376): fox1 [rtk_gdma_post 1530 ]name_of_layer = com.redflix.tvmoderno/com.redx.tvbox.ExoPlayerActivity#0 num_of_layers=1
05-27 21:58:46.671 E/RHWC2   (  376): fox 1 [rtk_gdma_post 1531] HAS_FLAG=0
05-27 21:58:46.671 E/RHWC2   (  376): fox1 [rtk_gdma_post 1530 ]name_of_layer = #0 num_of_layers=2
05-27 21:58:46.671 E/RHWC2   (  376): fox 1 [rtk_gdma_post 1531] HAS_FLAG=0
05-27 21:58:46.671 E/RHWC2   (  376): fox1 [rtk_gdma_post 1565 ]
05-27 21:58:46.685 E/RHWC2   (  376): fox1 func=hwc2_func_validate_display line=1291 
05-27 21:58:46.685 E/RHWC2   (  376): fox1 func=hwc2_func_validate_display line=1411 
05-27 21:58:46.687 E/RHWC2   (  376): fox1 [rtk_gdma_post 1507 ]
05-27 21:58:46.687 E/RHWC2   (  376): fox1 [rtk_gdma_post 1530 ]name_of_layer = com.redflix.tvmoderno/com.redx.tvbox.ExoPlayerActivity#0 num_of_layers=1
05-27 21:58:46.687 E/RHWC2   (  376): fox 1 [rtk_gdma_post 1531] HAS_FLAG=0
05-27 21:58:46.687 E/RHWC2   (  376): fox1 [rtk_gdma_post 1530 ]name_of_layer = #0 num_of_layers=2
05-27 21:58:46.687 E/RHWC2   (  376): fox 1 [rtk_gdma_post 1531] HAS_FLAG=0
05-27 21:58:46.687 E/RHWC2   (  376): fox1 [rtk_gdma_post 1565 ]
05-27 21:58:46.702 E/RHWC2   (  376): fox1 func=hwc2_func_validate_display line=1291 
05-27 21:58:46.702 E/RHWC2   (  376): fox1 func=hwc2_func_validate_display line=1411 
05-27 21:58:46.704 E/RHWC2   (  376): fox1 [rtk_gdma_post 1507 ]
05-27 21:58:46.704 E/RHWC2   (  376): fox1 [rtk_gdma_post 1530 ]name_of_layer = com.redflix.tvmoderno/com.redx.tvbox.ExoPlayerActivity#0 num_of_layers=1
05-27 21:58:46.704 E/RHWC2   (  376): fox 1 [rtk_gdma_post 1531] HAS_FLAG=0
05-27 21:58:46.704 E/RHWC2   (  376): fox1 [rtk_gdma_post 1530 ]name_of_layer = #0 num_of_layers=2
05-27 21:58:46.704 E/RHWC2   (  376): fox 1 [rtk_gdma_post 1531] HAS_FLAG=0
05-27 21:58:46.704 E/RHWC2   (  376): fox1 [rtk_gdma_post 1565 ]
05-27 21:58:46.718 E/RHWC2   (  376): fox1 func=hwc2_func_validate_display line=1291 
05-27 21:58:46.718 E/RHWC2   (  376): fox1 func=hwc2_func_validate_display line=1411 
05-27 21:58:46.721 E/RHWC2   (  376): fox1 [rtk_gdma_post 1507 ]
05-27 21:58:46.721 E/RHWC2   (  376): fox1 [rtk_gdma_post 1530 ]name_of_layer = com.redflix.tvmoderno/com.redx.tvbox.ExoPlayerActivity#0 num_of_layers=1
05-27 21:58:46.721 E/RHWC2   (  376): fox 1 [rtk_gdma_post 1531] HAS_FLAG=0
05-27 21:58:46.721 E/RHWC2   (  376): fox1 [rtk_gdma_post 1530 ]name_of_layer = #0 num_of_layers=2
05-27 21:58:46.721 E/RHWC2   (  376): fox 1 [rtk_gdma_post 1531] HAS_FLAG=0
05-27 21:58:46.721 E/RHWC2   (  376): fox1 [rtk_gdma_post 1565 ]
05-27 21:58:46.735 E/RHWC2   (  376): fox1 func=hwc2_func_validate_display line=1291 
05-27 21:58:46.735 E/RHWC2   (  376): fox1 func=hwc2_func_validate_display line=1411 
05-27 21:58:46.737 E/RHWC2   (  376): fox1 [rtk_gdma_post 1507 ]
05-27 21:58:46.737 E/RHWC2   (  376): fox1 [rtk_gdma_post 1530 ]name_of_layer = com.redflix.tvmoderno/com.redx.tvbox.ExoPlayerActivity#0 num_of_layers=1
05-27 21:58:46.737 E/RHWC2   (  376): fox 1 [rtk_gdma_post 1531] HAS_FLAG=0
05-27 21:58:46.737 E/RHWC2   (  376): fox1 [rtk_gdma_post 1530 ]name_of_layer = #0 num_of_layers=2
05-27 21:58:46.737 E/RHWC2   (  376): fox 1 [rtk_gdma_post 1531] HAS_FLAG=0
05-27 21:58:46.737 E/RHWC2   (  376): fox1 [rtk_gdma_post 1565 ]
05-27 21:58:46.752 E/RHWC2   (  376): fox1 func=hwc2_func_validate_display line=1291 
05-27 21:58:46.752 E/RHWC2   (  376): fox1 func=hwc2_func_validate_display line=1411 
05-27 21:58:46.754 E/RHWC2   (  376): fox1 [rtk_gdma_post 1507 ]
05-27 21:58:46.754 E/RHWC2   (  376): fox1 [rtk_gdma_post 1530 ]name_of_layer = com.redflix.tvmoderno/com.redx.tvbox.ExoPlayerActivity#0 num_of_layers=1
05-27 21:58:46.754 E/RHWC2   (  376): fox 1 [rtk_gdma_post 1531] HAS_FLAG=0
05-27 21:58:46.754 E/RHWC2   (  376): fox1 [rtk_gdma_post 1530 ]name_of_layer = #0 num_of_layers=2
05-27 21:58:46.754 E/RHWC2   (  376): fox 1 [rtk_gdma_post 1531] HAS_FLAG=0
05-27 21:58:46.754 E/RHWC2   (  376): fox1 [rtk_gdma_post 1565 ]
05-27 21:58:46.768 E/RHWC2   (  376): fox1 func=hwc2_func_validate_display line=1291 
05-27 21:58:46.768 E/RHWC2   (  376): fox1 func=hwc2_func_validate_display line=1411 
05-27 21:58:46.771 E/RHWC2   (  376): fox1 [rtk_gdma_post 1507 ]
05-27 21:58:46.771 E/RHWC2   (  376): fox1 [rtk_gdma_post 1530 ]name_of_layer = com.redflix.tvmoderno/com.redx.tvbox.ExoPlayerActivity#0 num_of_layers=1
05-27 21:58:46.771 E/RHWC2   (  376): fox 1 [rtk_gdma_post 1531] HAS_FLAG=0
05-27 21:58:46.771 E/RHWC2   (  376): fox1 [rtk_gdma_post 1530 ]name_of_layer = #0 num_of_layers=2
05-27 21:58:46.771 E/RHWC2   (  376): fox 1 [rtk_gdma_post 1531] HAS_FLAG=0
05-27 21:58:46.771 E/RHWC2   (  376): fox1 [rtk_gdma_post 1565 ]
05-27 21:58:46.785 E/RHWC2   (  376): fox1 func=hwc2_func_validate_display line=1291 
05-27 21:58:46.785 E/RHWC2   (  376): fox1 func=hwc2_func_validate_display line=1411 
05-27 21:58:46.787 E/RHWC2   (  376): fox1 [rtk_gdma_post 1507 ]
05-27 21:58:46.787 E/RHWC2   (  376): fox1 [rtk_gdma_post 1530 ]name_of_layer = com.redflix.tvmoderno/com.redx.tvbox.ExoPlayerActivity#0 num_of_layers=1
05-27 21:58:46.788 E/RHWC2   (  376): fox 1 [rtk_gdma_post 1531] HAS_FLAG=0
05-27 21:58:46.788 E/RHWC2   (  376): fox1 [rtk_gdma_post 1530 ]name_of_layer = #0 num_of_layers=2
05-27 21:58:46.788 E/RHWC2   (  376): fox 1 [rtk_gdma_post 1531] HAS_FLAG=0
05-27 21:58:46.788 E/RHWC2   (  376): fox1 [rtk_gdma_post 1565 ]
05-27 21:58:46.802 E/RHWC2   (  376): fox1 func=hwc2_func_validate_display line=1291 
05-27 21:58:46.802 E/RHWC2   (  376): fox1 func=hwc2_func_validate_display line=1411 
05-27 21:58:46.804 E/RHWC2   (  376): fox1 [rtk_gdma_post 1507 ]
05-27 21:58:46.804 E/RHWC2   (  376): fox1 [rtk_gdma_post 1530 ]name_of_layer = com.redflix.tvmoderno/com.redx.tvbox.ExoPlayerActivity#0 num_of_layers=1
05-27 21:58:46.804 E/RHWC2   (  376): fox 1 [rtk_gdma_post 1531] HAS_FLAG=0
05-27 21:58:46.804 E/RHWC2   (  376): fox1 [rtk_gdma_post 1530 ]name_of_layer = #0 num_of_layers=2
05-27 21:58:46.804 E/RHWC2   (  376): fox 1 [rtk_gdma_post 1531] HAS_FLAG=0
05-27 21:58:46.804 E/RHWC2   (  376): fox1 [rtk_gdma_post 1565 ]
05-27 21:58:46.809 D/BoundBrokerSvc( 1740): onUnbind: Intent { act=com.google.android.gms.common.BIND_SHARED_PREFS pkg=com.google.android.gms }
05-27 21:58:46.818 E/RHWC2   (  376): fox1 func=hwc2_func_validate_display line=1291 
05-27 21:58:46.818 E/RHWC2   (  376): fox1 func=hwc2_func_validate_display line=1411 
05-27 21:58:46.820 E/RHWC2   (  376): fox1 [rtk_gdma_post 1507 ]
05-27 21:58:46.821 E/RHWC2   (  376): fox1 [rtk_gdma_post 1530 ]name_of_layer = com.redflix.tvmoderno/com.redx.tvbox.ExoPlayerActivity#0 num_of_layers=1
05-27 21:58:46.821 E/RHWC2   (  376): fox 1 [rtk_gdma_post 1531] HAS_FLAG=0
05-27 21:58:46.821 E/RHWC2   (  376): fox1 [rtk_gdma_post 1530 ]name_of_layer = #0 num_of_layers=2
05-27 21:58:46.821 E/RHWC2   (  376): fox 1 [rtk_gdma_post 1531] HAS_FLAG=0
05-27 21:58:46.821 E/RHWC2   (  376): fox1 [rtk_gdma_post 1565 ]
05-27 21:58:46.835 E/RHWC2   (  376): fox1 func=hwc2_func_validate_display line=1291 
05-27 21:58:46.835 E/RHWC2   (  376): fox1 func=hwc2_func_validate_display line=1411 
05-27 21:58:46.837 E/RHWC2   (  376): fox1 [rtk_gdma_post 1507 ]
05-27 21:58:46.837 E/RHWC2   (  376): fox1 [rtk_gdma_post 1530 ]name_of_layer = com.redflix.tvmoderno/com.redx.tvbox.ExoPlayerActivity#0 num_of_layers=1
05-27 21:58:46.837 E/RHWC2   (  376): fox 1 [rtk_gdma_post 1531] HAS_FLAG=0
05-27 21:58:46.838 E/RHWC2   (  376): fox1 [rtk_gdma_post 1530 ]name_of_layer = #0 num_of_layers=2
05-27 21:58:46.838 E/RHWC2   (  376): fox 1 [rtk_gdma_post 1531] HAS_FLAG=0
05-27 21:58:46.838 E/RHWC2   (  376): fox1 [rtk_gdma_post 1565 ]
05-27 21:58:46.852 E/RHWC2   (  376): fox1 func=hwc2_func_validate_display line=1291 
05-27 21:58:46.852 E/RHWC2   (  376): fox1 func=hwc2_func_validate_display line=1411 
05-27 21:58:46.854 E/RHWC2   (  376): fox1 [rtk_gdma_post 1507 ]
05-27 21:58:46.854 E/RHWC2   (  376): fox1 [rtk_gdma_post 1530 ]name_of_layer = com.redflix.tvmoderno/com.redx.tvbox.ExoPlayerActivity#0 num_of_layers=1
05-27 21:58:46.854 E/RHWC2   (  376): fox 1 [rtk_gdma_post 1531] HAS_FLAG=0
05-27 21:58:46.854 E/RHWC2   (  376): fox1 [rtk_gdma_post 1530 ]name_of_layer = #0 num_of_layers=2
05-27 21:58:46.854 E/RHWC2   (  376): fox 1 [rtk_gdma_post 1531] HAS_FLAG=0
05-27 21:58:46.854 E/RHWC2   (  376): fox1 [rtk_gdma_post 1565 ]
05-27 21:58:46.868 E/RHWC2   (  376): fox1 func=hwc2_func_validate_display line=1291 
05-27 21:58:46.868 E/RHWC2   (  376): fox1 func=hwc2_func_validate_display line=1411 
05-27 21:58:46.871 E/RHWC2   (  376): fox1 [rtk_gdma_post 1507 ]
05-27 21:58:46.871 E/RHWC2   (  376): fox1 [rtk_gdma_post 1530 ]name_of_layer = com.redflix.tvmoderno/com.redx.tvbox.ExoPlayerActivity#0 num_of_layers=1
05-27 21:58:46.871 E/RHWC2   (  376): fox 1 [rtk_gdma_post 1531] HAS_FLAG=0
05-27 21:58:46.871 E/RHWC2   (  376): fox1 [rtk_gdma_post 1530 ]name_of_layer = #0 num_of_layers=2
05-27 21:58:46.871 E/RHWC2   (  376): fox 1 [rtk_gdma_post 1531] HAS_FLAG=0
05-27 21:58:46.871 E/RHWC2   (  376): fox1 [rtk_gdma_post 1565 ]
05-27 21:58:46.885 E/RHWC2   (  376): fox1 func=hwc2_func_validate_display line=1291 
05-27 21:58:46.885 E/RHWC2   (  376): fox1 func=hwc2_func_validate_display line=1411 
05-27 21:58:46.887 D/BoundBrokerSvc( 1740): onUnbind: Intent { act=com.google.android.gms.safebrowsing.SafeBrowsingService.START dat=chimera-action: cmp=com.google.android.gms/.chimera.GmsBoundBrokerService }
05-27 21:58:46.888 E/RHWC2   (  376): fox1 [rtk_gdma_post 1507 ]
05-27 21:58:46.888 E/RHWC2   (  376): fox1 [rtk_gdma_post 1530 ]name_of_layer = com.redflix.tvmoderno/com.redx.tvbox.ExoPlayerActivity#0 num_of_layers=1
05-27 21:58:46.888 E/RHWC2   (  376): fox 1 [rtk_gdma_post 1531] HAS_FLAG=0
05-27 21:58:46.888 E/RHWC2   (  376): fox1 [rtk_gdma_post 1530 ]name_of_layer = #0 num_of_layers=2
05-27 21:58:46.888 E/RHWC2   (  376): fox 1 [rtk_gdma_post 1531] HAS_FLAG=0
05-27 21:58:46.888 E/RHWC2   (  376): fox1 [rtk_gdma_post 1565 ]
05-27 21:58:46.902 E/RHWC2   (  376): fox1 func=hwc2_func_validate_display line=1291 
05-27 21:58:46.902 E/RHWC2   (  376): fox1 func=hwc2_func_validate_display line=1411 
05-27 21:58:46.904 E/RHWC2   (  376): fox1 [rtk_gdma_post 1507 ]
05-27 21:58:46.904 E/RHWC2   (  376): fox1 [rtk_gdma_post 1530 ]name_of_layer = com.redflix.tvmoderno/com.redx.tvbox.ExoPlayerActivity#0 num_of_layers=1
05-27 21:58:46.904 E/RHWC2   (  376): fox 1 [rtk_gdma_post 1531] HAS_FLAG=0
05-27 21:58:46.904 E/RHWC2   (  376): fox1 [rtk_gdma_post 1530 ]name_of_layer = #0 num_of_layers=2
05-27 21:58:46.904 E/RHWC2   (  376): fox 1 [rtk_gdma_post 1531] HAS_FLAG=0
05-27 21:58:46.904 E/RHWC2   (  376): fox1 [rtk_gdma_post 1565 ]
05-27 21:58:46.918 E/RHWC2   (  376): fox1 func=hwc2_func_validate_display line=1291 
05-27 21:58:46.918 E/RHWC2   (  376): fox1 func=hwc2_func_validate_display line=1411 
05-27 21:58:46.921 E/RHWC2   (  376): fox1 [rtk_gdma_post 1507 ]
05-27 21:58:46.921 E/RHWC2   (  376): fox1 [rtk_gdma_post 1530 ]name_of_layer = com.redflix.tvmoderno/com.redx.tvbox.ExoPlayerActivity#0 num_of_layers=1
05-27 21:58:46.921 E/RHWC2   (  376): fox 1 [rtk_gdma_post 1531] HAS_FLAG=0
05-27 21:58:46.921 E/RHWC2   (  376): fox1 [rtk_gdma_post 1530 ]name_of_layer = #0 num_of_layers=2
05-27 21:58:46.921 E/RHWC2   (  376): fox 1 [rtk_gdma_post 1531] HAS_FLAG=0
05-27 21:58:46.921 E/RHWC2   (  376): fox1 [rtk_gdma_post 1565 ]
05-27 21:58:46.935 E/RHWC2   (  376): fox1 func=hwc2_func_validate_display line=1291 
05-27 21:58:46.935 E/RHWC2   (  376): fox1 func=hwc2_func_validate_display line=1411 
05-27 21:58:46.937 E/RHWC2   (  376): fox1 [rtk_gdma_post 1507 ]
05-27 21:58:46.937 E/RHWC2   (  376): fox1 [rtk_gdma_post 1530 ]name_of_layer = com.redflix.tvmoderno/com.redx.tvbox.ExoPlayerActivity#0 num_of_layers=1
05-27 21:58:46.937 E/RHWC2   (  376): fox 1 [rtk_gdma_post 1531] HAS_FLAG=0
05-27 21:58:46.937 E/RHWC2   (  376): fox1 [rtk_gdma_post 1530 ]name_of_layer = #0 num_of_layers=2
05-27 21:58:46.937 E/RHWC2   (  376): fox 1 [rtk_gdma_post 1531] HAS_FLAG=0
05-27 21:58:46.937 E/RHWC2   (  376): fox1 [rtk_gdma_post 1565 ]
05-27 21:58:46.945 D/BoundBrokerSvc( 1740): onUnbind: Intent { act=com.google.android.gms.safetynet.service.START pkg=com.google.android.gms }
05-27 21:58:46.952 E/RHWC2   (  376): fox1 func=hwc2_func_validate_display line=1291 
05-27 21:58:46.952 E/RHWC2   (  376): fox1 func=hwc2_func_validate_display line=1411 
05-27 21:58:46.954 E/RHWC2   (  376): fox1 [rtk_gdma_post 1507 ]
05-27 21:58:46.954 E/RHWC2   (  376): fox1 [rtk_gdma_post 1530 ]name_of_layer = com.redflix.tvmoderno/com.redx.tvbox.ExoPlayerActivity#0 num_of_layers=1
05-27 21:58:46.954 E/RHWC2   (  376): fox 1 [rtk_gdma_post 1531] HAS_FLAG=0
05-27 21:58:46.954 E/RHWC2   (  376): fox1 [rtk_gdma_post 1530 ]name_of_layer = #0 num_of_layers=2
05-27 21:58:46.954 E/RHWC2   (  376): fox 1 [rtk_gdma_post 1531] HAS_FLAG=0
05-27 21:58:46.954 E/RHWC2   (  376): fox1 [rtk_gdma_post 1565 ]
05-27 21:58:46.968 E/RHWC2   (  376): fox1 func=hwc2_func_validate_display line=1291 
05-27 21:58:46.968 E/RHWC2   (  376): fox1 func=hwc2_func_validate_display line=1411 
05-27 21:58:46.971 E/RHWC2   (  376): fox1 [rtk_gdma_post 1507 ]
05-27 21:58:46.971 E/RHWC2   (  376): fox1 [rtk_gdma_post 1530 ]name_of_layer = com.redflix.tvmoderno/com.redx.tvbox.ExoPlayerActivity#0 num_of_layers=1
05-27 21:58:46.971 E/RHWC2   (  376): fox 1 [rtk_gdma_post 1531] HAS_FLAG=0
05-27 21:58:46.971 E/RHWC2   (  376): fox1 [rtk_gdma_post 1530 ]name_of_layer = #0 num_of_layers=2
05-27 21:58:46.971 E/RHWC2   (  376): fox 1 [rtk_gdma_post 1531] HAS_FLAG=0
05-27 21:58:46.971 E/RHWC2   (  376): fox1 [rtk_gdma_post 1565 ]
05-27 21:58:46.985 E/RHWC2   (  376): fox1 func=hwc2_func_validate_display line=1291 
05-27 21:58:46.985 E/RHWC2   (  376): fox1 func=hwc2_func_validate_display line=1411 
05-27 21:58:46.987 E/RHWC2   (  376): fox1 [rtk_gdma_post 1507 ]
05-27 21:58:46.987 E/RHWC2   (  376): fox1 [rtk_gdma_post 1530 ]name_of_layer = com.redflix.tvmoderno/com.redx.tvbox.ExoPlayerActivity#0 num_of_layers=1
05-27 21:58:46.987 E/RHWC2   (  376): fox 1 [rtk_gdma_post 1531] HAS_FLAG=0
05-27 21:58:46.987 E/RHWC2   (  376): fox1 [rtk_gdma_post 1530 ]name_of_layer = #0 num_of_layers=2
05-27 21:58:46.987 E/RHWC2   (  376): fox 1 [rtk_gdma_post 1531] HAS_FLAG=0
05-27 21:58:46.987 E/RHWC2   (  376): fox1 [rtk_gdma_post 1565 ]
05-27 21:58:47.002 E/RHWC2   (  376): fox1 func=hwc2_func_validate_display line=1291 
05-27 21:58:47.002 E/RHWC2   (  376): fox1 func=hwc2_func_validate_display line=1411 
05-27 21:58:47.004 E/RHWC2   (  376): fox1 [rtk_gdma_post 1507 ]
05-27 21:58:47.004 E/RHWC2   (  376): fox1 [rtk_gdma_post 1530 ]name_of_layer = com.redflix.tvmoderno/com.redx.tvbox.ExoPlayerActivity#0 num_of_layers=1
05-27 21:58:47.004 E/RHWC2   (  376): fox 1 [rtk_gdma_post 1531] HAS_FLAG=0
05-27 21:58:47.004 E/RHWC2   (  376): fox1 [rtk_gdma_post 1530 ]name_of_layer = #0 num_of_layers=2
05-27 21:58:47.004 E/RHWC2   (  376): fox 1 [rtk_gdma_post 1531] HAS_FLAG=0
05-27 21:58:47.004 E/RHWC2   (  376): fox1 [rtk_gdma_post 1565 ]
05-27 21:58:47.006 D/BoundBrokerSvc( 1480): onUnbind: Intent { act=com.google.android.gms.auth.aang.events.services.START dat=chimera-action: cmp=com.google.android.gms/.chimera.PersistentApiService }
05-27 21:58:47.018 E/RHWC2   (  376): fox1 func=hwc2_func_validate_display line=1291 
05-27 21:58:47.018 E/RHWC2   (  376): fox1 func=hwc2_func_validate_display line=1411 
05-27 21:58:47.021 E/RHWC2   (  376): fox1 [rtk_gdma_post 1507 ]
05-27 21:58:47.021 E/RHWC2   (  376): fox1 [rtk_gdma_post 1530 ]name_of_layer = com.redflix.tvmoderno/com.redx.tvbox.ExoPlayerActivity#0 num_of_layers=1
05-27 21:58:47.021 E/RHWC2   (  376): fox 1 [rtk_gdma_post 1531] HAS_FLAG=0
05-27 21:58:47.021 E/RHWC2   (  376): fox1 [rtk_gdma_post 1530 ]name_of_layer = #0 num_of_layers=2
05-27 21:58:47.021 E/RHWC2   (  376): fox 1 [rtk_gdma_post 1531] HAS_FLAG=0
05-27 21:58:47.021 E/RHWC2   (  376): fox1 [rtk_gdma_post 1565 ]
05-27 21:58:47.035 E/RHWC2   (  376): fox1 func=hwc2_func_validate_display line=1291 
05-27 21:58:47.035 E/RHWC2   (  376): fox1 func=hwc2_func_validate_display line=1411 
05-27 21:58:47.037 E/RHWC2   (  376): fox1 [rtk_gdma_post 1507 ]
05-27 21:58:47.037 E/RHWC2   (  376): fox1 [rtk_gdma_post 1530 ]name_of_layer = com.redflix.tvmoderno/com.redx.tvbox.ExoPlayerActivity#0 num_of_layers=1
05-27 21:58:47.037 E/RHWC2   (  376): fox 1 [rtk_gdma_post 1531] HAS_FLAG=0
05-27 21:58:47.037 E/RHWC2   (  376): fox1 [rtk_gdma_post 1530 ]name_of_layer = #0 num_of_layers=2
05-27 21:58:47.037 E/RHWC2   (  376): fox 1 [rtk_gdma_post 1531] HAS_FLAG=0
05-27 21:58:47.037 E/RHWC2   (  376): fox1 [rtk_gdma_post 1565 ]
05-27 21:58:47.052 E/RHWC2   (  376): fox1 func=hwc2_func_validate_display line=1291 
05-27 21:58:47.052 E/RHWC2   (  376): fox1 func=hwc2_func_validate_display line=1411 
05-27 21:58:47.054 E/RHWC2   (  376): fox1 [rtk_gdma_post 1507 ]
05-27 21:58:47.054 E/RHWC2   (  376): fox1 [rtk_gdma_post 1530 ]name_of_layer = com.redflix.tvmoderno/com.redx.tvbox.ExoPlayerActivity#0 num_of_layers=1
05-27 21:58:47.054 E/RHWC2   (  376): fox 1 [rtk_gdma_post 1531] HAS_FLAG=0
05-27 21:58:47.054 E/RHWC2   (  376): fox1 [rtk_gdma_post 1530 ]name_of_layer = #0 num_of_layers=2
05-27 21:58:47.054 E/RHWC2   (  376): fox 1 [rtk_gdma_post 1531] HAS_FLAG=0
05-27 21:58:47.054 E/RHWC2   (  376): fox1 [rtk_gdma_post 1565 ]
05-27 21:58:47.068 E/RHWC2   (  376): fox1 func=hwc2_func_validate_display line=1291 
05-27 21:58:47.068 E/RHWC2   (  376): fox1 func=hwc2_func_validate_display line=1411 
05-27 21:58:47.072 E/RHWC2   (  376): fox1 [rtk_gdma_post 1507 ]
05-27 21:58:47.072 E/RHWC2   (  376): fox1 [rtk_gdma_post 1530 ]name_of_layer = com.redflix.tvmoderno/com.redx.tvbox.ExoPlayerActivity#0 num_of_layers=1
05-27 21:58:47.072 E/RHWC2   (  376): fox 1 [rtk_gdma_post 1531] HAS_FLAG=0
05-27 21:58:47.072 E/RHWC2   (  376): fox1 [rtk_gdma_post 1530 ]name_of_layer = #0 num_of_layers=2
05-27 21:58:47.072 E/RHWC2   (  376): fox 1 [rtk_gdma_post 1531] HAS_FLAG=0
05-27 21:58:47.072 E/RHWC2   (  376): fox1 [rtk_gdma_post 1565 ]
05-27 21:58:47.085 E/RHWC2   (  376): fox1 func=hwc2_func_validate_display line=1291 
05-27 21:58:47.085 E/RHWC2   (  376): fox1 func=hwc2_func_validate_display line=1411 
05-27 21:58:47.087 E/RHWC2   (  376): fox1 [rtk_gdma_post 1507 ]
05-27 21:58:47.088 E/RHWC2   (  376): fox1 [rtk_gdma_post 1530 ]name_of_layer = com.redflix.tvmoderno/com.redx.tvbox.ExoPlayerActivity#0 num_of_layers=1
05-27 21:58:47.088 E/RHWC2   (  376): fox 1 [rtk_gdma_post 1531] HAS_FLAG=0
05-27 21:58:47.088 E/RHWC2   (  376): fox1 [rtk_gdma_post 1530 ]name_of_layer = #0 num_of_layers=2
05-27 21:58:47.088 E/RHWC2   (  376): fox 1 [rtk_gdma_post 1531] HAS_FLAG=0
05-27 21:58:47.088 E/RHWC2   (  376): fox1 [rtk_gdma_post 1565 ]
05-27 21:58:47.102 E/RHWC2   (  376): fox1 func=hwc2_func_validate_display line=1291 
05-27 21:58:47.102 E/RHWC2   (  376): fox1 func=hwc2_func_validate_display line=1411 
05-27 21:58:47.104 E/RHWC2   (  376): fox1 [rtk_gdma_post 1507 ]
05-27 21:58:47.104 E/RHWC2   (  376): fox1 [rtk_gdma_post 1530 ]name_of_layer = com.redflix.tvmoderno/com.redx.tvbox.ExoPlayerActivity#0 num_of_layers=1
05-27 21:58:47.104 E/RHWC2   (  376): fox 1 [rtk_gdma_post 1531] HAS_FLAG=0
05-27 21:58:47.104 E/RHWC2   (  376): fox1 [rtk_gdma_post 1530 ]name_of_layer = #0 num_of_layers=2
05-27 21:58:47.104 E/RHWC2   (  376): fox 1 [rtk_gdma_post 1531] HAS_FLAG=0
05-27 21:58:47.104 E/RHWC2   (  376): fox1 [rtk_gdma_post 1565 ]
05-27 21:58:47.118 E/RHWC2   (  376): fox1 func=hwc2_func_validate_display line=1291 
05-27 21:58:47.118 E/RHWC2   (  376): fox1 func=hwc2_func_validate_display line=1411 
05-27 21:58:47.121 E/RHWC2   (  376): fox1 [rtk_gdma_post 1507 ]
05-27 21:58:47.121 E/RHWC2   (  376): fox1 [rtk_gdma_post 1530 ]name_of_layer = com.redflix.tvmoderno/com.redx.tvbox.ExoPlayerActivity#0 num_of_layers=1
05-27 21:58:47.121 E/RHWC2   (  376): fox 1 [rtk_gdma_post 1531] HAS_FLAG=0
05-27 21:58:47.121 E/RHWC2   (  376): fox1 [rtk_gdma_post 1530 ]name_of_layer = #0 num_of_layers=2
05-27 21:58:47.121 E/RHWC2   (  376): fox 1 [rtk_gdma_post 1531] HAS_FLAG=0
05-27 21:58:47.121 E/RHWC2   (  376): fox1 [rtk_gdma_post 1565 ]
05-27 21:58:47.135 E/RHWC2   (  376): fox1 func=hwc2_func_validate_display line=1291 
05-27 21:58:47.135 E/RHWC2   (  376): fox1 func=hwc2_func_validate_display line=1411 
05-27 21:58:47.137 E/RHWC2   (  376): fox1 [rtk_gdma_post 1507 ]
05-27 21:58:47.137 E/RHWC2   (  376): fox1 [rtk_gdma_post 1530 ]name_of_layer = com.redflix.tvmoderno/com.redx.tvbox.ExoPlayerActivity#0 num_of_layers=1
05-27 21:58:47.137 E/RHWC2   (  376): fox 1 [rtk_gdma_post 1531] HAS_FLAG=0
05-27 21:58:47.137 E/RHWC2   (  376): fox1 [rtk_gdma_post 1530 ]name_of_layer = #0 num_of_layers=2
05-27 21:58:47.137 E/RHWC2   (  376): fox 1 [rtk_gdma_post 1531] HAS_FLAG=0
05-27 21:58:47.137 E/RHWC2   (  376): fox1 [rtk_gdma_post 1565 ]
05-27 21:58:47.152 E/RHWC2   (  376): fox1 func=hwc2_func_validate_display line=1291 
05-27 21:58:47.152 E/RHWC2   (  376): fox1 func=hwc2_func_validate_display line=1411 
05-27 21:58:47.154 E/RHWC2   (  376): fox1 [rtk_gdma_post 1507 ]
05-27 21:58:47.154 E/RHWC2   (  376): fox1 [rtk_gdma_post 1530 ]name_of_layer = com.redflix.tvmoderno/com.redx.tvbox.ExoPlayerActivity#0 num_of_layers=1
05-27 21:58:47.154 E/RHWC2   (  376): fox 1 [rtk_gdma_post 1531] HAS_FLAG=0
05-27 21:58:47.154 E/RHWC2   (  376): fox1 [rtk_gdma_post 1530 ]name_of_layer = #0 num_of_layers=2
05-27 21:58:47.154 E/RHWC2   (  376): fox 1 [rtk_gdma_post 1531] HAS_FLAG=0
05-27 21:58:47.154 E/RHWC2   (  376): fox1 [rtk_gdma_post 1565 ]
05-27 21:58:47.168 E/RHWC2   (  376): fox1 func=hwc2_func_validate_display line=1291 
05-27 21:58:47.168 E/RHWC2   (  376): fox1 func=hwc2_func_validate_display line=1411 
05-27 21:58:47.172 E/RHWC2   (  376): fox1 [rtk_gdma_post 1507 ]
05-27 21:58:47.172 E/RHWC2   (  376): fox1 [rtk_gdma_post 1530 ]name_of_layer = com.redflix.tvmoderno/com.redx.tvbox.ExoPlayerActivity#0 num_of_layers=1
05-27 21:58:47.172 E/RHWC2   (  376): fox 1 [rtk_gdma_post 1531] HAS_FLAG=0
05-27 21:58:47.172 E/RHWC2   (  376): fox1 [rtk_gdma_post 1530 ]name_of_layer = #0 num_of_layers=2
05-27 21:58:47.172 E/RHWC2   (  376): fox 1 [rtk_gdma_post 1531] HAS_FLAG=0
05-27 21:58:47.172 E/RHWC2   (  376): fox1 [rtk_gdma_post 1565 ]
05-27 21:58:47.185 E/RHWC2   (  376): fox1 func=hwc2_func_validate_display line=1291 
05-27 21:58:47.185 E/RHWC2   (  376): fox1 func=hwc2_func_validate_display line=1411 
05-27 21:58:47.187 E/RHWC2   (  376): fox1 [rtk_gdma_post 1507 ]
05-27 21:58:47.188 E/RHWC2   (  376): fox1 [rtk_gdma_post 1530 ]name_of_layer = com.redflix.tvmoderno/com.redx.tvbox.ExoPlayerActivity#0 num_of_layers=1
05-27 21:58:47.188 E/RHWC2   (  376): fox 1 [rtk_gdma_post 1531] HAS_FLAG=0
05-27 21:58:47.188 E/RHWC2   (  376): fox1 [rtk_gdma_post 1530 ]name_of_layer = #0 num_of_layers=2
05-27 21:58:47.188 E/RHWC2   (  376): fox 1 [rtk_gdma_post 1531] HAS_FLAG=0
05-27 21:58:47.188 E/RHWC2   (  376): fox1 [rtk_gdma_post 1565 ]
05-27 21:58:47.202 E/RHWC2   (  376): fox1 func=hwc2_func_validate_display line=1291 
05-27 21:58:47.202 E/RHWC2   (  376): fox1 func=hwc2_func_validate_display line=1411 
05-27 21:58:47.204 E/RHWC2   (  376): fox1 [rtk_gdma_post 1507 ]
05-27 21:58:47.204 E/RHWC2   (  376): fox1 [rtk_gdma_post 1530 ]name_of_layer = com.redflix.tvmoderno/com.redx.tvbox.ExoPlayerActivity#0 num_of_layers=1
05-27 21:58:47.204 E/RHWC2   (  376): fox 1 [rtk_gdma_post 1531] HAS_FLAG=0
05-27 21:58:47.204 E/RHWC2   (  376): fox1 [rtk_gdma_post 1530 ]name_of_layer = #0 num_of_layers=2
05-27 21:58:47.204 E/RHWC2   (  376): fox 1 [rtk_gdma_post 1531] HAS_FLAG=0
05-27 21:58:47.204 E/RHWC2   (  376): fox1 [rtk_gdma_post 1565 ]
05-27 21:58:47.218 E/RHWC2   (  376): fox1 func=hwc2_func_validate_display line=1291 
05-27 21:58:47.218 E/RHWC2   (  376): fox1 func=hwc2_func_validate_display line=1411 
05-27 21:58:47.221 E/RHWC2   (  376): fox1 [rtk_gdma_post 1507 ]
05-27 21:58:47.221 E/RHWC2   (  376): fox1 [rtk_gdma_post 1530 ]name_of_layer = com.redflix.tvmoderno/com.redx.tvbox.ExoPlayerActivity#0 num_of_layers=1
05-27 21:58:47.221 E/RHWC2   (  376): fox 1 [rtk_gdma_post 1531] HAS_FLAG=0
05-27 21:58:47.221 E/RHWC2   (  376): fox1 [rtk_gdma_post 1530 ]name_of_layer = #0 num_of_layers=2
05-27 21:58:47.221 E/RHWC2   (  376): fox 1 [rtk_gdma_post 1531] HAS_FLAG=0
05-27 21:58:47.221 E/RHWC2   (  376): fox1 [rtk_gdma_post 1565 ]
05-27 21:58:47.235 E/RHWC2   (  376): fox1 func=hwc2_func_validate_display line=1291 
05-27 21:58:47.235 E/RHWC2   (  376): fox1 func=hwc2_func_validate_display line=1411 
05-27 21:58:47.238 E/RHWC2   (  376): fox1 [rtk_gdma_post 1507 ]
05-27 21:58:47.238 E/RHWC2   (  376): fox1 [rtk_gdma_post 1530 ]name_of_layer = com.redflix.tvmoderno/com.redx.tvbox.ExoPlayerActivity#0 num_of_layers=1
05-27 21:58:47.238 E/RHWC2   (  376): fox 1 [rtk_gdma_post 1531] HAS_FLAG=0
05-27 21:58:47.238 E/RHWC2   (  376): fox1 [rtk_gdma_post 1530 ]name_of_layer = #0 num_of_layers=2
05-27 21:58:47.238 E/RHWC2   (  376): fox 1 [rtk_gdma_post 1531] HAS_FLAG=0
05-27 21:58:47.238 E/RHWC2   (  376): fox1 [rtk_gdma_post 1565 ]
05-27 21:58:47.252 E/RHWC2   (  376): fox1 func=hwc2_func_validate_display line=1291 
05-27 21:58:47.252 E/RHWC2   (  376): fox1 func=hwc2_func_validate_display line=1411 
05-27 21:58:47.254 E/RHWC2   (  376): fox1 [rtk_gdma_post 1507 ]
05-27 21:58:47.254 E/RHWC2   (  376): fox1 [rtk_gdma_post 1530 ]name_of_layer = com.redflix.tvmoderno/com.redx.tvbox.ExoPlayerActivity#0 num_of_layers=1
05-27 21:58:47.254 E/RHWC2   (  376): fox 1 [rtk_gdma_post 1531] HAS_FLAG=0
05-27 21:58:47.254 E/RHWC2   (  376): fox1 [rtk_gdma_post 1530 ]name_of_layer = #0 num_of_layers=2
05-27 21:58:47.254 E/RHWC2   (  376): fox 1 [rtk_gdma_post 1531] HAS_FLAG=0
05-27 21:58:47.254 E/RHWC2   (  376): fox1 [rtk_gdma_post 1565 ]
05-27 21:58:47.268 E/RHWC2   (  376): fox1 func=hwc2_func_validate_display line=1291 
05-27 21:58:47.268 E/RHWC2   (  376): fox1 func=hwc2_func_validate_display line=1411 
05-27 21:58:47.271 E/RHWC2   (  376): fox1 [rtk_gdma_post 1507 ]
05-27 21:58:47.271 E/RHWC2   (  376): fox1 [rtk_gdma_post 1530 ]name_of_layer = com.redflix.tvmoderno/com.redx.tvbox.ExoPlayerActivity#0 num_of_layers=1
05-27 21:58:47.271 E/RHWC2   (  376): fox 1 [rtk_gdma_post 1531] HAS_FLAG=0
05-27 21:58:47.271 E/RHWC2   (  376): fox1 [rtk_gdma_post 1530 ]name_of_layer = #0 num_of_layers=2
05-27 21:58:47.271 E/RHWC2   (  376): fox 1 [rtk_gdma_post 1531] HAS_FLAG=0
05-27 21:58:47.271 E/RHWC2   (  376): fox1 [rtk_gdma_post 1565 ]
05-27 21:58:47.285 E/RHWC2   (  376): fox1 func=hwc2_func_validate_display line=1291 
05-27 21:58:47.285 E/RHWC2   (  376): fox1 func=hwc2_func_validate_display line=1411 
05-27 21:58:47.287 E/RHWC2   (  376): fox1 [rtk_gdma_post 1507 ]
05-27 21:58:47.287 E/RHWC2   (  376): fox1 [rtk_gdma_post 1530 ]name_of_layer = com.redflix.tvmoderno/com.redx.tvbox.ExoPlayerActivity#0 num_of_layers=1
05-27 21:58:47.287 E/RHWC2   (  376): fox 1 [rtk_gdma_post 1531] HAS_FLAG=0
05-27 21:58:47.287 E/RHWC2   (  376): fox1 [rtk_gdma_post 1530 ]name_of_layer = #0 num_of_layers=2
05-27 21:58:47.288 E/RHWC2   (  376): fox 1 [rtk_gdma_post 1531] HAS_FLAG=0
05-27 21:58:47.288 E/RHWC2   (  376): fox1 [rtk_gdma_post 1565 ]
05-27 21:58:47.302 E/RHWC2   (  376): fox1 func=hwc2_func_validate_display line=1291 
05-27 21:58:47.302 E/RHWC2   (  376): fox1 func=hwc2_func_validate_display line=1411 
05-27 21:58:47.304 E/RHWC2   (  376): fox1 [rtk_gdma_post 1507 ]
05-27 21:58:47.304 E/RHWC2   (  376): fox1 [rtk_gdma_post 1530 ]name_of_layer = com.redflix.tvmoderno/com.redx.tvbox.ExoPlayerActivity#0 num_of_layers=1
05-27 21:58:47.304 E/RHWC2   (  376): fox 1 [rtk_gdma_post 1531] HAS_FLAG=0
05-27 21:58:47.304 E/RHWC2   (  376): fox1 [rtk_gdma_post 1530 ]name_of_layer = #0 num_of_layers=2
05-27 21:58:47.304 E/RHWC2   (  376): fox 1 [rtk_gdma_post 1531] HAS_FLAG=0
05-27 21:58:47.304 E/RHWC2   (  376): fox1 [rtk_gdma_post 1565 ]
05-27 21:58:47.318 E/RHWC2   (  376): fox1 func=hwc2_func_validate_display line=1291 
05-27 21:58:47.318 E/RHWC2   (  376): fox1 func=hwc2_func_validate_display line=1411 
05-27 21:58:47.321 E/RHWC2   (  376): fox1 [rtk_gdma_post 1507 ]
05-27 21:58:47.321 E/RHWC2   (  376): fox1 [rtk_gdma_post 1530 ]name_of_layer = com.redflix.tvmoderno/com.redx.tvbox.ExoPlayerActivity#0 num_of_layers=1
05-27 21:58:47.321 E/RHWC2   (  376): fox 1 [rtk_gdma_post 1531] HAS_FLAG=0
05-27 21:58:47.321 E/RHWC2   (  376): fox1 [rtk_gdma_post 1530 ]name_of_layer = #0 num_of_layers=2
05-27 21:58:47.321 E/RHWC2   (  376): fox 1 [rtk_gdma_post 1531] HAS_FLAG=0
05-27 21:58:47.321 E/RHWC2   (  376): fox1 [rtk_gdma_post 1565 ]
05-27 21:58:47.335 E/RHWC2   (  376): fox1 func=hwc2_func_validate_display line=1291 
05-27 21:58:47.335 E/RHWC2   (  376): fox1 func=hwc2_func_validate_display line=1411 
05-27 21:58:47.337 E/RHWC2   (  376): fox1 [rtk_gdma_post 1507 ]
05-27 21:58:47.337 E/RHWC2   (  376): fox1 [rtk_gdma_post 1530 ]name_of_layer = com.redflix.tvmoderno/com.redx.tvbox.ExoPlayerActivity#0 num_of_layers=1
05-27 21:58:47.337 E/RHWC2   (  376): fox 1 [rtk_gdma_post 1531] HAS_FLAG=0
05-27 21:58:47.337 E/RHWC2   (  376): fox1 [rtk_gdma_post 1530 ]name_of_layer = #0 num_of_layers=2
05-27 21:58:47.337 E/RHWC2   (  376): fox 1 [rtk_gdma_post 1531] HAS_FLAG=0
05-27 21:58:47.337 E/RHWC2   (  376): fox1 [rtk_gdma_post 1565 ]
05-27 21:58:47.352 E/RHWC2   (  376): fox1 func=hwc2_func_validate_display line=1291 
05-27 21:58:47.352 E/RHWC2   (  376): fox1 func=hwc2_func_validate_display line=1411 
05-27 21:58:47.354 E/RHWC2   (  376): fox1 [rtk_gdma_post 1507 ]
05-27 21:58:47.354 E/RHWC2   (  376): fox1 [rtk_gdma_post 1530 ]name_of_layer = com.redflix.tvmoderno/com.redx.tvbox.ExoPlayerActivity#0 num_of_layers=1
05-27 21:58:47.354 E/RHWC2   (  376): fox 1 [rtk_gdma_post 1531] HAS_FLAG=0
05-27 21:58:47.354 E/RHWC2   (  376): fox1 [rtk_gdma_post 1530 ]name_of_layer = #0 num_of_layers=2
05-27 21:58:47.354 E/RHWC2   (  376): fox 1 [rtk_gdma_post 1531] HAS_FLAG=0
05-27 21:58:47.354 E/RHWC2   (  376): fox1 [rtk_gdma_post 1565 ]
05-27 21:58:47.368 E/RHWC2   (  376): fox1 func=hwc2_func_validate_display line=1291 
05-27 21:58:47.368 E/RHWC2   (  376): fox1 func=hwc2_func_validate_display line=1411 
05-27 21:58:47.371 E/RHWC2   (  376): fox1 [rtk_gdma_post 1507 ]
05-27 21:58:47.371 E/RHWC2   (  376): fox1 [rtk_gdma_post 1530 ]name_of_layer = com.redflix.tvmoderno/com.redx.tvbox.ExoPlayerActivity#0 num_of_layers=1
05-27 21:58:47.371 E/RHWC2   (  376): fox 1 [rtk_gdma_post 1531] HAS_FLAG=0
05-27 21:58:47.371 E/RHWC2   (  376): fox1 [rtk_gdma_post 1530 ]name_of_layer = #0 num_of_layers=2
05-27 21:58:47.371 E/RHWC2   (  376): fox 1 [rtk_gdma_post 1531] HAS_FLAG=0
05-27 21:58:47.371 E/RHWC2   (  376): fox1 [rtk_gdma_post 1565 ]
05-27 21:58:47.385 E/RHWC2   (  376): fox1 func=hwc2_func_validate_display line=1291 
05-27 21:58:47.385 E/RHWC2   (  376): fox1 func=hwc2_func_validate_display line=1411 
05-27 21:58:47.388 E/RHWC2   (  376): fox1 [rtk_gdma_post 1507 ]
05-27 21:58:47.388 E/RHWC2   (  376): fox1 [rtk_gdma_post 1530 ]name_of_layer = com.redflix.tvmoderno/com.redx.tvbox.ExoPlayerActivity#0 num_of_layers=1
05-27 21:58:47.388 E/RHWC2   (  376): fox 1 [rtk_gdma_post 1531] HAS_FLAG=0
05-27 21:58:47.388 E/RHWC2   (  376): fox1 [rtk_gdma_post 1530 ]name_of_layer = #0 num_of_layers=2
05-27 21:58:47.388 E/RHWC2   (  376): fox 1 [rtk_gdma_post 1531] HAS_FLAG=0
05-27 21:58:47.388 E/RHWC2   (  376): fox1 [rtk_gdma_post 1565 ]
05-27 21:58:47.402 E/RHWC2   (  376): fox1 func=hwc2_func_validate_display line=1291 
05-27 21:58:47.402 E/RHWC2   (  376): fox1 func=hwc2_func_validate_display line=1411 
05-27 21:58:47.404 E/RHWC2   (  376): fox1 [rtk_gdma_post 1507 ]
05-27 21:58:47.404 E/RHWC2   (  376): fox1 [rtk_gdma_post 1530 ]name_of_layer = com.redflix.tvmoderno/com.redx.tvbox.ExoPlayerActivity#0 num_of_layers=1
05-27 21:58:47.404 E/RHWC2   (  376): fox 1 [rtk_gdma_post 1531] HAS_FLAG=0
05-27 21:58:47.404 E/RHWC2   (  376): fox1 [rtk_gdma_post 1530 ]name_of_layer = #0 num_of_layers=2
05-27 21:58:47.404 E/RHWC2   (  376): fox 1 [rtk_gdma_post 1531] HAS_FLAG=0
05-27 21:58:47.404 E/RHWC2   (  376): fox1 [rtk_gdma_post 1565 ]
05-27 21:58:47.418 E/RHWC2   (  376): fox1 func=hwc2_func_validate_display line=1291 
05-27 21:58:47.419 E/RHWC2   (  376): fox1 func=hwc2_func_validate_display line=1411 
05-27 21:58:47.421 E/RHWC2   (  376): fox1 [rtk_gdma_post 1507 ]
05-27 21:58:47.421 E/RHWC2   (  376): fox1 [rtk_gdma_post 1530 ]name_of_layer = com.redflix.tvmoderno/com.redx.tvbox.ExoPlayerActivity#0 num_of_layers=1
05-27 21:58:47.421 E/RHWC2   (  376): fox 1 [rtk_gdma_post 1531] HAS_FLAG=0
05-27 21:58:47.421 E/RHWC2   (  376): fox1 [rtk_gdma_post 1530 ]name_of_layer = #0 num_of_layers=2
05-27 21:58:47.421 E/RHWC2   (  376): fox 1 [rtk_gdma_post 1531] HAS_FLAG=0
05-27 21:58:47.421 E/RHWC2   (  376): fox1 [rtk_gdma_post 1565 ]
05-27 21:58:47.426 I/HdmieArc(  394): earc status newStatus 0, oldStatus=EN_TOS_CEC_EARC_STATUS_HANDSHAKE
05-27 21:58:47.427 I/HdmieArc(  394): rhal earc status: 0, error code: 0 
05-27 21:58:47.435 E/RHWC2   (  376): fox1 func=hwc2_func_validate_display line=1291 
05-27 21:58:47.435 E/RHWC2   (  376): fox1 func=hwc2_func_validate_display line=1411 
05-27 21:58:47.437 E/RHWC2   (  376): fox1 [rtk_gdma_post 1507 ]
05-27 21:58:47.437 E/RHWC2   (  376): fox1 [rtk_gdma_post 1530 ]name_of_layer = com.redflix.tvmoderno/com.redx.tvbox.ExoPlayerActivity#0 num_of_layers=1
05-27 21:58:47.437 E/RHWC2   (  376): fox 1 [rtk_gdma_post 1531] HAS_FLAG=0
05-27 21:58:47.437 E/RHWC2   (  376): fox1 [rtk_gdma_post 1530 ]name_of_layer = #0 num_of_layers=2
05-27 21:58:47.437 E/RHWC2   (  376): fox 1 [rtk_gdma_post 1531] HAS_FLAG=0
05-27 21:58:47.437 E/RHWC2   (  376): fox1 [rtk_gdma_post 1565 ]
05-27 21:58:47.452 E/RHWC2   (  376): fox1 func=hwc2_func_validate_display line=1291 
05-27 21:58:47.452 E/RHWC2   (  376): fox1 func=hwc2_func_validate_display line=1411 
05-27 21:58:47.454 E/RHWC2   (  376): fox1 [rtk_gdma_post 1507 ]
05-27 21:58:47.454 E/RHWC2   (  376): fox1 [rtk_gdma_post 1530 ]name_of_layer = com.redflix.tvmoderno/com.redx.tvbox.ExoPlayerActivity#0 num_of_layers=1
05-27 21:58:47.454 E/RHWC2   (  376): fox 1 [rtk_gdma_post 1531] HAS_FLAG=0
05-27 21:58:47.454 E/RHWC2   (  376): fox1 [rtk_gdma_post 1530 ]name_of_layer = #0 num_of_layers=2
05-27 21:58:47.454 E/RHWC2   (  376): fox 1 [rtk_gdma_post 1531] HAS_FLAG=0
05-27 21:58:47.454 E/RHWC2   (  376): fox1 [rtk_gdma_post 1565 ]
05-27 21:58:47.468 E/RHWC2   (  376): fox1 func=hwc2_func_validate_display line=1291 
05-27 21:58:47.468 E/RHWC2   (  376): fox1 func=hwc2_func_validate_display line=1411 
05-27 21:58:47.471 E/RHWC2   (  376): fox1 [rtk_gdma_post 1507 ]
05-27 21:58:47.471 E/RHWC2   (  376): fox1 [rtk_gdma_post 1530 ]name_of_layer = com.redflix.tvmoderno/com.redx.tvbox.ExoPlayerActivity#0 num_of_layers=1
05-27 21:58:47.471 E/RHWC2   (  376): fox 1 [rtk_gdma_post 1531] HAS_FLAG=0
05-27 21:58:47.471 E/RHWC2   (  376): fox1 [rtk_gdma_post 1530 ]name_of_layer = #0 num_of_layers=2
05-27 21:58:47.471 E/RHWC2   (  376): fox 1 [rtk_gdma_post 1531] HAS_FLAG=0
05-27 21:58:47.471 E/RHWC2   (  376): fox1 [rtk_gdma_post 1565 ]
05-27 21:58:47.481 E/WifiVendorHal(  806): getWifiLinkLayerStats_1_3_Internal(l.978) failed {.code = ERROR_NOT_SUPPORTED, .description = }
05-27 21:58:47.485 E/RHWC2   (  376): fox1 func=hwc2_func_validate_display line=1291 
05-27 21:58:47.485 E/RHWC2   (  376): fox1 func=hwc2_func_validate_display line=1411 
05-27 21:58:47.487 D/WifiClientModeImpl(  806): fetchRssiLinkSpeedAndFrequencyNative rssi=-71 TxLinkspeed=65 freq=2417 RxLinkSpeed=0
05-27 21:58:47.487 E/RHWC2   (  376): fox1 [rtk_gdma_post 1507 ]
05-27 21:58:47.488 E/RHWC2   (  376): fox1 [rtk_gdma_post 1530 ]name_of_layer = com.redflix.tvmoderno/com.redx.tvbox.ExoPlayerActivity#0 num_of_layers=1
05-27 21:58:47.488 E/RHWC2   (  376): fox 1 [rtk_gdma_post 1531] HAS_FLAG=0
05-27 21:58:47.488 E/RHWC2   (  376): fox1 [rtk_gdma_post 1530 ]name_of_layer = #0 num_of_layers=2
05-27 21:58:47.488 E/RHWC2   (  376): fox 1 [rtk_gdma_post 1531] HAS_FLAG=0
05-27 21:58:47.488 V/WifiConfigManager(  806): Updating scan detail cache freq=2417 BSSID=f8:2d:c0:24:9e:d2 RSSI=-71 for "BOLSONARO2018"WPA_PSK
05-27 21:58:47.488 E/RHWC2   (  376): fox1 [rtk_gdma_post 1565 ]
05-27 21:58:47.489 D/WifiThroughputPredictor(  806):  utilization (BssLoad) -1 utilization (LLStats) 80 isBluetoothConnected: false final utilization: 80
05-27 21:58:47.489 D/WifiThroughputPredictor(  806):  utilization (BssLoad) -1 utilization (LLStats) 80 isBluetoothConnected: false final utilization: 80
