05-27 22:06:24.812 E/RHWC2   (  376): fox1 func=hwc2_func_validate_display line=1411 
05-27 22:06:24.815 E/RHWC2   (  376): fox1 [rtk_gdma_post 1507 ]
05-27 22:06:24.815 E/RHWC2   (  376): fox1 [rtk_gdma_post 1530 ]name_of_layer = com.redflix.tvmoderno/com.redx.tvbox.MainActivity#0 num_of_layers=1
05-27 22:06:24.815 E/RHWC2   (  376): fox 1 [rtk_gdma_post 1531] HAS_FLAG=0
05-27 22:06:24.815 E/RHWC2   (  376): fox1 [rtk_gdma_post 1530 ]name_of_layer = com.redflix.tvmoderno/com.redx.tvbox.ExoPlayerActivity#0 num_of_layers=2
05-27 22:06:24.815 E/RHWC2   (  376): fox 1 [rtk_gdma_post 1531] HAS_FLAG=0
05-27 22:06:24.815 E/RHWC2   (  376): fox1 [rtk_gdma_post 1565 ]
05-27 22:06:24.829 E/RHWC2   (  376): fox1 func=hwc2_func_validate_display line=1291 
05-27 22:06:24.829 E/RHWC2   (  376): fox1 func=hwc2_func_validate_display line=1411 
05-27 22:06:24.831 E/RHWC2   (  376): fox1 [rtk_gdma_post 1507 ]
05-27 22:06:24.831 E/RHWC2   (  376): fox1 [rtk_gdma_post 1530 ]name_of_layer = com.redflix.tvmoderno/com.redx.tvbox.MainActivity#0 num_of_layers=1
05-27 22:06:24.831 E/RHWC2   (  376): fox 1 [rtk_gdma_post 1531] HAS_FLAG=0
05-27 22:06:24.831 E/RHWC2   (  376): fox1 [rtk_gdma_post 1530 ]name_of_layer = com.redflix.tvmoderno/com.redx.tvbox.ExoPlayerActivity#0 num_of_layers=2
05-27 22:06:24.831 E/RHWC2   (  376): fox 1 [rtk_gdma_post 1531] HAS_FLAG=0
05-27 22:06:24.831 E/RHWC2   (  376): fox1 [rtk_gdma_post 1565 ]
05-27 22:06:24.846 E/RHWC2   (  376): fox1 func=hwc2_func_validate_display line=1291 
05-27 22:06:24.846 E/RHWC2   (  376): fox1 func=hwc2_func_validate_display line=1411 
05-27 22:06:24.848 E/RHWC2   (  376): fox1 [rtk_gdma_post 1507 ]
05-27 22:06:24.848 E/RHWC2   (  376): fox1 [rtk_gdma_post 1530 ]name_of_layer = com.redflix.tvmoderno/com.redx.tvbox.MainActivity#0 num_of_layers=1
05-27 22:06:24.848 E/RHWC2   (  376): fox 1 [rtk_gdma_post 1531] HAS_FLAG=0
05-27 22:06:24.848 E/RHWC2   (  376): fox1 [rtk_gdma_post 1530 ]name_of_layer = com.redflix.tvmoderno/com.redx.tvbox.ExoPlayerActivity#0 num_of_layers=2
05-27 22:06:24.848 E/RHWC2   (  376): fox 1 [rtk_gdma_post 1531] HAS_FLAG=0
05-27 22:06:24.848 E/RHWC2   (  376): fox1 [rtk_gdma_post 1565 ]
05-27 22:06:24.862 E/RHWC2   (  376): fox1 func=hwc2_func_validate_display line=1291 
05-27 22:06:24.862 E/RHWC2   (  376): fox1 func=hwc2_func_validate_display line=1411 
05-27 22:06:24.864 E/RHWC2   (  376): fox1 [rtk_gdma_post 1507 ]
05-27 22:06:24.865 E/RHWC2   (  376): fox1 [rtk_gdma_post 1530 ]name_of_layer = com.redflix.tvmoderno/com.redx.tvbox.MainActivity#0 num_of_layers=1
05-27 22:06:24.865 E/RHWC2   (  376): fox 1 [rtk_gdma_post 1531] HAS_FLAG=0
05-27 22:06:24.865 E/RHWC2   (  376): fox1 [rtk_gdma_post 1530 ]name_of_layer = com.redflix.tvmoderno/com.redx.tvbox.ExoPlayerActivity#0 num_of_layers=2
05-27 22:06:24.865 E/RHWC2   (  376): fox 1 [rtk_gdma_post 1531] HAS_FLAG=0
05-27 22:06:24.865 E/RHWC2   (  376): fox1 [rtk_gdma_post 1565 ]
05-27 22:06:24.879 E/RHWC2   (  376): fox1 func=hwc2_func_validate_display line=1291 
05-27 22:06:24.879 E/RHWC2   (  376): fox1 func=hwc2_func_validate_display line=1411 
05-27 22:06:24.881 E/RHWC2   (  376): fox1 [rtk_gdma_post 1507 ]
05-27 22:06:24.881 E/RHWC2   (  376): fox1 [rtk_gdma_post 1530 ]name_of_layer = com.redflix.tvmoderno/com.redx.tvbox.MainActivity#0 num_of_layers=1
05-27 22:06:24.881 E/RHWC2   (  376): fox 1 [rtk_gdma_post 1531] HAS_FLAG=0
05-27 22:06:24.881 E/RHWC2   (  376): fox1 [rtk_gdma_post 1530 ]name_of_layer = com.redflix.tvmoderno/com.redx.tvbox.ExoPlayerActivity#0 num_of_layers=2
05-27 22:06:24.881 E/RHWC2   (  376): fox 1 [rtk_gdma_post 1531] HAS_FLAG=0
05-27 22:06:24.881 E/RHWC2   (  376): fox1 [rtk_gdma_post 1565 ]
05-27 22:06:24.897 E/RHWC2   (  376): fox1 func=hwc2_func_validate_display line=1291 
05-27 22:06:24.897 E/RHWC2   (  376): fox1 func=hwc2_func_validate_display line=1411 
05-27 22:06:24.899 E/RHWC2   (  376): fox1 [rtk_gdma_post 1507 ]
05-27 22:06:24.899 E/RHWC2   (  376): fox1 [rtk_gdma_post 1530 ]name_of_layer = com.redflix.tvmoderno/com.redx.tvbox.MainActivity#0 num_of_layers=1
05-27 22:06:24.899 E/RHWC2   (  376): fox 1 [rtk_gdma_post 1531] HAS_FLAG=0
05-27 22:06:24.899 E/RHWC2   (  376): fox1 [rtk_gdma_post 1565 ]
05-27 22:06:24.912 E/RHWC2   (  376): fox1 func=hwc2_func_validate_display line=1291 
05-27 22:06:24.912 E/RHWC2   (  376): fox1 func=hwc2_func_validate_display line=1411 
05-27 22:06:24.914 E/RHWC2   (  376): fox1 [rtk_gdma_post 1507 ]
05-27 22:06:24.914 E/RHWC2   (  376): fox1 [rtk_gdma_post 1530 ]name_of_layer = com.redflix.tvmoderno/com.redx.tvbox.MainActivity#0 num_of_layers=1
05-27 22:06:24.914 E/RHWC2   (  376): fox 1 [rtk_gdma_post 1531] HAS_FLAG=0
05-27 22:06:24.914 E/RHWC2   (  376): fox1 [rtk_gdma_post 1565 ]
05-27 22:06:24.929 E/RHWC2   (  376): fox1 func=hwc2_func_validate_display line=1291 
05-27 22:06:24.929 E/RHWC2   (  376): fox1 func=hwc2_func_validate_display line=1411 
05-27 22:06:24.931 E/RHWC2   (  376): fox1 [rtk_gdma_post 1507 ]
05-27 22:06:24.931 E/RHWC2   (  376): fox1 [rtk_gdma_post 1530 ]name_of_layer = com.redflix.tvmoderno/com.redx.tvbox.MainActivity#0 num_of_layers=1
05-27 22:06:24.931 E/RHWC2   (  376): fox 1 [rtk_gdma_post 1531] HAS_FLAG=0
05-27 22:06:24.931 E/RHWC2   (  376): fox1 [rtk_gdma_post 1565 ]
05-27 22:06:24.937 I/RED-X-Player( 2466): [RED_EXOPLAYER] onStop
05-27 22:06:24.939 I/RED-X-Player( 2466): [RED_EXOPLAYER] onDestroy
05-27 22:06:24.939 I/RED-X-Player( 2466): onDestroy
05-27 22:06:24.939 I/ExoPlayerImpl( 2466): Release fe4727e [AndroidXMedia3/1.2.0] [G07, Smart TV, TCL, 30] [media3.common, media3.ui, media3.exoplayer, media3.decoder, media3.exoplayer.hls, media3.datasource]
05-27 22:06:24.945 E/RHWC2   (  376): fox1 func=hwc2_func_validate_display line=1291 
05-27 22:06:24.945 E/RHWC2   (  376): fox1 func=hwc2_func_validate_display line=1411 
05-27 22:06:24.947 E/RHWC2   (  376): fox1 [rtk_gdma_post 1507 ]
05-27 22:06:24.947 E/RHWC2   (  376): fox1 [rtk_gdma_post 1530 ]name_of_layer = com.redflix.tvmoderno/com.redx.tvbox.MainActivity#0 num_of_layers=1
05-27 22:06:24.947 E/RHWC2   (  376): fox 1 [rtk_gdma_post 1531] HAS_FLAG=0
05-27 22:06:24.947 E/RHWC2   (  376): fox1 [rtk_gdma_post 1565 ]
05-27 22:06:24.962 E/RHWC2   (  376): fox1 func=hwc2_func_validate_display line=1291 
05-27 22:06:24.962 E/RHWC2   (  376): fox1 func=hwc2_func_validate_display line=1411 
05-27 22:06:24.963 E/RHWC2   (  376): fox1 [rtk_gdma_post 1507 ]
05-27 22:06:24.964 E/RHWC2   (  376): fox1 [rtk_gdma_post 1530 ]name_of_layer = com.redflix.tvmoderno/com.redx.tvbox.MainActivity#0 num_of_layers=1
05-27 22:06:24.964 E/RHWC2   (  376): fox 1 [rtk_gdma_post 1531] HAS_FLAG=0
05-27 22:06:24.964 E/RHWC2   (  376): fox1 [rtk_gdma_post 1565 ]
05-27 22:06:24.967 E/BufferQueueProducer(  417): [com.redflix.tvmoderno/com.redx.tvbox.ExoPlayerActivity#0](id:1a1000000c2,api:0,p:-1,c:417) disconnect: not connected (req=1)
05-27 22:06:24.967 W/libEGL  ( 2466): EGLNativeWindowType 0x68b94788 disconnect failed
05-27 22:06:24.979 E/RHWC2   (  376): fox1 func=hwc2_func_validate_display line=1291 
05-27 22:06:24.979 E/RHWC2   (  376): fox1 func=hwc2_func_validate_display line=1411 
05-27 22:06:24.980 E/RHWC2   (  376): fox1 [rtk_gdma_post 1507 ]
05-27 22:06:24.980 E/RHWC2   (  376): fox1 [rtk_gdma_post 1530 ]name_of_layer = com.redflix.tvmoderno/com.redx.tvbox.MainActivity#0 num_of_layers=1
05-27 22:06:24.980 E/RHWC2   (  376): fox 1 [rtk_gdma_post 1531] HAS_FLAG=0
05-27 22:06:24.980 E/RHWC2   (  376): fox1 [rtk_gdma_post 1565 ]
05-27 22:06:24.995 D/wpa_supplicant( 1207): wlan_traffic_statistics rx_byte = 959510850 rx rate = 70 Kb/s
05-27 22:06:24.995 D/wpa_supplicant( 1207): wlan_traffic_statistics tx_byte = 157319207 tx rate = 250 Kb/s
05-27 22:06:24.995 E/RHWC2   (  376): fox1 func=hwc2_func_validate_display line=1291 
05-27 22:06:24.995 E/RHWC2   (  376): fox1 func=hwc2_func_validate_display line=1411 
05-27 22:06:24.996 E/RHWC2   (  376): fox1 [rtk_gdma_post 1507 ]
05-27 22:06:24.996 E/RHWC2   (  376): fox1 [rtk_gdma_post 1530 ]name_of_layer = com.redflix.tvmoderno/com.redx.tvbox.MainActivity#0 num_of_layers=1
05-27 22:06:24.996 E/RHWC2   (  376): fox 1 [rtk_gdma_post 1531] HAS_FLAG=0
05-27 22:06:24.996 E/RHWC2   (  376): fox1 [rtk_gdma_post 1565 ]
05-27 22:06:25.129 E/TTVS_LOG( 2208): BI_Se-newPackageName=com.redflix.tvmoderno  oldPackageName=com.redflix.tvmoderno
05-27 22:06:25.302 E/WifiVendorHal(  806): getWifiLinkLayerStats_1_3_Internal(l.978) failed {.code = ERROR_NOT_SUPPORTED, .description = }
05-27 22:06:25.308 D/WifiClientModeImpl(  806): fetchRssiLinkSpeedAndFrequencyNative rssi=-74 TxLinkspeed=117 freq=2417 RxLinkSpeed=0
05-27 22:06:25.308 V/WifiConfigManager(  806): Updating scan detail cache freq=2417 BSSID=f8:2d:c0:24:9e:d2 RSSI=-73 for "BOLSONARO2018"WPA_PSK
05-27 22:06:25.308 D/WifiThroughputPredictor(  806):  utilization (BssLoad) -1 utilization (LLStats) 80 isBluetoothConnected: false final utilization: 80
05-27 22:06:25.309 D/WifiThroughputPredictor(  806):  utilization (BssLoad) -1 utilization (LLStats) 80 isBluetoothConnected: false final utilization: 80
05-27 22:06:25.309 D/WifiScoreCard(  806): BSSID update SIGNAL_POLL ID: 398514962 SSID: BOLSONARO2018, BSSID: f8:2d:c0:24:9e:d2, MAC: 64:57:25:8c:68:c1, Supplicant state: COMPLETED, Wi-Fi standard: 0, RSSI: -74, Link speed: 117Mbps, Tx Link speed: 117Mbps, Max Supported Tx Link speed: -1Mbps, Rx Link speed: -1Mbps, Max Supported Rx Link speed: -1Mbps, Frequency: 2417MHz, Net ID: 0, Metered hint: false, score: 59
05-27 22:06:25.309 D/WifiScoreCard(  806): txRate: 117 txSpeed: 117
05-27 22:06:25.309 D/WifiScoreCard(  806): network update SIGNAL_POLL "BOLSONARO2018" ID: 976476524 RSSI -74 txSpeed 117
05-27 22:06:25.309 D/WifiScoreCard(  806): SSID: "BOLSONARO2018"
05-27 22:06:25.309 D/WifiScoreCard(  806):  LastRssiPollTime: 12365374 LastRssiPoll: -74 LastTxSpeedPoll: 117
05-27 22:06:25.309 D/WifiScoreCard(  806):  StatsRecent:  ConnectAttempt: 4 ConnectFailure: 0 ConnectDurSec: 6372708 AssocRej: 0 AssocTimeout: 0 AuthFailure: 0 ShortDiscNonlocal: 6 DisconnectNonlocal: 7 Disconnect: 13 ConsecutiveConnectFailure: 0
05-27 22:06:25.309 D/WifiScoreCard(  806):  StatsCurr:  ConnectAttempt: 54 ConnectFailure: 0 ConnectDurSec: 759544 AssocRej: 0 AssocTimeout: 0 AuthFailure: 0 ShortDiscNonlocal: 39 DisconnectNonlocal: 53 Disconnect: 73 ConsecutiveConnectFailure: 0
05-27 22:06:25.309 D/WifiScoreCard(  806):  StatsPrev:  ConnectAttempt: 15 ConnectFailure: 0 ConnectDurSec: 211923 AssocRej: 0 AssocTimeout: 0 AuthFailure: 0 ShortDiscNonlocal: 10 DisconnectNonlocal: 19 Disconnect: 32 ConsecutiveConnectFailure: 0
05-27 22:06:25.311 D/ConnectivityListener( 1306): updateWifiConnectivityStatus
05-27 22:06:25.311 D/WifiClientModeImpl(  806):  L2ConnectedState screen=on 1 0 "BOLSONARO2018" f8:2d:c0:24:9e:d2 rssi=-74 f=2417 sc=59 link=117 tx=116,7, 0,0, 0,0  rx=103,0 bcn=0 [on:0 tx:0 rx:0 period:3009] from screen [on:0 period:1813924767] score=59
05-27 22:06:25.311 I/WifiService(  806): getConnectionInfo uid=1000
05-27 22:06:25.312 D/ConnectivityListener( 1306): updateWifiConnectivityStatus: AP state = COMPLETED
05-27 22:06:25.312 D/ConnectivityListener( 1306): updateWifiConnectivityStatus: AP is connected
05-27 22:06:25.312 D/ConnectivityListener( 1306): setWifiStatus connected = true
05-27 22:06:25.312 D/ConnectivityListener( 1306): updateWifiConnectivityStatus: ssid = "BOLSONARO2018"
05-27 22:06:25.312 D/ConnectivityListener( 1306): isWireConnected: 
05-27 22:06:25.313 D/ConnectivityListener( 1306): isWireConnected = false
05-27 22:06:25.313 D/ConnectivityListener( 1306): setEthernetStatus = false
05-27 22:06:25.313 D/MainFragment( 1306): updateConnectivity() start
05-27 22:06:25.313 D/MainFragment( 1306): connectedState = true
05-27 22:06:25.313 D/MainFragment( 1306): TextUtils.isEmpty(connectedState) = false
05-27 22:06:25.313 I/WifiService(  806): getWifiEnabledState uid=1000
05-27 22:06:25.313 D/ConnectivityListener( 1306): isWifiEnabledOrEnabling: wifiManager.getWifiState = 3
05-27 22:06:25.314 I/WifiService(  806): getWifiEnabledState uid=1000
05-27 22:06:25.314 D/ConnectivityListener( 1306): isWifiConnected: isWifiConnected = true
05-27 22:06:25.314 I/WifiService(  806): getConnectionInfo uid=1000
05-27 22:06:25.314 I/WifiService(  806): getConnectionInfo uid=1000
05-27 22:06:25.315 D/MainFragment( 1306): updateConnectivity() end
05-27 22:06:25.596 I/HdmieArc(  394): earc status newStatus 0, oldStatus=EN_TOS_CEC_EARC_STATUS_HANDSHAKE
05-27 22:06:25.596 I/HdmieArc(  394): rhal earc status: 0, error code: 0 
05-27 22:06:25.944 E/RHWC2   (  376): fox1 func=hwc2_func_validate_display line=1291 
05-27 22:06:25.944 E/RHWC2   (  376): fox1 func=hwc2_func_validate_display line=1411 
05-27 22:06:25.946 E/RHWC2   (  376): fox1 [rtk_gdma_post 1507 ]
05-27 22:06:25.946 E/RHWC2   (  376): fox1 [rtk_gdma_post 1530 ]name_of_layer = com.redflix.tvmoderno/com.redx.tvbox.MainActivity#0 num_of_layers=1
05-27 22:06:25.946 E/RHWC2   (  376): fox 1 [rtk_gdma_post 1531] HAS_FLAG=0
05-27 22:06:25.946 E/RHWC2   (  376): fox1 [rtk_gdma_post 1565 ]
05-27 22:06:25.961 E/RHWC2   (  376): fox1 func=hwc2_func_validate_display line=1291 
05-27 22:06:25.962 E/RHWC2   (  376): fox1 func=hwc2_func_validate_display line=1411 
05-27 22:06:25.964 E/RHWC2   (  376): fox1 [rtk_gdma_post 1507 ]
05-27 22:06:25.964 E/RHWC2   (  376): fox1 [rtk_gdma_post 1530 ]name_of_layer = com.redflix.tvmoderno/com.redx.tvbox.MainActivity#0 num_of_layers=1
05-27 22:06:25.964 E/RHWC2   (  376): fox 1 [rtk_gdma_post 1531] HAS_FLAG=0
05-27 22:06:25.964 E/RHWC2   (  376): fox1 [rtk_gdma_post 1565 ]
05-27 22:06:25.978 E/RHWC2   (  376): fox1 func=hwc2_func_validate_display line=1291 
05-27 22:06:25.978 E/RHWC2   (  376): fox1 func=hwc2_func_validate_display line=1411 
05-27 22:06:25.980 E/RHWC2   (  376): fox1 [rtk_gdma_post 1507 ]
05-27 22:06:25.981 E/RHWC2   (  376): fox1 [rtk_gdma_post 1530 ]name_of_layer = com.redflix.tvmoderno/com.redx.tvbox.MainActivity#0 num_of_layers=1
05-27 22:06:25.981 E/RHWC2   (  376): fox 1 [rtk_gdma_post 1531] HAS_FLAG=0
05-27 22:06:25.981 E/RHWC2   (  376): fox1 [rtk_gdma_post 1565 ]
05-27 22:06:25.995 E/RHWC2   (  376): fox1 func=hwc2_func_validate_display line=1291 
05-27 22:06:25.995 E/RHWC2   (  376): fox1 func=hwc2_func_validate_display line=1411 
05-27 22:06:25.997 E/RHWC2   (  376): fox1 [rtk_gdma_post 1507 ]
05-27 22:06:25.997 E/RHWC2   (  376): fox1 [rtk_gdma_post 1530 ]name_of_layer = com.redflix.tvmoderno/com.redx.tvbox.MainActivity#0 num_of_layers=1
05-27 22:06:25.997 E/RHWC2   (  376): fox 1 [rtk_gdma_post 1531] HAS_FLAG=0
05-27 22:06:25.997 E/RHWC2   (  376): fox1 [rtk_gdma_post 1565 ]
05-27 22:06:26.012 E/RHWC2   (  376): fox1 func=hwc2_func_validate_display line=1291 
05-27 22:06:26.012 E/RHWC2   (  376): fox1 func=hwc2_func_validate_display line=1411 
05-27 22:06:26.014 E/RHWC2   (  376): fox1 [rtk_gdma_post 1507 ]
05-27 22:06:26.014 E/RHWC2   (  376): fox1 [rtk_gdma_post 1530 ]name_of_layer = com.redflix.tvmoderno/com.redx.tvbox.MainActivity#0 num_of_layers=1
05-27 22:06:26.014 E/RHWC2   (  376): fox 1 [rtk_gdma_post 1531] HAS_FLAG=0
05-27 22:06:26.014 E/RHWC2   (  376): fox1 [rtk_gdma_post 1565 ]
05-27 22:06:26.028 E/RHWC2   (  376): fox1 func=hwc2_func_validate_display line=1291 
05-27 22:06:26.028 E/RHWC2   (  376): fox1 func=hwc2_func_validate_display line=1411 
05-27 22:06:26.030 E/RHWC2   (  376): fox1 [rtk_gdma_post 1507 ]
05-27 22:06:26.030 E/RHWC2   (  376): fox1 [rtk_gdma_post 1530 ]name_of_layer = com.redflix.tvmoderno/com.redx.tvbox.MainActivity#0 num_of_layers=1
05-27 22:06:26.030 E/RHWC2   (  376): fox 1 [rtk_gdma_post 1531] HAS_FLAG=0
05-27 22:06:26.030 E/RHWC2   (  376): fox1 [rtk_gdma_post 1565 ]
05-27 22:06:26.045 E/RHWC2   (  376): fox1 func=hwc2_func_validate_display line=1291 
05-27 22:06:26.045 E/RHWC2   (  376): fox1 func=hwc2_func_validate_display line=1411 
05-27 22:06:26.047 E/RHWC2   (  376): fox1 [rtk_gdma_post 1507 ]
05-27 22:06:26.047 E/RHWC2   (  376): fox1 [rtk_gdma_post 1530 ]name_of_layer = com.redflix.tvmoderno/com.redx.tvbox.MainActivity#0 num_of_layers=1
05-27 22:06:26.047 E/RHWC2   (  376): fox 1 [rtk_gdma_post 1531] HAS_FLAG=0
05-27 22:06:26.047 E/RHWC2   (  376): fox1 [rtk_gdma_post 1565 ]
05-27 22:06:26.062 E/RHWC2   (  376): fox1 func=hwc2_func_validate_display line=1291 
05-27 22:06:26.062 E/RHWC2   (  376): fox1 func=hwc2_func_validate_display line=1411 
05-27 22:06:26.064 E/RHWC2   (  376): fox1 [rtk_gdma_post 1507 ]
05-27 22:06:26.064 E/RHWC2   (  376): fox1 [rtk_gdma_post 1530 ]name_of_layer = com.redflix.tvmoderno/com.redx.tvbox.MainActivity#0 num_of_layers=1
05-27 22:06:26.064 E/RHWC2   (  376): fox 1 [rtk_gdma_post 1531] HAS_FLAG=0
05-27 22:06:26.064 E/RHWC2   (  376): fox1 [rtk_gdma_post 1565 ]
05-27 22:06:26.078 E/RHWC2   (  376): fox1 func=hwc2_func_validate_display line=1291 
05-27 22:06:26.078 E/RHWC2   (  376): fox1 func=hwc2_func_validate_display line=1411 
05-27 22:06:26.080 E/RHWC2   (  376): fox1 [rtk_gdma_post 1507 ]
05-27 22:06:26.080 E/RHWC2   (  376): fox1 [rtk_gdma_post 1530 ]name_of_layer = com.redflix.tvmoderno/com.redx.tvbox.MainActivity#0 num_of_layers=1
05-27 22:06:26.080 E/RHWC2   (  376): fox 1 [rtk_gdma_post 1531] HAS_FLAG=0
05-27 22:06:26.080 E/RHWC2   (  376): fox1 [rtk_gdma_post 1565 ]
05-27 22:06:26.095 E/RHWC2   (  376): fox1 func=hwc2_func_validate_display line=1291 
05-27 22:06:26.095 E/RHWC2   (  376): fox1 func=hwc2_func_validate_display line=1411 
05-27 22:06:26.097 E/RHWC2   (  376): fox1 [rtk_gdma_post 1507 ]
05-27 22:06:26.097 E/RHWC2   (  376): fox1 [rtk_gdma_post 1530 ]name_of_layer = com.redflix.tvmoderno/com.redx.tvbox.MainActivity#0 num_of_layers=1
05-27 22:06:26.097 E/RHWC2   (  376): fox 1 [rtk_gdma_post 1531] HAS_FLAG=0
05-27 22:06:26.097 E/RHWC2   (  376): fox1 [rtk_gdma_post 1565 ]
05-27 22:06:26.112 E/RHWC2   (  376): fox1 func=hwc2_func_validate_display line=1291 
05-27 22:06:26.112 E/RHWC2   (  376): fox1 func=hwc2_func_validate_display line=1411 
05-27 22:06:26.114 E/RHWC2   (  376): fox1 [rtk_gdma_post 1507 ]
05-27 22:06:26.114 E/RHWC2   (  376): fox1 [rtk_gdma_post 1530 ]name_of_layer = com.redflix.tvmoderno/com.redx.tvbox.MainActivity#0 num_of_layers=1
05-27 22:06:26.114 E/RHWC2   (  376): fox 1 [rtk_gdma_post 1531] HAS_FLAG=0
05-27 22:06:26.114 E/RHWC2   (  376): fox1 [rtk_gdma_post 1565 ]
05-27 22:06:26.128 E/RHWC2   (  376): fox1 func=hwc2_func_validate_display line=1291 
05-27 22:06:26.128 E/RHWC2   (  376): fox1 func=hwc2_func_validate_display line=1411 
05-27 22:06:26.130 E/RHWC2   (  376): fox1 [rtk_gdma_post 1507 ]
05-27 22:06:26.130 E/RHWC2   (  376): fox1 [rtk_gdma_post 1530 ]name_of_layer = com.redflix.tvmoderno/com.redx.tvbox.MainActivity#0 num_of_layers=1
05-27 22:06:26.130 E/RHWC2   (  376): fox 1 [rtk_gdma_post 1531] HAS_FLAG=0
05-27 22:06:26.130 E/RHWC2   (  376): fox1 [rtk_gdma_post 1565 ]
05-27 22:06:26.145 E/RHWC2   (  376): fox1 func=hwc2_func_validate_display line=1291 
05-27 22:06:26.145 E/RHWC2   (  376): fox1 func=hwc2_func_validate_display line=1411 
05-27 22:06:26.147 E/RHWC2   (  376): fox1 [rtk_gdma_post 1507 ]
05-27 22:06:26.147 E/RHWC2   (  376): fox1 [rtk_gdma_post 1530 ]name_of_layer = com.redflix.tvmoderno/com.redx.tvbox.MainActivity#0 num_of_layers=1
05-27 22:06:26.147 E/RHWC2   (  376): fox 1 [rtk_gdma_post 1531] HAS_FLAG=0
05-27 22:06:26.147 E/RHWC2   (  376): fox1 [rtk_gdma_post 1565 ]
05-27 22:06:26.162 E/RHWC2   (  376): fox1 func=hwc2_func_validate_display line=1291 
05-27 22:06:26.162 E/RHWC2   (  376): fox1 func=hwc2_func_validate_display line=1411 
05-27 22:06:26.164 E/RHWC2   (  376): fox1 [rtk_gdma_post 1507 ]
05-27 22:06:26.164 E/RHWC2   (  376): fox1 [rtk_gdma_post 1530 ]name_of_layer = com.redflix.tvmoderno/com.redx.tvbox.MainActivity#0 num_of_layers=1
05-27 22:06:26.164 E/RHWC2   (  376): fox 1 [rtk_gdma_post 1531] HAS_FLAG=0
05-27 22:06:26.164 E/RHWC2   (  376): fox1 [rtk_gdma_post 1565 ]
05-27 22:06:26.178 E/RHWC2   (  376): fox1 func=hwc2_func_validate_display line=1291 
05-27 22:06:26.178 E/RHWC2   (  376): fox1 func=hwc2_func_validate_display line=1411 
05-27 22:06:26.180 E/RHWC2   (  376): fox1 [rtk_gdma_post 1507 ]
05-27 22:06:26.181 E/RHWC2   (  376): fox1 [rtk_gdma_post 1530 ]name_of_layer = com.redflix.tvmoderno/com.redx.tvbox.MainActivity#0 num_of_layers=1
05-27 22:06:26.181 E/RHWC2   (  376): fox 1 [rtk_gdma_post 1531] HAS_FLAG=0
05-27 22:06:26.181 E/RHWC2   (  376): fox1 [rtk_gdma_post 1565 ]
05-27 22:06:26.195 E/RHWC2   (  376): fox1 func=hwc2_func_validate_display line=1291 
05-27 22:06:26.195 E/RHWC2   (  376): fox1 func=hwc2_func_validate_display line=1411 
05-27 22:06:26.197 E/RHWC2   (  376): fox1 [rtk_gdma_post 1507 ]
05-27 22:06:26.197 E/RHWC2   (  376): fox1 [rtk_gdma_post 1530 ]name_of_layer = com.redflix.tvmoderno/com.redx.tvbox.MainActivity#0 num_of_layers=1
05-27 22:06:26.197 E/RHWC2   (  376): fox 1 [rtk_gdma_post 1531] HAS_FLAG=0
05-27 22:06:26.197 E/RHWC2   (  376): fox1 [rtk_gdma_post 1565 ]
05-27 22:06:26.212 E/RHWC2   (  376): fox1 func=hwc2_func_validate_display line=1291 
05-27 22:06:26.212 E/RHWC2   (  376): fox1 func=hwc2_func_validate_display line=1411 
05-27 22:06:26.214 E/RHWC2   (  376): fox1 [rtk_gdma_post 1507 ]
05-27 22:06:26.214 E/RHWC2   (  376): fox1 [rtk_gdma_post 1530 ]name_of_layer = com.redflix.tvmoderno/com.redx.tvbox.MainActivity#0 num_of_layers=1
05-27 22:06:26.214 E/RHWC2   (  376): fox 1 [rtk_gdma_post 1531] HAS_FLAG=0
05-27 22:06:26.214 E/RHWC2   (  376): fox1 [rtk_gdma_post 1565 ]
05-27 22:06:26.228 E/RHWC2   (  376): fox1 func=hwc2_func_validate_display line=1291 
05-27 22:06:26.228 E/RHWC2   (  376): fox1 func=hwc2_func_validate_display line=1411 
05-27 22:06:26.230 E/RHWC2   (  376): fox1 [rtk_gdma_post 1507 ]
05-27 22:06:26.230 E/RHWC2   (  376): fox1 [rtk_gdma_post 1530 ]name_of_layer = com.redflix.tvmoderno/com.redx.tvbox.MainActivity#0 num_of_layers=1
05-27 22:06:26.230 E/RHWC2   (  376): fox 1 [rtk_gdma_post 1531] HAS_FLAG=0
05-27 22:06:26.230 E/RHWC2   (  376): fox1 [rtk_gdma_post 1565 ]
05-27 22:06:26.598 I/HdmieArc(  394): earc status newStatus 0, oldStatus=EN_TOS_CEC_EARC_STATUS_HANDSHAKE
05-27 22:06:26.598 I/HdmieArc(  394): rhal earc status: 0, error code: 0 
05-27 22:06:26.997 D/wpa_supplicant( 1207): wlan_traffic_statistics rx_byte = 959516178 rx rate = 20 Kb/s
05-27 22:06:26.997 D/wpa_supplicant( 1207): wlan_traffic_statistics tx_byte = 157335388 tx rate = 63 Kb/s
05-27 22:06:27.481 D/TCastPublishOverUdp( 2208): ed8fb9a@sendOnline
05-27 22:06:27.598 I/HdmieArc(  394): earc status newStatus 0, oldStatus=EN_TOS_CEC_EARC_STATUS_HANDSHAKE
05-27 22:06:27.598 I/HdmieArc(  394): rhal earc status: 0, error code: 0 
05-27 22:06:27.868 D/wpa_supplicant( 1207): nl80211: Drv Event 56 (NL80211_CMD_CANCEL_REMAIN_ON_CHANNEL) received for p2p0
05-27 22:06:27.868 D/wpa_supplicant( 1207): nl80211: Remain-on-channel event (cancel=1 freq=2417 channel_type=0 duration=0 cookie=0x995 (match))
05-27 22:06:27.868 D/wpa_supplicant( 1207): p2p0: Event CANCEL_REMAIN_ON_CHANNEL (20) received
05-27 22:06:27.868 D/wpa_supplicant( 1207): P2P: Cancel remain-on-channel callback (p2p_long_listen=1904537704 ms pending_action_tx=0x0)
05-27 22:06:27.868 D/wpa_supplicant( 1207): p2p0: Radio work 'p2p-listen'@0xb4f80f50 done in 5.023723 seconds
05-27 22:06:27.868 D/wpa_supplicant( 1207): p2p0: radio_work_free('p2p-listen'@0xb4f80f50): num_active_works --> 0
05-27 22:06:27.868 D/wpa_supplicant( 1207): P2P: Driver ended Listen state (freq=2417)
05-27 22:06:27.868 D/wpa_supplicant( 1207): P2P: Continuing long Listen state
05-27 22:06:27.868 D/wpa_supplicant( 1207): P2P: Going to listen(only) state
05-27 22:06:27.868 D/wpa_supplicant( 1207): STA wpa_state=9 freq=2417
05-27 22:06:27.868 D/wpa_supplicant( 1207): P2P: cfg reg_class(81) channel(2)
05-27 22:06:27.868 D/wpa_supplicant( 1207): P2P: cfg reg_class(81) channel(2)
05-27 22:06:27.868 D/wpa_supplicant( 1207): P2P: Set Listen channel: reg_class 81 channel 2
05-27 22:06:27.868 D/wpa_supplicant( 1207): P2P: Defer setting listen channel
05-27 22:06:27.868 D/wpa_supplicant( 1207): P2P: p2p listen class(81)/channel(2)
05-27 22:06:27.868 D/wpa_supplicant( 1207): WPS:  * Version (hardcoded 0x10)
05-27 22:06:27.868 D/wpa_supplicant( 1207): WPS:  * UUID-E
05-27 22:06:27.868 D/wpa_supplicant( 1207): WPS:  * Version2 (0x20)
05-27 22:06:27.868 D/wpa_supplicant( 1207): P2P: * P2P IE header
05-27 22:06:27.868 D/wpa_supplicant( 1207): P2P: * Capability dev=25 group=00
05-27 22:06:27.868 D/wpa_supplicant( 1207): P2P: * Listen Channel: Regulatory Class 81 Channel 2
05-27 22:06:27.868 D/wpa_supplicant( 1207): P2P: * Device Info
05-27 22:06:27.868 D/wpa_supplicant( 1207): p2p0: Add radio work 'p2p-listen'@0xb4f80f50
05-27 22:06:27.868 D/wpa_supplicant( 1207): p2p0: First radio work item in the queue - schedule start immediately
05-27 22:06:27.868 D/wpa_supplicant( 1207): P2P: State LISTEN_ONLY -> LISTEN_ONLY
05-27 22:06:27.868 D/wpa_supplicant( 1207): p2p0: Starting radio work 'p2p-listen'@0xb4f80f50 after 0.000072 second wait
05-27 22:06:27.868 D/wpa_supplicant( 1207): nl80211: Probe Request reporting already on! nl_preq=0x3c74b859
05-27 22:06:27.868 D/wpa_supplicant( 1207): nl80211: Remain-on-channel cookie 0x996 for freq=2417 MHz duration=5000
05-27 22:06:27.887 D/wpa_supplicant( 1207): P2P: Timeout (state=LISTEN_ONLY)
05-27 22:06:27.890 D/wpa_supplicant( 1207): nl80211: Drv Event 55 (NL80211_CMD_REMAIN_ON_CHANNEL) received for p2p0
05-27 22:06:27.890 D/wpa_supplicant( 1207): nl80211: Remain-on-channel event (cancel=0 freq=2417 channel_type=0 duration=5000 cookie=0x996 (match))
05-27 22:06:27.890 D/wpa_supplicant( 1207): p2p0: Event REMAIN_ON_CHANNEL (19) received
05-27 22:06:27.890 D/wpa_supplicant( 1207): Off-channel: Send Action callback (without_roc=0 pending_action_tx=0x0 pending_action_tx_done=0)
05-27 22:06:27.890 D/wpa_supplicant( 1207): P2P: remain-on-channel callback (off_channel_freq=2417 pending_listen_freq=2417 roc_waiting_drv_freq=0 freq=2417 duration=5000)
05-27 22:06:27.890 D/wpa_supplicant( 1207): STA wpa_state=9 freq=2417
05-27 22:06:27.890 D/wpa_supplicant( 1207): P2P: Starting Listen timeout(5,0) on freq=2417 based on callback
05-27 22:06:27.890 D/wpa_supplicant( 1207): P2P: Set timeout (state=LISTEN_ONLY): 5.020000 sec
05-27 22:06:28.019 E/TaskPersister(  806): File error accessing recents directory (directory doesn't exist?).
05-27 22:06:28.313 E/WifiVendorHal(  806): getWifiLinkLayerStats_1_3_Internal(l.978) failed {.code = ERROR_NOT_SUPPORTED, .description = }
05-27 22:06:28.319 D/WifiClientModeImpl(  806): fetchRssiLinkSpeedAndFrequencyNative rssi=-74 TxLinkspeed=104 freq=2417 RxLinkSpeed=0
05-27 22:06:28.319 V/WifiConfigManager(  806): Updating scan detail cache freq=2417 BSSID=f8:2d:c0:24:9e:d2 RSSI=-73 for "BOLSONARO2018"WPA_PSK
05-27 22:06:28.320 D/WifiThroughputPredictor(  806):  utilization (BssLoad) -1 utilization (LLStats) 80 isBluetoothConnected: false final utilization: 80
05-27 22:06:28.320 D/WifiThroughputPredictor(  806):  utilization (BssLoad) -1 utilization (LLStats) 80 isBluetoothConnected: false final utilization: 80
05-27 22:06:28.320 D/WifiScoreCard(  806): BSSID update SIGNAL_POLL ID: 398514962 SSID: BOLSONARO2018, BSSID: f8:2d:c0:24:9e:d2, MAC: 64:57:25:8c:68:c1, Supplicant state: COMPLETED, Wi-Fi standard: 0, RSSI: -74, Link speed: 104Mbps, Tx Link speed: 104Mbps, Max Supported Tx Link speed: -1Mbps, Rx Link speed: -1Mbps, Max Supported Rx Link speed: -1Mbps, Frequency: 2417MHz, Net ID: 0, Metered hint: false, score: 59
05-27 22:06:28.320 D/WifiScoreCard(  806): txRate: 60 txSpeed: 104
05-27 22:06:28.321 D/WifiScoreCard(  806): network update SIGNAL_POLL "BOLSONARO2018" ID: 976476524 RSSI -74 txSpeed 104
05-27 22:06:28.321 D/WifiScoreCard(  806): SSID: "BOLSONARO2018"
05-27 22:06:28.321 D/WifiScoreCard(  806):  LastRssiPollTime: 12368385 LastRssiPoll: -74 LastTxSpeedPoll: 104
05-27 22:06:28.321 D/WifiScoreCard(  806):  StatsRecent:  ConnectAttempt: 4 ConnectFailure: 0 ConnectDurSec: 6372708 AssocRej: 0 AssocTimeout: 0 AuthFailure: 0 ShortDiscNonlocal: 6 DisconnectNonlocal: 7 Disconnect: 13 ConsecutiveConnectFailure: 0
05-27 22:06:28.321 D/WifiScoreCard(  806):  StatsCurr:  ConnectAttempt: 54 ConnectFailure: 0 ConnectDurSec: 759544 AssocRej: 0 AssocTimeout: 0 AuthFailure: 0 ShortDiscNonlocal: 39 DisconnectNonlocal: 53 Disconnect: 73 ConsecutiveConnectFailure: 0
05-27 22:06:28.321 D/WifiScoreCard(  806):  StatsPrev:  ConnectAttempt: 15 ConnectFailure: 0 ConnectDurSec: 211923 AssocRej: 0 AssocTimeout: 0 AuthFailure: 0 ShortDiscNonlocal: 10 DisconnectNonlocal: 19 Disconnect: 32 ConsecutiveConnectFailure: 0
05-27 22:06:28.323 D/ConnectivityListener( 1306): updateWifiConnectivityStatus
05-27 22:06:28.323 I/WifiService(  806): getConnectionInfo uid=1000
05-27 22:06:28.323 D/WifiClientModeImpl(  806):  L2ConnectedState screen=on 1 0 "BOLSONARO2018" f8:2d:c0:24:9e:d2 rssi=-74 f=2417 sc=59 link=104 tx=59,4, 0,0, 0,0  rx=54,0 bcn=0 [on:0 tx:0 rx:0 period:3011] from screen [on:0 period:1813927779] score=59
05-27 22:06:28.323 D/ConnectivityListener( 1306): updateWifiConnectivityStatus: AP state = COMPLETED
05-27 22:06:28.323 D/ConnectivityListener( 1306): updateWifiConnectivityStatus: AP is connected
05-27 22:06:28.323 D/ConnectivityListener( 1306): setWifiStatus connected = true
05-27 22:06:28.324 D/ConnectivityListener( 1306): updateWifiConnectivityStatus: ssid = "BOLSONARO2018"
05-27 22:06:28.324 D/ConnectivityListener( 1306): isWireConnected: 
05-27 22:06:28.324 D/ConnectivityListener( 1306): isWireConnected = false
05-27 22:06:28.324 D/ConnectivityListener( 1306): setEthernetStatus = false
05-27 22:06:28.324 D/MainFragment( 1306): updateConnectivity() start
05-27 22:06:28.324 D/MainFragment( 1306): connectedState = true
05-27 22:06:28.324 D/MainFragment( 1306): TextUtils.isEmpty(connectedState) = false
05-27 22:06:28.325 I/WifiService(  806): getWifiEnabledState uid=1000
05-27 22:06:28.325 D/ConnectivityListener( 1306): isWifiEnabledOrEnabling: wifiManager.getWifiState = 3
05-27 22:06:28.325 I/WifiService(  806): getWifiEnabledState uid=1000
05-27 22:06:28.325 D/ConnectivityListener( 1306): isWifiConnected: isWifiConnected = true
05-27 22:06:28.325 I/WifiService(  806): getConnectionInfo uid=1000
05-27 22:06:28.326 I/WifiService(  806): getConnectionInfo uid=1000
05-27 22:06:28.326 D/MainFragment( 1306): updateConnectivity() end
05-27 22:06:28.598 I/HdmieArc(  394): earc status newStatus 0, oldStatus=EN_TOS_CEC_EARC_STATUS_HANDSHAKE
05-27 22:06:28.598 I/HdmieArc(  394): rhal earc status: 0, error code: 0 
05-27 22:06:28.998 D/wpa_supplicant( 1207): wlan_traffic_statistics rx_byte = 959517206 rx rate = 4 Kb/s
05-27 22:06:28.999 D/wpa_supplicant( 1207): wlan_traffic_statistics tx_byte = 157336871 tx rate = 5 Kb/s
05-27 22:06:29.458 D/TVKitService(  812): getProjectID
05-27 22:06:29.458 D/DeviceInfoImpl(  812): getProjectID from map is 4357
05-27 22:06:29.458 I/TCL_DeviceInfo( 2208): id = 4357
05-27 22:06:29.458 E/TCL_DeviceInfo( 2208): from sita get client type is TCL-LA-RTD51A-S1
05-27 22:06:29.459 D/TVKitService(  812): getSoftwareVersion
05-27 22:06:29.459 D/DeviceInfoImpl(  812): getSoftwareVersion is V8-R51AT01-LF1V126
05-27 22:06:29.459 I/TCL_DeviceInfo( 2208): ret  = V8-R51AT01-LF1V126
05-27 22:06:29.459 I/WifiService(  806): getConnectionInfo uid=1000
05-27 22:06:29.599 I/HdmieArc(  394): earc status newStatus 0, oldStatus=EN_TOS_CEC_EARC_STATUS_HANDSHAKE
05-27 22:06:29.599 I/HdmieArc(  394): rhal earc status: 0, error code: 0 
05-27 22:06:29.690 I/cast_shell( 2612): [0527/220629.689239:INFO:ssdp_device.c(101)] SSDP packets sent for 119 seconds = 3
05-27 22:06:30.599 I/HdmieArc(  394): earc status newStatus 0, oldStatus=EN_TOS_CEC_EARC_STATUS_HANDSHAKE
05-27 22:06:30.599 I/HdmieArc(  394): rhal earc status: 0, error code: 0 
05-27 22:06:30.999 D/wpa_supplicant( 1207): wlan_traffic_statistics rx_byte = 959517767 rx rate = 2 Kb/s
05-27 22:06:30.999 D/wpa_supplicant( 1207): wlan_traffic_statistics tx_byte = 157337827 tx rate = 3 Kb/s
05-27 22:06:31.325 E/WifiVendorHal(  806): getWifiLinkLayerStats_1_3_Internal(l.978) failed {.code = ERROR_NOT_SUPPORTED, .description = }
05-27 22:06:31.330 D/WifiClientModeImpl(  806): fetchRssiLinkSpeedAndFrequencyNative rssi=-74 TxLinkspeed=104 freq=2417 RxLinkSpeed=0
05-27 22:06:31.331 V/WifiConfigManager(  806): Updating scan detail cache freq=2417 BSSID=f8:2d:c0:24:9e:d2 RSSI=-73 for "BOLSONARO2018"WPA_PSK
05-27 22:06:31.331 D/WifiThroughputPredictor(  806):  utilization (BssLoad) -1 utilization (LLStats) 80 isBluetoothConnected: false final utilization: 80
05-27 22:06:31.331 D/WifiThroughputPredictor(  806):  utilization (BssLoad) -1 utilization (LLStats) 80 isBluetoothConnected: false final utilization: 80
05-27 22:06:31.332 D/WifiScoreCard(  806): BSSID update SIGNAL_POLL ID: 398514962 SSID: BOLSONARO2018, BSSID: f8:2d:c0:24:9e:d2, MAC: 64:57:25:8c:68:c1, Supplicant state: COMPLETED, Wi-Fi standard: 0, RSSI: -74, Link speed: 104Mbps, Tx Link speed: 104Mbps, Max Supported Tx Link speed: -1Mbps, Rx Link speed: -1Mbps, Max Supported Rx Link speed: -1Mbps, Frequency: 2417MHz, Net ID: 0, Metered hint: false, score: 59
05-27 22:06:31.332 D/WifiScoreCard(  806): txRate: 24 txSpeed: 104
05-27 22:06:31.332 D/WifiScoreCard(  806): network update SIGNAL_POLL "BOLSONARO2018" ID: 976476524 RSSI -74 txSpeed 104
05-27 22:06:31.332 D/WifiScoreCard(  806): SSID: "BOLSONARO2018"
05-27 22:06:31.332 D/WifiScoreCard(  806):  LastRssiPollTime: 12371396 LastRssiPoll: -74 LastTxSpeedPoll: 104
05-27 22:06:31.332 D/WifiScoreCard(  806):  StatsRecent:  ConnectAttempt: 4 ConnectFailure: 0 ConnectDurSec: 6372708 AssocRej: 0 AssocTimeout: 0 AuthFailure: 0 ShortDiscNonlocal: 6 DisconnectNonlocal: 7 Disconnect: 13 ConsecutiveConnectFailure: 0
05-27 22:06:31.332 D/WifiScoreCard(  806):  StatsCurr:  ConnectAttempt: 54 ConnectFailure: 0 ConnectDurSec: 759544 AssocRej: 0 AssocTimeout: 0 AuthFailure: 0 ShortDiscNonlocal: 39 DisconnectNonlocal: 53 Disconnect: 73 ConsecutiveConnectFailure: 0
05-27 22:06:31.332 D/WifiScoreCard(  806):  StatsPrev:  ConnectAttempt: 15 ConnectFailure: 0 ConnectDurSec: 211923 AssocRej: 0 AssocTimeout: 0 AuthFailure: 0 ShortDiscNonlocal: 10 DisconnectNonlocal: 19 Disconnect: 32 ConsecutiveConnectFailure: 0
05-27 22:06:31.334 D/ConnectivityListener( 1306): updateWifiConnectivityStatus
05-27 22:06:31.334 I/WifiService(  806): getConnectionInfo uid=1000
05-27 22:06:31.334 D/WifiClientModeImpl(  806):  L2ConnectedState screen=on 1 0 "BOLSONARO2018" f8:2d:c0:24:9e:d2 rssi=-74 f=2417 sc=59 link=104 tx=23,9, 0,0, 0,0  rx=21,9 bcn=0 [on:0 tx:0 rx:0 period:3010] from screen [on:0 period:1813930790] score=59
05-27 22:06:31.334 D/ConnectivityListener( 1306): updateWifiConnectivityStatus: AP state = COMPLETED
05-27 22:06:31.334 D/ConnectivityListener( 1306): updateWifiConnectivityStatus: AP is connected
05-27 22:06:31.334 D/ConnectivityListener( 1306): setWifiStatus connected = true
05-27 22:06:31.335 D/ConnectivityListener( 1306): updateWifiConnectivityStatus: ssid = "BOLSONARO2018"
05-27 22:06:31.335 D/ConnectivityListener( 1306): isWireConnected: 
05-27 22:06:31.335 D/ConnectivityListener( 1306): isWireConnected = false
05-27 22:06:31.335 D/ConnectivityListener( 1306): setEthernetStatus = false
05-27 22:06:31.335 D/MainFragment( 1306): updateConnectivity() start
05-27 22:06:31.335 D/MainFragment( 1306): connectedState = true
05-27 22:06:31.336 D/MainFragment( 1306): TextUtils.isEmpty(connectedState) = false
05-27 22:06:31.336 I/WifiService(  806): getWifiEnabledState uid=1000
05-27 22:06:31.336 D/ConnectivityListener( 1306): isWifiEnabledOrEnabling: wifiManager.getWifiState = 3
05-27 22:06:31.336 I/WifiService(  806): getWifiEnabledState uid=1000
05-27 22:06:31.336 D/ConnectivityListener( 1306): isWifiConnected: isWifiConnected = true
05-27 22:06:31.336 I/WifiService(  806): getConnectionInfo uid=1000
05-27 22:06:31.337 I/WifiService(  806): getConnectionInfo uid=1000
05-27 22:06:31.337 D/MainFragment( 1306): updateConnectivity() end
05-27 22:06:31.599 I/HdmieArc(  394): earc status newStatus 0, oldStatus=EN_TOS_CEC_EARC_STATUS_HANDSHAKE
05-27 22:06:31.599 I/HdmieArc(  394): rhal earc status: 0, error code: 0 
05-27 22:06:32.600 I/HdmieArc(  394): earc status newStatus 0, oldStatus=EN_TOS_CEC_EARC_STATUS_HANDSHAKE
05-27 22:06:32.600 I/HdmieArc(  394): rhal earc status: 0, error code: 0 
05-27 22:06:32.882 D/TCastPublishOverUdp( 2208): ed8fb9a@sendOnline
05-27 22:06:32.892 D/wpa_supplicant( 1207): nl80211: Drv Event 56 (NL80211_CMD_CANCEL_REMAIN_ON_CHANNEL) received for p2p0
05-27 22:06:32.892 D/wpa_supplicant( 1207): nl80211: Remain-on-channel event (cancel=1 freq=2417 channel_type=0 duration=0 cookie=0x996 (match))
05-27 22:06:32.892 D/wpa_supplicant( 1207): p2p0: Event CANCEL_REMAIN_ON_CHANNEL (20) received
05-27 22:06:32.892 D/wpa_supplicant( 1207): P2P: Cancel remain-on-channel callback (p2p_long_listen=1904532704 ms pending_action_tx=0x0)
05-27 22:06:32.892 D/wpa_supplicant( 1207): p2p0: Radio work 'p2p-listen'@0xb4f80f50 done in 5.023578 seconds
05-27 22:06:32.892 D/wpa_supplicant( 1207): p2p0: radio_work_free('p2p-listen'@0xb4f80f50): num_active_works --> 0
05-27 22:06:32.892 D/wpa_supplicant( 1207): P2P: Driver ended Listen state (freq=2417)
05-27 22:06:32.892 D/wpa_supplicant( 1207): P2P: Continuing long Listen state
05-27 22:06:32.892 D/wpa_supplicant( 1207): P2P: Going to listen(only) state
05-27 22:06:32.892 D/wpa_supplicant( 1207): STA wpa_state=9 freq=2417
05-27 22:06:32.892 D/wpa_supplicant( 1207): P2P: cfg reg_class(81) channel(2)
05-27 22:06:32.892 D/wpa_supplicant( 1207): P2P: cfg reg_class(81) channel(2)
05-27 22:06:32.892 D/wpa_supplicant( 1207): P2P: Set Listen channel: reg_class 81 channel 2
05-27 22:06:32.892 D/wpa_supplicant( 1207): P2P: Defer setting listen channel
05-27 22:06:32.892 D/wpa_supplicant( 1207): P2P: p2p listen class(81)/channel(2)
05-27 22:06:32.892 D/wpa_supplicant( 1207): WPS:  * Version (hardcoded 0x10)
05-27 22:06:32.892 D/wpa_supplicant( 1207): WPS:  * UUID-E
05-27 22:06:32.892 D/wpa_supplicant( 1207): WPS:  * Version2 (0x20)
05-27 22:06:32.892 D/wpa_supplicant( 1207): P2P: * P2P IE header
05-27 22:06:32.892 D/wpa_supplicant( 1207): P2P: * Capability dev=25 group=00
05-27 22:06:32.892 D/wpa_supplicant( 1207): P2P: * Listen Channel: Regulatory Class 81 Channel 2
05-27 22:06:32.892 D/wpa_supplicant( 1207): P2P: * Device Info
05-27 22:06:32.892 D/wpa_supplicant( 1207): p2p0: Add radio work 'p2p-listen'@0xb4f80f50
05-27 22:06:32.892 D/wpa_supplicant( 1207): p2p0: First radio work item in the queue - schedule start immediately
05-27 22:06:32.892 D/wpa_supplicant( 1207): P2P: State LISTEN_ONLY -> LISTEN_ONLY
05-27 22:06:32.892 D/wpa_supplicant( 1207): p2p0: Starting radio work 'p2p-listen'@0xb4f80f50 after 0.000074 second wait
05-27 22:06:32.892 D/wpa_supplicant( 1207): nl80211: Probe Request reporting already on! nl_preq=0x3c74b859
05-27 22:06:32.892 D/wpa_supplicant( 1207): nl80211: Remain-on-channel cookie 0x997 for freq=2417 MHz duration=5000
05-27 22:06:32.910 D/wpa_supplicant( 1207): P2P: Timeout (state=LISTEN_ONLY)
05-27 22:06:32.914 D/wpa_supplicant( 1207): nl80211: Drv Event 55 (NL80211_CMD_REMAIN_ON_CHANNEL) received for p2p0
05-27 22:06:32.914 D/wpa_supplicant( 1207): nl80211: Remain-on-channel event (cancel=0 freq=2417 channel_type=0 duration=5000 cookie=0x997 (match))
05-27 22:06:32.914 D/wpa_supplicant( 1207): p2p0: Event REMAIN_ON_CHANNEL (19) received
05-27 22:06:32.914 D/wpa_supplicant( 1207): Off-channel: Send Action callback (without_roc=0 pending_action_tx=0x0 pending_action_tx_done=0)
05-27 22:06:32.914 D/wpa_supplicant( 1207): P2P: remain-on-channel callback (off_channel_freq=2417 pending_listen_freq=2417 roc_waiting_drv_freq=0 freq=2417 duration=5000)
05-27 22:06:32.914 D/wpa_supplicant( 1207): STA wpa_state=9 freq=2417
05-27 22:06:32.914 D/wpa_supplicant( 1207): P2P: Starting Listen timeout(5,0) on freq=2417 based on callback
05-27 22:06:32.914 D/wpa_supplicant( 1207): P2P: Set timeout (state=LISTEN_ONLY): 5.020000 sec
05-27 22:06:32.999 D/wpa_supplicant( 1207): wlan_traffic_statistics rx_byte = 959519106 rx rate = 5 Kb/s
05-27 22:06:33.000 D/wpa_supplicant( 1207): wlan_traffic_statistics tx_byte = 157340040 tx rate = 8 Kb/s
05-27 22:06:33.600 I/HdmieArc(  394): earc status newStatus 0, oldStatus=EN_TOS_CEC_EARC_STATUS_HANDSHAKE
05-27 22:06:33.600 I/HdmieArc(  394): rhal earc status: 0, error code: 0 
05-27 22:06:34.337 E/WifiVendorHal(  806): getWifiLinkLayerStats_1_3_Internal(l.978) failed {.code = ERROR_NOT_SUPPORTED, .description = }
05-27 22:06:34.343 D/WifiClientModeImpl(  806): fetchRssiLinkSpeedAndFrequencyNative rssi=-74 TxLinkspeed=104 freq=2417 RxLinkSpeed=0
05-27 22:06:34.343 V/WifiConfigManager(  806): Updating scan detail cache freq=2417 BSSID=f8:2d:c0:24:9e:d2 RSSI=-73 for "BOLSONARO2018"WPA_PSK
05-27 22:06:34.344 D/WifiThroughputPredictor(  806):  utilization (BssLoad) -1 utilization (LLStats) 80 isBluetoothConnected: false final utilization: 80
05-27 22:06:34.344 D/WifiThroughputPredictor(  806):  utilization (BssLoad) -1 utilization (LLStats) 80 isBluetoothConnected: false final utilization: 80
05-27 22:06:34.345 D/WifiScoreCard(  806): BSSID update SIGNAL_POLL ID: 398514962 SSID: BOLSONARO2018, BSSID: f8:2d:c0:24:9e:d2, MAC: 64:57:25:8c:68:c1, Supplicant state: COMPLETED, Wi-Fi standard: 0, RSSI: -74, Link speed: 104Mbps, Tx Link speed: 104Mbps, Max Supported Tx Link speed: -1Mbps, Rx Link speed: -1Mbps, Max Supported Rx Link speed: -1Mbps, Frequency: 2417MHz, Net ID: 0, Metered hint: false, score: 59
05-27 22:06:34.345 D/WifiScoreCard(  806): txRate: 12 txSpeed: 104
05-27 22:06:34.345 D/WifiScoreCard(  806): network update SIGNAL_POLL "BOLSONARO2018" ID: 976476524 RSSI -74 txSpeed 104
05-27 22:06:34.345 D/WifiScoreCard(  806): SSID: "BOLSONARO2018"
05-27 22:06:34.345 D/WifiScoreCard(  806):  LastRssiPollTime: 12374409 LastRssiPoll: -74 LastTxSpeedPoll: 104
05-27 22:06:34.345 D/WifiScoreCard(  806):  StatsRecent:  ConnectAttempt: 4 ConnectFailure: 0 ConnectDurSec: 6372708 AssocRej: 0 AssocTimeout: 0 AuthFailure: 0 ShortDiscNonlocal: 6 DisconnectNonlocal: 7 Disconnect: 13 ConsecutiveConnectFailure: 0
05-27 22:06:34.345 D/WifiScoreCard(  806):  StatsCurr:  ConnectAttempt: 54 ConnectFailure: 0 ConnectDurSec: 759544 AssocRej: 0 AssocTimeout: 0 AuthFailure: 0 ShortDiscNonlocal: 39 DisconnectNonlocal: 53 Disconnect: 73 ConsecutiveConnectFailure: 0
05-27 22:06:34.345 D/WifiScoreCard(  806):  StatsPrev:  ConnectAttempt: 15 ConnectFailure: 0 ConnectDurSec: 211923 AssocRej: 0 AssocTimeout: 0 AuthFailure: 0 ShortDiscNonlocal: 10 DisconnectNonlocal: 19 Disconnect: 32 ConsecutiveConnectFailure: 0
05-27 22:06:34.347 D/ConnectivityListener( 1306): updateWifiConnectivityStatus
05-27 22:06:34.347 D/WifiClientModeImpl(  806):  L2ConnectedState screen=on 1 0 "BOLSONARO2018" f8:2d:c0:24:9e:d2 rssi=-74 f=2417 sc=59 link=104 tx=11,7, 0,0, 0,0  rx=11,2 bcn=0 [on:0 tx:0 rx:0 period:3012] from screen [on:0 period:1813933803] score=59
05-27 22:06:34.347 I/WifiService(  806): getConnectionInfo uid=1000
05-27 22:06:34.348 D/ConnectivityListener( 1306): updateWifiConnectivityStatus: AP state = COMPLETED
05-27 22:06:34.348 D/ConnectivityListener( 1306): updateWifiConnectivityStatus: AP is connected
05-27 22:06:34.348 D/ConnectivityListener( 1306): setWifiStatus connected = true
05-27 22:06:34.348 D/ConnectivityListener( 1306): updateWifiConnectivityStatus: ssid = "BOLSONARO2018"
05-27 22:06:34.348 D/ConnectivityListener( 1306): isWireConnected: 
05-27 22:06:34.348 D/ConnectivityListener( 1306): isWireConnected = false
05-27 22:06:34.348 D/ConnectivityListener( 1306): setEthernetStatus = false
05-27 22:06:34.348 D/MainFragment( 1306): updateConnectivity() start
05-27 22:06:34.348 D/MainFragment( 1306): connectedState = true
05-27 22:06:34.349 D/MainFragment( 1306): TextUtils.isEmpty(connectedState) = false
05-27 22:06:34.349 I/WifiService(  806): getWifiEnabledState uid=1000
05-27 22:06:34.349 D/ConnectivityListener( 1306): isWifiEnabledOrEnabling: wifiManager.getWifiState = 3
05-27 22:06:34.349 I/WifiService(  806): getWifiEnabledState uid=1000
05-27 22:06:34.349 D/ConnectivityListener( 1306): isWifiConnected: isWifiConnected = true
05-27 22:06:34.350 I/WifiService(  806): getConnectionInfo uid=1000
05-27 22:06:34.350 I/WifiService(  806): getConnectionInfo uid=1000
05-27 22:06:34.351 D/MainFragment( 1306): updateConnectivity() end
05-27 22:06:34.466 D/TVKitService(  812): getProjectID
05-27 22:06:34.466 D/DeviceInfoImpl(  812): getProjectID from map is 4357
05-27 22:06:34.466 I/TCL_DeviceInfo( 2208): id = 4357
05-27 22:06:34.467 E/TCL_DeviceInfo( 2208): from sita get client type is TCL-LA-RTD51A-S1
05-27 22:06:34.467 D/TVKitService(  812): getSoftwareVersion
05-27 22:06:34.467 D/DeviceInfoImpl(  812): getSoftwareVersion is V8-R51AT01-LF1V126
05-27 22:06:34.468 I/TCL_DeviceInfo( 2208): ret  = V8-R51AT01-LF1V126
05-27 22:06:34.468 I/WifiService(  806): getConnectionInfo uid=1000
05-27 22:06:34.600 I/HdmieArc(  394): earc status newStatus 0, oldStatus=EN_TOS_CEC_EARC_STATUS_HANDSHAKE
05-27 22:06:34.600 I/HdmieArc(  394): rhal earc status: 0, error code: 0 
05-27 22:06:35.002 D/wpa_supplicant( 1207): wlan_traffic_statistics rx_byte = 959519678 rx rate = 2 Kb/s
05-27 22:06:35.002 D/wpa_supplicant( 1207): wlan_traffic_statistics tx_byte = 157340979 tx rate = 3 Kb/s
05-27 22:06:35.600 I/HdmieArc(  394): earc status newStatus 0, oldStatus=EN_TOS_CEC_EARC_STATUS_HANDSHAKE
05-27 22:06:35.601 I/HdmieArc(  394): rhal earc status: 0, error code: 0 
05-27 22:06:36.601 I/HdmieArc(  394): earc status newStatus 0, oldStatus=EN_TOS_CEC_EARC_STATUS_HANDSHAKE
05-27 22:06:36.601 I/HdmieArc(  394): rhal earc status: 0, error code: 0 
05-27 22:06:37.004 D/wpa_supplicant( 1207): wlan_traffic_statistics rx_byte = 959519938 rx rate = 1 Kb/s
05-27 22:06:37.004 D/wpa_supplicant( 1207): wlan_traffic_statistics tx_byte = 157341301 tx rate = 1 Kb/s
05-27 22:06:37.349 E/WifiVendorHal(  806): getWifiLinkLayerStats_1_3_Internal(l.978) failed {.code = ERROR_NOT_SUPPORTED, .description = }
05-27 22:06:37.355 D/WifiClientModeImpl(  806): fetchRssiLinkSpeedAndFrequencyNative rssi=-76 TxLinkspeed=104 freq=2417 RxLinkSpeed=0
05-27 22:06:37.355 V/WifiConfigManager(  806): Updating scan detail cache freq=2417 BSSID=f8:2d:c0:24:9e:d2 RSSI=-74 for "BOLSONARO2018"WPA_PSK
05-27 22:06:37.356 D/ConnectivityService(  806): NetReassign [no changes]
05-27 22:06:37.356 D/WifiScoreReport(  806): report new wifi score 58
05-27 22:06:37.356 D/EthernetNetworkFactory(  806): acceptRequest, request: NetworkRequest [ REQUEST id=1, [ Capabilities: INTERNET&NOT_RESTRICTED&TRUSTED&NOT_VPN AdministratorUids: [] RequestorUid: 1000 RequestorPackageName: android] ], score: 58
05-27 22:06:37.356 D/WifiThroughputPredictor(  806):  utilization (BssLoad) -1 utilization (LLStats) 80 isBluetoothConnected: false final utilization: 80
05-27 22:06:37.356 D/WifiThroughputPredictor(  806):  utilization (BssLoad) -1 utilization (LLStats) 80 isBluetoothConnected: false final utilization: 80
05-27 22:06:37.356 I/EthernetNetworkFactory(  806): networkForRequest, request: NetworkRequest [ REQUEST id=1, [ Capabilities: INTERNET&NOT_RESTRICTED&TRUSTED&NOT_VPN AdministratorUids: [] RequestorUid: 1000 RequestorPackageName: android] ], network: null
05-27 22:06:37.356 D/EthernetNetworkFactory(  806): acceptRequest, request: NetworkRequest [ REQUEST id=11, [ Capabilities: INTERNET&NOT_RESTRICTED&TRUSTED&NOT_VPN AdministratorUids: [] RequestorUid: 1000 RequestorPackageName: android] ], score: 58
05-27 22:06:37.356 I/EthernetNetworkFactory(  806): networkForRequest, request: NetworkRequest [ REQUEST id=11, [ Capabilities: INTERNET&NOT_RESTRICTED&TRUSTED&NOT_VPN AdministratorUids: [] RequestorUid: 1000 RequestorPackageName: android] ], network: null
05-27 22:06:37.357 D/WifiScoreCard(  806): BSSID update SIGNAL_POLL ID: 398514962 SSID: BOLSONARO2018, BSSID: f8:2d:c0:24:9e:d2, MAC: 64:57:25:8c:68:c1, Supplicant state: COMPLETED, Wi-Fi standard: 0, RSSI: -76, Link speed: 104Mbps, Tx Link speed: 104Mbps, Max Supported Tx Link speed: -1Mbps, Rx Link speed: -1Mbps, Max Supported Rx Link speed: -1Mbps, Frequency: 2417MHz, Net ID: 0, Metered hint: false, score: 58
05-27 22:06:37.357 D/WifiScoreCard(  806): txRate: 7 txSpeed: 104
05-27 22:06:37.357 D/WifiScoreCard(  806): network update SIGNAL_POLL "BOLSONARO2018" ID: 976476524 RSSI -76 txSpeed 104
05-27 22:06:37.357 D/WifiScoreCard(  806): SSID: "BOLSONARO2018"
05-27 22:06:37.357 D/WifiScoreCard(  806):  LastRssiPollTime: 12377421 LastRssiPoll: -76 LastTxSpeedPoll: 104
05-27 22:06:37.357 D/WifiScoreCard(  806):  StatsRecent:  ConnectAttempt: 4 ConnectFailure: 0 ConnectDurSec: 6372708 AssocRej: 0 AssocTimeout: 0 AuthFailure: 0 ShortDiscNonlocal: 6 DisconnectNonlocal: 7 Disconnect: 13 ConsecutiveConnectFailure: 0
05-27 22:06:37.357 D/WifiScoreCard(  806):  StatsCurr:  ConnectAttempt: 54 ConnectFailure: 0 ConnectDurSec: 759544 AssocRej: 0 AssocTimeout: 0 AuthFailure: 0 ShortDiscNonlocal: 39 DisconnectNonlocal: 53 Disconnect: 73 ConsecutiveConnectFailure: 0
05-27 22:06:37.357 D/WifiScoreCard(  806):  StatsPrev:  ConnectAttempt: 15 ConnectFailure: 0 ConnectDurSec: 211923 AssocRej: 0 AssocTimeout: 0 AuthFailure: 0 ShortDiscNonlocal: 10 DisconnectNonlocal: 19 Disconnect: 32 ConsecutiveConnectFailure: 0
05-27 22:06:37.359 D/ConnectivityListener( 1306): updateWifiConnectivityStatus
05-27 22:06:37.359 D/WifiClientModeImpl(  806):  L2ConnectedState screen=on 1 0 "BOLSONARO2018" f8:2d:c0:24:9e:d2 rssi=-76 f=2417 sc=58 link=104 tx=6,2, 0,0, 0,0  rx=6,2 bcn=0 [on:0 tx:0 rx:0 period:3011] from screen [on:0 period:1813936815] score=58
05-27 22:06:37.360 I/WifiService(  806): getConnectionInfo uid=1000
05-27 22:06:37.360 D/ConnectivityListener( 1306): updateWifiConnectivityStatus: AP state = COMPLETED
05-27 22:06:37.360 D/ConnectivityListener( 1306): updateWifiConnectivityStatus: AP is connected
05-27 22:06:37.360 D/ConnectivityListener( 1306): setWifiStatus connected = true
