05-27 21:58:51.075 E/RHWC2   (  376): fox1 [rtk_gdma_post 1530 ]name_of_layer = com.redflix.tvmoderno/com.redx.tvbox.ExoPlayerActivity#0 num_of_layers=1
05-27 21:58:51.075 E/RHWC2   (  376): fox 1 [rtk_gdma_post 1531] HAS_FLAG=0
05-27 21:58:51.075 E/RHWC2   (  376): fox1 [rtk_gdma_post 1565 ]
05-27 21:58:51.172 E/RHWC2   (  376): fox1 func=hwc2_func_validate_display line=1291 
05-27 21:58:51.172 E/RHWC2   (  376): fox1 func=hwc2_func_validate_display line=1411 
05-27 21:58:51.174 E/RHWC2   (  376): fox1 [rtk_gdma_post 1507 ]
05-27 21:58:51.174 E/RHWC2   (  376): fox1 [rtk_gdma_post 1530 ]name_of_layer = com.redflix.tvmoderno/com.redx.tvbox.ExoPlayerActivity#0 num_of_layers=1
05-27 21:58:51.174 E/RHWC2   (  376): fox 1 [rtk_gdma_post 1531] HAS_FLAG=0
05-27 21:58:51.174 E/RHWC2   (  376): fox1 [rtk_gdma_post 1565 ]
05-27 21:58:51.272 E/RHWC2   (  376): fox1 func=hwc2_func_validate_display line=1291 
05-27 21:58:51.272 E/RHWC2   (  376): fox1 func=hwc2_func_validate_display line=1411 
05-27 21:58:51.274 E/RHWC2   (  376): fox1 [rtk_gdma_post 1507 ]
05-27 21:58:51.274 E/RHWC2   (  376): fox1 [rtk_gdma_post 1530 ]name_of_layer = com.redflix.tvmoderno/com.redx.tvbox.ExoPlayerActivity#0 num_of_layers=1
05-27 21:58:51.274 E/RHWC2   (  376): fox 1 [rtk_gdma_post 1531] HAS_FLAG=0
05-27 21:58:51.274 E/RHWC2   (  376): fox1 [rtk_gdma_post 1565 ]
05-27 21:58:51.372 E/RHWC2   (  376): fox1 func=hwc2_func_validate_display line=1291 
05-27 21:58:51.372 E/RHWC2   (  376): fox1 func=hwc2_func_validate_display line=1411 
05-27 21:58:51.373 E/RHWC2   (  376): fox1 [rtk_gdma_post 1507 ]
05-27 21:58:51.373 E/RHWC2   (  376): fox1 [rtk_gdma_post 1530 ]name_of_layer = com.redflix.tvmoderno/com.redx.tvbox.ExoPlayerActivity#0 num_of_layers=1
05-27 21:58:51.373 E/RHWC2   (  376): fox 1 [rtk_gdma_post 1531] HAS_FLAG=0
05-27 21:58:51.373 E/RHWC2   (  376): fox1 [rtk_gdma_post 1565 ]
05-27 21:58:51.428 I/HdmieArc(  394): earc status newStatus 0, oldStatus=EN_TOS_CEC_EARC_STATUS_HANDSHAKE
05-27 21:58:51.428 I/HdmieArc(  394): rhal earc status: 0, error code: 0 
05-27 21:58:51.473 E/RHWC2   (  376): fox1 func=hwc2_func_validate_display line=1291 
05-27 21:58:51.473 E/RHWC2   (  376): fox1 func=hwc2_func_validate_display line=1411 
05-27 21:58:51.474 E/RHWC2   (  376): fox1 [rtk_gdma_post 1507 ]
05-27 21:58:51.474 E/RHWC2   (  376): fox1 [rtk_gdma_post 1530 ]name_of_layer = com.redflix.tvmoderno/com.redx.tvbox.ExoPlayerActivity#0 num_of_layers=1
05-27 21:58:51.474 E/RHWC2   (  376): fox 1 [rtk_gdma_post 1531] HAS_FLAG=0
05-27 21:58:51.475 E/RHWC2   (  376): fox1 [rtk_gdma_post 1565 ]
05-27 21:58:51.571 E/RHWC2   (  376): fox1 func=hwc2_func_validate_display line=1291 
05-27 21:58:51.572 E/RHWC2   (  376): fox1 func=hwc2_func_validate_display line=1411 
05-27 21:58:51.573 E/RHWC2   (  376): fox1 [rtk_gdma_post 1507 ]
05-27 21:58:51.573 E/RHWC2   (  376): fox1 [rtk_gdma_post 1530 ]name_of_layer = com.redflix.tvmoderno/com.redx.tvbox.ExoPlayerActivity#0 num_of_layers=1
05-27 21:58:51.573 E/RHWC2   (  376): fox 1 [rtk_gdma_post 1531] HAS_FLAG=0
05-27 21:58:51.573 E/RHWC2   (  376): fox1 [rtk_gdma_post 1565 ]
05-27 21:58:51.671 E/RHWC2   (  376): fox1 func=hwc2_func_validate_display line=1291 
05-27 21:58:51.671 E/RHWC2   (  376): fox1 func=hwc2_func_validate_display line=1411 
05-27 21:58:51.673 E/RHWC2   (  376): fox1 [rtk_gdma_post 1507 ]
05-27 21:58:51.673 E/RHWC2   (  376): fox1 [rtk_gdma_post 1530 ]name_of_layer = com.redflix.tvmoderno/com.redx.tvbox.ExoPlayerActivity#0 num_of_layers=1
05-27 21:58:51.673 E/RHWC2   (  376): fox 1 [rtk_gdma_post 1531] HAS_FLAG=0
05-27 21:58:51.673 E/RHWC2   (  376): fox1 [rtk_gdma_post 1565 ]
05-27 21:58:51.772 E/RHWC2   (  376): fox1 func=hwc2_func_validate_display line=1291 
05-27 21:58:51.772 E/RHWC2   (  376): fox1 func=hwc2_func_validate_display line=1411 
05-27 21:58:51.773 E/RHWC2   (  376): fox1 [rtk_gdma_post 1507 ]
05-27 21:58:51.773 E/RHWC2   (  376): fox1 [rtk_gdma_post 1530 ]name_of_layer = com.redflix.tvmoderno/com.redx.tvbox.ExoPlayerActivity#0 num_of_layers=1
05-27 21:58:51.773 E/RHWC2   (  376): fox 1 [rtk_gdma_post 1531] HAS_FLAG=0
05-27 21:58:51.773 E/RHWC2   (  376): fox1 [rtk_gdma_post 1565 ]
05-27 21:58:51.874 E/RHWC2   (  376): fox1 func=hwc2_func_validate_display line=1291 
05-27 21:58:51.874 E/RHWC2   (  376): fox1 func=hwc2_func_validate_display line=1411 
05-27 21:58:51.876 E/RHWC2   (  376): fox1 [rtk_gdma_post 1507 ]
05-27 21:58:51.876 E/RHWC2   (  376): fox1 [rtk_gdma_post 1530 ]name_of_layer = com.redflix.tvmoderno/com.redx.tvbox.ExoPlayerActivity#0 num_of_layers=1
05-27 21:58:51.876 E/RHWC2   (  376): fox 1 [rtk_gdma_post 1531] HAS_FLAG=0
05-27 21:58:51.876 E/RHWC2   (  376): fox1 [rtk_gdma_post 1565 ]
05-27 21:58:51.971 E/RHWC2   (  376): fox1 func=hwc2_func_validate_display line=1291 
05-27 21:58:51.971 E/RHWC2   (  376): fox1 func=hwc2_func_validate_display line=1411 
05-27 21:58:51.973 E/RHWC2   (  376): fox1 [rtk_gdma_post 1507 ]
05-27 21:58:51.973 E/RHWC2   (  376): fox1 [rtk_gdma_post 1530 ]name_of_layer = com.redflix.tvmoderno/com.redx.tvbox.ExoPlayerActivity#0 num_of_layers=1
05-27 21:58:51.973 E/RHWC2   (  376): fox 1 [rtk_gdma_post 1531] HAS_FLAG=0
05-27 21:58:51.973 E/RHWC2   (  376): fox1 [rtk_gdma_post 1565 ]
05-27 21:58:52.075 E/RHWC2   (  376): fox1 func=hwc2_func_validate_display line=1291 
05-27 21:58:52.075 E/RHWC2   (  376): fox1 func=hwc2_func_validate_display line=1411 
05-27 21:58:52.077 E/RHWC2   (  376): fox1 [rtk_gdma_post 1507 ]
05-27 21:58:52.077 E/RHWC2   (  376): fox1 [rtk_gdma_post 1530 ]name_of_layer = com.redflix.tvmoderno/com.redx.tvbox.ExoPlayerActivity#0 num_of_layers=1
05-27 21:58:52.077 E/RHWC2   (  376): fox 1 [rtk_gdma_post 1531] HAS_FLAG=0
05-27 21:58:52.077 E/RHWC2   (  376): fox1 [rtk_gdma_post 1565 ]
05-27 21:58:52.173 E/RHWC2   (  376): fox1 func=hwc2_func_validate_display line=1291 
05-27 21:58:52.173 E/RHWC2   (  376): fox1 func=hwc2_func_validate_display line=1411 
05-27 21:58:52.175 E/RHWC2   (  376): fox1 [rtk_gdma_post 1507 ]
05-27 21:58:52.175 E/RHWC2   (  376): fox1 [rtk_gdma_post 1530 ]name_of_layer = com.redflix.tvmoderno/com.redx.tvbox.ExoPlayerActivity#0 num_of_layers=1
05-27 21:58:52.175 E/RHWC2   (  376): fox 1 [rtk_gdma_post 1531] HAS_FLAG=0
05-27 21:58:52.175 E/RHWC2   (  376): fox1 [rtk_gdma_post 1565 ]
05-27 21:58:52.272 E/RHWC2   (  376): fox1 func=hwc2_func_validate_display line=1291 
05-27 21:58:52.272 E/RHWC2   (  376): fox1 func=hwc2_func_validate_display line=1411 
05-27 21:58:52.274 E/RHWC2   (  376): fox1 [rtk_gdma_post 1507 ]
05-27 21:58:52.274 E/RHWC2   (  376): fox1 [rtk_gdma_post 1530 ]name_of_layer = com.redflix.tvmoderno/com.redx.tvbox.ExoPlayerActivity#0 num_of_layers=1
05-27 21:58:52.274 E/RHWC2   (  376): fox 1 [rtk_gdma_post 1531] HAS_FLAG=0
05-27 21:58:52.274 E/RHWC2   (  376): fox1 [rtk_gdma_post 1565 ]
05-27 21:58:52.373 E/RHWC2   (  376): fox1 func=hwc2_func_validate_display line=1291 
05-27 21:58:52.373 E/RHWC2   (  376): fox1 func=hwc2_func_validate_display line=1411 
05-27 21:58:52.374 E/RHWC2   (  376): fox1 [rtk_gdma_post 1507 ]
05-27 21:58:52.375 E/RHWC2   (  376): fox1 [rtk_gdma_post 1530 ]name_of_layer = com.redflix.tvmoderno/com.redx.tvbox.ExoPlayerActivity#0 num_of_layers=1
05-27 21:58:52.375 E/RHWC2   (  376): fox 1 [rtk_gdma_post 1531] HAS_FLAG=0
05-27 21:58:52.375 E/RHWC2   (  376): fox1 [rtk_gdma_post 1565 ]
05-27 21:58:52.428 I/HdmieArc(  394): earc status newStatus 0, oldStatus=EN_TOS_CEC_EARC_STATUS_HANDSHAKE
05-27 21:58:52.428 I/HdmieArc(  394): rhal earc status: 0, error code: 0 
05-27 21:58:52.472 E/RHWC2   (  376): fox1 func=hwc2_func_validate_display line=1291 
05-27 21:58:52.472 E/RHWC2   (  376): fox1 func=hwc2_func_validate_display line=1411 
05-27 21:58:52.474 E/RHWC2   (  376): fox1 [rtk_gdma_post 1507 ]
05-27 21:58:52.474 E/RHWC2   (  376): fox1 [rtk_gdma_post 1530 ]name_of_layer = com.redflix.tvmoderno/com.redx.tvbox.ExoPlayerActivity#0 num_of_layers=1
05-27 21:58:52.474 E/RHWC2   (  376): fox 1 [rtk_gdma_post 1531] HAS_FLAG=0
05-27 21:58:52.474 E/RHWC2   (  376): fox1 [rtk_gdma_post 1565 ]
05-27 21:58:52.573 E/RHWC2   (  376): fox1 func=hwc2_func_validate_display line=1291 
05-27 21:58:52.573 E/RHWC2   (  376): fox1 func=hwc2_func_validate_display line=1411 
05-27 21:58:52.575 E/RHWC2   (  376): fox1 [rtk_gdma_post 1507 ]
05-27 21:58:52.575 E/RHWC2   (  376): fox1 [rtk_gdma_post 1530 ]name_of_layer = com.redflix.tvmoderno/com.redx.tvbox.ExoPlayerActivity#0 num_of_layers=1
05-27 21:58:52.575 E/RHWC2   (  376): fox 1 [rtk_gdma_post 1531] HAS_FLAG=0
05-27 21:58:52.575 E/RHWC2   (  376): fox1 [rtk_gdma_post 1565 ]
05-27 21:58:52.668 D/wpa_supplicant( 1207): wlan_traffic_statistics rx_byte = 918909834 rx rate = 22 Kb/s
05-27 21:58:52.668 D/wpa_supplicant( 1207): wlan_traffic_statistics tx_byte = 154696502 tx rate = 74 Kb/s
05-27 21:58:52.672 E/RHWC2   (  376): fox1 func=hwc2_func_validate_display line=1291 
05-27 21:58:52.672 E/RHWC2   (  376): fox1 func=hwc2_func_validate_display line=1411 
05-27 21:58:52.674 E/RHWC2   (  376): fox1 [rtk_gdma_post 1507 ]
05-27 21:58:52.674 E/RHWC2   (  376): fox1 [rtk_gdma_post 1530 ]name_of_layer = com.redflix.tvmoderno/com.redx.tvbox.ExoPlayerActivity#0 num_of_layers=1
05-27 21:58:52.674 E/RHWC2   (  376): fox 1 [rtk_gdma_post 1531] HAS_FLAG=0
05-27 21:58:52.674 E/RHWC2   (  376): fox1 [rtk_gdma_post 1565 ]
05-27 21:58:52.772 E/RHWC2   (  376): fox1 func=hwc2_func_validate_display line=1291 
05-27 21:58:52.772 E/RHWC2   (  376): fox1 func=hwc2_func_validate_display line=1411 
05-27 21:58:52.774 E/RHWC2   (  376): fox1 [rtk_gdma_post 1507 ]
05-27 21:58:52.774 E/RHWC2   (  376): fox1 [rtk_gdma_post 1530 ]name_of_layer = com.redflix.tvmoderno/com.redx.tvbox.ExoPlayerActivity#0 num_of_layers=1
05-27 21:58:52.774 E/RHWC2   (  376): fox 1 [rtk_gdma_post 1531] HAS_FLAG=0
05-27 21:58:52.774 E/RHWC2   (  376): fox1 [rtk_gdma_post 1565 ]
05-27 21:58:52.871 E/RHWC2   (  376): fox1 func=hwc2_func_validate_display line=1291 
05-27 21:58:52.871 E/RHWC2   (  376): fox1 func=hwc2_func_validate_display line=1411 
05-27 21:58:52.873 E/RHWC2   (  376): fox1 [rtk_gdma_post 1507 ]
05-27 21:58:52.873 E/RHWC2   (  376): fox1 [rtk_gdma_post 1530 ]name_of_layer = com.redflix.tvmoderno/com.redx.tvbox.ExoPlayerActivity#0 num_of_layers=1
05-27 21:58:52.873 E/RHWC2   (  376): fox 1 [rtk_gdma_post 1531] HAS_FLAG=0
05-27 21:58:52.873 E/RHWC2   (  376): fox1 [rtk_gdma_post 1565 ]
05-27 21:58:52.972 E/RHWC2   (  376): fox1 func=hwc2_func_validate_display line=1291 
05-27 21:58:52.972 E/RHWC2   (  376): fox1 func=hwc2_func_validate_display line=1411 
05-27 21:58:52.974 E/RHWC2   (  376): fox1 [rtk_gdma_post 1507 ]
05-27 21:58:52.974 E/RHWC2   (  376): fox1 [rtk_gdma_post 1530 ]name_of_layer = com.redflix.tvmoderno/com.redx.tvbox.ExoPlayerActivity#0 num_of_layers=1
05-27 21:58:52.975 E/RHWC2   (  376): fox 1 [rtk_gdma_post 1531] HAS_FLAG=0
05-27 21:58:52.975 E/RHWC2   (  376): fox1 [rtk_gdma_post 1565 ]
05-27 21:58:53.072 E/RHWC2   (  376): fox1 func=hwc2_func_validate_display line=1291 
05-27 21:58:53.072 E/RHWC2   (  376): fox1 func=hwc2_func_validate_display line=1411 
05-27 21:58:53.074 E/RHWC2   (  376): fox1 [rtk_gdma_post 1507 ]
05-27 21:58:53.074 E/RHWC2   (  376): fox1 [rtk_gdma_post 1530 ]name_of_layer = com.redflix.tvmoderno/com.redx.tvbox.ExoPlayerActivity#0 num_of_layers=1
05-27 21:58:53.074 E/RHWC2   (  376): fox 1 [rtk_gdma_post 1531] HAS_FLAG=0
05-27 21:58:53.074 E/RHWC2   (  376): fox1 [rtk_gdma_post 1565 ]
05-27 21:58:53.173 E/RHWC2   (  376): fox1 func=hwc2_func_validate_display line=1291 
05-27 21:58:53.173 E/RHWC2   (  376): fox1 func=hwc2_func_validate_display line=1411 
05-27 21:58:53.174 E/RHWC2   (  376): fox1 [rtk_gdma_post 1507 ]
05-27 21:58:53.174 E/RHWC2   (  376): fox1 [rtk_gdma_post 1530 ]name_of_layer = com.redflix.tvmoderno/com.redx.tvbox.ExoPlayerActivity#0 num_of_layers=1
05-27 21:58:53.174 E/RHWC2   (  376): fox 1 [rtk_gdma_post 1531] HAS_FLAG=0
05-27 21:58:53.174 E/RHWC2   (  376): fox1 [rtk_gdma_post 1565 ]
05-27 21:58:53.274 E/RHWC2   (  376): fox1 func=hwc2_func_validate_display line=1291 
05-27 21:58:53.274 E/RHWC2   (  376): fox1 func=hwc2_func_validate_display line=1411 
05-27 21:58:53.276 E/RHWC2   (  376): fox1 [rtk_gdma_post 1507 ]
05-27 21:58:53.276 E/RHWC2   (  376): fox1 [rtk_gdma_post 1530 ]name_of_layer = com.redflix.tvmoderno/com.redx.tvbox.ExoPlayerActivity#0 num_of_layers=1
05-27 21:58:53.276 E/RHWC2   (  376): fox 1 [rtk_gdma_post 1531] HAS_FLAG=0
05-27 21:58:53.276 E/RHWC2   (  376): fox1 [rtk_gdma_post 1565 ]
05-27 21:58:53.372 E/RHWC2   (  376): fox1 func=hwc2_func_validate_display line=1291 
05-27 21:58:53.373 E/RHWC2   (  376): fox1 func=hwc2_func_validate_display line=1411 
05-27 21:58:53.375 E/RHWC2   (  376): fox1 [rtk_gdma_post 1507 ]
05-27 21:58:53.375 E/RHWC2   (  376): fox1 [rtk_gdma_post 1530 ]name_of_layer = com.redflix.tvmoderno/com.redx.tvbox.ExoPlayerActivity#0 num_of_layers=1
05-27 21:58:53.376 E/RHWC2   (  376): fox 1 [rtk_gdma_post 1531] HAS_FLAG=0
05-27 21:58:53.376 E/RHWC2   (  376): fox1 [rtk_gdma_post 1565 ]
05-27 21:58:53.429 I/HdmieArc(  394): earc status newStatus 0, oldStatus=EN_TOS_CEC_EARC_STATUS_HANDSHAKE
05-27 21:58:53.429 I/HdmieArc(  394): rhal earc status: 0, error code: 0 
05-27 21:58:53.472 E/RHWC2   (  376): fox1 func=hwc2_func_validate_display line=1291 
05-27 21:58:53.472 E/RHWC2   (  376): fox1 func=hwc2_func_validate_display line=1411 
05-27 21:58:53.474 E/RHWC2   (  376): fox1 [rtk_gdma_post 1507 ]
05-27 21:58:53.474 E/RHWC2   (  376): fox1 [rtk_gdma_post 1530 ]name_of_layer = com.redflix.tvmoderno/com.redx.tvbox.ExoPlayerActivity#0 num_of_layers=1
05-27 21:58:53.474 E/RHWC2   (  376): fox 1 [rtk_gdma_post 1531] HAS_FLAG=0
05-27 21:58:53.474 E/RHWC2   (  376): fox1 [rtk_gdma_post 1565 ]
05-27 21:58:53.505 E/WifiVendorHal(  806): getWifiLinkLayerStats_1_3_Internal(l.978) failed {.code = ERROR_NOT_SUPPORTED, .description = }
05-27 21:58:53.510 D/WifiClientModeImpl(  806): fetchRssiLinkSpeedAndFrequencyNative rssi=-71 TxLinkspeed=78 freq=2417 RxLinkSpeed=0
05-27 21:58:53.511 V/WifiConfigManager(  806): Updating scan detail cache freq=2417 BSSID=f8:2d:c0:24:9e:d2 RSSI=-70 for "BOLSONARO2018"WPA_PSK
05-27 21:58:53.511 D/WifiThroughputPredictor(  806):  utilization (BssLoad) -1 utilization (LLStats) 80 isBluetoothConnected: false final utilization: 80
05-27 21:58:53.511 D/WifiThroughputPredictor(  806):  utilization (BssLoad) -1 utilization (LLStats) 80 isBluetoothConnected: false final utilization: 80
05-27 21:58:53.512 D/WifiScoreCard(  806): BSSID update SIGNAL_POLL ID: 398514962 SSID: BOLSONARO2018, BSSID: f8:2d:c0:24:9e:d2, MAC: 64:57:25:8c:68:c1, Supplicant state: COMPLETED, Wi-Fi standard: 0, RSSI: -71, Link speed: 78Mbps, Tx Link speed: 78Mbps, Max Supported Tx Link speed: -1Mbps, Rx Link speed: -1Mbps, Max Supported Rx Link speed: -1Mbps, Frequency: 2417MHz, Net ID: 0, Metered hint: false, score: 60
05-27 21:58:53.512 D/WifiScoreCard(  806): txRate: 81 txSpeed: 78
05-27 21:58:53.512 D/WifiScoreCard(  806): network update SIGNAL_POLL "BOLSONARO2018" ID: 976476524 RSSI -71 txSpeed 78
05-27 21:58:53.512 D/WifiScoreCard(  806): SSID: "BOLSONARO2018"
05-27 21:58:53.512 D/WifiScoreCard(  806):  LastRssiPollTime: 11913576 LastRssiPoll: -71 LastTxSpeedPoll: 78
05-27 21:58:53.512 D/WifiScoreCard(  806):  StatsRecent:  ConnectAttempt: 4 ConnectFailure: 0 ConnectDurSec: 6372708 AssocRej: 0 AssocTimeout: 0 AuthFailure: 0 ShortDiscNonlocal: 6 DisconnectNonlocal: 7 Disconnect: 13 ConsecutiveConnectFailure: 0
05-27 21:58:53.512 D/WifiScoreCard(  806):  StatsCurr:  ConnectAttempt: 54 ConnectFailure: 0 ConnectDurSec: 759544 AssocRej: 0 AssocTimeout: 0 AuthFailure: 0 ShortDiscNonlocal: 39 DisconnectNonlocal: 53 Disconnect: 73 ConsecutiveConnectFailure: 0
05-27 21:58:53.512 D/WifiScoreCard(  806):  StatsPrev:  ConnectAttempt: 15 ConnectFailure: 0 ConnectDurSec: 211923 AssocRej: 0 AssocTimeout: 0 AuthFailure: 0 ShortDiscNonlocal: 10 DisconnectNonlocal: 19 Disconnect: 32 ConsecutiveConnectFailure: 0
05-27 21:58:53.514 D/ConnectivityListener( 1306): updateWifiConnectivityStatus
05-27 21:58:53.514 D/WifiClientModeImpl(  806):  L2ConnectedState screen=on 1 0 "BOLSONARO2018" f8:2d:c0:24:9e:d2 rssi=-71 f=2417 sc=60 link=78 tx=80,8, 0,0, 0,0  rx=63,5 bcn=0 [on:0 tx:0 rx:0 period:3011] from screen [on:0 period:1813472970] score=60
05-27 21:58:53.514 I/WifiService(  806): getConnectionInfo uid=1000
05-27 21:58:53.515 D/ConnectivityListener( 1306): updateWifiConnectivityStatus: AP state = COMPLETED
05-27 21:58:53.515 D/ConnectivityListener( 1306): updateWifiConnectivityStatus: AP is connected
05-27 21:58:53.515 D/ConnectivityListener( 1306): setWifiStatus connected = true
05-27 21:58:53.515 D/ConnectivityListener( 1306): updateWifiConnectivityStatus: ssid = "BOLSONARO2018"
05-27 21:58:53.515 D/ConnectivityListener( 1306): isWireConnected: 
05-27 21:58:53.515 D/ConnectivityListener( 1306): isWireConnected = false
05-27 21:58:53.515 D/ConnectivityListener( 1306): setEthernetStatus = false
05-27 21:58:53.515 D/MainFragment( 1306): updateConnectivity() start
05-27 21:58:53.516 D/MainFragment( 1306): connectedState = true
05-27 21:58:53.516 D/MainFragment( 1306): TextUtils.isEmpty(connectedState) = false
05-27 21:58:53.516 I/WifiService(  806): getWifiEnabledState uid=1000
05-27 21:58:53.516 D/ConnectivityListener( 1306): isWifiEnabledOrEnabling: wifiManager.getWifiState = 3
05-27 21:58:53.516 I/WifiService(  806): getWifiEnabledState uid=1000
05-27 21:58:53.516 D/ConnectivityListener( 1306): isWifiConnected: isWifiConnected = true
05-27 21:58:53.517 I/WifiService(  806): getConnectionInfo uid=1000
05-27 21:58:53.517 I/WifiService(  806): getConnectionInfo uid=1000
05-27 21:58:53.517 D/MainFragment( 1306): updateConnectivity() end
05-27 21:58:53.572 E/RHWC2   (  376): fox1 func=hwc2_func_validate_display line=1291 
05-27 21:58:53.573 E/RHWC2   (  376): fox1 func=hwc2_func_validate_display line=1411 
05-27 21:58:53.574 E/RHWC2   (  376): fox1 [rtk_gdma_post 1507 ]
05-27 21:58:53.574 E/RHWC2   (  376): fox1 [rtk_gdma_post 1530 ]name_of_layer = com.redflix.tvmoderno/com.redx.tvbox.ExoPlayerActivity#0 num_of_layers=1
05-27 21:58:53.574 E/RHWC2   (  376): fox 1 [rtk_gdma_post 1531] HAS_FLAG=0
05-27 21:58:53.574 E/RHWC2   (  376): fox1 [rtk_gdma_post 1565 ]
05-27 21:58:53.630 D/TVKitService(  812): getProjectID
05-27 21:58:53.630 D/DeviceInfoImpl(  812): getProjectID from map is 4357
05-27 21:58:53.630 I/TCL_DeviceInfo( 2208): id = 4357
05-27 21:58:53.630 E/TCL_DeviceInfo( 2208): from sita get client type is TCL-LA-RTD51A-S1
05-27 21:58:53.632 D/TVKitService(  812): getSoftwareVersion
05-27 21:58:53.632 D/DeviceInfoImpl(  812): getSoftwareVersion is V8-R51AT01-LF1V126
05-27 21:58:53.632 I/TCL_DeviceInfo( 2208): ret  = V8-R51AT01-LF1V126
05-27 21:58:53.632 I/WifiService(  806): getConnectionInfo uid=1000
05-27 21:58:53.673 E/RHWC2   (  376): fox1 func=hwc2_func_validate_display line=1291 
05-27 21:58:53.673 E/RHWC2   (  376): fox1 func=hwc2_func_validate_display line=1411 
05-27 21:58:53.674 E/RHWC2   (  376): fox1 [rtk_gdma_post 1507 ]
05-27 21:58:53.675 E/RHWC2   (  376): fox1 [rtk_gdma_post 1530 ]name_of_layer = com.redflix.tvmoderno/com.redx.tvbox.ExoPlayerActivity#0 num_of_layers=1
05-27 21:58:53.675 E/RHWC2   (  376): fox 1 [rtk_gdma_post 1531] HAS_FLAG=0
05-27 21:58:53.675 E/RHWC2   (  376): fox1 [rtk_gdma_post 1565 ]
05-27 21:58:53.771 E/RHWC2   (  376): fox1 func=hwc2_func_validate_display line=1291 
05-27 21:58:53.771 E/RHWC2   (  376): fox1 func=hwc2_func_validate_display line=1411 
05-27 21:58:53.773 E/RHWC2   (  376): fox1 [rtk_gdma_post 1507 ]
05-27 21:58:53.773 E/RHWC2   (  376): fox1 [rtk_gdma_post 1530 ]name_of_layer = com.redflix.tvmoderno/com.redx.tvbox.ExoPlayerActivity#0 num_of_layers=1
05-27 21:58:53.773 E/RHWC2   (  376): fox 1 [rtk_gdma_post 1531] HAS_FLAG=0
05-27 21:58:53.773 E/RHWC2   (  376): fox1 [rtk_gdma_post 1565 ]
05-27 21:58:53.776 D/TCastPublishOverUdp( 2208): ed8fb9a@sendOnline
05-27 21:58:53.871 E/RHWC2   (  376): fox1 func=hwc2_func_validate_display line=1291 
05-27 21:58:53.871 E/RHWC2   (  376): fox1 func=hwc2_func_validate_display line=1411 
05-27 21:58:53.873 E/RHWC2   (  376): fox1 [rtk_gdma_post 1507 ]
05-27 21:58:53.873 E/RHWC2   (  376): fox1 [rtk_gdma_post 1530 ]name_of_layer = com.redflix.tvmoderno/com.redx.tvbox.ExoPlayerActivity#0 num_of_layers=1
05-27 21:58:53.873 E/RHWC2   (  376): fox 1 [rtk_gdma_post 1531] HAS_FLAG=0
05-27 21:58:53.873 E/RHWC2   (  376): fox1 [rtk_gdma_post 1565 ]
05-27 21:58:53.974 E/RHWC2   (  376): fox1 func=hwc2_func_validate_display line=1291 
05-27 21:58:53.974 E/RHWC2   (  376): fox1 func=hwc2_func_validate_display line=1411 
05-27 21:58:53.975 E/RHWC2   (  376): fox1 [rtk_gdma_post 1507 ]
05-27 21:58:53.975 E/RHWC2   (  376): fox1 [rtk_gdma_post 1530 ]name_of_layer = com.redflix.tvmoderno/com.redx.tvbox.ExoPlayerActivity#0 num_of_layers=1
05-27 21:58:53.975 E/RHWC2   (  376): fox 1 [rtk_gdma_post 1531] HAS_FLAG=0
05-27 21:58:53.975 E/RHWC2   (  376): fox1 [rtk_gdma_post 1565 ]
05-27 21:58:54.073 E/RHWC2   (  376): fox1 func=hwc2_func_validate_display line=1291 
05-27 21:58:54.073 E/RHWC2   (  376): fox1 func=hwc2_func_validate_display line=1411 
05-27 21:58:54.075 E/RHWC2   (  376): fox1 [rtk_gdma_post 1507 ]
05-27 21:58:54.075 E/RHWC2   (  376): fox1 [rtk_gdma_post 1530 ]name_of_layer = com.redflix.tvmoderno/com.redx.tvbox.ExoPlayerActivity#0 num_of_layers=1
05-27 21:58:54.075 E/RHWC2   (  376): fox 1 [rtk_gdma_post 1531] HAS_FLAG=0
05-27 21:58:54.075 E/RHWC2   (  376): fox1 [rtk_gdma_post 1565 ]
05-27 21:58:54.171 E/RHWC2   (  376): fox1 func=hwc2_func_validate_display line=1291 
05-27 21:58:54.171 E/RHWC2   (  376): fox1 func=hwc2_func_validate_display line=1411 
05-27 21:58:54.173 E/RHWC2   (  376): fox1 [rtk_gdma_post 1507 ]
05-27 21:58:54.173 E/RHWC2   (  376): fox1 [rtk_gdma_post 1530 ]name_of_layer = com.redflix.tvmoderno/com.redx.tvbox.ExoPlayerActivity#0 num_of_layers=1
05-27 21:58:54.173 E/RHWC2   (  376): fox 1 [rtk_gdma_post 1531] HAS_FLAG=0
05-27 21:58:54.173 E/RHWC2   (  376): fox1 [rtk_gdma_post 1565 ]
05-27 21:58:54.272 E/RHWC2   (  376): fox1 func=hwc2_func_validate_display line=1291 
05-27 21:58:54.272 E/RHWC2   (  376): fox1 func=hwc2_func_validate_display line=1411 
05-27 21:58:54.274 E/RHWC2   (  376): fox1 [rtk_gdma_post 1507 ]
05-27 21:58:54.274 E/RHWC2   (  376): fox1 [rtk_gdma_post 1530 ]name_of_layer = com.redflix.tvmoderno/com.redx.tvbox.ExoPlayerActivity#0 num_of_layers=1
05-27 21:58:54.274 E/RHWC2   (  376): fox 1 [rtk_gdma_post 1531] HAS_FLAG=0
05-27 21:58:54.274 E/RHWC2   (  376): fox1 [rtk_gdma_post 1565 ]
05-27 21:58:54.371 E/RHWC2   (  376): fox1 func=hwc2_func_validate_display line=1291 
05-27 21:58:54.371 E/RHWC2   (  376): fox1 func=hwc2_func_validate_display line=1411 
05-27 21:58:54.373 E/RHWC2   (  376): fox1 [rtk_gdma_post 1507 ]
05-27 21:58:54.373 E/RHWC2   (  376): fox1 [rtk_gdma_post 1530 ]name_of_layer = com.redflix.tvmoderno/com.redx.tvbox.ExoPlayerActivity#0 num_of_layers=1
05-27 21:58:54.373 E/RHWC2   (  376): fox 1 [rtk_gdma_post 1531] HAS_FLAG=0
05-27 21:58:54.373 E/RHWC2   (  376): fox1 [rtk_gdma_post 1565 ]
05-27 21:58:54.429 I/HdmieArc(  394): earc status newStatus 0, oldStatus=EN_TOS_CEC_EARC_STATUS_HANDSHAKE
05-27 21:58:54.429 I/HdmieArc(  394): rhal earc status: 0, error code: 0 
05-27 21:58:54.471 E/RHWC2   (  376): fox1 func=hwc2_func_validate_display line=1291 
05-27 21:58:54.471 E/RHWC2   (  376): fox1 func=hwc2_func_validate_display line=1411 
05-27 21:58:54.473 E/RHWC2   (  376): fox1 [rtk_gdma_post 1507 ]
05-27 21:58:54.473 E/RHWC2   (  376): fox1 [rtk_gdma_post 1530 ]name_of_layer = com.redflix.tvmoderno/com.redx.tvbox.ExoPlayerActivity#0 num_of_layers=1
05-27 21:58:54.473 E/RHWC2   (  376): fox 1 [rtk_gdma_post 1531] HAS_FLAG=0
05-27 21:58:54.473 E/RHWC2   (  376): fox1 [rtk_gdma_post 1565 ]
05-27 21:58:54.572 E/RHWC2   (  376): fox1 func=hwc2_func_validate_display line=1291 
05-27 21:58:54.572 E/RHWC2   (  376): fox1 func=hwc2_func_validate_display line=1411 
05-27 21:58:54.573 E/RHWC2   (  376): fox1 [rtk_gdma_post 1507 ]
05-27 21:58:54.573 E/RHWC2   (  376): fox1 [rtk_gdma_post 1530 ]name_of_layer = com.redflix.tvmoderno/com.redx.tvbox.ExoPlayerActivity#0 num_of_layers=1
05-27 21:58:54.573 E/RHWC2   (  376): fox 1 [rtk_gdma_post 1531] HAS_FLAG=0
05-27 21:58:54.573 E/RHWC2   (  376): fox1 [rtk_gdma_post 1565 ]
05-27 21:58:54.670 D/wpa_supplicant( 1207): wlan_traffic_statistics rx_byte = 918916670 rx rate = 26 Kb/s
05-27 21:58:54.670 D/wpa_supplicant( 1207): wlan_traffic_statistics tx_byte = 154717136 tx rate = 80 Kb/s
05-27 21:58:54.673 E/RHWC2   (  376): fox1 func=hwc2_func_validate_display line=1291 
05-27 21:58:54.673 E/RHWC2   (  376): fox1 func=hwc2_func_validate_display line=1411 
05-27 21:58:54.675 E/RHWC2   (  376): fox1 [rtk_gdma_post 1507 ]
05-27 21:58:54.675 E/RHWC2   (  376): fox1 [rtk_gdma_post 1530 ]name_of_layer = com.redflix.tvmoderno/com.redx.tvbox.ExoPlayerActivity#0 num_of_layers=1
05-27 21:58:54.675 E/RHWC2   (  376): fox 1 [rtk_gdma_post 1531] HAS_FLAG=0
05-27 21:58:54.675 E/RHWC2   (  376): fox1 [rtk_gdma_post 1565 ]
05-27 21:58:54.773 E/RHWC2   (  376): fox1 func=hwc2_func_validate_display line=1291 
05-27 21:58:54.773 E/RHWC2   (  376): fox1 func=hwc2_func_validate_display line=1411 
05-27 21:58:54.775 E/RHWC2   (  376): fox1 [rtk_gdma_post 1507 ]
05-27 21:58:54.775 E/RHWC2   (  376): fox1 [rtk_gdma_post 1530 ]name_of_layer = com.redflix.tvmoderno/com.redx.tvbox.ExoPlayerActivity#0 num_of_layers=1
05-27 21:58:54.775 E/RHWC2   (  376): fox 1 [rtk_gdma_post 1531] HAS_FLAG=0
05-27 21:58:54.775 E/RHWC2   (  376): fox1 [rtk_gdma_post 1565 ]
05-27 21:58:54.872 E/RHWC2   (  376): fox1 func=hwc2_func_validate_display line=1291 
05-27 21:58:54.872 E/RHWC2   (  376): fox1 func=hwc2_func_validate_display line=1411 
05-27 21:58:54.874 E/RHWC2   (  376): fox1 [rtk_gdma_post 1507 ]
05-27 21:58:54.874 E/RHWC2   (  376): fox1 [rtk_gdma_post 1530 ]name_of_layer = com.redflix.tvmoderno/com.redx.tvbox.ExoPlayerActivity#0 num_of_layers=1
05-27 21:58:54.874 E/RHWC2   (  376): fox 1 [rtk_gdma_post 1531] HAS_FLAG=0
05-27 21:58:54.874 E/RHWC2   (  376): fox1 [rtk_gdma_post 1565 ]
05-27 21:58:54.972 E/RHWC2   (  376): fox1 func=hwc2_func_validate_display line=1291 
05-27 21:58:54.972 E/RHWC2   (  376): fox1 func=hwc2_func_validate_display line=1411 
05-27 21:58:54.974 E/RHWC2   (  376): fox1 [rtk_gdma_post 1507 ]
05-27 21:58:54.974 E/RHWC2   (  376): fox1 [rtk_gdma_post 1530 ]name_of_layer = com.redflix.tvmoderno/com.redx.tvbox.ExoPlayerActivity#0 num_of_layers=1
05-27 21:58:54.974 E/RHWC2   (  376): fox 1 [rtk_gdma_post 1531] HAS_FLAG=0
05-27 21:58:54.974 E/RHWC2   (  376): fox1 [rtk_gdma_post 1565 ]
05-27 21:58:55.073 E/RHWC2   (  376): fox1 func=hwc2_func_validate_display line=1291 
05-27 21:58:55.073 E/RHWC2   (  376): fox1 func=hwc2_func_validate_display line=1411 
05-27 21:58:55.075 E/RHWC2   (  376): fox1 [rtk_gdma_post 1507 ]
05-27 21:58:55.075 E/RHWC2   (  376): fox1 [rtk_gdma_post 1530 ]name_of_layer = com.redflix.tvmoderno/com.redx.tvbox.ExoPlayerActivity#0 num_of_layers=1
05-27 21:58:55.075 E/RHWC2   (  376): fox 1 [rtk_gdma_post 1531] HAS_FLAG=0
05-27 21:58:55.075 E/RHWC2   (  376): fox1 [rtk_gdma_post 1565 ]
05-27 21:58:55.172 E/RHWC2   (  376): fox1 func=hwc2_func_validate_display line=1291 
05-27 21:58:55.172 E/RHWC2   (  376): fox1 func=hwc2_func_validate_display line=1411 
05-27 21:58:55.173 E/RHWC2   (  376): fox1 [rtk_gdma_post 1507 ]
05-27 21:58:55.173 E/RHWC2   (  376): fox1 [rtk_gdma_post 1530 ]name_of_layer = com.redflix.tvmoderno/com.redx.tvbox.ExoPlayerActivity#0 num_of_layers=1
05-27 21:58:55.173 E/RHWC2   (  376): fox 1 [rtk_gdma_post 1531] HAS_FLAG=0
05-27 21:58:55.173 E/RHWC2   (  376): fox1 [rtk_gdma_post 1565 ]
05-27 21:58:55.271 E/RHWC2   (  376): fox1 func=hwc2_func_validate_display line=1291 
05-27 21:58:55.271 E/RHWC2   (  376): fox1 func=hwc2_func_validate_display line=1411 
05-27 21:58:55.273 E/RHWC2   (  376): fox1 [rtk_gdma_post 1507 ]
05-27 21:58:55.273 E/RHWC2   (  376): fox1 [rtk_gdma_post 1530 ]name_of_layer = com.redflix.tvmoderno/com.redx.tvbox.ExoPlayerActivity#0 num_of_layers=1
05-27 21:58:55.273 E/RHWC2   (  376): fox 1 [rtk_gdma_post 1531] HAS_FLAG=0
05-27 21:58:55.273 E/RHWC2   (  376): fox1 [rtk_gdma_post 1565 ]
05-27 21:58:55.372 E/RHWC2   (  376): fox1 func=hwc2_func_validate_display line=1291 
05-27 21:58:55.372 E/RHWC2   (  376): fox1 func=hwc2_func_validate_display line=1411 
05-27 21:58:55.374 E/RHWC2   (  376): fox1 [rtk_gdma_post 1507 ]
05-27 21:58:55.374 E/RHWC2   (  376): fox1 [rtk_gdma_post 1530 ]name_of_layer = com.redflix.tvmoderno/com.redx.tvbox.ExoPlayerActivity#0 num_of_layers=1
05-27 21:58:55.374 E/RHWC2   (  376): fox 1 [rtk_gdma_post 1531] HAS_FLAG=0
05-27 21:58:55.374 E/RHWC2   (  376): fox1 [rtk_gdma_post 1565 ]
05-27 21:58:55.429 I/HdmieArc(  394): earc status newStatus 0, oldStatus=EN_TOS_CEC_EARC_STATUS_HANDSHAKE
05-27 21:58:55.429 I/HdmieArc(  394): rhal earc status: 0, error code: 0 
05-27 21:58:55.472 E/RHWC2   (  376): fox1 func=hwc2_func_validate_display line=1291 
05-27 21:58:55.472 E/RHWC2   (  376): fox1 func=hwc2_func_validate_display line=1411 
05-27 21:58:55.474 E/RHWC2   (  376): fox1 [rtk_gdma_post 1507 ]
05-27 21:58:55.474 E/RHWC2   (  376): fox1 [rtk_gdma_post 1530 ]name_of_layer = com.redflix.tvmoderno/com.redx.tvbox.ExoPlayerActivity#0 num_of_layers=1
05-27 21:58:55.474 E/RHWC2   (  376): fox 1 [rtk_gdma_post 1531] HAS_FLAG=0
05-27 21:58:55.474 E/RHWC2   (  376): fox1 [rtk_gdma_post 1565 ]
05-27 21:58:55.484 D/wpa_supplicant( 1207): nl80211: Drv Event 56 (NL80211_CMD_CANCEL_REMAIN_ON_CHANNEL) received for p2p0
05-27 21:58:55.484 D/wpa_supplicant( 1207): nl80211: Remain-on-channel event (cancel=1 freq=2417 channel_type=0 duration=0 cookie=0x93b (match))
05-27 21:58:55.484 D/wpa_supplicant( 1207): p2p0: Event CANCEL_REMAIN_ON_CHANNEL (20) received
05-27 21:58:55.484 D/wpa_supplicant( 1207): P2P: Cancel remain-on-channel callback (p2p_long_listen=1904987704 ms pending_action_tx=0x0)
05-27 21:58:55.484 D/wpa_supplicant( 1207): p2p0: Radio work 'p2p-listen'@0xb4f80f50 done in 5.023717 seconds
05-27 21:58:55.484 D/wpa_supplicant( 1207): p2p0: radio_work_free('p2p-listen'@0xb4f80f50): num_active_works --> 0
05-27 21:58:55.484 D/wpa_supplicant( 1207): P2P: Driver ended Listen state (freq=2417)
05-27 21:58:55.484 D/wpa_supplicant( 1207): P2P: Continuing long Listen state
05-27 21:58:55.484 D/wpa_supplicant( 1207): P2P: Going to listen(only) state
05-27 21:58:55.484 D/wpa_supplicant( 1207): STA wpa_state=9 freq=2417
05-27 21:58:55.484 D/wpa_supplicant( 1207): P2P: cfg reg_class(81) channel(2)
05-27 21:58:55.484 D/wpa_supplicant( 1207): P2P: cfg reg_class(81) channel(2)
05-27 21:58:55.484 D/wpa_supplicant( 1207): P2P: Set Listen channel: reg_class 81 channel 2
05-27 21:58:55.484 D/wpa_supplicant( 1207): P2P: Defer setting listen channel
05-27 21:58:55.484 D/wpa_supplicant( 1207): P2P: p2p listen class(81)/channel(2)
05-27 21:58:55.484 D/wpa_supplicant( 1207): WPS:  * Version (hardcoded 0x10)
05-27 21:58:55.484 D/wpa_supplicant( 1207): WPS:  * UUID-E
05-27 21:58:55.484 D/wpa_supplicant( 1207): WPS:  * Version2 (0x20)
05-27 21:58:55.484 D/wpa_supplicant( 1207): P2P: * P2P IE header
05-27 21:58:55.484 D/wpa_supplicant( 1207): P2P: * Capability dev=25 group=00
05-27 21:58:55.484 D/wpa_supplicant( 1207): P2P: * Listen Channel: Regulatory Class 81 Channel 2
05-27 21:58:55.484 D/wpa_supplicant( 1207): P2P: * Device Info
05-27 21:58:55.484 D/wpa_supplicant( 1207): p2p0: Add radio work 'p2p-listen'@0xb4f80f50
05-27 21:58:55.484 D/wpa_supplicant( 1207): p2p0: First radio work item in the queue - schedule start immediately
05-27 21:58:55.484 D/wpa_supplicant( 1207): P2P: State LISTEN_ONLY -> LISTEN_ONLY
05-27 21:58:55.484 D/wpa_supplicant( 1207): p2p0: Starting radio work 'p2p-listen'@0xb4f80f50 after 0.000070 second wait
05-27 21:58:55.484 D/wpa_supplicant( 1207): nl80211: Probe Request reporting already on! nl_preq=0x3c74b859
05-27 21:58:55.484 D/wpa_supplicant( 1207): nl80211: Remain-on-channel cookie 0x93c for freq=2417 MHz duration=5000
05-27 21:58:55.503 D/wpa_supplicant( 1207): P2P: Timeout (state=LISTEN_ONLY)
05-27 21:58:55.506 D/wpa_supplicant( 1207): nl80211: Drv Event 55 (NL80211_CMD_REMAIN_ON_CHANNEL) received for p2p0
05-27 21:58:55.506 D/wpa_supplicant( 1207): nl80211: Remain-on-channel event (cancel=0 freq=2417 channel_type=0 duration=5000 cookie=0x93c (match))
05-27 21:58:55.506 D/wpa_supplicant( 1207): p2p0: Event REMAIN_ON_CHANNEL (19) received
05-27 21:58:55.506 D/wpa_supplicant( 1207): Off-channel: Send Action callback (without_roc=0 pending_action_tx=0x0 pending_action_tx_done=0)
05-27 21:58:55.506 D/wpa_supplicant( 1207): P2P: remain-on-channel callback (off_channel_freq=2417 pending_listen_freq=2417 roc_waiting_drv_freq=0 freq=2417 duration=5000)
05-27 21:58:55.506 D/wpa_supplicant( 1207): STA wpa_state=9 freq=2417
05-27 21:58:55.506 D/wpa_supplicant( 1207): P2P: Starting Listen timeout(5,0) on freq=2417 based on callback
05-27 21:58:55.506 D/wpa_supplicant( 1207): P2P: Set timeout (state=LISTEN_ONLY): 5.020000 sec
05-27 21:58:55.573 E/RHWC2   (  376): fox1 func=hwc2_func_validate_display line=1291 
05-27 21:58:55.573 E/RHWC2   (  376): fox1 func=hwc2_func_validate_display line=1411 
05-27 21:58:55.574 E/RHWC2   (  376): fox1 [rtk_gdma_post 1507 ]
05-27 21:58:55.574 E/RHWC2   (  376): fox1 [rtk_gdma_post 1530 ]name_of_layer = com.redflix.tvmoderno/com.redx.tvbox.ExoPlayerActivity#0 num_of_layers=1
05-27 21:58:55.574 E/RHWC2   (  376): fox 1 [rtk_gdma_post 1531] HAS_FLAG=0
05-27 21:58:55.574 E/RHWC2   (  376): fox1 [rtk_gdma_post 1565 ]
05-27 21:58:55.673 E/RHWC2   (  376): fox1 func=hwc2_func_validate_display line=1291 
05-27 21:58:55.673 E/RHWC2   (  376): fox1 func=hwc2_func_validate_display line=1411 
05-27 21:58:55.674 E/RHWC2   (  376): fox1 [rtk_gdma_post 1507 ]
05-27 21:58:55.674 E/RHWC2   (  376): fox1 [rtk_gdma_post 1530 ]name_of_layer = com.redflix.tvmoderno/com.redx.tvbox.ExoPlayerActivity#0 num_of_layers=1
05-27 21:58:55.674 E/RHWC2   (  376): fox 1 [rtk_gdma_post 1531] HAS_FLAG=0
05-27 21:58:55.674 E/RHWC2   (  376): fox1 [rtk_gdma_post 1565 ]
05-27 21:58:55.771 E/RHWC2   (  376): fox1 func=hwc2_func_validate_display line=1291 
05-27 21:58:55.771 E/RHWC2   (  376): fox1 func=hwc2_func_validate_display line=1411 
05-27 21:58:55.773 E/RHWC2   (  376): fox1 [rtk_gdma_post 1507 ]
05-27 21:58:55.773 E/RHWC2   (  376): fox1 [rtk_gdma_post 1530 ]name_of_layer = com.redflix.tvmoderno/com.redx.tvbox.ExoPlayerActivity#0 num_of_layers=1
05-27 21:58:55.773 E/RHWC2   (  376): fox 1 [rtk_gdma_post 1531] HAS_FLAG=0
05-27 21:58:55.773 E/RHWC2   (  376): fox1 [rtk_gdma_post 1565 ]
05-27 21:58:55.873 E/RHWC2   (  376): fox1 func=hwc2_func_validate_display line=1291 
05-27 21:58:55.873 E/RHWC2   (  376): fox1 func=hwc2_func_validate_display line=1411 
05-27 21:58:55.875 E/RHWC2   (  376): fox1 [rtk_gdma_post 1507 ]
05-27 21:58:55.875 E/RHWC2   (  376): fox1 [rtk_gdma_post 1530 ]name_of_layer = com.redflix.tvmoderno/com.redx.tvbox.ExoPlayerActivity#0 num_of_layers=1
05-27 21:58:55.875 E/RHWC2   (  376): fox 1 [rtk_gdma_post 1531] HAS_FLAG=0
05-27 21:58:55.875 E/RHWC2   (  376): fox1 [rtk_gdma_post 1565 ]
05-27 21:58:55.971 E/RHWC2   (  376): fox1 func=hwc2_func_validate_display line=1291 
05-27 21:58:55.972 E/RHWC2   (  376): fox1 func=hwc2_func_validate_display line=1411 
05-27 21:58:55.973 E/RHWC2   (  376): fox1 [rtk_gdma_post 1507 ]
05-27 21:58:55.973 E/RHWC2   (  376): fox1 [rtk_gdma_post 1530 ]name_of_layer = com.redflix.tvmoderno/com.redx.tvbox.ExoPlayerActivity#0 num_of_layers=1
05-27 21:58:55.973 E/RHWC2   (  376): fox 1 [rtk_gdma_post 1531] HAS_FLAG=0
05-27 21:58:55.973 E/RHWC2   (  376): fox1 [rtk_gdma_post 1565 ]
05-27 21:58:56.071 E/RHWC2   (  376): fox1 func=hwc2_func_validate_display line=1291 
05-27 21:58:56.072 E/RHWC2   (  376): fox1 func=hwc2_func_validate_display line=1411 
05-27 21:58:56.073 E/RHWC2   (  376): fox1 [rtk_gdma_post 1507 ]
05-27 21:58:56.073 E/RHWC2   (  376): fox1 [rtk_gdma_post 1530 ]name_of_layer = com.redflix.tvmoderno/com.redx.tvbox.ExoPlayerActivity#0 num_of_layers=1
05-27 21:58:56.073 E/RHWC2   (  376): fox 1 [rtk_gdma_post 1531] HAS_FLAG=0
05-27 21:58:56.073 E/RHWC2   (  376): fox1 [rtk_gdma_post 1565 ]
05-27 21:58:56.172 E/RHWC2   (  376): fox1 func=hwc2_func_validate_display line=1291 
05-27 21:58:56.172 E/RHWC2   (  376): fox1 func=hwc2_func_validate_display line=1411 
05-27 21:58:56.173 E/RHWC2   (  376): fox1 [rtk_gdma_post 1507 ]
05-27 21:58:56.173 E/RHWC2   (  376): fox1 [rtk_gdma_post 1530 ]name_of_layer = com.redflix.tvmoderno/com.redx.tvbox.ExoPlayerActivity#0 num_of_layers=1
05-27 21:58:56.173 E/RHWC2   (  376): fox 1 [rtk_gdma_post 1531] HAS_FLAG=0
05-27 21:58:56.173 E/RHWC2   (  376): fox1 [rtk_gdma_post 1565 ]
05-27 21:58:56.273 E/RHWC2   (  376): fox1 func=hwc2_func_validate_display line=1291 
05-27 21:58:56.273 E/RHWC2   (  376): fox1 func=hwc2_func_validate_display line=1411 
05-27 21:58:56.275 E/RHWC2   (  376): fox1 [rtk_gdma_post 1507 ]
05-27 21:58:56.275 E/RHWC2   (  376): fox1 [rtk_gdma_post 1530 ]name_of_layer = com.redflix.tvmoderno/com.redx.tvbox.ExoPlayerActivity#0 num_of_layers=1
05-27 21:58:56.275 E/RHWC2   (  376): fox 1 [rtk_gdma_post 1531] HAS_FLAG=0
05-27 21:58:56.275 E/RHWC2   (  376): fox1 [rtk_gdma_post 1565 ]
05-27 21:58:56.371 E/RHWC2   (  376): fox1 func=hwc2_func_validate_display line=1291 
05-27 21:58:56.371 E/RHWC2   (  376): fox1 func=hwc2_func_validate_display line=1411 
05-27 21:58:56.373 E/RHWC2   (  376): fox1 [rtk_gdma_post 1507 ]
05-27 21:58:56.373 E/RHWC2   (  376): fox1 [rtk_gdma_post 1530 ]name_of_layer = com.redflix.tvmoderno/com.redx.tvbox.ExoPlayerActivity#0 num_of_layers=1
05-27 21:58:56.373 E/RHWC2   (  376): fox 1 [rtk_gdma_post 1531] HAS_FLAG=0
05-27 21:58:56.373 E/RHWC2   (  376): fox1 [rtk_gdma_post 1565 ]
05-27 21:58:56.430 I/HdmieArc(  394): earc status newStatus 0, oldStatus=EN_TOS_CEC_EARC_STATUS_HANDSHAKE
05-27 21:58:56.430 I/HdmieArc(  394): rhal earc status: 0, error code: 0 
05-27 21:58:56.472 E/RHWC2   (  376): fox1 func=hwc2_func_validate_display line=1291 
05-27 21:58:56.472 E/RHWC2   (  376): fox1 func=hwc2_func_validate_display line=1411 
05-27 21:58:56.474 E/RHWC2   (  376): fox1 [rtk_gdma_post 1507 ]
05-27 21:58:56.474 E/RHWC2   (  376): fox1 [rtk_gdma_post 1530 ]name_of_layer = com.redflix.tvmoderno/com.redx.tvbox.ExoPlayerActivity#0 num_of_layers=1
05-27 21:58:56.474 E/RHWC2   (  376): fox 1 [rtk_gdma_post 1531] HAS_FLAG=0
05-27 21:58:56.474 E/RHWC2   (  376): fox1 [rtk_gdma_post 1565 ]
05-27 21:58:56.517 E/WifiVendorHal(  806): getWifiLinkLayerStats_1_3_Internal(l.978) failed {.code = ERROR_NOT_SUPPORTED, .description = }
05-27 21:58:56.522 D/WifiClientModeImpl(  806): fetchRssiLinkSpeedAndFrequencyNative rssi=-70 TxLinkspeed=117 freq=2417 RxLinkSpeed=0
05-27 21:58:56.523 V/WifiConfigManager(  806): Updating scan detail cache freq=2417 BSSID=f8:2d:c0:24:9e:d2 RSSI=-70 for "BOLSONARO2018"WPA_PSK
05-27 21:58:56.523 D/WifiThroughputPredictor(  806):  utilization (BssLoad) -1 utilization (LLStats) 80 isBluetoothConnected: false final utilization: 80
05-27 21:58:56.523 D/WifiThroughputPredictor(  806):  utilization (BssLoad) -1 utilization (LLStats) 80 isBluetoothConnected: false final utilization: 80
05-27 21:58:56.524 D/WifiScoreCard(  806): BSSID update SIGNAL_POLL ID: 398514962 SSID: BOLSONARO2018, BSSID: f8:2d:c0:24:9e:d2, MAC: 64:57:25:8c:68:c1, Supplicant state: COMPLETED, Wi-Fi standard: 0, RSSI: -70, Link speed: 117Mbps, Tx Link speed: 117Mbps, Max Supported Tx Link speed: -1Mbps, Rx Link speed: -1Mbps, Max Supported Rx Link speed: -1Mbps, Frequency: 2417MHz, Net ID: 0, Metered hint: false, score: 60
05-27 21:58:56.524 D/WifiScoreCard(  806): txRate: 70 txSpeed: 117
05-27 21:58:56.524 D/WifiScoreCard(  806): network update SIGNAL_POLL "BOLSONARO2018" ID: 976476524 RSSI -70 txSpeed 117
05-27 21:58:56.524 D/WifiScoreCard(  806): SSID: "BOLSONARO2018"
05-27 21:58:56.524 D/WifiScoreCard(  806):  LastRssiPollTime: 11916588 LastRssiPoll: -70 LastTxSpeedPoll: 117
05-27 21:58:56.524 D/WifiScoreCard(  806):  StatsRecent:  ConnectAttempt: 4 ConnectFailure: 0 ConnectDurSec: 6372708 AssocRej: 0 AssocTimeout: 0 AuthFailure: 0 ShortDiscNonlocal: 6 DisconnectNonlocal: 7 Disconnect: 13 ConsecutiveConnectFailure: 0
05-27 21:58:56.524 D/WifiScoreCard(  806):  StatsCurr:  ConnectAttempt: 54 ConnectFailure: 0 ConnectDurSec: 759544 AssocRej: 0 AssocTimeout: 0 AuthFailure: 0 ShortDiscNonlocal: 39 DisconnectNonlocal: 53 Disconnect: 73 ConsecutiveConnectFailure: 0
05-27 21:58:56.524 D/WifiScoreCard(  806):  StatsPrev:  ConnectAttempt: 15 ConnectFailure: 0 ConnectDurSec: 211923 AssocRej: 0 AssocTimeout: 0 AuthFailure: 0 ShortDiscNonlocal: 10 DisconnectNonlocal: 19 Disconnect: 32 ConsecutiveConnectFailure: 0
05-27 21:58:56.526 D/WifiClientModeImpl(  806):  L2ConnectedState screen=on 1 0 "BOLSONARO2018" f8:2d:c0:24:9e:d2 rssi=-70 f=2417 sc=60 link=117 tx=69,6, 0,0, 0,0  rx=50,2 bcn=0 [on:0 tx:0 rx:0 period:3011] from screen [on:0 period:1813475982] score=60
05-27 21:58:56.530 D/ConnectivityListener( 1306): updateWifiConnectivityStatus
05-27 21:58:56.533 I/WifiService(  806): getConnectionInfo uid=1000
05-27 21:58:56.533 D/ConnectivityListener( 1306): updateWifiConnectivityStatus: AP state = COMPLETED
05-27 21:58:56.533 D/ConnectivityListener( 1306): updateWifiConnectivityStatus: AP is connected
05-27 21:58:56.534 D/ConnectivityListener( 1306): setWifiStatus connected = true
05-27 21:58:56.534 D/ConnectivityListener( 1306): updateWifiConnectivityStatus: ssid = "BOLSONARO2018"
05-27 21:58:56.534 D/ConnectivityListener( 1306): isWireConnected: 
05-27 21:58:56.536 D/ConnectivityListener( 1306): isWireConnected = false
05-27 21:58:56.536 D/ConnectivityListener( 1306): setEthernetStatus = false
05-27 21:58:56.536 D/MainFragment( 1306): updateConnectivity() start
05-27 21:58:56.536 D/MainFragment( 1306): connectedState = true
05-27 21:58:56.536 D/MainFragment( 1306): TextUtils.isEmpty(connectedState) = false
05-27 21:58:56.536 I/WifiService(  806): getWifiEnabledState uid=1000
05-27 21:58:56.537 D/ConnectivityListener( 1306): isWifiEnabledOrEnabling: wifiManager.getWifiState = 3
05-27 21:58:56.537 I/WifiService(  806): getWifiEnabledState uid=1000
05-27 21:58:56.537 D/ConnectivityListener( 1306): isWifiConnected: isWifiConnected = true
05-27 21:58:56.537 I/WifiService(  806): getConnectionInfo uid=1000
05-27 21:58:56.538 I/WifiService(  806): getConnectionInfo uid=1000
05-27 21:58:56.538 D/MainFragment( 1306): updateConnectivity() end
05-27 21:58:56.575 E/RHWC2   (  376): fox1 func=hwc2_func_validate_display line=1291 
05-27 21:58:56.575 E/RHWC2   (  376): fox1 func=hwc2_func_validate_display line=1411 
05-27 21:58:56.577 E/RHWC2   (  376): fox1 [rtk_gdma_post 1507 ]
05-27 21:58:56.577 E/RHWC2   (  376): fox1 [rtk_gdma_post 1530 ]name_of_layer = com.redflix.tvmoderno/com.redx.tvbox.ExoPlayerActivity#0 num_of_layers=1
05-27 21:58:56.577 E/RHWC2   (  376): fox 1 [rtk_gdma_post 1531] HAS_FLAG=0
05-27 21:58:56.577 E/RHWC2   (  376): fox1 [rtk_gdma_post 1565 ]
05-27 21:58:56.672 D/wpa_supplicant( 1207): wlan_traffic_statistics rx_byte = 918922460 rx rate = 22 Kb/s
05-27 21:58:56.672 D/wpa_supplicant( 1207): wlan_traffic_statistics tx_byte = 154736298 tx rate = 74 Kb/s
05-27 21:58:56.672 E/RHWC2   (  376): fox1 func=hwc2_func_validate_display line=1291 
05-27 21:58:56.672 E/RHWC2   (  376): fox1 func=hwc2_func_validate_display line=1411 
05-27 21:58:56.674 E/RHWC2   (  376): fox1 [rtk_gdma_post 1507 ]
05-27 21:58:56.674 E/RHWC2   (  376): fox1 [rtk_gdma_post 1530 ]name_of_layer = com.redflix.tvmoderno/com.redx.tvbox.ExoPlayerActivity#0 num_of_layers=1
05-27 21:58:56.674 E/RHWC2   (  376): fox 1 [rtk_gdma_post 1531] HAS_FLAG=0
05-27 21:58:56.674 E/RHWC2   (  376): fox1 [rtk_gdma_post 1565 ]
05-27 21:58:56.772 E/RHWC2   (  376): fox1 func=hwc2_func_validate_display line=1291 
05-27 21:58:56.772 E/RHWC2   (  376): fox1 func=hwc2_func_validate_display line=1411 
05-27 21:58:56.774 E/RHWC2   (  376): fox1 [rtk_gdma_post 1507 ]
05-27 21:58:56.774 E/RHWC2   (  376): fox1 [rtk_gdma_post 1530 ]name_of_layer = com.redflix.tvmoderno/com.redx.tvbox.ExoPlayerActivity#0 num_of_layers=1
05-27 21:58:56.774 E/RHWC2   (  376): fox 1 [rtk_gdma_post 1531] HAS_FLAG=0
05-27 21:58:56.774 E/RHWC2   (  376): fox1 [rtk_gdma_post 1565 ]
05-27 21:58:56.872 E/RHWC2   (  376): fox1 func=hwc2_func_validate_display line=1291 
05-27 21:58:56.872 E/RHWC2   (  376): fox1 func=hwc2_func_validate_display line=1411 
05-27 21:58:56.873 E/RHWC2   (  376): fox1 [rtk_gdma_post 1507 ]
05-27 21:58:56.873 E/RHWC2   (  376): fox1 [rtk_gdma_post 1530 ]name_of_layer = com.redflix.tvmoderno/com.redx.tvbox.ExoPlayerActivity#0 num_of_layers=1
05-27 21:58:56.873 E/RHWC2   (  376): fox 1 [rtk_gdma_post 1531] HAS_FLAG=0
05-27 21:58:56.874 E/RHWC2   (  376): fox1 [rtk_gdma_post 1565 ]
05-27 21:58:56.973 E/RHWC2   (  376): fox1 func=hwc2_func_validate_display line=1291 
05-27 21:58:56.973 E/RHWC2   (  376): fox1 func=hwc2_func_validate_display line=1411 
05-27 21:58:56.974 E/RHWC2   (  376): fox1 [rtk_gdma_post 1507 ]
05-27 21:58:56.974 E/RHWC2   (  376): fox1 [rtk_gdma_post 1530 ]name_of_layer = com.redflix.tvmoderno/com.redx.tvbox.ExoPlayerActivity#0 num_of_layers=1
05-27 21:58:56.974 E/RHWC2   (  376): fox 1 [rtk_gdma_post 1531] HAS_FLAG=0
05-27 21:58:56.974 E/RHWC2   (  376): fox1 [rtk_gdma_post 1565 ]
05-27 21:58:57.072 E/RHWC2   (  376): fox1 func=hwc2_func_validate_display line=1291 
05-27 21:58:57.072 E/RHWC2   (  376): fox1 func=hwc2_func_validate_display line=1411 
05-27 21:58:57.074 E/RHWC2   (  376): fox1 [rtk_gdma_post 1507 ]
05-27 21:58:57.074 E/RHWC2   (  376): fox1 [rtk_gdma_post 1530 ]name_of_layer = com.redflix.tvmoderno/com.redx.tvbox.ExoPlayerActivity#0 num_of_layers=1
05-27 21:58:57.074 E/RHWC2   (  376): fox 1 [rtk_gdma_post 1531] HAS_FLAG=0
05-27 21:58:57.074 E/RHWC2   (  376): fox1 [rtk_gdma_post 1565 ]
05-27 21:58:57.172 E/RHWC2   (  376): fox1 func=hwc2_func_validate_display line=1291 
05-27 21:58:57.172 E/RHWC2   (  376): fox1 func=hwc2_func_validate_display line=1411 
05-27 21:58:57.173 E/RHWC2   (  376): fox1 [rtk_gdma_post 1507 ]
05-27 21:58:57.173 E/RHWC2   (  376): fox1 [rtk_gdma_post 1530 ]name_of_layer = com.redflix.tvmoderno/com.redx.tvbox.ExoPlayerActivity#0 num_of_layers=1
05-27 21:58:57.173 E/RHWC2   (  376): fox 1 [rtk_gdma_post 1531] HAS_FLAG=0
05-27 21:58:57.173 E/RHWC2   (  376): fox1 [rtk_gdma_post 1565 ]
05-27 21:58:57.272 E/RHWC2   (  376): fox1 func=hwc2_func_validate_display line=1291 
05-27 21:58:57.272 E/RHWC2   (  376): fox1 func=hwc2_func_validate_display line=1411 
05-27 21:58:57.273 E/RHWC2   (  376): fox1 [rtk_gdma_post 1507 ]
05-27 21:58:57.273 E/RHWC2   (  376): fox1 [rtk_gdma_post 1530 ]name_of_layer = com.redflix.tvmoderno/com.redx.tvbox.ExoPlayerActivity#0 num_of_layers=1
05-27 21:58:57.273 E/RHWC2   (  376): fox 1 [rtk_gdma_post 1531] HAS_FLAG=0
05-27 21:58:57.273 E/RHWC2   (  376): fox1 [rtk_gdma_post 1565 ]
05-27 21:58:57.372 E/RHWC2   (  376): fox1 func=hwc2_func_validate_display line=1291 
05-27 21:58:57.372 E/RHWC2   (  376): fox1 func=hwc2_func_validate_display line=1411 
05-27 21:58:57.374 E/RHWC2   (  376): fox1 [rtk_gdma_post 1507 ]
05-27 21:58:57.374 E/RHWC2   (  376): fox1 [rtk_gdma_post 1530 ]name_of_layer = com.redflix.tvmoderno/com.redx.tvbox.ExoPlayerActivity#0 num_of_layers=1
05-27 21:58:57.374 E/RHWC2   (  376): fox 1 [rtk_gdma_post 1531] HAS_FLAG=0
05-27 21:58:57.374 E/RHWC2   (  376): fox1 [rtk_gdma_post 1565 ]
05-27 21:58:57.430 I/HdmieArc(  394): earc status newStatus 0, oldStatus=EN_TOS_CEC_EARC_STATUS_HANDSHAKE
05-27 21:58:57.430 I/HdmieArc(  394): rhal earc status: 0, error code: 0 
05-27 21:58:57.472 E/RHWC2   (  376): fox1 func=hwc2_func_validate_display line=1291 
05-27 21:58:57.472 E/RHWC2   (  376): fox1 func=hwc2_func_validate_display line=1411 
05-27 21:58:57.474 E/RHWC2   (  376): fox1 [rtk_gdma_post 1507 ]
05-27 21:58:57.474 E/RHWC2   (  376): fox1 [rtk_gdma_post 1530 ]name_of_layer = com.redflix.tvmoderno/com.redx.tvbox.ExoPlayerActivity#0 num_of_layers=1
05-27 21:58:57.474 E/RHWC2   (  376): fox 1 [rtk_gdma_post 1531] HAS_FLAG=0
05-27 21:58:57.474 E/RHWC2   (  376): fox1 [rtk_gdma_post 1565 ]
05-27 21:58:57.572 E/RHWC2   (  376): fox1 func=hwc2_func_validate_display line=1291 
05-27 21:58:57.572 E/RHWC2   (  376): fox1 func=hwc2_func_validate_display line=1411 
05-27 21:58:57.574 E/RHWC2   (  376): fox1 [rtk_gdma_post 1507 ]
05-27 21:58:57.574 E/RHWC2   (  376): fox1 [rtk_gdma_post 1530 ]name_of_layer = com.redflix.tvmoderno/com.redx.tvbox.ExoPlayerActivity#0 num_of_layers=1
05-27 21:58:57.574 E/RHWC2   (  376): fox 1 [rtk_gdma_post 1531] HAS_FLAG=0
05-27 21:58:57.574 E/RHWC2   (  376): fox1 [rtk_gdma_post 1565 ]
05-27 21:58:57.673 E/RHWC2   (  376): fox1 func=hwc2_func_validate_display line=1291 
05-27 21:58:57.673 E/RHWC2   (  376): fox1 func=hwc2_func_validate_display line=1411 
05-27 21:58:57.675 E/RHWC2   (  376): fox1 [rtk_gdma_post 1507 ]
05-27 21:58:57.675 E/RHWC2   (  376): fox1 [rtk_gdma_post 1530 ]name_of_layer = com.redflix.tvmoderno/com.redx.tvbox.ExoPlayerActivity#0 num_of_layers=1
05-27 21:58:57.675 E/RHWC2   (  376): fox 1 [rtk_gdma_post 1531] HAS_FLAG=0
05-27 21:58:57.675 E/RHWC2   (  376): fox1 [rtk_gdma_post 1565 ]
05-27 21:58:57.772 E/RHWC2   (  376): fox1 func=hwc2_func_validate_display line=1291 
05-27 21:58:57.772 E/RHWC2   (  376): fox1 func=hwc2_func_validate_display line=1411 
05-27 21:58:57.773 E/RHWC2   (  376): fox1 [rtk_gdma_post 1507 ]
05-27 21:58:57.773 E/RHWC2   (  376): fox1 [rtk_gdma_post 1530 ]name_of_layer = com.redflix.tvmoderno/com.redx.tvbox.ExoPlayerActivity#0 num_of_layers=1
05-27 21:58:57.773 E/RHWC2   (  376): fox 1 [rtk_gdma_post 1531] HAS_FLAG=0
05-27 21:58:57.773 E/RHWC2   (  376): fox1 [rtk_gdma_post 1565 ]
