05-27 22:11:21.854 D/wpa_supplicant( 1207): P2P: Set timeout (state=LISTEN_ONLY): 5.020000 sec
05-27 22:11:21.876 E/RHWC2   (  376): fox1 func=hwc2_func_validate_display line=1291 
05-27 22:11:21.876 E/RHWC2   (  376): fox1 func=hwc2_func_validate_display line=1411 
05-27 22:11:21.878 E/RHWC2   (  376): fox1 [rtk_gdma_post 1507 ]
05-27 22:11:21.878 E/RHWC2   (  376): fox1 [rtk_gdma_post 1530 ]name_of_layer = com.redflix.tvmoderno/com.redx.tvbox.ExoPlayerActivity#0 num_of_layers=1
05-27 22:11:21.878 E/RHWC2   (  376): fox 1 [rtk_gdma_post 1531] HAS_FLAG=0
05-27 22:11:21.878 E/RHWC2   (  376): fox1 [rtk_gdma_post 1565 ]
05-27 22:11:21.974 E/RHWC2   (  376): fox1 func=hwc2_func_validate_display line=1291 
05-27 22:11:21.974 E/RHWC2   (  376): fox1 func=hwc2_func_validate_display line=1411 
05-27 22:11:21.976 E/RHWC2   (  376): fox1 [rtk_gdma_post 1507 ]
05-27 22:11:21.976 E/RHWC2   (  376): fox1 [rtk_gdma_post 1530 ]name_of_layer = com.redflix.tvmoderno/com.redx.tvbox.ExoPlayerActivity#0 num_of_layers=1
05-27 22:11:21.976 E/RHWC2   (  376): fox 1 [rtk_gdma_post 1531] HAS_FLAG=0
05-27 22:11:21.976 E/RHWC2   (  376): fox1 [rtk_gdma_post 1565 ]
05-27 22:11:22.073 E/RHWC2   (  376): fox1 func=hwc2_func_validate_display line=1291 
05-27 22:11:22.073 E/RHWC2   (  376): fox1 func=hwc2_func_validate_display line=1411 
05-27 22:11:22.075 E/RHWC2   (  376): fox1 [rtk_gdma_post 1507 ]
05-27 22:11:22.075 E/RHWC2   (  376): fox1 [rtk_gdma_post 1530 ]name_of_layer = com.redflix.tvmoderno/com.redx.tvbox.ExoPlayerActivity#0 num_of_layers=1
05-27 22:11:22.075 E/RHWC2   (  376): fox 1 [rtk_gdma_post 1531] HAS_FLAG=0
05-27 22:11:22.075 E/RHWC2   (  376): fox1 [rtk_gdma_post 1565 ]
05-27 22:11:22.174 E/RHWC2   (  376): fox1 func=hwc2_func_validate_display line=1291 
05-27 22:11:22.174 E/RHWC2   (  376): fox1 func=hwc2_func_validate_display line=1411 
05-27 22:11:22.176 E/RHWC2   (  376): fox1 [rtk_gdma_post 1507 ]
05-27 22:11:22.176 E/RHWC2   (  376): fox1 [rtk_gdma_post 1530 ]name_of_layer = com.redflix.tvmoderno/com.redx.tvbox.ExoPlayerActivity#0 num_of_layers=1
05-27 22:11:22.176 E/RHWC2   (  376): fox 1 [rtk_gdma_post 1531] HAS_FLAG=0
05-27 22:11:22.176 E/RHWC2   (  376): fox1 [rtk_gdma_post 1565 ]
05-27 22:11:22.273 E/RHWC2   (  376): fox1 func=hwc2_func_validate_display line=1291 
05-27 22:11:22.273 E/RHWC2   (  376): fox1 func=hwc2_func_validate_display line=1411 
05-27 22:11:22.275 E/RHWC2   (  376): fox1 [rtk_gdma_post 1507 ]
05-27 22:11:22.275 E/RHWC2   (  376): fox1 [rtk_gdma_post 1530 ]name_of_layer = com.redflix.tvmoderno/com.redx.tvbox.ExoPlayerActivity#0 num_of_layers=1
05-27 22:11:22.275 E/RHWC2   (  376): fox 1 [rtk_gdma_post 1531] HAS_FLAG=0
05-27 22:11:22.275 E/RHWC2   (  376): fox1 [rtk_gdma_post 1565 ]
05-27 22:11:22.374 E/RHWC2   (  376): fox1 func=hwc2_func_validate_display line=1291 
05-27 22:11:22.374 E/RHWC2   (  376): fox1 func=hwc2_func_validate_display line=1411 
05-27 22:11:22.376 E/RHWC2   (  376): fox1 [rtk_gdma_post 1507 ]
05-27 22:11:22.376 E/RHWC2   (  376): fox1 [rtk_gdma_post 1530 ]name_of_layer = com.redflix.tvmoderno/com.redx.tvbox.ExoPlayerActivity#0 num_of_layers=1
05-27 22:11:22.376 E/RHWC2   (  376): fox 1 [rtk_gdma_post 1531] HAS_FLAG=0
05-27 22:11:22.376 E/RHWC2   (  376): fox1 [rtk_gdma_post 1565 ]
05-27 22:11:22.475 E/RHWC2   (  376): fox1 func=hwc2_func_validate_display line=1291 
05-27 22:11:22.475 E/RHWC2   (  376): fox1 func=hwc2_func_validate_display line=1411 
05-27 22:11:22.477 E/RHWC2   (  376): fox1 [rtk_gdma_post 1507 ]
05-27 22:11:22.477 E/RHWC2   (  376): fox1 [rtk_gdma_post 1530 ]name_of_layer = com.redflix.tvmoderno/com.redx.tvbox.ExoPlayerActivity#0 num_of_layers=1
05-27 22:11:22.477 E/RHWC2   (  376): fox 1 [rtk_gdma_post 1531] HAS_FLAG=0
05-27 22:11:22.477 E/RHWC2   (  376): fox1 [rtk_gdma_post 1565 ]
05-27 22:11:22.575 E/RHWC2   (  376): fox1 func=hwc2_func_validate_display line=1291 
05-27 22:11:22.575 E/RHWC2   (  376): fox1 func=hwc2_func_validate_display line=1411 
05-27 22:11:22.577 E/RHWC2   (  376): fox1 [rtk_gdma_post 1507 ]
05-27 22:11:22.577 E/RHWC2   (  376): fox1 [rtk_gdma_post 1530 ]name_of_layer = com.redflix.tvmoderno/com.redx.tvbox.ExoPlayerActivity#0 num_of_layers=1
05-27 22:11:22.577 E/RHWC2   (  376): fox 1 [rtk_gdma_post 1531] HAS_FLAG=0
05-27 22:11:22.577 E/RHWC2   (  376): fox1 [rtk_gdma_post 1565 ]
05-27 22:11:22.674 E/RHWC2   (  376): fox1 func=hwc2_func_validate_display line=1291 
05-27 22:11:22.674 E/RHWC2   (  376): fox1 func=hwc2_func_validate_display line=1411 
05-27 22:11:22.676 E/RHWC2   (  376): fox1 [rtk_gdma_post 1507 ]
05-27 22:11:22.676 E/RHWC2   (  376): fox1 [rtk_gdma_post 1530 ]name_of_layer = com.redflix.tvmoderno/com.redx.tvbox.ExoPlayerActivity#0 num_of_layers=1
05-27 22:11:22.676 E/RHWC2   (  376): fox 1 [rtk_gdma_post 1531] HAS_FLAG=0
05-27 22:11:22.676 E/RHWC2   (  376): fox1 [rtk_gdma_post 1565 ]
05-27 22:11:22.714 I/HdmieArc(  394): earc status newStatus 0, oldStatus=EN_TOS_CEC_EARC_STATUS_HANDSHAKE
05-27 22:11:22.714 I/HdmieArc(  394): rhal earc status: 0, error code: 0 
05-27 22:11:22.774 E/RHWC2   (  376): fox1 func=hwc2_func_validate_display line=1291 
05-27 22:11:22.774 E/RHWC2   (  376): fox1 func=hwc2_func_validate_display line=1411 
05-27 22:11:22.776 E/RHWC2   (  376): fox1 [rtk_gdma_post 1507 ]
05-27 22:11:22.776 E/RHWC2   (  376): fox1 [rtk_gdma_post 1530 ]name_of_layer = com.redflix.tvmoderno/com.redx.tvbox.ExoPlayerActivity#0 num_of_layers=1
05-27 22:11:22.776 E/RHWC2   (  376): fox 1 [rtk_gdma_post 1531] HAS_FLAG=0
05-27 22:11:22.776 E/RHWC2   (  376): fox1 [rtk_gdma_post 1565 ]
05-27 22:11:22.873 E/RHWC2   (  376): fox1 func=hwc2_func_validate_display line=1291 
05-27 22:11:22.874 E/RHWC2   (  376): fox1 func=hwc2_func_validate_display line=1411 
05-27 22:11:22.875 E/RHWC2   (  376): fox1 [rtk_gdma_post 1507 ]
05-27 22:11:22.875 E/RHWC2   (  376): fox1 [rtk_gdma_post 1530 ]name_of_layer = com.redflix.tvmoderno/com.redx.tvbox.ExoPlayerActivity#0 num_of_layers=1
05-27 22:11:22.875 E/RHWC2   (  376): fox 1 [rtk_gdma_post 1531] HAS_FLAG=0
05-27 22:11:22.875 E/RHWC2   (  376): fox1 [rtk_gdma_post 1565 ]
05-27 22:11:22.974 E/RHWC2   (  376): fox1 func=hwc2_func_validate_display line=1291 
05-27 22:11:22.974 E/RHWC2   (  376): fox1 func=hwc2_func_validate_display line=1411 
05-27 22:11:22.976 E/RHWC2   (  376): fox1 [rtk_gdma_post 1507 ]
05-27 22:11:22.976 E/RHWC2   (  376): fox1 [rtk_gdma_post 1530 ]name_of_layer = com.redflix.tvmoderno/com.redx.tvbox.ExoPlayerActivity#0 num_of_layers=1
05-27 22:11:22.976 E/RHWC2   (  376): fox 1 [rtk_gdma_post 1531] HAS_FLAG=0
05-27 22:11:22.976 E/RHWC2   (  376): fox1 [rtk_gdma_post 1565 ]
05-27 22:11:23.074 E/RHWC2   (  376): fox1 func=hwc2_func_validate_display line=1291 
05-27 22:11:23.074 E/RHWC2   (  376): fox1 func=hwc2_func_validate_display line=1411 
05-27 22:11:23.075 E/RHWC2   (  376): fox1 [rtk_gdma_post 1507 ]
05-27 22:11:23.075 E/RHWC2   (  376): fox1 [rtk_gdma_post 1530 ]name_of_layer = com.redflix.tvmoderno/com.redx.tvbox.ExoPlayerActivity#0 num_of_layers=1
05-27 22:11:23.075 E/RHWC2   (  376): fox 1 [rtk_gdma_post 1531] HAS_FLAG=0
05-27 22:11:23.075 E/RHWC2   (  376): fox1 [rtk_gdma_post 1565 ]
05-27 22:11:23.096 I/system_server(  806): oneway function results will be dropped but finished with status OK and parcel size 4
05-27 22:11:23.097 I/system_server(  806): oneway function results will be dropped but finished with status OK and parcel size 4
05-27 22:11:23.175 E/RHWC2   (  376): fox1 func=hwc2_func_validate_display line=1291 
05-27 22:11:23.175 E/RHWC2   (  376): fox1 func=hwc2_func_validate_display line=1411 
05-27 22:11:23.176 E/RHWC2   (  376): fox1 [rtk_gdma_post 1507 ]
05-27 22:11:23.176 E/RHWC2   (  376): fox1 [rtk_gdma_post 1530 ]name_of_layer = com.redflix.tvmoderno/com.redx.tvbox.ExoPlayerActivity#0 num_of_layers=1
05-27 22:11:23.176 E/RHWC2   (  376): fox 1 [rtk_gdma_post 1531] HAS_FLAG=0
05-27 22:11:23.176 E/RHWC2   (  376): fox1 [rtk_gdma_post 1565 ]
05-27 22:11:23.186 D/wpa_supplicant( 1207): wlan_traffic_statistics rx_byte = 1011911542 rx rate = 24 Kb/s
05-27 22:11:23.186 D/wpa_supplicant( 1207): wlan_traffic_statistics tx_byte = 160048108 tx rate = 79 Kb/s
05-27 22:11:23.274 E/RHWC2   (  376): fox1 func=hwc2_func_validate_display line=1291 
05-27 22:11:23.274 E/RHWC2   (  376): fox1 func=hwc2_func_validate_display line=1411 
05-27 22:11:23.275 E/RHWC2   (  376): fox1 [rtk_gdma_post 1507 ]
05-27 22:11:23.275 E/RHWC2   (  376): fox1 [rtk_gdma_post 1530 ]name_of_layer = com.redflix.tvmoderno/com.redx.tvbox.ExoPlayerActivity#0 num_of_layers=1
05-27 22:11:23.275 E/RHWC2   (  376): fox 1 [rtk_gdma_post 1531] HAS_FLAG=0
05-27 22:11:23.275 E/RHWC2   (  376): fox1 [rtk_gdma_post 1565 ]
05-27 22:11:23.373 E/RHWC2   (  376): fox1 func=hwc2_func_validate_display line=1291 
05-27 22:11:23.373 E/RHWC2   (  376): fox1 func=hwc2_func_validate_display line=1411 
05-27 22:11:23.375 E/RHWC2   (  376): fox1 [rtk_gdma_post 1507 ]
05-27 22:11:23.375 E/RHWC2   (  376): fox1 [rtk_gdma_post 1530 ]name_of_layer = com.redflix.tvmoderno/com.redx.tvbox.ExoPlayerActivity#0 num_of_layers=1
05-27 22:11:23.375 E/RHWC2   (  376): fox 1 [rtk_gdma_post 1531] HAS_FLAG=0
05-27 22:11:23.375 E/RHWC2   (  376): fox1 [rtk_gdma_post 1565 ]
05-27 22:11:23.473 E/RHWC2   (  376): fox1 func=hwc2_func_validate_display line=1291 
05-27 22:11:23.474 E/RHWC2   (  376): fox1 func=hwc2_func_validate_display line=1411 
05-27 22:11:23.475 E/RHWC2   (  376): fox1 [rtk_gdma_post 1507 ]
05-27 22:11:23.475 E/RHWC2   (  376): fox1 [rtk_gdma_post 1530 ]name_of_layer = com.redflix.tvmoderno/com.redx.tvbox.ExoPlayerActivity#0 num_of_layers=1
05-27 22:11:23.475 E/RHWC2   (  376): fox 1 [rtk_gdma_post 1531] HAS_FLAG=0
05-27 22:11:23.475 E/RHWC2   (  376): fox1 [rtk_gdma_post 1565 ]
05-27 22:11:23.481 E/WifiVendorHal(  806): getWifiLinkLayerStats_1_3_Internal(l.978) failed {.code = ERROR_NOT_SUPPORTED, .description = }
05-27 22:11:23.487 D/WifiClientModeImpl(  806): fetchRssiLinkSpeedAndFrequencyNative rssi=-73 TxLinkspeed=130 freq=2417 RxLinkSpeed=0
05-27 22:11:23.488 V/WifiConfigManager(  806): Updating scan detail cache freq=2417 BSSID=f8:2d:c0:24:9e:d2 RSSI=-71 for "BOLSONARO2018"WPA_PSK
05-27 22:11:23.488 D/WifiThroughputPredictor(  806):  utilization (BssLoad) -1 utilization (LLStats) 80 isBluetoothConnected: false final utilization: 80
05-27 22:11:23.488 D/WifiThroughputPredictor(  806):  utilization (BssLoad) -1 utilization (LLStats) 80 isBluetoothConnected: false final utilization: 80
05-27 22:11:23.489 D/WifiScoreCard(  806): BSSID update SIGNAL_POLL ID: 398514962 SSID: BOLSONARO2018, BSSID: f8:2d:c0:24:9e:d2, MAC: 64:57:25:8c:68:c1, Supplicant state: COMPLETED, Wi-Fi standard: 0, RSSI: -73, Link speed: 130Mbps, Tx Link speed: 130Mbps, Max Supported Tx Link speed: -1Mbps, Rx Link speed: -1Mbps, Max Supported Rx Link speed: -1Mbps, Frequency: 2417MHz, Net ID: 0, Metered hint: false, score: 60
05-27 22:11:23.489 D/WifiScoreCard(  806): txRate: 77 txSpeed: 130
05-27 22:11:23.489 D/WifiScoreCard(  806): network update SIGNAL_POLL "BOLSONARO2018" ID: 976476524 RSSI -73 txSpeed 130
05-27 22:11:23.489 D/WifiScoreCard(  806): SSID: "BOLSONARO2018"
05-27 22:11:23.489 D/WifiScoreCard(  806):  LastRssiPollTime: 12663553 LastRssiPoll: -73 LastTxSpeedPoll: 130
05-27 22:11:23.489 D/WifiScoreCard(  806):  StatsRecent:  ConnectAttempt: 4 ConnectFailure: 0 ConnectDurSec: 6372708 AssocRej: 0 AssocTimeout: 0 AuthFailure: 0 ShortDiscNonlocal: 6 DisconnectNonlocal: 7 Disconnect: 13 ConsecutiveConnectFailure: 0
05-27 22:11:23.489 D/WifiScoreCard(  806):  StatsCurr:  ConnectAttempt: 54 ConnectFailure: 0 ConnectDurSec: 759544 AssocRej: 0 AssocTimeout: 0 AuthFailure: 0 ShortDiscNonlocal: 39 DisconnectNonlocal: 53 Disconnect: 73 ConsecutiveConnectFailure: 0
05-27 22:11:23.489 D/WifiScoreCard(  806):  StatsPrev:  ConnectAttempt: 15 ConnectFailure: 0 ConnectDurSec: 211923 AssocRej: 0 AssocTimeout: 0 AuthFailure: 0 ShortDiscNonlocal: 10 DisconnectNonlocal: 19 Disconnect: 32 ConsecutiveConnectFailure: 0
05-27 22:11:23.491 D/ConnectivityListener( 1306): updateWifiConnectivityStatus
05-27 22:11:23.491 I/WifiService(  806): getConnectionInfo uid=1000
05-27 22:11:23.492 D/WifiClientModeImpl(  806):  L2ConnectedState screen=on 1 0 "BOLSONARO2018" f8:2d:c0:24:9e:d2 rssi=-73 f=2417 sc=60 link=130 tx=76,2, 0,0, 0,0  rx=66,6 bcn=0 [on:0 tx:0 rx:0 period:2998] from screen [on:0 period:1814222947] score=60
05-27 22:11:23.492 D/ConnectivityListener( 1306): updateWifiConnectivityStatus: AP state = COMPLETED
05-27 22:11:23.492 D/ConnectivityListener( 1306): updateWifiConnectivityStatus: AP is connected
05-27 22:11:23.492 D/ConnectivityListener( 1306): setWifiStatus connected = true
05-27 22:11:23.492 D/ConnectivityListener( 1306): updateWifiConnectivityStatus: ssid = "BOLSONARO2018"
05-27 22:11:23.492 D/ConnectivityListener( 1306): isWireConnected: 
05-27 22:11:23.492 D/ConnectivityListener( 1306): isWireConnected = false
05-27 22:11:23.492 D/ConnectivityListener( 1306): setEthernetStatus = false
05-27 22:11:23.492 D/MainFragment( 1306): updateConnectivity() start
05-27 22:11:23.492 D/MainFragment( 1306): connectedState = true
05-27 22:11:23.493 D/MainFragment( 1306): TextUtils.isEmpty(connectedState) = false
05-27 22:11:23.493 I/WifiService(  806): getWifiEnabledState uid=1000
05-27 22:11:23.493 D/ConnectivityListener( 1306): isWifiEnabledOrEnabling: wifiManager.getWifiState = 3
05-27 22:11:23.493 I/WifiService(  806): getWifiEnabledState uid=1000
05-27 22:11:23.493 D/ConnectivityListener( 1306): isWifiConnected: isWifiConnected = true
05-27 22:11:23.494 I/WifiService(  806): getConnectionInfo uid=1000
05-27 22:11:23.494 I/WifiService(  806): getConnectionInfo uid=1000
05-27 22:11:23.495 D/MainFragment( 1306): updateConnectivity() end
05-27 22:11:23.574 E/RHWC2   (  376): fox1 func=hwc2_func_validate_display line=1291 
05-27 22:11:23.574 E/RHWC2   (  376): fox1 func=hwc2_func_validate_display line=1411 
05-27 22:11:23.576 E/RHWC2   (  376): fox1 [rtk_gdma_post 1507 ]
05-27 22:11:23.576 E/RHWC2   (  376): fox1 [rtk_gdma_post 1530 ]name_of_layer = com.redflix.tvmoderno/com.redx.tvbox.ExoPlayerActivity#0 num_of_layers=1
05-27 22:11:23.576 E/RHWC2   (  376): fox 1 [rtk_gdma_post 1531] HAS_FLAG=0
05-27 22:11:23.576 E/RHWC2   (  376): fox1 [rtk_gdma_post 1565 ]
05-27 22:11:23.674 E/RHWC2   (  376): fox1 func=hwc2_func_validate_display line=1291 
05-27 22:11:23.674 E/RHWC2   (  376): fox1 func=hwc2_func_validate_display line=1411 
05-27 22:11:23.676 E/RHWC2   (  376): fox1 [rtk_gdma_post 1507 ]
05-27 22:11:23.676 E/RHWC2   (  376): fox1 [rtk_gdma_post 1530 ]name_of_layer = com.redflix.tvmoderno/com.redx.tvbox.ExoPlayerActivity#0 num_of_layers=1
05-27 22:11:23.676 E/RHWC2   (  376): fox 1 [rtk_gdma_post 1531] HAS_FLAG=0
05-27 22:11:23.676 E/RHWC2   (  376): fox1 [rtk_gdma_post 1565 ]
05-27 22:11:23.714 I/HdmieArc(  394): earc status newStatus 0, oldStatus=EN_TOS_CEC_EARC_STATUS_HANDSHAKE
05-27 22:11:23.714 I/HdmieArc(  394): rhal earc status: 0, error code: 0 
05-27 22:11:23.742 I/ActivityTaskManager(  806): gc_tuning disable system_server's gc tuning from message
05-27 22:11:23.774 E/RHWC2   (  376): fox1 func=hwc2_func_validate_display line=1291 
05-27 22:11:23.774 E/RHWC2   (  376): fox1 func=hwc2_func_validate_display line=1411 
05-27 22:11:23.776 E/RHWC2   (  376): fox1 [rtk_gdma_post 1507 ]
05-27 22:11:23.776 E/RHWC2   (  376): fox1 [rtk_gdma_post 1530 ]name_of_layer = com.redflix.tvmoderno/com.redx.tvbox.ExoPlayerActivity#0 num_of_layers=1
05-27 22:11:23.776 E/RHWC2   (  376): fox 1 [rtk_gdma_post 1531] HAS_FLAG=0
05-27 22:11:23.776 E/RHWC2   (  376): fox1 [rtk_gdma_post 1565 ]
05-27 22:11:23.874 E/RHWC2   (  376): fox1 func=hwc2_func_validate_display line=1291 
05-27 22:11:23.874 E/RHWC2   (  376): fox1 func=hwc2_func_validate_display line=1411 
05-27 22:11:23.876 E/RHWC2   (  376): fox1 [rtk_gdma_post 1507 ]
05-27 22:11:23.876 E/RHWC2   (  376): fox1 [rtk_gdma_post 1530 ]name_of_layer = com.redflix.tvmoderno/com.redx.tvbox.ExoPlayerActivity#0 num_of_layers=1
05-27 22:11:23.876 E/RHWC2   (  376): fox 1 [rtk_gdma_post 1531] HAS_FLAG=0
05-27 22:11:23.876 E/RHWC2   (  376): fox1 [rtk_gdma_post 1565 ]
05-27 22:11:23.974 E/RHWC2   (  376): fox1 func=hwc2_func_validate_display line=1291 
05-27 22:11:23.974 E/RHWC2   (  376): fox1 func=hwc2_func_validate_display line=1411 
05-27 22:11:23.976 E/RHWC2   (  376): fox1 [rtk_gdma_post 1507 ]
05-27 22:11:23.976 E/RHWC2   (  376): fox1 [rtk_gdma_post 1530 ]name_of_layer = com.redflix.tvmoderno/com.redx.tvbox.ExoPlayerActivity#0 num_of_layers=1
05-27 22:11:23.976 E/RHWC2   (  376): fox 1 [rtk_gdma_post 1531] HAS_FLAG=0
05-27 22:11:23.976 E/RHWC2   (  376): fox1 [rtk_gdma_post 1565 ]
05-27 22:11:24.073 E/RHWC2   (  376): fox1 func=hwc2_func_validate_display line=1291 
05-27 22:11:24.073 E/RHWC2   (  376): fox1 func=hwc2_func_validate_display line=1411 
05-27 22:11:24.075 E/RHWC2   (  376): fox1 [rtk_gdma_post 1507 ]
05-27 22:11:24.075 E/RHWC2   (  376): fox1 [rtk_gdma_post 1530 ]name_of_layer = com.redflix.tvmoderno/com.redx.tvbox.ExoPlayerActivity#0 num_of_layers=1
05-27 22:11:24.075 E/RHWC2   (  376): fox 1 [rtk_gdma_post 1531] HAS_FLAG=0
05-27 22:11:24.075 E/RHWC2   (  376): fox1 [rtk_gdma_post 1565 ]
05-27 22:11:24.173 E/RHWC2   (  376): fox1 func=hwc2_func_validate_display line=1291 
05-27 22:11:24.174 E/RHWC2   (  376): fox1 func=hwc2_func_validate_display line=1411 
05-27 22:11:24.175 E/RHWC2   (  376): fox1 [rtk_gdma_post 1507 ]
05-27 22:11:24.175 E/RHWC2   (  376): fox1 [rtk_gdma_post 1530 ]name_of_layer = com.redflix.tvmoderno/com.redx.tvbox.ExoPlayerActivity#0 num_of_layers=1
05-27 22:11:24.175 E/RHWC2   (  376): fox 1 [rtk_gdma_post 1531] HAS_FLAG=0
05-27 22:11:24.175 E/RHWC2   (  376): fox1 [rtk_gdma_post 1565 ]
05-27 22:11:24.274 E/RHWC2   (  376): fox1 func=hwc2_func_validate_display line=1291 
05-27 22:11:24.274 E/RHWC2   (  376): fox1 func=hwc2_func_validate_display line=1411 
05-27 22:11:24.276 E/RHWC2   (  376): fox1 [rtk_gdma_post 1507 ]
05-27 22:11:24.276 E/RHWC2   (  376): fox1 [rtk_gdma_post 1530 ]name_of_layer = com.redflix.tvmoderno/com.redx.tvbox.ExoPlayerActivity#0 num_of_layers=1
05-27 22:11:24.276 E/RHWC2   (  376): fox 1 [rtk_gdma_post 1531] HAS_FLAG=0
05-27 22:11:24.276 E/RHWC2   (  376): fox1 [rtk_gdma_post 1565 ]
05-27 22:11:24.375 E/RHWC2   (  376): fox1 func=hwc2_func_validate_display line=1291 
05-27 22:11:24.375 E/RHWC2   (  376): fox1 func=hwc2_func_validate_display line=1411 
05-27 22:11:24.377 E/RHWC2   (  376): fox1 [rtk_gdma_post 1507 ]
05-27 22:11:24.377 E/RHWC2   (  376): fox1 [rtk_gdma_post 1530 ]name_of_layer = com.redflix.tvmoderno/com.redx.tvbox.ExoPlayerActivity#0 num_of_layers=1
05-27 22:11:24.377 E/RHWC2   (  376): fox 1 [rtk_gdma_post 1531] HAS_FLAG=0
05-27 22:11:24.377 E/RHWC2   (  376): fox1 [rtk_gdma_post 1565 ]
05-27 22:11:24.473 E/RHWC2   (  376): fox1 func=hwc2_func_validate_display line=1291 
05-27 22:11:24.473 E/RHWC2   (  376): fox1 func=hwc2_func_validate_display line=1411 
05-27 22:11:24.475 E/RHWC2   (  376): fox1 [rtk_gdma_post 1507 ]
05-27 22:11:24.475 E/RHWC2   (  376): fox1 [rtk_gdma_post 1530 ]name_of_layer = com.redflix.tvmoderno/com.redx.tvbox.ExoPlayerActivity#0 num_of_layers=1
05-27 22:11:24.475 E/RHWC2   (  376): fox 1 [rtk_gdma_post 1531] HAS_FLAG=0
05-27 22:11:24.475 E/RHWC2   (  376): fox1 [rtk_gdma_post 1565 ]
05-27 22:11:24.569 D/TCastPublishOverUdp( 2208): ed8fb9a@sendOnline
05-27 22:11:24.573 E/RHWC2   (  376): fox1 func=hwc2_func_validate_display line=1291 
05-27 22:11:24.573 E/RHWC2   (  376): fox1 func=hwc2_func_validate_display line=1411 
05-27 22:11:24.575 E/RHWC2   (  376): fox1 [rtk_gdma_post 1507 ]
05-27 22:11:24.575 E/RHWC2   (  376): fox1 [rtk_gdma_post 1530 ]name_of_layer = com.redflix.tvmoderno/com.redx.tvbox.ExoPlayerActivity#0 num_of_layers=1
05-27 22:11:24.575 E/RHWC2   (  376): fox 1 [rtk_gdma_post 1531] HAS_FLAG=0
05-27 22:11:24.575 E/RHWC2   (  376): fox1 [rtk_gdma_post 1565 ]
05-27 22:11:24.674 E/RHWC2   (  376): fox1 func=hwc2_func_validate_display line=1291 
05-27 22:11:24.674 E/RHWC2   (  376): fox1 func=hwc2_func_validate_display line=1411 
05-27 22:11:24.675 E/RHWC2   (  376): fox1 [rtk_gdma_post 1507 ]
05-27 22:11:24.675 E/RHWC2   (  376): fox1 [rtk_gdma_post 1530 ]name_of_layer = com.redflix.tvmoderno/com.redx.tvbox.ExoPlayerActivity#0 num_of_layers=1
05-27 22:11:24.675 E/RHWC2   (  376): fox 1 [rtk_gdma_post 1531] HAS_FLAG=0
05-27 22:11:24.675 E/RHWC2   (  376): fox1 [rtk_gdma_post 1565 ]
05-27 22:11:24.715 I/HdmieArc(  394): earc status newStatus 0, oldStatus=EN_TOS_CEC_EARC_STATUS_HANDSHAKE
05-27 22:11:24.715 I/HdmieArc(  394): rhal earc status: 0, error code: 0 
05-27 22:11:24.773 E/RHWC2   (  376): fox1 func=hwc2_func_validate_display line=1291 
05-27 22:11:24.773 E/RHWC2   (  376): fox1 func=hwc2_func_validate_display line=1411 
05-27 22:11:24.775 E/RHWC2   (  376): fox1 [rtk_gdma_post 1507 ]
05-27 22:11:24.775 E/RHWC2   (  376): fox1 [rtk_gdma_post 1530 ]name_of_layer = com.redflix.tvmoderno/com.redx.tvbox.ExoPlayerActivity#0 num_of_layers=1
05-27 22:11:24.775 E/RHWC2   (  376): fox 1 [rtk_gdma_post 1531] HAS_FLAG=0
05-27 22:11:24.775 E/RHWC2   (  376): fox1 [rtk_gdma_post 1565 ]
05-27 22:11:24.875 E/RHWC2   (  376): fox1 func=hwc2_func_validate_display line=1291 
05-27 22:11:24.875 E/RHWC2   (  376): fox1 func=hwc2_func_validate_display line=1411 
05-27 22:11:24.877 E/RHWC2   (  376): fox1 [rtk_gdma_post 1507 ]
05-27 22:11:24.877 E/RHWC2   (  376): fox1 [rtk_gdma_post 1530 ]name_of_layer = com.redflix.tvmoderno/com.redx.tvbox.ExoPlayerActivity#0 num_of_layers=1
05-27 22:11:24.877 E/RHWC2   (  376): fox 1 [rtk_gdma_post 1531] HAS_FLAG=0
05-27 22:11:24.877 E/RHWC2   (  376): fox1 [rtk_gdma_post 1565 ]
05-27 22:11:24.975 E/RHWC2   (  376): fox1 func=hwc2_func_validate_display line=1291 
05-27 22:11:24.975 E/RHWC2   (  376): fox1 func=hwc2_func_validate_display line=1411 
05-27 22:11:24.976 E/RHWC2   (  376): fox1 [rtk_gdma_post 1507 ]
05-27 22:11:24.976 E/RHWC2   (  376): fox1 [rtk_gdma_post 1530 ]name_of_layer = com.redflix.tvmoderno/com.redx.tvbox.ExoPlayerActivity#0 num_of_layers=1
05-27 22:11:24.976 E/RHWC2   (  376): fox 1 [rtk_gdma_post 1531] HAS_FLAG=0
05-27 22:11:24.976 E/RHWC2   (  376): fox1 [rtk_gdma_post 1565 ]
05-27 22:11:24.984 D/TVKitService(  812): getProjectID
05-27 22:11:24.984 D/DeviceInfoImpl(  812): getProjectID from map is 4357
05-27 22:11:24.984 I/TCL_DeviceInfo( 2208): id = 4357
05-27 22:11:24.984 E/TCL_DeviceInfo( 2208): from sita get client type is TCL-LA-RTD51A-S1
05-27 22:11:24.985 D/TVKitService(  812): getSoftwareVersion
05-27 22:11:24.985 D/DeviceInfoImpl(  812): getSoftwareVersion is V8-R51AT01-LF1V126
05-27 22:11:24.985 I/TCL_DeviceInfo( 2208): ret  = V8-R51AT01-LF1V126
05-27 22:11:24.986 I/WifiService(  806): getConnectionInfo uid=1000
05-27 22:11:25.073 E/RHWC2   (  376): fox1 func=hwc2_func_validate_display line=1291 
05-27 22:11:25.073 E/RHWC2   (  376): fox1 func=hwc2_func_validate_display line=1411 
05-27 22:11:25.075 E/RHWC2   (  376): fox1 [rtk_gdma_post 1507 ]
05-27 22:11:25.075 E/RHWC2   (  376): fox1 [rtk_gdma_post 1530 ]name_of_layer = com.redflix.tvmoderno/com.redx.tvbox.ExoPlayerActivity#0 num_of_layers=1
05-27 22:11:25.075 E/RHWC2   (  376): fox 1 [rtk_gdma_post 1531] HAS_FLAG=0
05-27 22:11:25.075 E/RHWC2   (  376): fox1 [rtk_gdma_post 1565 ]
05-27 22:11:25.173 E/RHWC2   (  376): fox1 func=hwc2_func_validate_display line=1291 
05-27 22:11:25.173 E/RHWC2   (  376): fox1 func=hwc2_func_validate_display line=1411 
05-27 22:11:25.175 E/RHWC2   (  376): fox1 [rtk_gdma_post 1507 ]
05-27 22:11:25.175 E/RHWC2   (  376): fox1 [rtk_gdma_post 1530 ]name_of_layer = com.redflix.tvmoderno/com.redx.tvbox.ExoPlayerActivity#0 num_of_layers=1
05-27 22:11:25.175 E/RHWC2   (  376): fox 1 [rtk_gdma_post 1531] HAS_FLAG=0
05-27 22:11:25.175 E/RHWC2   (  376): fox1 [rtk_gdma_post 1565 ]
05-27 22:11:25.188 D/wpa_supplicant( 1207): wlan_traffic_statistics rx_byte = 1011917558 rx rate = 23 Kb/s
05-27 22:11:25.188 D/wpa_supplicant( 1207): wlan_traffic_statistics tx_byte = 160069698 tx rate = 84 Kb/s
05-27 22:11:25.273 E/RHWC2   (  376): fox1 func=hwc2_func_validate_display line=1291 
05-27 22:11:25.273 E/RHWC2   (  376): fox1 func=hwc2_func_validate_display line=1411 
05-27 22:11:25.275 E/RHWC2   (  376): fox1 [rtk_gdma_post 1507 ]
05-27 22:11:25.275 E/RHWC2   (  376): fox1 [rtk_gdma_post 1530 ]name_of_layer = com.redflix.tvmoderno/com.redx.tvbox.ExoPlayerActivity#0 num_of_layers=1
05-27 22:11:25.275 E/RHWC2   (  376): fox 1 [rtk_gdma_post 1531] HAS_FLAG=0
05-27 22:11:25.275 E/RHWC2   (  376): fox1 [rtk_gdma_post 1565 ]
05-27 22:11:25.373 E/RHWC2   (  376): fox1 func=hwc2_func_validate_display line=1291 
05-27 22:11:25.373 E/RHWC2   (  376): fox1 func=hwc2_func_validate_display line=1411 
05-27 22:11:25.375 E/RHWC2   (  376): fox1 [rtk_gdma_post 1507 ]
05-27 22:11:25.375 E/RHWC2   (  376): fox1 [rtk_gdma_post 1530 ]name_of_layer = com.redflix.tvmoderno/com.redx.tvbox.ExoPlayerActivity#0 num_of_layers=1
05-27 22:11:25.375 E/RHWC2   (  376): fox 1 [rtk_gdma_post 1531] HAS_FLAG=0
05-27 22:11:25.375 E/RHWC2   (  376): fox1 [rtk_gdma_post 1565 ]
05-27 22:11:25.473 E/RHWC2   (  376): fox1 func=hwc2_func_validate_display line=1291 
05-27 22:11:25.473 E/RHWC2   (  376): fox1 func=hwc2_func_validate_display line=1411 
05-27 22:11:25.475 E/RHWC2   (  376): fox1 [rtk_gdma_post 1507 ]
05-27 22:11:25.475 E/RHWC2   (  376): fox1 [rtk_gdma_post 1530 ]name_of_layer = com.redflix.tvmoderno/com.redx.tvbox.ExoPlayerActivity#0 num_of_layers=1
05-27 22:11:25.475 E/RHWC2   (  376): fox 1 [rtk_gdma_post 1531] HAS_FLAG=0
05-27 22:11:25.475 E/RHWC2   (  376): fox1 [rtk_gdma_post 1565 ]
05-27 22:11:25.573 E/RHWC2   (  376): fox1 func=hwc2_func_validate_display line=1291 
05-27 22:11:25.573 E/RHWC2   (  376): fox1 func=hwc2_func_validate_display line=1411 
05-27 22:11:25.575 E/RHWC2   (  376): fox1 [rtk_gdma_post 1507 ]
05-27 22:11:25.575 E/RHWC2   (  376): fox1 [rtk_gdma_post 1530 ]name_of_layer = com.redflix.tvmoderno/com.redx.tvbox.ExoPlayerActivity#0 num_of_layers=1
05-27 22:11:25.575 E/RHWC2   (  376): fox 1 [rtk_gdma_post 1531] HAS_FLAG=0
05-27 22:11:25.575 E/RHWC2   (  376): fox1 [rtk_gdma_post 1565 ]
05-27 22:11:25.673 E/RHWC2   (  376): fox1 func=hwc2_func_validate_display line=1291 
05-27 22:11:25.673 E/RHWC2   (  376): fox1 func=hwc2_func_validate_display line=1411 
05-27 22:11:25.675 E/RHWC2   (  376): fox1 [rtk_gdma_post 1507 ]
05-27 22:11:25.675 E/RHWC2   (  376): fox1 [rtk_gdma_post 1530 ]name_of_layer = com.redflix.tvmoderno/com.redx.tvbox.ExoPlayerActivity#0 num_of_layers=1
05-27 22:11:25.675 E/RHWC2   (  376): fox 1 [rtk_gdma_post 1531] HAS_FLAG=0
05-27 22:11:25.675 E/RHWC2   (  376): fox1 [rtk_gdma_post 1565 ]
05-27 22:11:25.715 I/HdmieArc(  394): earc status newStatus 0, oldStatus=EN_TOS_CEC_EARC_STATUS_HANDSHAKE
05-27 22:11:25.715 I/HdmieArc(  394): rhal earc status: 0, error code: 0 
05-27 22:11:25.774 E/RHWC2   (  376): fox1 func=hwc2_func_validate_display line=1291 
05-27 22:11:25.774 E/RHWC2   (  376): fox1 func=hwc2_func_validate_display line=1411 
05-27 22:11:25.775 E/RHWC2   (  376): fox1 [rtk_gdma_post 1507 ]
05-27 22:11:25.775 E/RHWC2   (  376): fox1 [rtk_gdma_post 1530 ]name_of_layer = com.redflix.tvmoderno/com.redx.tvbox.ExoPlayerActivity#0 num_of_layers=1
05-27 22:11:25.775 E/RHWC2   (  376): fox 1 [rtk_gdma_post 1531] HAS_FLAG=0
05-27 22:11:25.775 E/RHWC2   (  376): fox1 [rtk_gdma_post 1565 ]
05-27 22:11:25.873 E/RHWC2   (  376): fox1 func=hwc2_func_validate_display line=1291 
05-27 22:11:25.873 E/RHWC2   (  376): fox1 func=hwc2_func_validate_display line=1411 
05-27 22:11:25.875 E/RHWC2   (  376): fox1 [rtk_gdma_post 1507 ]
05-27 22:11:25.875 E/RHWC2   (  376): fox1 [rtk_gdma_post 1530 ]name_of_layer = com.redflix.tvmoderno/com.redx.tvbox.ExoPlayerActivity#0 num_of_layers=1
05-27 22:11:25.875 E/RHWC2   (  376): fox 1 [rtk_gdma_post 1531] HAS_FLAG=0
05-27 22:11:25.875 E/RHWC2   (  376): fox1 [rtk_gdma_post 1565 ]
05-27 22:11:25.974 E/RHWC2   (  376): fox1 func=hwc2_func_validate_display line=1291 
05-27 22:11:25.974 E/RHWC2   (  376): fox1 func=hwc2_func_validate_display line=1411 
05-27 22:11:25.975 E/RHWC2   (  376): fox1 [rtk_gdma_post 1507 ]
05-27 22:11:25.976 E/RHWC2   (  376): fox1 [rtk_gdma_post 1530 ]name_of_layer = com.redflix.tvmoderno/com.redx.tvbox.ExoPlayerActivity#0 num_of_layers=1
05-27 22:11:25.976 E/RHWC2   (  376): fox 1 [rtk_gdma_post 1531] HAS_FLAG=0
05-27 22:11:25.976 E/RHWC2   (  376): fox1 [rtk_gdma_post 1565 ]
05-27 22:11:26.073 E/RHWC2   (  376): fox1 func=hwc2_func_validate_display line=1291 
05-27 22:11:26.073 E/RHWC2   (  376): fox1 func=hwc2_func_validate_display line=1411 
05-27 22:11:26.075 E/RHWC2   (  376): fox1 [rtk_gdma_post 1507 ]
05-27 22:11:26.075 E/RHWC2   (  376): fox1 [rtk_gdma_post 1530 ]name_of_layer = com.redflix.tvmoderno/com.redx.tvbox.ExoPlayerActivity#0 num_of_layers=1
05-27 22:11:26.075 E/RHWC2   (  376): fox 1 [rtk_gdma_post 1531] HAS_FLAG=0
05-27 22:11:26.075 E/RHWC2   (  376): fox1 [rtk_gdma_post 1565 ]
05-27 22:11:26.175 E/RHWC2   (  376): fox1 func=hwc2_func_validate_display line=1291 
05-27 22:11:26.175 E/RHWC2   (  376): fox1 func=hwc2_func_validate_display line=1411 
05-27 22:11:26.177 E/RHWC2   (  376): fox1 [rtk_gdma_post 1507 ]
05-27 22:11:26.178 E/RHWC2   (  376): fox1 [rtk_gdma_post 1530 ]name_of_layer = com.redflix.tvmoderno/com.redx.tvbox.ExoPlayerActivity#0 num_of_layers=1
05-27 22:11:26.178 E/RHWC2   (  376): fox 1 [rtk_gdma_post 1531] HAS_FLAG=0
05-27 22:11:26.178 E/RHWC2   (  376): fox1 [rtk_gdma_post 1565 ]
05-27 22:11:26.273 E/RHWC2   (  376): fox1 func=hwc2_func_validate_display line=1291 
05-27 22:11:26.273 E/RHWC2   (  376): fox1 func=hwc2_func_validate_display line=1411 
05-27 22:11:26.275 E/RHWC2   (  376): fox1 [rtk_gdma_post 1507 ]
05-27 22:11:26.275 E/RHWC2   (  376): fox1 [rtk_gdma_post 1530 ]name_of_layer = com.redflix.tvmoderno/com.redx.tvbox.ExoPlayerActivity#0 num_of_layers=1
05-27 22:11:26.275 E/RHWC2   (  376): fox 1 [rtk_gdma_post 1531] HAS_FLAG=0
05-27 22:11:26.275 E/RHWC2   (  376): fox1 [rtk_gdma_post 1565 ]
05-27 22:11:26.373 E/RHWC2   (  376): fox1 func=hwc2_func_validate_display line=1291 
05-27 22:11:26.373 E/RHWC2   (  376): fox1 func=hwc2_func_validate_display line=1411 
05-27 22:11:26.375 E/RHWC2   (  376): fox1 [rtk_gdma_post 1507 ]
05-27 22:11:26.375 E/RHWC2   (  376): fox1 [rtk_gdma_post 1530 ]name_of_layer = com.redflix.tvmoderno/com.redx.tvbox.ExoPlayerActivity#0 num_of_layers=1
05-27 22:11:26.375 E/RHWC2   (  376): fox 1 [rtk_gdma_post 1531] HAS_FLAG=0
05-27 22:11:26.375 E/RHWC2   (  376): fox1 [rtk_gdma_post 1565 ]
05-27 22:11:26.474 E/RHWC2   (  376): fox1 func=hwc2_func_validate_display line=1291 
05-27 22:11:26.474 E/RHWC2   (  376): fox1 func=hwc2_func_validate_display line=1411 
05-27 22:11:26.476 E/RHWC2   (  376): fox1 [rtk_gdma_post 1507 ]
05-27 22:11:26.476 E/RHWC2   (  376): fox1 [rtk_gdma_post 1530 ]name_of_layer = com.redflix.tvmoderno/com.redx.tvbox.ExoPlayerActivity#0 num_of_layers=1
05-27 22:11:26.476 E/RHWC2   (  376): fox 1 [rtk_gdma_post 1531] HAS_FLAG=0
05-27 22:11:26.476 E/RHWC2   (  376): fox1 [rtk_gdma_post 1565 ]
05-27 22:11:26.493 E/WifiVendorHal(  806): getWifiLinkLayerStats_1_3_Internal(l.978) failed {.code = ERROR_NOT_SUPPORTED, .description = }
05-27 22:11:26.499 D/WifiClientModeImpl(  806): fetchRssiLinkSpeedAndFrequencyNative rssi=-70 TxLinkspeed=130 freq=2417 RxLinkSpeed=0
05-27 22:11:26.499 V/WifiConfigManager(  806): Updating scan detail cache freq=2417 BSSID=f8:2d:c0:24:9e:d2 RSSI=-70 for "BOLSONARO2018"WPA_PSK
05-27 22:11:26.499 D/WifiThroughputPredictor(  806):  utilization (BssLoad) -1 utilization (LLStats) 80 isBluetoothConnected: false final utilization: 80
05-27 22:11:26.499 D/WifiThroughputPredictor(  806):  utilization (BssLoad) -1 utilization (LLStats) 80 isBluetoothConnected: false final utilization: 80
05-27 22:11:26.500 D/WifiScoreCard(  806): BSSID update SIGNAL_POLL ID: 398514962 SSID: BOLSONARO2018, BSSID: f8:2d:c0:24:9e:d2, MAC: 64:57:25:8c:68:c1, Supplicant state: COMPLETED, Wi-Fi standard: 0, RSSI: -70, Link speed: 130Mbps, Tx Link speed: 130Mbps, Max Supported Tx Link speed: -1Mbps, Rx Link speed: -1Mbps, Max Supported Rx Link speed: -1Mbps, Frequency: 2417MHz, Net ID: 0, Metered hint: false, score: 60
05-27 22:11:26.500 D/WifiScoreCard(  806): txRate: 69 txSpeed: 130
05-27 22:11:26.500 D/WifiScoreCard(  806): network update SIGNAL_POLL "BOLSONARO2018" ID: 976476524 RSSI -70 txSpeed 130
05-27 22:11:26.500 D/WifiScoreCard(  806): SSID: "BOLSONARO2018"
05-27 22:11:26.500 D/WifiScoreCard(  806):  LastRssiPollTime: 12666564 LastRssiPoll: -70 LastTxSpeedPoll: 130
05-27 22:11:26.500 D/WifiScoreCard(  806):  StatsRecent:  ConnectAttempt: 4 ConnectFailure: 0 ConnectDurSec: 6372708 AssocRej: 0 AssocTimeout: 0 AuthFailure: 0 ShortDiscNonlocal: 6 DisconnectNonlocal: 7 Disconnect: 13 ConsecutiveConnectFailure: 0
05-27 22:11:26.500 D/WifiScoreCard(  806):  StatsCurr:  ConnectAttempt: 54 ConnectFailure: 0 ConnectDurSec: 759544 AssocRej: 0 AssocTimeout: 0 AuthFailure: 0 ShortDiscNonlocal: 39 DisconnectNonlocal: 53 Disconnect: 73 ConsecutiveConnectFailure: 0
05-27 22:11:26.500 D/WifiScoreCard(  806):  StatsPrev:  ConnectAttempt: 15 ConnectFailure: 0 ConnectDurSec: 211923 AssocRej: 0 AssocTimeout: 0 AuthFailure: 0 ShortDiscNonlocal: 10 DisconnectNonlocal: 19 Disconnect: 32 ConsecutiveConnectFailure: 0
05-27 22:11:26.504 D/ConnectivityListener( 1306): updateWifiConnectivityStatus
05-27 22:11:26.504 D/WifiClientModeImpl(  806):  L2ConnectedState screen=on 1 0 "BOLSONARO2018" f8:2d:c0:24:9e:d2 rssi=-70 f=2417 sc=60 link=130 tx=68,7, 0,0, 0,0  rx=53,0 bcn=0 [on:0 tx:0 rx:0 period:3011] from screen [on:0 period:1814225960] score=60
05-27 22:11:26.504 I/WifiService(  806): getConnectionInfo uid=1000
05-27 22:11:26.505 D/ConnectivityListener( 1306): updateWifiConnectivityStatus: AP state = COMPLETED
05-27 22:11:26.505 D/ConnectivityListener( 1306): updateWifiConnectivityStatus: AP is connected
05-27 22:11:26.505 D/ConnectivityListener( 1306): setWifiStatus connected = true
05-27 22:11:26.505 D/ConnectivityListener( 1306): updateWifiConnectivityStatus: ssid = "BOLSONARO2018"
05-27 22:11:26.505 D/ConnectivityListener( 1306): isWireConnected: 
05-27 22:11:26.506 D/ConnectivityListener( 1306): isWireConnected = false
05-27 22:11:26.506 D/ConnectivityListener( 1306): setEthernetStatus = false
05-27 22:11:26.506 D/MainFragment( 1306): updateConnectivity() start
05-27 22:11:26.506 D/MainFragment( 1306): connectedState = true
05-27 22:11:26.507 D/MainFragment( 1306): TextUtils.isEmpty(connectedState) = false
05-27 22:11:26.507 I/WifiService(  806): getWifiEnabledState uid=1000
05-27 22:11:26.507 D/ConnectivityListener( 1306): isWifiEnabledOrEnabling: wifiManager.getWifiState = 3
05-27 22:11:26.507 I/WifiService(  806): getWifiEnabledState uid=1000
05-27 22:11:26.508 D/ConnectivityListener( 1306): isWifiConnected: isWifiConnected = true
05-27 22:11:26.508 I/WifiService(  806): getConnectionInfo uid=1000
05-27 22:11:26.508 I/WifiService(  806): getConnectionInfo uid=1000
05-27 22:11:26.509 D/MainFragment( 1306): updateConnectivity() end
05-27 22:11:26.573 E/RHWC2   (  376): fox1 func=hwc2_func_validate_display line=1291 
05-27 22:11:26.573 E/RHWC2   (  376): fox1 func=hwc2_func_validate_display line=1411 
05-27 22:11:26.575 E/RHWC2   (  376): fox1 [rtk_gdma_post 1507 ]
05-27 22:11:26.575 E/RHWC2   (  376): fox1 [rtk_gdma_post 1530 ]name_of_layer = com.redflix.tvmoderno/com.redx.tvbox.ExoPlayerActivity#0 num_of_layers=1
05-27 22:11:26.575 E/RHWC2   (  376): fox 1 [rtk_gdma_post 1531] HAS_FLAG=0
05-27 22:11:26.575 E/RHWC2   (  376): fox1 [rtk_gdma_post 1565 ]
05-27 22:11:26.673 E/RHWC2   (  376): fox1 func=hwc2_func_validate_display line=1291 
05-27 22:11:26.673 E/RHWC2   (  376): fox1 func=hwc2_func_validate_display line=1411 
05-27 22:11:26.676 E/RHWC2   (  376): fox1 [rtk_gdma_post 1507 ]
05-27 22:11:26.676 E/RHWC2   (  376): fox1 [rtk_gdma_post 1530 ]name_of_layer = com.redflix.tvmoderno/com.redx.tvbox.ExoPlayerActivity#0 num_of_layers=1
05-27 22:11:26.676 E/RHWC2   (  376): fox 1 [rtk_gdma_post 1531] HAS_FLAG=0
05-27 22:11:26.676 E/RHWC2   (  376): fox1 [rtk_gdma_post 1565 ]
05-27 22:11:26.715 I/HdmieArc(  394): earc status newStatus 0, oldStatus=EN_TOS_CEC_EARC_STATUS_HANDSHAKE
05-27 22:11:26.715 I/HdmieArc(  394): rhal earc status: 0, error code: 0 
05-27 22:11:26.773 E/RHWC2   (  376): fox1 func=hwc2_func_validate_display line=1291 
05-27 22:11:26.773 E/RHWC2   (  376): fox1 func=hwc2_func_validate_display line=1411 
05-27 22:11:26.775 E/RHWC2   (  376): fox1 [rtk_gdma_post 1507 ]
05-27 22:11:26.775 E/RHWC2   (  376): fox1 [rtk_gdma_post 1530 ]name_of_layer = com.redflix.tvmoderno/com.redx.tvbox.ExoPlayerActivity#0 num_of_layers=1
05-27 22:11:26.775 E/RHWC2   (  376): fox 1 [rtk_gdma_post 1531] HAS_FLAG=0
05-27 22:11:26.775 E/RHWC2   (  376): fox1 [rtk_gdma_post 1565 ]
05-27 22:11:26.873 E/RHWC2   (  376): fox1 func=hwc2_func_validate_display line=1291 
05-27 22:11:26.873 E/RHWC2   (  376): fox1 func=hwc2_func_validate_display line=1411 
05-27 22:11:26.875 E/RHWC2   (  376): fox1 [rtk_gdma_post 1507 ]
05-27 22:11:26.876 E/RHWC2   (  376): fox1 [rtk_gdma_post 1530 ]name_of_layer = com.redflix.tvmoderno/com.redx.tvbox.ExoPlayerActivity#0 num_of_layers=1
05-27 22:11:26.876 E/RHWC2   (  376): fox 1 [rtk_gdma_post 1531] HAS_FLAG=0
05-27 22:11:26.876 E/RHWC2   (  376): fox1 [rtk_gdma_post 1565 ]
05-27 22:11:26.876 D/wpa_supplicant( 1207): P2P: Timeout (state=LISTEN_ONLY)
05-27 22:11:26.879 D/wpa_supplicant( 1207): P2P: Driver is still in listen state - stop it
05-27 22:11:26.879 D/wpa_supplicant( 1207): nl80211: Cancel remain-on-channel with cookie 0x9d1
05-27 22:11:26.879 D/wpa_supplicant( 1207): nl80211: Disable Probe Request reporting nl_preq=0x3c74b859
05-27 22:11:26.880 D/wpa_supplicant( 1207): p2p0: Radio work 'p2p-listen'@0xb4f80f50 done in 5.047272 seconds
05-27 22:11:26.880 D/wpa_supplicant( 1207): p2p0: radio_work_free('p2p-listen'@0xb4f80f50): num_active_works --> 0
05-27 22:11:26.880 D/wpa_supplicant( 1207): nl80211: Drv Event 56 (NL80211_CMD_CANCEL_REMAIN_ON_CHANNEL) received for p2p0
05-27 22:11:26.880 D/wpa_supplicant( 1207): nl80211: Remain-on-channel event (cancel=1 freq=2417 channel_type=0 duration=0 cookie=0x9d1 (match))
05-27 22:11:26.880 D/wpa_supplicant( 1207): p2p0: Event CANCEL_REMAIN_ON_CHANNEL (20) received
05-27 22:11:26.880 D/wpa_supplicant( 1207): P2P: Cancel remain-on-channel callback (p2p_long_listen=1906027704 ms pending_action_tx=0x0)
05-27 22:11:26.880 D/wpa_supplicant( 1207): P2P: Driver ended Listen state (freq=2417)
05-27 22:11:26.880 D/wpa_supplicant( 1207): P2P: Continuing long Listen state
05-27 22:11:26.880 D/wpa_supplicant( 1207): P2P: Going to listen(only) state
05-27 22:11:26.880 D/wpa_supplicant( 1207): STA wpa_state=9 freq=2417
05-27 22:11:26.880 D/wpa_supplicant( 1207): P2P: cfg reg_class(81) channel(2)
05-27 22:11:26.880 D/wpa_supplicant( 1207): P2P: cfg reg_class(81) channel(2)
05-27 22:11:26.880 D/wpa_supplicant( 1207): P2P: Set Listen channel: reg_class 81 channel 2
05-27 22:11:26.880 D/wpa_supplicant( 1207): P2P: Defer setting listen channel
05-27 22:11:26.880 D/wpa_supplicant( 1207): P2P: p2p listen class(81)/channel(2)
05-27 22:11:26.880 D/wpa_supplicant( 1207): WPS:  * Version (hardcoded 0x10)
05-27 22:11:26.880 D/wpa_supplicant( 1207): WPS:  * UUID-E
05-27 22:11:26.880 D/wpa_supplicant( 1207): WPS:  * Version2 (0x20)
05-27 22:11:26.880 D/wpa_supplicant( 1207): P2P: * P2P IE header
05-27 22:11:26.880 D/wpa_supplicant( 1207): P2P: * Capability dev=25 group=00
05-27 22:11:26.880 D/wpa_supplicant( 1207): P2P: * Listen Channel: Regulatory Class 81 Channel 2
05-27 22:11:26.880 D/wpa_supplicant( 1207): P2P: * Device Info
05-27 22:11:26.880 D/wpa_supplicant( 1207): p2p0: Add radio work 'p2p-listen'@0xb4f80f50
05-27 22:11:26.880 D/wpa_supplicant( 1207): p2p0: First radio work item in the queue - schedule start immediately
05-27 22:11:26.880 D/wpa_supplicant( 1207): P2P: State LISTEN_ONLY -> LISTEN_ONLY
05-27 22:11:26.881 D/wpa_supplicant( 1207): p2p0: Starting radio work 'p2p-listen'@0xb4f80f50 after 0.000134 second wait
05-27 22:11:26.881 D/wpa_supplicant( 1207): nl80211: Enable Probe Request reporting nl_preq=0xb4fc30d0
05-27 22:11:26.883 D/wpa_supplicant( 1207): nl80211: Register frame type=0x40 (WLAN_FC_STYPE_PROBE_REQ) nl_handle=0xb4fc30d0 match= multicast=0
05-27 22:11:26.883 D/wpa_supplicant( 1207): nl80211: Remain-on-channel cookie 0x9d2 for freq=2417 MHz duration=5000
05-27 22:11:26.900 D/wpa_supplicant( 1207): nl80211: Drv Event 55 (NL80211_CMD_REMAIN_ON_CHANNEL) received for p2p0
05-27 22:11:26.900 D/wpa_supplicant( 1207): nl80211: Remain-on-channel event (cancel=0 freq=2417 channel_type=0 duration=5000 cookie=0x9d2 (match))
05-27 22:11:26.900 D/wpa_supplicant( 1207): p2p0: Event REMAIN_ON_CHANNEL (19) received
05-27 22:11:26.900 D/wpa_supplicant( 1207): Off-channel: Send Action callback (without_roc=0 pending_action_tx=0x0 pending_action_tx_done=0)
05-27 22:11:26.900 D/wpa_supplicant( 1207): P2P: remain-on-channel callback (off_channel_freq=2417 pending_listen_freq=2417 roc_waiting_drv_freq=0 freq=2417 duration=5000)
05-27 22:11:26.900 D/wpa_supplicant( 1207): STA wpa_state=9 freq=2417
05-27 22:11:26.900 D/wpa_supplicant( 1207): P2P: Starting Listen timeout(5,0) on freq=2417 based on callback
05-27 22:11:26.900 D/wpa_supplicant( 1207): P2P: Set timeout (state=LISTEN_ONLY): 5.020000 sec
05-27 22:11:26.975 E/RHWC2   (  376): fox1 func=hwc2_func_validate_display line=1291 
05-27 22:11:26.975 E/RHWC2   (  376): fox1 func=hwc2_func_validate_display line=1411 
05-27 22:11:26.977 E/RHWC2   (  376): fox1 [rtk_gdma_post 1507 ]
05-27 22:11:26.977 E/RHWC2   (  376): fox1 [rtk_gdma_post 1530 ]name_of_layer = com.redflix.tvmoderno/com.redx.tvbox.ExoPlayerActivity#0 num_of_layers=1
05-27 22:11:26.977 E/RHWC2   (  376): fox 1 [rtk_gdma_post 1531] HAS_FLAG=0
05-27 22:11:26.977 E/RHWC2   (  376): fox1 [rtk_gdma_post 1565 ]
05-27 22:11:27.074 E/RHWC2   (  376): fox1 func=hwc2_func_validate_display line=1291 
05-27 22:11:27.074 E/RHWC2   (  376): fox1 func=hwc2_func_validate_display line=1411 
05-27 22:11:27.075 E/RHWC2   (  376): fox1 [rtk_gdma_post 1507 ]
05-27 22:11:27.075 E/RHWC2   (  376): fox1 [rtk_gdma_post 1530 ]name_of_layer = com.redflix.tvmoderno/com.redx.tvbox.ExoPlayerActivity#0 num_of_layers=1
05-27 22:11:27.075 E/RHWC2   (  376): fox 1 [rtk_gdma_post 1531] HAS_FLAG=0
05-27 22:11:27.075 E/RHWC2   (  376): fox1 [rtk_gdma_post 1565 ]
05-27 22:11:27.173 E/RHWC2   (  376): fox1 func=hwc2_func_validate_display line=1291 
05-27 22:11:27.173 E/RHWC2   (  376): fox1 func=hwc2_func_validate_display line=1411 
05-27 22:11:27.175 E/RHWC2   (  376): fox1 [rtk_gdma_post 1507 ]
05-27 22:11:27.175 E/RHWC2   (  376): fox1 [rtk_gdma_post 1530 ]name_of_layer = com.redflix.tvmoderno/com.redx.tvbox.ExoPlayerActivity#0 num_of_layers=1
05-27 22:11:27.175 E/RHWC2   (  376): fox 1 [rtk_gdma_post 1531] HAS_FLAG=0
05-27 22:11:27.175 E/RHWC2   (  376): fox1 [rtk_gdma_post 1565 ]
05-27 22:11:27.188 D/wpa_supplicant( 1207): wlan_traffic_statistics rx_byte = 1011923848 rx rate = 24 Kb/s
05-27 22:11:27.189 D/wpa_supplicant( 1207): wlan_traffic_statistics tx_byte = 160089360 tx rate = 76 Kb/s
05-27 22:11:27.274 E/RHWC2   (  376): fox1 func=hwc2_func_validate_display line=1291 
05-27 22:11:27.274 E/RHWC2   (  376): fox1 func=hwc2_func_validate_display line=1411 
05-27 22:11:27.275 E/RHWC2   (  376): fox1 [rtk_gdma_post 1507 ]
05-27 22:11:27.275 E/RHWC2   (  376): fox1 [rtk_gdma_post 1530 ]name_of_layer = com.redflix.tvmoderno/com.redx.tvbox.ExoPlayerActivity#0 num_of_layers=1
05-27 22:11:27.275 E/RHWC2   (  376): fox 1 [rtk_gdma_post 1531] HAS_FLAG=0
05-27 22:11:27.275 E/RHWC2   (  376): fox1 [rtk_gdma_post 1565 ]
05-27 22:11:27.374 E/RHWC2   (  376): fox1 func=hwc2_func_validate_display line=1291 
05-27 22:11:27.374 E/RHWC2   (  376): fox1 func=hwc2_func_validate_display line=1411 
05-27 22:11:27.376 E/RHWC2   (  376): fox1 [rtk_gdma_post 1507 ]
05-27 22:11:27.376 E/RHWC2   (  376): fox1 [rtk_gdma_post 1530 ]name_of_layer = com.redflix.tvmoderno/com.redx.tvbox.ExoPlayerActivity#0 num_of_layers=1
05-27 22:11:27.376 E/RHWC2   (  376): fox 1 [rtk_gdma_post 1531] HAS_FLAG=0
05-27 22:11:27.376 E/RHWC2   (  376): fox1 [rtk_gdma_post 1565 ]
05-27 22:11:27.474 E/RHWC2   (  376): fox1 func=hwc2_func_validate_display line=1291 
05-27 22:11:27.474 E/RHWC2   (  376): fox1 func=hwc2_func_validate_display line=1411 
05-27 22:11:27.476 E/RHWC2   (  376): fox1 [rtk_gdma_post 1507 ]
05-27 22:11:27.476 E/RHWC2   (  376): fox1 [rtk_gdma_post 1530 ]name_of_layer = com.redflix.tvmoderno/com.redx.tvbox.ExoPlayerActivity#0 num_of_layers=1
05-27 22:11:27.476 E/RHWC2   (  376): fox 1 [rtk_gdma_post 1531] HAS_FLAG=0
05-27 22:11:27.476 E/RHWC2   (  376): fox1 [rtk_gdma_post 1565 ]
05-27 22:11:27.574 E/RHWC2   (  376): fox1 func=hwc2_func_validate_display line=1291 
05-27 22:11:27.574 E/RHWC2   (  376): fox1 func=hwc2_func_validate_display line=1411 
05-27 22:11:27.576 E/RHWC2   (  376): fox1 [rtk_gdma_post 1507 ]
05-27 22:11:27.576 E/RHWC2   (  376): fox1 [rtk_gdma_post 1530 ]name_of_layer = com.redflix.tvmoderno/com.redx.tvbox.ExoPlayerActivity#0 num_of_layers=1
05-27 22:11:27.576 E/RHWC2   (  376): fox 1 [rtk_gdma_post 1531] HAS_FLAG=0
05-27 22:11:27.576 E/RHWC2   (  376): fox1 [rtk_gdma_post 1565 ]
05-27 22:11:27.673 E/RHWC2   (  376): fox1 func=hwc2_func_validate_display line=1291 
05-27 22:11:27.673 E/RHWC2   (  376): fox1 func=hwc2_func_validate_display line=1411 
05-27 22:11:27.675 E/RHWC2   (  376): fox1 [rtk_gdma_post 1507 ]
05-27 22:11:27.675 E/RHWC2   (  376): fox1 [rtk_gdma_post 1530 ]name_of_layer = com.redflix.tvmoderno/com.redx.tvbox.ExoPlayerActivity#0 num_of_layers=1
05-27 22:11:27.675 E/RHWC2   (  376): fox 1 [rtk_gdma_post 1531] HAS_FLAG=0
05-27 22:11:27.675 E/RHWC2   (  376): fox1 [rtk_gdma_post 1565 ]
05-27 22:11:27.716 I/HdmieArc(  394): earc status newStatus 0, oldStatus=EN_TOS_CEC_EARC_STATUS_HANDSHAKE
05-27 22:11:27.716 I/HdmieArc(  394): rhal earc status: 0, error code: 0 
05-27 22:11:27.774 E/RHWC2   (  376): fox1 func=hwc2_func_validate_display line=1291 
05-27 22:11:27.774 E/RHWC2   (  376): fox1 func=hwc2_func_validate_display line=1411 
05-27 22:11:27.776 E/RHWC2   (  376): fox1 [rtk_gdma_post 1507 ]
05-27 22:11:27.776 E/RHWC2   (  376): fox1 [rtk_gdma_post 1530 ]name_of_layer = com.redflix.tvmoderno/com.redx.tvbox.ExoPlayerActivity#0 num_of_layers=1
05-27 22:11:27.776 E/RHWC2   (  376): fox 1 [rtk_gdma_post 1531] HAS_FLAG=0
05-27 22:11:27.776 E/RHWC2   (  376): fox1 [rtk_gdma_post 1565 ]
05-27 22:11:27.875 E/RHWC2   (  376): fox1 func=hwc2_func_validate_display line=1291 
05-27 22:11:27.875 E/RHWC2   (  376): fox1 func=hwc2_func_validate_display line=1411 
05-27 22:11:27.877 E/RHWC2   (  376): fox1 [rtk_gdma_post 1507 ]
05-27 22:11:27.877 E/RHWC2   (  376): fox1 [rtk_gdma_post 1530 ]name_of_layer = com.redflix.tvmoderno/com.redx.tvbox.ExoPlayerActivity#0 num_of_layers=1
05-27 22:11:27.877 E/RHWC2   (  376): fox 1 [rtk_gdma_post 1531] HAS_FLAG=0
05-27 22:11:27.877 E/RHWC2   (  376): fox1 [rtk_gdma_post 1565 ]
05-27 22:11:27.974 E/RHWC2   (  376): fox1 func=hwc2_func_validate_display line=1291 
05-27 22:11:27.974 E/RHWC2   (  376): fox1 func=hwc2_func_validate_display line=1411 
05-27 22:11:27.977 E/RHWC2   (  376): fox1 [rtk_gdma_post 1507 ]
05-27 22:11:27.977 E/RHWC2   (  376): fox1 [rtk_gdma_post 1530 ]name_of_layer = com.redflix.tvmoderno/com.redx.tvbox.ExoPlayerActivity#0 num_of_layers=1
05-27 22:11:27.977 E/RHWC2   (  376): fox 1 [rtk_gdma_post 1531] HAS_FLAG=0
05-27 22:11:27.977 E/RHWC2   (  376): fox1 [rtk_gdma_post 1565 ]
05-27 22:11:28.074 E/RHWC2   (  376): fox1 func=hwc2_func_validate_display line=1291 
05-27 22:11:28.074 E/RHWC2   (  376): fox1 func=hwc2_func_validate_display line=1411 
05-27 22:11:28.076 E/RHWC2   (  376): fox1 [rtk_gdma_post 1507 ]
05-27 22:11:28.076 E/RHWC2   (  376): fox1 [rtk_gdma_post 1530 ]name_of_layer = com.redflix.tvmoderno/com.redx.tvbox.ExoPlayerActivity#0 num_of_layers=1
05-27 22:11:28.076 E/RHWC2   (  376): fox 1 [rtk_gdma_post 1531] HAS_FLAG=0
05-27 22:11:28.076 E/RHWC2   (  376): fox1 [rtk_gdma_post 1565 ]
05-27 22:11:28.173 E/RHWC2   (  376): fox1 func=hwc2_func_validate_display line=1291 
05-27 22:11:28.173 E/RHWC2   (  376): fox1 func=hwc2_func_validate_display line=1411 
05-27 22:11:28.175 E/RHWC2   (  376): fox1 [rtk_gdma_post 1507 ]
05-27 22:11:28.175 E/RHWC2   (  376): fox1 [rtk_gdma_post 1530 ]name_of_layer = com.redflix.tvmoderno/com.redx.tvbox.ExoPlayerActivity#0 num_of_layers=1
05-27 22:11:28.175 E/RHWC2   (  376): fox 1 [rtk_gdma_post 1531] HAS_FLAG=0
05-27 22:11:28.175 E/RHWC2   (  376): fox1 [rtk_gdma_post 1565 ]
05-27 22:11:28.274 E/RHWC2   (  376): fox1 func=hwc2_func_validate_display line=1291 
05-27 22:11:28.274 E/RHWC2   (  376): fox1 func=hwc2_func_validate_display line=1411 
05-27 22:11:28.276 E/RHWC2   (  376): fox1 [rtk_gdma_post 1507 ]
05-27 22:11:28.276 E/RHWC2   (  376): fox1 [rtk_gdma_post 1530 ]name_of_layer = com.redflix.tvmoderno/com.redx.tvbox.ExoPlayerActivity#0 num_of_layers=1
05-27 22:11:28.276 E/RHWC2   (  376): fox 1 [rtk_gdma_post 1531] HAS_FLAG=0
05-27 22:11:28.276 E/RHWC2   (  376): fox1 [rtk_gdma_post 1565 ]
05-27 22:11:28.374 E/RHWC2   (  376): fox1 func=hwc2_func_validate_display line=1291 
05-27 22:11:28.374 E/RHWC2   (  376): fox1 func=hwc2_func_validate_display line=1411 
05-27 22:11:28.376 E/RHWC2   (  376): fox1 [rtk_gdma_post 1507 ]
05-27 22:11:28.376 E/RHWC2   (  376): fox1 [rtk_gdma_post 1530 ]name_of_layer = com.redflix.tvmoderno/com.redx.tvbox.ExoPlayerActivity#0 num_of_layers=1
05-27 22:11:28.376 E/RHWC2   (  376): fox 1 [rtk_gdma_post 1531] HAS_FLAG=0
05-27 22:11:28.376 E/RHWC2   (  376): fox1 [rtk_gdma_post 1565 ]
05-27 22:11:28.473 E/RHWC2   (  376): fox1 func=hwc2_func_validate_display line=1291 
