05-27 21:59:10.556 D/wpa_supplicant( 1207): P2P: Set Listen channel: reg_class 81 channel 2
05-27 21:59:10.556 D/wpa_supplicant( 1207): P2P: Defer setting listen channel
05-27 21:59:10.556 D/wpa_supplicant( 1207): P2P: p2p listen class(81)/channel(2)
05-27 21:59:10.556 D/wpa_supplicant( 1207): WPS:  * Version (hardcoded 0x10)
05-27 21:59:10.556 D/wpa_supplicant( 1207): WPS:  * UUID-E
05-27 21:59:10.556 D/wpa_supplicant( 1207): WPS:  * Version2 (0x20)
05-27 21:59:10.556 D/wpa_supplicant( 1207): P2P: * P2P IE header
05-27 21:59:10.556 D/wpa_supplicant( 1207): P2P: * Capability dev=25 group=00
05-27 21:59:10.556 D/wpa_supplicant( 1207): P2P: * Listen Channel: Regulatory Class 81 Channel 2
05-27 21:59:10.556 D/wpa_supplicant( 1207): P2P: * Device Info
05-27 21:59:10.556 D/wpa_supplicant( 1207): p2p0: Add radio work 'p2p-listen'@0xb4f80f50
05-27 21:59:10.556 D/wpa_supplicant( 1207): p2p0: First radio work item in the queue - schedule start immediately
05-27 21:59:10.556 D/wpa_supplicant( 1207): P2P: State LISTEN_ONLY -> LISTEN_ONLY
05-27 21:59:10.556 D/wpa_supplicant( 1207): p2p0: Starting radio work 'p2p-listen'@0xb4f80f50 after 0.000085 second wait
05-27 21:59:10.556 D/wpa_supplicant( 1207): nl80211: Probe Request reporting already on! nl_preq=0x3c74b859
05-27 21:59:10.557 D/wpa_supplicant( 1207): nl80211: Remain-on-channel cookie 0x93f for freq=2417 MHz duration=5000
05-27 21:59:10.568 E/RHWC2   (  376): fox1 func=hwc2_func_validate_display line=1291 
05-27 21:59:10.568 E/RHWC2   (  376): fox1 func=hwc2_func_validate_display line=1411 
05-27 21:59:10.570 E/RHWC2   (  376): fox1 [rtk_gdma_post 1507 ]
05-27 21:59:10.570 E/RHWC2   (  376): fox1 [rtk_gdma_post 1530 ]name_of_layer = com.redflix.tvmoderno/com.redx.tvbox.MainActivity#0 num_of_layers=1
05-27 21:59:10.570 E/RHWC2   (  376): fox 1 [rtk_gdma_post 1531] HAS_FLAG=0
05-27 21:59:10.570 E/RHWC2   (  376): fox1 [rtk_gdma_post 1565 ]
05-27 21:59:10.575 D/wpa_supplicant( 1207): P2P: Timeout (state=LISTEN_ONLY)
05-27 21:59:10.579 D/wpa_supplicant( 1207): nl80211: Drv Event 55 (NL80211_CMD_REMAIN_ON_CHANNEL) received for p2p0
05-27 21:59:10.579 D/wpa_supplicant( 1207): nl80211: Remain-on-channel event (cancel=0 freq=2417 channel_type=0 duration=5000 cookie=0x93f (match))
05-27 21:59:10.579 D/wpa_supplicant( 1207): p2p0: Event REMAIN_ON_CHANNEL (19) received
05-27 21:59:10.579 D/wpa_supplicant( 1207): Off-channel: Send Action callback (without_roc=0 pending_action_tx=0x0 pending_action_tx_done=0)
05-27 21:59:10.579 D/wpa_supplicant( 1207): P2P: remain-on-channel callback (off_channel_freq=2417 pending_listen_freq=2417 roc_waiting_drv_freq=0 freq=2417 duration=5000)
05-27 21:59:10.579 D/wpa_supplicant( 1207): STA wpa_state=9 freq=2417
05-27 21:59:10.579 D/wpa_supplicant( 1207): P2P: Starting Listen timeout(5,0) on freq=2417 based on callback
05-27 21:59:10.579 D/wpa_supplicant( 1207): P2P: Set timeout (state=LISTEN_ONLY): 5.020000 sec
05-27 21:59:10.584 E/RHWC2   (  376): fox1 func=hwc2_func_validate_display line=1291 
05-27 21:59:10.585 E/RHWC2   (  376): fox1 func=hwc2_func_validate_display line=1411 
05-27 21:59:10.587 E/RHWC2   (  376): fox1 [rtk_gdma_post 1507 ]
05-27 21:59:10.587 E/RHWC2   (  376): fox1 [rtk_gdma_post 1530 ]name_of_layer = com.redflix.tvmoderno/com.redx.tvbox.MainActivity#0 num_of_layers=1
05-27 21:59:10.587 E/RHWC2   (  376): fox 1 [rtk_gdma_post 1531] HAS_FLAG=0
05-27 21:59:10.587 E/RHWC2   (  376): fox1 [rtk_gdma_post 1565 ]
05-27 21:59:10.601 E/RHWC2   (  376): fox1 func=hwc2_func_validate_display line=1291 
05-27 21:59:10.601 E/RHWC2   (  376): fox1 func=hwc2_func_validate_display line=1411 
05-27 21:59:10.603 E/RHWC2   (  376): fox1 [rtk_gdma_post 1507 ]
05-27 21:59:10.603 E/RHWC2   (  376): fox1 [rtk_gdma_post 1530 ]name_of_layer = com.redflix.tvmoderno/com.redx.tvbox.MainActivity#0 num_of_layers=1
05-27 21:59:10.603 E/RHWC2   (  376): fox 1 [rtk_gdma_post 1531] HAS_FLAG=0
05-27 21:59:10.603 E/RHWC2   (  376): fox1 [rtk_gdma_post 1565 ]
05-27 21:59:10.618 E/RHWC2   (  376): fox1 func=hwc2_func_validate_display line=1291 
05-27 21:59:10.618 E/RHWC2   (  376): fox1 func=hwc2_func_validate_display line=1411 
05-27 21:59:10.620 E/RHWC2   (  376): fox1 [rtk_gdma_post 1507 ]
05-27 21:59:10.620 E/RHWC2   (  376): fox1 [rtk_gdma_post 1530 ]name_of_layer = com.redflix.tvmoderno/com.redx.tvbox.MainActivity#0 num_of_layers=1
05-27 21:59:10.620 E/RHWC2   (  376): fox 1 [rtk_gdma_post 1531] HAS_FLAG=0
05-27 21:59:10.620 E/RHWC2   (  376): fox1 [rtk_gdma_post 1565 ]
05-27 21:59:10.634 E/RHWC2   (  376): fox1 func=hwc2_func_validate_display line=1291 
05-27 21:59:10.634 E/RHWC2   (  376): fox1 func=hwc2_func_validate_display line=1411 
05-27 21:59:10.637 E/RHWC2   (  376): fox1 [rtk_gdma_post 1507 ]
05-27 21:59:10.637 E/RHWC2   (  376): fox1 [rtk_gdma_post 1530 ]name_of_layer = com.redflix.tvmoderno/com.redx.tvbox.MainActivity#0 num_of_layers=1
05-27 21:59:10.637 E/RHWC2   (  376): fox 1 [rtk_gdma_post 1531] HAS_FLAG=0
05-27 21:59:10.637 E/RHWC2   (  376): fox1 [rtk_gdma_post 1565 ]
05-27 21:59:10.651 E/RHWC2   (  376): fox1 func=hwc2_func_validate_display line=1291 
05-27 21:59:10.651 E/RHWC2   (  376): fox1 func=hwc2_func_validate_display line=1411 
05-27 21:59:10.653 E/RHWC2   (  376): fox1 [rtk_gdma_post 1507 ]
05-27 21:59:10.653 E/RHWC2   (  376): fox1 [rtk_gdma_post 1530 ]name_of_layer = com.redflix.tvmoderno/com.redx.tvbox.MainActivity#0 num_of_layers=1
05-27 21:59:10.653 E/RHWC2   (  376): fox 1 [rtk_gdma_post 1531] HAS_FLAG=0
05-27 21:59:10.653 E/RHWC2   (  376): fox1 [rtk_gdma_post 1565 ]
05-27 21:59:10.668 E/RHWC2   (  376): fox1 func=hwc2_func_validate_display line=1291 
05-27 21:59:10.668 E/RHWC2   (  376): fox1 func=hwc2_func_validate_display line=1411 
05-27 21:59:10.670 E/RHWC2   (  376): fox1 [rtk_gdma_post 1507 ]
05-27 21:59:10.670 E/RHWC2   (  376): fox1 [rtk_gdma_post 1530 ]name_of_layer = com.redflix.tvmoderno/com.redx.tvbox.MainActivity#0 num_of_layers=1
05-27 21:59:10.670 E/RHWC2   (  376): fox 1 [rtk_gdma_post 1531] HAS_FLAG=0
05-27 21:59:10.670 E/RHWC2   (  376): fox1 [rtk_gdma_post 1565 ]
05-27 21:59:10.680 D/wpa_supplicant( 1207): wlan_traffic_statistics rx_byte = 918960310 rx rate = 19 Kb/s
05-27 21:59:10.680 D/wpa_supplicant( 1207): wlan_traffic_statistics tx_byte = 154854211 tx rate = 59 Kb/s
05-27 21:59:10.684 E/RHWC2   (  376): fox1 func=hwc2_func_validate_display line=1291 
05-27 21:59:10.684 E/RHWC2   (  376): fox1 func=hwc2_func_validate_display line=1411 
05-27 21:59:10.686 E/RHWC2   (  376): fox1 [rtk_gdma_post 1507 ]
05-27 21:59:10.686 E/RHWC2   (  376): fox1 [rtk_gdma_post 1530 ]name_of_layer = com.redflix.tvmoderno/com.redx.tvbox.MainActivity#0 num_of_layers=1
05-27 21:59:10.686 E/RHWC2   (  376): fox 1 [rtk_gdma_post 1531] HAS_FLAG=0
05-27 21:59:10.686 E/RHWC2   (  376): fox1 [rtk_gdma_post 1565 ]
05-27 21:59:11.437 I/HdmieArc(  394): earc status newStatus 0, oldStatus=EN_TOS_CEC_EARC_STATUS_HANDSHAKE
05-27 21:59:11.437 I/HdmieArc(  394): rhal earc status: 0, error code: 0 
05-27 21:59:11.577 E/WifiVendorHal(  806): getWifiLinkLayerStats_1_3_Internal(l.978) failed {.code = ERROR_NOT_SUPPORTED, .description = }
05-27 21:59:11.583 D/WifiClientModeImpl(  806): fetchRssiLinkSpeedAndFrequencyNative rssi=-72 TxLinkspeed=130 freq=2417 RxLinkSpeed=0
05-27 21:59:11.583 V/WifiConfigManager(  806): Updating scan detail cache freq=2417 BSSID=f8:2d:c0:24:9e:d2 RSSI=-72 for "BOLSONARO2018"WPA_PSK
05-27 21:59:11.584 D/WifiThroughputPredictor(  806):  utilization (BssLoad) -1 utilization (LLStats) 80 isBluetoothConnected: false final utilization: 80
05-27 21:59:11.584 D/WifiThroughputPredictor(  806):  utilization (BssLoad) -1 utilization (LLStats) 80 isBluetoothConnected: false final utilization: 80
05-27 21:59:11.584 D/WifiScoreCard(  806): BSSID update SIGNAL_POLL ID: 398514962 SSID: BOLSONARO2018, BSSID: f8:2d:c0:24:9e:d2, MAC: 64:57:25:8c:68:c1, Supplicant state: COMPLETED, Wi-Fi standard: 0, RSSI: -72, Link speed: 130Mbps, Tx Link speed: 130Mbps, Max Supported Tx Link speed: -1Mbps, Rx Link speed: -1Mbps, Max Supported Rx Link speed: -1Mbps, Frequency: 2417MHz, Net ID: 0, Metered hint: false, score: 60
05-27 21:59:11.584 D/WifiScoreCard(  806): txRate: 23 txSpeed: 130
05-27 21:59:11.585 D/WifiScoreCard(  806): network update SIGNAL_POLL "BOLSONARO2018" ID: 976476524 RSSI -72 txSpeed 130
05-27 21:59:11.585 D/WifiScoreCard(  806): SSID: "BOLSONARO2018"
05-27 21:59:11.585 D/WifiScoreCard(  806):  LastRssiPollTime: 11931649 LastRssiPoll: -72 LastTxSpeedPoll: 130
05-27 21:59:11.585 D/WifiScoreCard(  806):  StatsRecent:  ConnectAttempt: 4 ConnectFailure: 0 ConnectDurSec: 6372708 AssocRej: 0 AssocTimeout: 0 AuthFailure: 0 ShortDiscNonlocal: 6 DisconnectNonlocal: 7 Disconnect: 13 ConsecutiveConnectFailure: 0
05-27 21:59:11.585 D/WifiScoreCard(  806):  StatsCurr:  ConnectAttempt: 54 ConnectFailure: 0 ConnectDurSec: 759544 AssocRej: 0 AssocTimeout: 0 AuthFailure: 0 ShortDiscNonlocal: 39 DisconnectNonlocal: 53 Disconnect: 73 ConsecutiveConnectFailure: 0
05-27 21:59:11.585 D/WifiScoreCard(  806):  StatsPrev:  ConnectAttempt: 15 ConnectFailure: 0 ConnectDurSec: 211923 AssocRej: 0 AssocTimeout: 0 AuthFailure: 0 ShortDiscNonlocal: 10 DisconnectNonlocal: 19 Disconnect: 32 ConsecutiveConnectFailure: 0
05-27 21:59:11.586 D/ConnectivityListener( 1306): updateWifiConnectivityStatus
05-27 21:59:11.586 I/WifiService(  806): getConnectionInfo uid=1000
05-27 21:59:11.586 D/WifiClientModeImpl(  806):  L2ConnectedState screen=on 1 0 "BOLSONARO2018" f8:2d:c0:24:9e:d2 rssi=-72 f=2417 sc=60 link=130 tx=22,1, 0,0, 0,0  rx=20,6 bcn=0 [on:0 tx:0 rx:0 period:3008] from screen [on:0 period:1813491042] score=60
05-27 21:59:11.587 D/ConnectivityListener( 1306): updateWifiConnectivityStatus: AP state = COMPLETED
05-27 21:59:11.587 D/ConnectivityListener( 1306): updateWifiConnectivityStatus: AP is connected
05-27 21:59:11.587 D/ConnectivityListener( 1306): setWifiStatus connected = true
05-27 21:59:11.587 D/ConnectivityListener( 1306): updateWifiConnectivityStatus: ssid = "BOLSONARO2018"
05-27 21:59:11.587 D/ConnectivityListener( 1306): isWireConnected: 
05-27 21:59:11.587 D/ConnectivityListener( 1306): isWireConnected = false
05-27 21:59:11.587 D/ConnectivityListener( 1306): setEthernetStatus = false
05-27 21:59:11.587 D/MainFragment( 1306): updateConnectivity() start
05-27 21:59:11.587 D/MainFragment( 1306): connectedState = true
05-27 21:59:11.588 D/MainFragment( 1306): TextUtils.isEmpty(connectedState) = false
05-27 21:59:11.588 I/WifiService(  806): getWifiEnabledState uid=1000
05-27 21:59:11.588 D/ConnectivityListener( 1306): isWifiEnabledOrEnabling: wifiManager.getWifiState = 3
05-27 21:59:11.588 I/WifiService(  806): getWifiEnabledState uid=1000
05-27 21:59:11.588 D/ConnectivityListener( 1306): isWifiConnected: isWifiConnected = true
05-27 21:59:11.588 I/WifiService(  806): getConnectionInfo uid=1000
05-27 21:59:11.589 I/WifiService(  806): getConnectionInfo uid=1000
05-27 21:59:11.589 D/MainFragment( 1306): updateConnectivity() end
05-27 21:59:12.437 I/HdmieArc(  394): earc status newStatus 0, oldStatus=EN_TOS_CEC_EARC_STATUS_HANDSHAKE
05-27 21:59:12.437 I/HdmieArc(  394): rhal earc status: 0, error code: 0 
05-27 21:59:12.682 D/wpa_supplicant( 1207): wlan_traffic_statistics rx_byte = 918960844 rx rate = 2 Kb/s
05-27 21:59:12.682 D/wpa_supplicant( 1207): wlan_traffic_statistics tx_byte = 154855506 tx rate = 5 Kb/s
05-27 21:59:13.437 I/HdmieArc(  394): earc status newStatus 0, oldStatus=EN_TOS_CEC_EARC_STATUS_HANDSHAKE
05-27 21:59:13.438 I/HdmieArc(  394): rhal earc status: 0, error code: 0 
05-27 21:59:13.666 D/TVKitService(  812): getProjectID
05-27 21:59:13.666 D/DeviceInfoImpl(  812): getProjectID from map is 4357
05-27 21:59:13.666 I/TCL_DeviceInfo( 2208): id = 4357
05-27 21:59:13.666 E/TCL_DeviceInfo( 2208): from sita get client type is TCL-LA-RTD51A-S1
05-27 21:59:13.667 D/TVKitService(  812): getSoftwareVersion
05-27 21:59:13.667 D/DeviceInfoImpl(  812): getSoftwareVersion is V8-R51AT01-LF1V126
05-27 21:59:13.667 I/TCL_DeviceInfo( 2208): ret  = V8-R51AT01-LF1V126
05-27 21:59:13.667 I/WifiService(  806): getConnectionInfo uid=1000
05-27 21:59:14.438 I/HdmieArc(  394): earc status newStatus 0, oldStatus=EN_TOS_CEC_EARC_STATUS_HANDSHAKE
05-27 21:59:14.438 I/HdmieArc(  394): rhal earc status: 0, error code: 0 
05-27 21:59:14.588 E/WifiVendorHal(  806): getWifiLinkLayerStats_1_3_Internal(l.978) failed {.code = ERROR_NOT_SUPPORTED, .description = }
05-27 21:59:14.594 D/WifiClientModeImpl(  806): fetchRssiLinkSpeedAndFrequencyNative rssi=-72 TxLinkspeed=130 freq=2417 RxLinkSpeed=0
05-27 21:59:14.594 V/WifiConfigManager(  806): Updating scan detail cache freq=2417 BSSID=f8:2d:c0:24:9e:d2 RSSI=-72 for "BOLSONARO2018"WPA_PSK
05-27 21:59:14.595 D/WifiThroughputPredictor(  806):  utilization (BssLoad) -1 utilization (LLStats) 80 isBluetoothConnected: false final utilization: 80
05-27 21:59:14.595 D/WifiThroughputPredictor(  806):  utilization (BssLoad) -1 utilization (LLStats) 80 isBluetoothConnected: false final utilization: 80
05-27 21:59:14.596 D/WifiScoreCard(  806): BSSID update SIGNAL_POLL ID: 398514962 SSID: BOLSONARO2018, BSSID: f8:2d:c0:24:9e:d2, MAC: 64:57:25:8c:68:c1, Supplicant state: COMPLETED, Wi-Fi standard: 0, RSSI: -72, Link speed: 130Mbps, Tx Link speed: 130Mbps, Max Supported Tx Link speed: -1Mbps, Rx Link speed: -1Mbps, Max Supported Rx Link speed: -1Mbps, Frequency: 2417MHz, Net ID: 0, Metered hint: false, score: 60
05-27 21:59:14.596 D/WifiScoreCard(  806): txRate: 11 txSpeed: 130
05-27 21:59:14.596 D/WifiScoreCard(  806): network update SIGNAL_POLL "BOLSONARO2018" ID: 976476524 RSSI -72 txSpeed 130
05-27 21:59:14.596 D/WifiScoreCard(  806): SSID: "BOLSONARO2018"
05-27 21:59:14.596 D/WifiScoreCard(  806):  LastRssiPollTime: 11934660 LastRssiPoll: -72 LastTxSpeedPoll: 130
05-27 21:59:14.596 D/WifiScoreCard(  806):  StatsRecent:  ConnectAttempt: 4 ConnectFailure: 0 ConnectDurSec: 6372708 AssocRej: 0 AssocTimeout: 0 AuthFailure: 0 ShortDiscNonlocal: 6 DisconnectNonlocal: 7 Disconnect: 13 ConsecutiveConnectFailure: 0
05-27 21:59:14.596 D/WifiScoreCard(  806):  StatsCurr:  ConnectAttempt: 54 ConnectFailure: 0 ConnectDurSec: 759544 AssocRej: 0 AssocTimeout: 0 AuthFailure: 0 ShortDiscNonlocal: 39 DisconnectNonlocal: 53 Disconnect: 73 ConsecutiveConnectFailure: 0
05-27 21:59:14.596 D/WifiScoreCard(  806):  StatsPrev:  ConnectAttempt: 15 ConnectFailure: 0 ConnectDurSec: 211923 AssocRej: 0 AssocTimeout: 0 AuthFailure: 0 ShortDiscNonlocal: 10 DisconnectNonlocal: 19 Disconnect: 32 ConsecutiveConnectFailure: 0
05-27 21:59:14.598 D/ConnectivityListener( 1306): updateWifiConnectivityStatus
05-27 21:59:14.598 I/WifiService(  806): getConnectionInfo uid=1000
05-27 21:59:14.598 D/WifiClientModeImpl(  806):  L2ConnectedState screen=on 1 0 "BOLSONARO2018" f8:2d:c0:24:9e:d2 rssi=-72 f=2417 sc=60 link=130 tx=10,2, 0,0, 0,0  rx=9,9 bcn=0 [on:0 tx:0 rx:0 period:3011] from screen [on:0 period:1813494054] score=60
05-27 21:59:14.599 D/ConnectivityListener( 1306): updateWifiConnectivityStatus: AP state = COMPLETED
05-27 21:59:14.599 D/ConnectivityListener( 1306): updateWifiConnectivityStatus: AP is connected
05-27 21:59:14.599 D/ConnectivityListener( 1306): setWifiStatus connected = true
05-27 21:59:14.599 D/ConnectivityListener( 1306): updateWifiConnectivityStatus: ssid = "BOLSONARO2018"
05-27 21:59:14.599 D/ConnectivityListener( 1306): isWireConnected: 
05-27 21:59:14.599 D/ConnectivityListener( 1306): isWireConnected = false
05-27 21:59:14.599 D/ConnectivityListener( 1306): setEthernetStatus = false
05-27 21:59:14.599 D/MainFragment( 1306): updateConnectivity() start
05-27 21:59:14.599 D/MainFragment( 1306): connectedState = true
05-27 21:59:14.600 D/MainFragment( 1306): TextUtils.isEmpty(connectedState) = false
05-27 21:59:14.600 I/WifiService(  806): getWifiEnabledState uid=1000
05-27 21:59:14.600 D/ConnectivityListener( 1306): isWifiEnabledOrEnabling: wifiManager.getWifiState = 3
05-27 21:59:14.600 I/WifiService(  806): getWifiEnabledState uid=1000
05-27 21:59:14.601 D/ConnectivityListener( 1306): isWifiConnected: isWifiConnected = true
05-27 21:59:14.601 I/WifiService(  806): getConnectionInfo uid=1000
05-27 21:59:14.601 I/WifiService(  806): getConnectionInfo uid=1000
05-27 21:59:14.602 D/MainFragment( 1306): updateConnectivity() end
05-27 21:59:14.685 D/wpa_supplicant( 1207): wlan_traffic_statistics rx_byte = 918961898 rx rate = 4 Kb/s
05-27 21:59:14.685 D/wpa_supplicant( 1207): wlan_traffic_statistics tx_byte = 154856521 tx rate = 3 Kb/s
05-27 21:59:15.381 D/TCastPublishOverUdp( 2208): ed8fb9a@sendOnline
05-27 21:59:15.438 I/HdmieArc(  394): earc status newStatus 0, oldStatus=EN_TOS_CEC_EARC_STATUS_HANDSHAKE
05-27 21:59:15.438 I/HdmieArc(  394): rhal earc status: 0, error code: 0 
05-27 21:59:15.580 D/wpa_supplicant( 1207): nl80211: Drv Event 56 (NL80211_CMD_CANCEL_REMAIN_ON_CHANNEL) received for p2p0
05-27 21:59:15.580 D/wpa_supplicant( 1207): nl80211: Remain-on-channel event (cancel=1 freq=2417 channel_type=0 duration=0 cookie=0x93f (match))
05-27 21:59:15.580 D/wpa_supplicant( 1207): p2p0: Event CANCEL_REMAIN_ON_CHANNEL (20) received
05-27 21:59:15.580 D/wpa_supplicant( 1207): P2P: Cancel remain-on-channel callback (p2p_long_listen=1904967704 ms pending_action_tx=0x0)
05-27 21:59:15.580 D/wpa_supplicant( 1207): p2p0: Radio work 'p2p-listen'@0xb4f80f50 done in 5.023305 seconds
05-27 21:59:15.580 D/wpa_supplicant( 1207): p2p0: radio_work_free('p2p-listen'@0xb4f80f50): num_active_works --> 0
05-27 21:59:15.580 D/wpa_supplicant( 1207): P2P: Driver ended Listen state (freq=2417)
05-27 21:59:15.580 D/wpa_supplicant( 1207): P2P: Continuing long Listen state
05-27 21:59:15.580 D/wpa_supplicant( 1207): P2P: Going to listen(only) state
05-27 21:59:15.580 D/wpa_supplicant( 1207): STA wpa_state=9 freq=2417
05-27 21:59:15.580 D/wpa_supplicant( 1207): P2P: cfg reg_class(81) channel(2)
05-27 21:59:15.580 D/wpa_supplicant( 1207): P2P: cfg reg_class(81) channel(2)
05-27 21:59:15.580 D/wpa_supplicant( 1207): P2P: Set Listen channel: reg_class 81 channel 2
05-27 21:59:15.580 D/wpa_supplicant( 1207): P2P: Defer setting listen channel
05-27 21:59:15.580 D/wpa_supplicant( 1207): P2P: p2p listen class(81)/channel(2)
05-27 21:59:15.580 D/wpa_supplicant( 1207): WPS:  * Version (hardcoded 0x10)
05-27 21:59:15.580 D/wpa_supplicant( 1207): WPS:  * UUID-E
05-27 21:59:15.580 D/wpa_supplicant( 1207): WPS:  * Version2 (0x20)
05-27 21:59:15.580 D/wpa_supplicant( 1207): P2P: * P2P IE header
05-27 21:59:15.580 D/wpa_supplicant( 1207): P2P: * Capability dev=25 group=00
05-27 21:59:15.580 D/wpa_supplicant( 1207): P2P: * Listen Channel: Regulatory Class 81 Channel 2
05-27 21:59:15.580 D/wpa_supplicant( 1207): P2P: * Device Info
05-27 21:59:15.580 D/wpa_supplicant( 1207): p2p0: Add radio work 'p2p-listen'@0xb4f80f50
05-27 21:59:15.580 D/wpa_supplicant( 1207): p2p0: First radio work item in the queue - schedule start immediately
05-27 21:59:15.580 D/wpa_supplicant( 1207): P2P: State LISTEN_ONLY -> LISTEN_ONLY
05-27 21:59:15.580 D/wpa_supplicant( 1207): p2p0: Starting radio work 'p2p-listen'@0xb4f80f50 after 0.000074 second wait
05-27 21:59:15.580 D/wpa_supplicant( 1207): nl80211: Probe Request reporting already on! nl_preq=0x3c74b859
05-27 21:59:15.580 D/wpa_supplicant( 1207): nl80211: Remain-on-channel cookie 0x940 for freq=2417 MHz duration=5000
05-27 21:59:15.599 D/wpa_supplicant( 1207): P2P: Timeout (state=LISTEN_ONLY)
05-27 21:59:15.603 D/wpa_supplicant( 1207): nl80211: Drv Event 55 (NL80211_CMD_REMAIN_ON_CHANNEL) received for p2p0
05-27 21:59:15.603 D/wpa_supplicant( 1207): nl80211: Remain-on-channel event (cancel=0 freq=2417 channel_type=0 duration=5000 cookie=0x940 (match))
05-27 21:59:15.603 D/wpa_supplicant( 1207): p2p0: Event REMAIN_ON_CHANNEL (19) received
05-27 21:59:15.603 D/wpa_supplicant( 1207): Off-channel: Send Action callback (without_roc=0 pending_action_tx=0x0 pending_action_tx_done=0)
05-27 21:59:15.603 D/wpa_supplicant( 1207): P2P: remain-on-channel callback (off_channel_freq=2417 pending_listen_freq=2417 roc_waiting_drv_freq=0 freq=2417 duration=5000)
05-27 21:59:15.603 D/wpa_supplicant( 1207): STA wpa_state=9 freq=2417
05-27 21:59:15.603 D/wpa_supplicant( 1207): P2P: Starting Listen timeout(5,0) on freq=2417 based on callback
05-27 21:59:15.603 D/wpa_supplicant( 1207): P2P: Set timeout (state=LISTEN_ONLY): 5.020000 sec
05-27 21:59:16.439 I/HdmieArc(  394): earc status newStatus 0, oldStatus=EN_TOS_CEC_EARC_STATUS_HANDSHAKE
05-27 21:59:16.439 I/HdmieArc(  394): rhal earc status: 0, error code: 0 
05-27 21:59:16.685 D/wpa_supplicant( 1207): wlan_traffic_statistics rx_byte = 918966271 rx rate = 17 Kb/s
05-27 21:59:16.685 D/wpa_supplicant( 1207): wlan_traffic_statistics tx_byte = 154858292 tx rate = 6 Kb/s
05-27 21:59:17.439 I/HdmieArc(  394): earc status newStatus 0, oldStatus=EN_TOS_CEC_EARC_STATUS_HANDSHAKE
05-27 21:59:17.439 I/HdmieArc(  394): rhal earc status: 0, error code: 0 
05-27 21:59:17.601 E/WifiVendorHal(  806): getWifiLinkLayerStats_1_3_Internal(l.978) failed {.code = ERROR_NOT_SUPPORTED, .description = }
05-27 21:59:17.606 D/WifiClientModeImpl(  806): fetchRssiLinkSpeedAndFrequencyNative rssi=-71 TxLinkspeed=117 freq=2417 RxLinkSpeed=0
05-27 21:59:17.607 V/WifiConfigManager(  806): Updating scan detail cache freq=2417 BSSID=f8:2d:c0:24:9e:d2 RSSI=-71 for "BOLSONARO2018"WPA_PSK
05-27 21:59:17.608 D/WifiThroughputPredictor(  806):  utilization (BssLoad) -1 utilization (LLStats) 80 isBluetoothConnected: false final utilization: 80
05-27 21:59:17.608 D/WifiThroughputPredictor(  806):  utilization (BssLoad) -1 utilization (LLStats) 80 isBluetoothConnected: false final utilization: 80
05-27 21:59:17.608 D/WifiScoreCard(  806): BSSID update SIGNAL_POLL ID: 398514962 SSID: BOLSONARO2018, BSSID: f8:2d:c0:24:9e:d2, MAC: 64:57:25:8c:68:c1, Supplicant state: COMPLETED, Wi-Fi standard: 0, RSSI: -71, Link speed: 117Mbps, Tx Link speed: 117Mbps, Max Supported Tx Link speed: -1Mbps, Rx Link speed: -1Mbps, Max Supported Rx Link speed: -1Mbps, Frequency: 2417MHz, Net ID: 0, Metered hint: false, score: 60
05-27 21:59:17.608 D/WifiScoreCard(  806): txRate: 9 txSpeed: 117
05-27 21:59:17.608 D/WifiScoreCard(  806): network update SIGNAL_POLL "BOLSONARO2018" ID: 976476524 RSSI -71 txSpeed 117
05-27 21:59:17.609 D/WifiScoreCard(  806): SSID: "BOLSONARO2018"
05-27 21:59:17.609 D/WifiScoreCard(  806):  LastRssiPollTime: 11937673 LastRssiPoll: -71 LastTxSpeedPoll: 117
05-27 21:59:17.609 D/WifiScoreCard(  806):  StatsRecent:  ConnectAttempt: 4 ConnectFailure: 0 ConnectDurSec: 6372708 AssocRej: 0 AssocTimeout: 0 AuthFailure: 0 ShortDiscNonlocal: 6 DisconnectNonlocal: 7 Disconnect: 13 ConsecutiveConnectFailure: 0
05-27 21:59:17.609 D/WifiScoreCard(  806):  StatsCurr:  ConnectAttempt: 54 ConnectFailure: 0 ConnectDurSec: 759544 AssocRej: 0 AssocTimeout: 0 AuthFailure: 0 ShortDiscNonlocal: 39 DisconnectNonlocal: 53 Disconnect: 73 ConsecutiveConnectFailure: 0
05-27 21:59:17.609 D/WifiScoreCard(  806):  StatsPrev:  ConnectAttempt: 15 ConnectFailure: 0 ConnectDurSec: 211923 AssocRej: 0 AssocTimeout: 0 AuthFailure: 0 ShortDiscNonlocal: 10 DisconnectNonlocal: 19 Disconnect: 32 ConsecutiveConnectFailure: 0
05-27 21:59:17.610 D/ConnectivityListener( 1306): updateWifiConnectivityStatus
05-27 21:59:17.610 I/WifiService(  806): getConnectionInfo uid=1000
05-27 21:59:17.610 D/WifiClientModeImpl(  806):  L2ConnectedState screen=on 1 0 "BOLSONARO2018" f8:2d:c0:24:9e:d2 rssi=-71 f=2417 sc=60 link=117 tx=8,8, 0,0, 0,0  rx=8,9 bcn=0 [on:0 tx:0 rx:0 period:3011] from screen [on:0 period:1813497066] score=60
05-27 21:59:17.610 D/ConnectivityListener( 1306): updateWifiConnectivityStatus: AP state = COMPLETED
05-27 21:59:17.610 D/ConnectivityListener( 1306): updateWifiConnectivityStatus: AP is connected
05-27 21:59:17.610 D/ConnectivityListener( 1306): setWifiStatus connected = true
05-27 21:59:17.611 D/ConnectivityListener( 1306): updateWifiConnectivityStatus: ssid = "BOLSONARO2018"
05-27 21:59:17.611 D/ConnectivityListener( 1306): isWireConnected: 
05-27 21:59:17.611 D/ConnectivityListener( 1306): isWireConnected = false
05-27 21:59:17.611 D/ConnectivityListener( 1306): setEthernetStatus = false
05-27 21:59:17.611 D/MainFragment( 1306): updateConnectivity() start
05-27 21:59:17.611 D/MainFragment( 1306): connectedState = true
05-27 21:59:17.612 D/MainFragment( 1306): TextUtils.isEmpty(connectedState) = false
05-27 21:59:17.612 I/WifiService(  806): getWifiEnabledState uid=1000
05-27 21:59:17.612 D/ConnectivityListener( 1306): isWifiEnabledOrEnabling: wifiManager.getWifiState = 3
05-27 21:59:17.612 I/WifiService(  806): getWifiEnabledState uid=1000
05-27 21:59:17.612 D/ConnectivityListener( 1306): isWifiConnected: isWifiConnected = true
05-27 21:59:17.612 I/WifiService(  806): getConnectionInfo uid=1000
05-27 21:59:17.613 I/WifiService(  806): getConnectionInfo uid=1000
05-27 21:59:17.613 D/MainFragment( 1306): updateConnectivity() end
05-27 21:59:18.439 I/HdmieArc(  394): earc status newStatus 0, oldStatus=EN_TOS_CEC_EARC_STATUS_HANDSHAKE
05-27 21:59:18.440 I/HdmieArc(  394): rhal earc status: 0, error code: 0 
05-27 21:59:18.674 D/TVKitService(  812): getProjectID
05-27 21:59:18.674 D/DeviceInfoImpl(  812): getProjectID from map is 4357
05-27 21:59:18.674 I/TCL_DeviceInfo( 2208): id = 4357
05-27 21:59:18.674 E/TCL_DeviceInfo( 2208): from sita get client type is TCL-LA-RTD51A-S1
05-27 21:59:18.675 D/TVKitService(  812): getSoftwareVersion
05-27 21:59:18.675 D/DeviceInfoImpl(  812): getSoftwareVersion is V8-R51AT01-LF1V126
05-27 21:59:18.675 I/TCL_DeviceInfo( 2208): ret  = V8-R51AT01-LF1V126
05-27 21:59:18.675 I/WifiService(  806): getConnectionInfo uid=1000
05-27 21:59:18.687 D/wpa_supplicant( 1207): wlan_traffic_statistics rx_byte = 918969047 rx rate = 10 Kb/s
05-27 21:59:18.687 D/wpa_supplicant( 1207): wlan_traffic_statistics tx_byte = 154861396 tx rate = 12 Kb/s
05-27 21:59:19.440 I/HdmieArc(  394): earc status newStatus 0, oldStatus=EN_TOS_CEC_EARC_STATUS_HANDSHAKE
05-27 21:59:19.440 I/HdmieArc(  394): rhal earc status: 0, error code: 0 
05-27 21:59:20.440 I/HdmieArc(  394): earc status newStatus 0, oldStatus=EN_TOS_CEC_EARC_STATUS_HANDSHAKE
05-27 21:59:20.440 I/HdmieArc(  394): rhal earc status: 0, error code: 0 
05-27 21:59:20.604 D/wpa_supplicant( 1207): nl80211: Drv Event 56 (NL80211_CMD_CANCEL_REMAIN_ON_CHANNEL) received for p2p0
05-27 21:59:20.604 D/wpa_supplicant( 1207): nl80211: Remain-on-channel event (cancel=1 freq=2417 channel_type=0 duration=0 cookie=0x940 (match))
05-27 21:59:20.604 D/wpa_supplicant( 1207): p2p0: Event CANCEL_REMAIN_ON_CHANNEL (20) received
05-27 21:59:20.604 D/wpa_supplicant( 1207): P2P: Cancel remain-on-channel callback (p2p_long_listen=1904962704 ms pending_action_tx=0x0)
05-27 21:59:20.604 D/wpa_supplicant( 1207): p2p0: Radio work 'p2p-listen'@0xb4f80f50 done in 5.023537 seconds
05-27 21:59:20.604 D/wpa_supplicant( 1207): p2p0: radio_work_free('p2p-listen'@0xb4f80f50): num_active_works --> 0
05-27 21:59:20.604 D/wpa_supplicant( 1207): P2P: Driver ended Listen state (freq=2417)
05-27 21:59:20.604 D/wpa_supplicant( 1207): P2P: Continuing long Listen state
05-27 21:59:20.604 D/wpa_supplicant( 1207): P2P: Going to listen(only) state
05-27 21:59:20.604 D/wpa_supplicant( 1207): STA wpa_state=9 freq=2417
05-27 21:59:20.604 D/wpa_supplicant( 1207): P2P: cfg reg_class(81) channel(2)
05-27 21:59:20.604 D/wpa_supplicant( 1207): P2P: cfg reg_class(81) channel(2)
05-27 21:59:20.604 D/wpa_supplicant( 1207): P2P: Set Listen channel: reg_class 81 channel 2
05-27 21:59:20.604 D/wpa_supplicant( 1207): P2P: Defer setting listen channel
05-27 21:59:20.604 D/wpa_supplicant( 1207): P2P: p2p listen class(81)/channel(2)
05-27 21:59:20.604 D/wpa_supplicant( 1207): WPS:  * Version (hardcoded 0x10)
05-27 21:59:20.604 D/wpa_supplicant( 1207): WPS:  * UUID-E
05-27 21:59:20.604 D/wpa_supplicant( 1207): WPS:  * Version2 (0x20)
05-27 21:59:20.604 D/wpa_supplicant( 1207): P2P: * P2P IE header
05-27 21:59:20.604 D/wpa_supplicant( 1207): P2P: * Capability dev=25 group=00
05-27 21:59:20.604 D/wpa_supplicant( 1207): P2P: * Listen Channel: Regulatory Class 81 Channel 2
05-27 21:59:20.604 D/wpa_supplicant( 1207): P2P: * Device Info
05-27 21:59:20.604 D/wpa_supplicant( 1207): p2p0: Add radio work 'p2p-listen'@0xb4f80f50
05-27 21:59:20.604 D/wpa_supplicant( 1207): p2p0: First radio work item in the queue - schedule start immediately
05-27 21:59:20.604 D/wpa_supplicant( 1207): P2P: State LISTEN_ONLY -> LISTEN_ONLY
05-27 21:59:20.604 D/wpa_supplicant( 1207): p2p0: Starting radio work 'p2p-listen'@0xb4f80f50 after 0.000073 second wait
05-27 21:59:20.604 D/wpa_supplicant( 1207): nl80211: Probe Request reporting already on! nl_preq=0x3c74b859
05-27 21:59:20.604 D/wpa_supplicant( 1207): nl80211: Remain-on-channel cookie 0x941 for freq=2417 MHz duration=5000
05-27 21:59:20.613 E/WifiVendorHal(  806): getWifiLinkLayerStats_1_3_Internal(l.978) failed {.code = ERROR_NOT_SUPPORTED, .description = }
05-27 21:59:20.623 D/WifiClientModeImpl(  806): fetchRssiLinkSpeedAndFrequencyNative rssi=-72 TxLinkspeed=130 freq=2417 RxLinkSpeed=0
05-27 21:59:20.623 V/WifiConfigManager(  806): Updating scan detail cache freq=2417 BSSID=f8:2d:c0:24:9e:d2 RSSI=-71 for "BOLSONARO2018"WPA_PSK
05-27 21:59:20.623 D/wpa_supplicant( 1207): P2P: Timeout (state=LISTEN_ONLY)
05-27 21:59:20.624 D/WifiThroughputPredictor(  806):  utilization (BssLoad) -1 utilization (LLStats) 80 isBluetoothConnected: false final utilization: 80
05-27 21:59:20.624 D/WifiThroughputPredictor(  806):  utilization (BssLoad) -1 utilization (LLStats) 80 isBluetoothConnected: false final utilization: 80
05-27 21:59:20.624 D/WifiScoreCard(  806): BSSID update SIGNAL_POLL ID: 398514962 SSID: BOLSONARO2018, BSSID: f8:2d:c0:24:9e:d2, MAC: 64:57:25:8c:68:c1, Supplicant state: COMPLETED, Wi-Fi standard: 0, RSSI: -72, Link speed: 130Mbps, Tx Link speed: 130Mbps, Max Supported Tx Link speed: -1Mbps, Rx Link speed: -1Mbps, Max Supported Rx Link speed: -1Mbps, Frequency: 2417MHz, Net ID: 0, Metered hint: false, score: 60
05-27 21:59:20.624 D/WifiScoreCard(  806): txRate: 6 txSpeed: 130
05-27 21:59:20.625 D/WifiScoreCard(  806): network update SIGNAL_POLL "BOLSONARO2018" ID: 976476524 RSSI -72 txSpeed 130
05-27 21:59:20.625 D/WifiScoreCard(  806): SSID: "BOLSONARO2018"
05-27 21:59:20.625 D/WifiScoreCard(  806):  LastRssiPollTime: 11940689 LastRssiPoll: -72 LastTxSpeedPoll: 130
05-27 21:59:20.625 D/WifiScoreCard(  806):  StatsRecent:  ConnectAttempt: 4 ConnectFailure: 0 ConnectDurSec: 6372708 AssocRej: 0 AssocTimeout: 0 AuthFailure: 0 ShortDiscNonlocal: 6 DisconnectNonlocal: 7 Disconnect: 13 ConsecutiveConnectFailure: 0
05-27 21:59:20.625 D/WifiScoreCard(  806):  StatsCurr:  ConnectAttempt: 54 ConnectFailure: 0 ConnectDurSec: 759544 AssocRej: 0 AssocTimeout: 0 AuthFailure: 0 ShortDiscNonlocal: 39 DisconnectNonlocal: 53 Disconnect: 73 ConsecutiveConnectFailure: 0
05-27 21:59:20.625 D/WifiScoreCard(  806):  StatsPrev:  ConnectAttempt: 15 ConnectFailure: 0 ConnectDurSec: 211923 AssocRej: 0 AssocTimeout: 0 AuthFailure: 0 ShortDiscNonlocal: 10 DisconnectNonlocal: 19 Disconnect: 32 ConsecutiveConnectFailure: 0
05-27 21:59:20.626 D/ConnectivityListener( 1306): updateWifiConnectivityStatus
05-27 21:59:20.626 I/WifiService(  806): getConnectionInfo uid=1000
05-27 21:59:20.627 D/WifiClientModeImpl(  806):  L2ConnectedState screen=on 1 0 "BOLSONARO2018" f8:2d:c0:24:9e:d2 rssi=-72 f=2417 sc=60 link=130 tx=5,3, 0,0, 0,0  rx=6,0 bcn=0 [on:0 tx:0 rx:0 period:3015] from screen [on:0 period:1813500082] score=60
05-27 21:59:20.627 D/ConnectivityListener( 1306): updateWifiConnectivityStatus: AP state = COMPLETED
05-27 21:59:20.627 D/ConnectivityListener( 1306): updateWifiConnectivityStatus: AP is connected
05-27 21:59:20.627 D/ConnectivityListener( 1306): setWifiStatus connected = true
05-27 21:59:20.627 D/ConnectivityListener( 1306): updateWifiConnectivityStatus: ssid = "BOLSONARO2018"
05-27 21:59:20.627 D/ConnectivityListener( 1306): isWireConnected: 
05-27 21:59:20.627 D/ConnectivityListener( 1306): isWireConnected = false
05-27 21:59:20.627 D/ConnectivityListener( 1306): setEthernetStatus = false
05-27 21:59:20.627 D/MainFragment( 1306): updateConnectivity() start
05-27 21:59:20.628 D/MainFragment( 1306): connectedState = true
05-27 21:59:20.628 D/MainFragment( 1306): TextUtils.isEmpty(connectedState) = false
05-27 21:59:20.628 I/WifiService(  806): getWifiEnabledState uid=1000
05-27 21:59:20.628 D/ConnectivityListener( 1306): isWifiEnabledOrEnabling: wifiManager.getWifiState = 3
05-27 21:59:20.628 I/WifiService(  806): getWifiEnabledState uid=1000
05-27 21:59:20.628 D/ConnectivityListener( 1306): isWifiConnected: isWifiConnected = true
05-27 21:59:20.629 I/WifiService(  806): getConnectionInfo uid=1000
05-27 21:59:20.629 D/wpa_supplicant( 1207): nl80211: Drv Event 55 (NL80211_CMD_REMAIN_ON_CHANNEL) received for p2p0
05-27 21:59:20.629 D/wpa_supplicant( 1207): nl80211: Remain-on-channel event (cancel=0 freq=2417 channel_type=0 duration=5000 cookie=0x941 (match))
05-27 21:59:20.629 D/wpa_supplicant( 1207): p2p0: Event REMAIN_ON_CHANNEL (19) received
05-27 21:59:20.629 D/wpa_supplicant( 1207): Off-channel: Send Action callback (without_roc=0 pending_action_tx=0x0 pending_action_tx_done=0)
05-27 21:59:20.629 D/wpa_supplicant( 1207): P2P: remain-on-channel callback (off_channel_freq=2417 pending_listen_freq=2417 roc_waiting_drv_freq=0 freq=2417 duration=5000)
05-27 21:59:20.629 D/wpa_supplicant( 1207): STA wpa_state=9 freq=2417
05-27 21:59:20.629 D/wpa_supplicant( 1207): P2P: Starting Listen timeout(5,0) on freq=2417 based on callback
05-27 21:59:20.629 D/wpa_supplicant( 1207): P2P: Set timeout (state=LISTEN_ONLY): 5.020000 sec
05-27 21:59:20.629 I/WifiService(  806): getConnectionInfo uid=1000
05-27 21:59:20.630 D/MainFragment( 1306): updateConnectivity() end
05-27 21:59:20.688 D/wpa_supplicant( 1207): wlan_traffic_statistics rx_byte = 918969601 rx rate = 2 Kb/s
05-27 21:59:20.688 D/wpa_supplicant( 1207): wlan_traffic_statistics tx_byte = 154861797 tx rate = 1 Kb/s
05-27 21:59:20.782 D/TCastPublishOverUdp( 2208): ed8fb9a@sendOnline
05-27 21:59:20.783 I/system_server(  806): Background young concurrent copying GC freed 391328(21MB) AllocSpace objects, 31(1884KB) LOS objects, 54% free, 19MB/43MB, paused 348us total 153.523ms
05-27 21:59:20.789 W/System  (  806): A resource failed to call release. 
05-27 21:59:20.803 W/System  (  806): A resource failed to call release. 
05-27 21:59:20.816 E/RHWC2   (  376): fox1 func=hwc2_func_validate_display line=1291 
05-27 21:59:20.816 E/RHWC2   (  376): fox1 func=hwc2_func_validate_display line=1411 
05-27 21:59:20.818 E/RHWC2   (  376): fox1 [rtk_gdma_post 1507 ]
05-27 21:59:20.818 E/RHWC2   (  376): fox1 [rtk_gdma_post 1530 ]name_of_layer = com.redflix.tvmoderno/com.redx.tvbox.MainActivity#0 num_of_layers=1
05-27 21:59:20.818 E/RHWC2   (  376): fox 1 [rtk_gdma_post 1531] HAS_FLAG=0
05-27 21:59:20.818 E/RHWC2   (  376): fox1 [rtk_gdma_post 1565 ]
05-27 21:59:21.440 I/HdmieArc(  394): earc status newStatus 0, oldStatus=EN_TOS_CEC_EARC_STATUS_HANDSHAKE
05-27 21:59:21.441 I/HdmieArc(  394): rhal earc status: 0, error code: 0 
05-27 21:59:22.441 I/HdmieArc(  394): earc status newStatus 0, oldStatus=EN_TOS_CEC_EARC_STATUS_HANDSHAKE
05-27 21:59:22.441 I/HdmieArc(  394): rhal earc status: 0, error code: 0 
05-27 21:59:22.690 D/wpa_supplicant( 1207): wlan_traffic_statistics rx_byte = 918970147 rx rate = 2 Kb/s
05-27 21:59:22.690 D/wpa_supplicant( 1207): wlan_traffic_statistics tx_byte = 154863320 tx rate = 5 Kb/s
05-27 21:59:23.441 I/HdmieArc(  394): earc status newStatus 0, oldStatus=EN_TOS_CEC_EARC_STATUS_HANDSHAKE
05-27 21:59:23.441 I/HdmieArc(  394): rhal earc status: 0, error code: 0 
05-27 21:59:23.629 E/WifiVendorHal(  806): getWifiLinkLayerStats_1_3_Internal(l.978) failed {.code = ERROR_NOT_SUPPORTED, .description = }
05-27 21:59:23.635 D/WifiClientModeImpl(  806): fetchRssiLinkSpeedAndFrequencyNative rssi=-72 TxLinkspeed=130 freq=2417 RxLinkSpeed=0
05-27 21:59:23.635 V/WifiConfigManager(  806): Updating scan detail cache freq=2417 BSSID=f8:2d:c0:24:9e:d2 RSSI=-71 for "BOLSONARO2018"WPA_PSK
05-27 21:59:23.636 D/WifiThroughputPredictor(  806):  utilization (BssLoad) -1 utilization (LLStats) 80 isBluetoothConnected: false final utilization: 80
05-27 21:59:23.636 D/WifiThroughputPredictor(  806):  utilization (BssLoad) -1 utilization (LLStats) 80 isBluetoothConnected: false final utilization: 80
05-27 21:59:23.636 D/WifiScoreCard(  806): BSSID update SIGNAL_POLL ID: 398514962 SSID: BOLSONARO2018, BSSID: f8:2d:c0:24:9e:d2, MAC: 64:57:25:8c:68:c1, Supplicant state: COMPLETED, Wi-Fi standard: 0, RSSI: -72, Link speed: 130Mbps, Tx Link speed: 130Mbps, Max Supported Tx Link speed: -1Mbps, Rx Link speed: -1Mbps, Max Supported Rx Link speed: -1Mbps, Frequency: 2417MHz, Net ID: 0, Metered hint: false, score: 60
05-27 21:59:23.636 D/WifiScoreCard(  806): txRate: 7 txSpeed: 130
05-27 21:59:23.637 D/WifiScoreCard(  806): network update SIGNAL_POLL "BOLSONARO2018" ID: 976476524 RSSI -72 txSpeed 130
05-27 21:59:23.637 D/WifiScoreCard(  806): SSID: "BOLSONARO2018"
05-27 21:59:23.637 D/WifiScoreCard(  806):  LastRssiPollTime: 11943701 LastRssiPoll: -72 LastTxSpeedPoll: 130
05-27 21:59:23.637 D/WifiScoreCard(  806):  StatsRecent:  ConnectAttempt: 4 ConnectFailure: 0 ConnectDurSec: 6372708 AssocRej: 0 AssocTimeout: 0 AuthFailure: 0 ShortDiscNonlocal: 6 DisconnectNonlocal: 7 Disconnect: 13 ConsecutiveConnectFailure: 0
05-27 21:59:23.637 D/WifiScoreCard(  806):  StatsCurr:  ConnectAttempt: 54 ConnectFailure: 0 ConnectDurSec: 759544 AssocRej: 0 AssocTimeout: 0 AuthFailure: 0 ShortDiscNonlocal: 39 DisconnectNonlocal: 53 Disconnect: 73 ConsecutiveConnectFailure: 0
05-27 21:59:23.637 D/WifiScoreCard(  806):  StatsPrev:  ConnectAttempt: 15 ConnectFailure: 0 ConnectDurSec: 211923 AssocRej: 0 AssocTimeout: 0 AuthFailure: 0 ShortDiscNonlocal: 10 DisconnectNonlocal: 19 Disconnect: 32 ConsecutiveConnectFailure: 0
05-27 21:59:23.638 D/ConnectivityListener( 1306): updateWifiConnectivityStatus
05-27 21:59:23.638 I/WifiService(  806): getConnectionInfo uid=1000
05-27 21:59:23.638 D/WifiClientModeImpl(  806):  L2ConnectedState screen=on 1 0 "BOLSONARO2018" f8:2d:c0:24:9e:d2 rssi=-72 f=2417 sc=60 link=130 tx=6,4, 0,0, 0,0  rx=5,8 bcn=0 [on:0 tx:0 rx:0 period:3011] from screen [on:0 period:1813503094] score=60
05-27 21:59:23.639 D/ConnectivityListener( 1306): updateWifiConnectivityStatus: AP state = COMPLETED
05-27 21:59:23.639 D/ConnectivityListener( 1306): updateWifiConnectivityStatus: AP is connected
05-27 21:59:23.639 D/ConnectivityListener( 1306): setWifiStatus connected = true
05-27 21:59:23.639 D/ConnectivityListener( 1306): updateWifiConnectivityStatus: ssid = "BOLSONARO2018"
05-27 21:59:23.639 D/ConnectivityListener( 1306): isWireConnected: 
05-27 21:59:23.639 D/ConnectivityListener( 1306): isWireConnected = false
05-27 21:59:23.639 D/ConnectivityListener( 1306): setEthernetStatus = false
05-27 21:59:23.639 D/MainFragment( 1306): updateConnectivity() start
05-27 21:59:23.639 D/MainFragment( 1306): connectedState = true
05-27 21:59:23.640 D/MainFragment( 1306): TextUtils.isEmpty(connectedState) = false
05-27 21:59:23.640 I/WifiService(  806): getWifiEnabledState uid=1000
05-27 21:59:23.640 D/ConnectivityListener( 1306): isWifiEnabledOrEnabling: wifiManager.getWifiState = 3
05-27 21:59:23.640 I/WifiService(  806): getWifiEnabledState uid=1000
05-27 21:59:23.640 D/ConnectivityListener( 1306): isWifiConnected: isWifiConnected = true
05-27 21:59:23.641 I/WifiService(  806): getConnectionInfo uid=1000
05-27 21:59:23.641 I/WifiService(  806): getConnectionInfo uid=1000
05-27 21:59:23.642 D/MainFragment( 1306): updateConnectivity() end
05-27 21:59:23.682 D/TVKitService(  812): getProjectID
05-27 21:59:23.682 D/DeviceInfoImpl(  812): getProjectID from map is 4357
05-27 21:59:23.682 I/TCL_DeviceInfo( 2208): id = 4357
05-27 21:59:23.683 E/TCL_DeviceInfo( 2208): from sita get client type is TCL-LA-RTD51A-S1
05-27 21:59:23.683 D/TVKitService(  812): getSoftwareVersion
05-27 21:59:23.683 D/DeviceInfoImpl(  812): getSoftwareVersion is V8-R51AT01-LF1V126
05-27 21:59:23.683 I/TCL_DeviceInfo( 2208): ret  = V8-R51AT01-LF1V126
05-27 21:59:23.684 I/WifiService(  806): getConnectionInfo uid=1000
05-27 21:59:24.441 I/HdmieArc(  394): earc status newStatus 0, oldStatus=EN_TOS_CEC_EARC_STATUS_HANDSHAKE
05-27 21:59:24.442 I/HdmieArc(  394): rhal earc status: 0, error code: 0 
05-27 21:59:24.692 D/wpa_supplicant( 1207): wlan_traffic_statistics rx_byte = 918971191 rx rate = 4 Kb/s
05-27 21:59:24.692 D/wpa_supplicant( 1207): wlan_traffic_statistics tx_byte = 154864607 tx rate = 5 Kb/s
05-27 21:59:25.442 I/HdmieArc(  394): earc status newStatus 0, oldStatus=EN_TOS_CEC_EARC_STATUS_HANDSHAKE
05-27 21:59:25.442 I/HdmieArc(  394): rhal earc status: 0, error code: 0 
05-27 21:59:25.650 D/wpa_supplicant( 1207): P2P: Timeout (state=LISTEN_ONLY)
05-27 21:59:25.650 D/wpa_supplicant( 1207): P2P: Driver is still in listen state - stop it
05-27 21:59:25.650 D/wpa_supplicant( 1207): nl80211: Cancel remain-on-channel with cookie 0x941
05-27 21:59:25.650 D/wpa_supplicant( 1207): nl80211: Disable Probe Request reporting nl_preq=0x3c74b859
05-27 21:59:25.650 D/wpa_supplicant( 1207): p2p0: Radio work 'p2p-listen'@0xb4f80f50 done in 5.045993 seconds
05-27 21:59:25.650 D/wpa_supplicant( 1207): p2p0: radio_work_free('p2p-listen'@0xb4f80f50): num_active_works --> 0
05-27 21:59:25.650 D/wpa_supplicant( 1207): nl80211: Drv Event 56 (NL80211_CMD_CANCEL_REMAIN_ON_CHANNEL) received for p2p0
05-27 21:59:25.650 D/wpa_supplicant( 1207): nl80211: Remain-on-channel event (cancel=1 freq=2417 channel_type=0 duration=0 cookie=0x941 (match))
05-27 21:59:25.650 D/wpa_supplicant( 1207): p2p0: Event CANCEL_REMAIN_ON_CHANNEL (20) received
05-27 21:59:25.650 D/wpa_supplicant( 1207): P2P: Cancel remain-on-channel callback (p2p_long_listen=1904957704 ms pending_action_tx=0x0)
05-27 21:59:25.650 D/wpa_supplicant( 1207): P2P: Driver ended Listen state (freq=2417)
05-27 21:59:25.650 D/wpa_supplicant( 1207): P2P: Continuing long Listen state
05-27 21:59:25.650 D/wpa_supplicant( 1207): P2P: Going to listen(only) state
05-27 21:59:25.650 D/wpa_supplicant( 1207): STA wpa_state=9 freq=2417
05-27 21:59:25.650 D/wpa_supplicant( 1207): P2P: cfg reg_class(81) channel(2)
05-27 21:59:25.650 D/wpa_supplicant( 1207): P2P: cfg reg_class(81) channel(2)
05-27 21:59:25.650 D/wpa_supplicant( 1207): P2P: Set Listen channel: reg_class 81 channel 2
05-27 21:59:25.650 D/wpa_supplicant( 1207): P2P: Defer setting listen channel
05-27 21:59:25.650 D/wpa_supplicant( 1207): P2P: p2p listen class(81)/channel(2)
05-27 21:59:25.650 D/wpa_supplicant( 1207): WPS:  * Version (hardcoded 0x10)
05-27 21:59:25.650 D/wpa_supplicant( 1207): WPS:  * UUID-E
05-27 21:59:25.650 D/wpa_supplicant( 1207): WPS:  * Version2 (0x20)
05-27 21:59:25.650 D/wpa_supplicant( 1207): P2P: * P2P IE header
05-27 21:59:25.650 D/wpa_supplicant( 1207): P2P: * Capability dev=25 group=00
05-27 21:59:25.650 D/wpa_supplicant( 1207): P2P: * Listen Channel: Regulatory Class 81 Channel 2
05-27 21:59:25.650 D/wpa_supplicant( 1207): P2P: * Device Info
05-27 21:59:25.650 D/wpa_supplicant( 1207): p2p0: Add radio work 'p2p-listen'@0xb4f80f50
05-27 21:59:25.650 D/wpa_supplicant( 1207): p2p0: First radio work item in the queue - schedule start immediately
05-27 21:59:25.650 D/wpa_supplicant( 1207): P2P: State LISTEN_ONLY -> LISTEN_ONLY
05-27 21:59:25.651 D/wpa_supplicant( 1207): p2p0: Starting radio work 'p2p-listen'@0xb4f80f50 after 0.000061 second wait
05-27 21:59:25.651 D/wpa_supplicant( 1207): nl80211: Enable Probe Request reporting nl_preq=0xb4fc30d0
05-27 21:59:25.651 D/wpa_supplicant( 1207): nl80211: Register frame type=0x40 (WLAN_FC_STYPE_PROBE_REQ) nl_handle=0xb4fc30d0 match= multicast=0
05-27 21:59:25.651 D/wpa_supplicant( 1207): nl80211: Remain-on-channel cookie 0x942 for freq=2417 MHz duration=5000
05-27 21:59:25.673 D/wpa_supplicant( 1207): nl80211: Drv Event 55 (NL80211_CMD_REMAIN_ON_CHANNEL) received for p2p0
05-27 21:59:25.673 D/wpa_supplicant( 1207): nl80211: Remain-on-channel event (cancel=0 freq=2417 channel_type=0 duration=5000 cookie=0x942 (match))
05-27 21:59:25.673 D/wpa_supplicant( 1207): p2p0: Event REMAIN_ON_CHANNEL (19) received
05-27 21:59:25.673 D/wpa_supplicant( 1207): Off-channel: Send Action callback (without_roc=0 pending_action_tx=0x0 pending_action_tx_done=0)
05-27 21:59:25.673 D/wpa_supplicant( 1207): P2P: remain-on-channel callback (off_channel_freq=2417 pending_listen_freq=2417 roc_waiting_drv_freq=0 freq=2417 duration=5000)
05-27 21:59:25.673 D/wpa_supplicant( 1207): STA wpa_state=9 freq=2417
05-27 21:59:25.673 D/wpa_supplicant( 1207): P2P: Starting Listen timeout(5,0) on freq=2417 based on callback
05-27 21:59:25.673 D/wpa_supplicant( 1207): P2P: Set timeout (state=LISTEN_ONLY): 5.020000 sec
05-27 21:59:25.824 E/ion     ( 2174): ioctl c0044901 failed with code -1: Inappropriate ioctl for device
05-27 21:59:26.184 D/TCastPublishOverUdp( 2208): ed8fb9a@sendOnline
05-27 21:59:26.442 I/HdmieArc(  394): earc status newStatus 0, oldStatus=EN_TOS_CEC_EARC_STATUS_HANDSHAKE
05-27 21:59:26.442 I/HdmieArc(  394): rhal earc status: 0, error code: 0 
05-27 21:59:26.552 I/cmd     ( 2179): oneway function results will be dropped but finished with status OK and parcel size 4
05-27 21:59:26.554 I/MediaProvider( 1597): Begin Intent { act=android.intent.action.MEDIA_SCANNER_SCAN_FILE dat=file:///sdcard/tcl-canais-current.png flg=0x1400010 cmp=com.android.providers.media.module/com.android.providers.media.MediaService }
05-27 21:59:26.549 W/com.android.providers.media.module( 1597): type=1400 audit(0.0:1276): avc: denied { read } for comm=4173796E635461736B202331 name="primary" dev="tmpfs" ino=25613 scontext=u:r:mediaprovider_app:s0:c75,c256,c512,c768 tcontext=u:object_r:mnt_pass_through_file:s0 tclass=lnk_file permissive=0 app=com.android.providers.media.module
05-27 21:59:26.553 W/com.android.providers.media.module( 1597): type=1400 audit(0.0:1277): avc: denied { read } for comm=4173796E635461736B202331 name="primary" dev="tmpfs" ino=25613 scontext=u:r:mediaprovider_app:s0:c75,c256,c512,c768 tcontext=u:object_r:mnt_pass_through_file:s0 tclass=lnk_file permissive=0 app=com.android.providers.media.module
05-27 21:59:26.567 W/ModernMediaScanner( 1597): Failed to visit /sdcard/tcl-canais-current.png: java.nio.file.AccessDeniedException: /sdcard/tcl-canais-current.png
05-27 21:59:26.553 W/com.android.providers.media.module( 1597): type=1400 audit(0.0:1278): avc: denied { read } for comm=4173796E635461736B202331 name="primary" dev="tmpfs" ino=25613 scontext=u:r:mediaprovider_app:s0:c75,c256,c512,c768 tcontext=u:object_r:mnt_pass_through_file:s0 tclass=lnk_file permissive=0 app=com.android.providers.media.module
05-27 21:59:26.553 W/com.android.providers.media.module( 1597): type=1400 audit(0.0:1279): avc: denied { read } for comm=4173796E635461736B202331 name="primary" dev="tmpfs" ino=25613 scontext=u:r:mediaprovider_app:s0:c75,c256,c512,c768 tcontext=u:object_r:mnt_pass_through_file:s0 tclass=lnk_file permissive=0 app=com.android.providers.media.module
05-27 21:59:26.581 I/MediaProvider( 1597): Scanned internal due to REASON_DEMAND, found 0 items in 20ms, 0 inserts 0 updates 0 deletes
05-27 21:59:26.557 W/com.android.providers.media.module( 1597): type=1400 audit(0.0:1280): avc: denied { read } for comm=4173796E635461736B202331 name="primary" dev="tmpfs" ino=25613 scontext=u:r:mediaprovider_app:s0:c75,c256,c512,c768 tcontext=u:object_r:mnt_pass_through_file:s0 tclass=lnk_file permissive=0 app=com.android.providers.media.module
05-27 21:59:26.557 I/chatty  ( 1597): uid=10075(com.android.providers.media.module) identical 1 line
05-27 21:59:26.561 W/com.android.providers.media.module( 1597): type=1400 audit(0.0:1282): avc: denied { read } for comm=4173796E635461736B202331 name="primary" dev="tmpfs" ino=25613 scontext=u:r:mediaprovider_app:s0:c75,c256,c512,c768 tcontext=u:object_r:mnt_pass_through_file:s0 tclass=lnk_file permissive=0 app=com.android.providers.media.module
05-27 21:59:26.589 I/MediaProvider( 1597): End Intent { act=android.intent.action.MEDIA_SCANNER_SCAN_FILE dat=file:///sdcard/tcl-canais-current.png flg=0x1400010 cmp=com.android.providers.media.module/com.android.providers.media.MediaService }
05-27 21:59:26.561 W/com.android.providers.media.module( 1597): type=1400 audit(0.0:1283): avc: denied { read } for comm=4173796E635461736B202331 name="primary" dev="tmpfs" ino=25613 scontext=u:r:mediaprovider_app:s0:c75,c256,c512,c768 tcontext=u:object_r:mnt_pass_through_file:s0 tclass=lnk_file permissive=0 app=com.android.providers.media.module
05-27 21:59:26.641 E/WifiVendorHal(  806): getWifiLinkLayerStats_1_3_Internal(l.978) failed {.code = ERROR_NOT_SUPPORTED, .description = }
05-27 21:59:26.647 D/WifiClientModeImpl(  806): fetchRssiLinkSpeedAndFrequencyNative rssi=-71 TxLinkspeed=130 freq=2417 RxLinkSpeed=0
05-27 21:59:26.647 V/WifiConfigManager(  806): Updating scan detail cache freq=2417 BSSID=f8:2d:c0:24:9e:d2 RSSI=-71 for "BOLSONARO2018"WPA_PSK
05-27 21:59:26.648 D/WifiThroughputPredictor(  806):  utilization (BssLoad) -1 utilization (LLStats) 80 isBluetoothConnected: false final utilization: 80
05-27 21:59:26.648 D/WifiThroughputPredictor(  806):  utilization (BssLoad) -1 utilization (LLStats) 80 isBluetoothConnected: false final utilization: 80
05-27 21:59:26.649 D/WifiScoreCard(  806): BSSID update SIGNAL_POLL ID: 398514962 SSID: BOLSONARO2018, BSSID: f8:2d:c0:24:9e:d2, MAC: 64:57:25:8c:68:c1, Supplicant state: COMPLETED, Wi-Fi standard: 0, RSSI: -71, Link speed: 130Mbps, Tx Link speed: 130Mbps, Max Supported Tx Link speed: -1Mbps, Rx Link speed: -1Mbps, Max Supported Rx Link speed: -1Mbps, Frequency: 2417MHz, Net ID: 0, Metered hint: false, score: 60
05-27 21:59:26.649 D/WifiScoreCard(  806): txRate: 13 txSpeed: 130
