05-27 22:11:28.473 E/RHWC2   (  376): fox1 func=hwc2_func_validate_display line=1411 
05-27 22:11:28.475 E/RHWC2   (  376): fox1 [rtk_gdma_post 1507 ]
05-27 22:11:28.475 E/RHWC2   (  376): fox1 [rtk_gdma_post 1530 ]name_of_layer = com.redflix.tvmoderno/com.redx.tvbox.ExoPlayerActivity#0 num_of_layers=1
05-27 22:11:28.475 E/RHWC2   (  376): fox 1 [rtk_gdma_post 1531] HAS_FLAG=0
05-27 22:11:28.475 E/RHWC2   (  376): fox1 [rtk_gdma_post 1565 ]
05-27 22:11:28.574 E/RHWC2   (  376): fox1 func=hwc2_func_validate_display line=1291 
05-27 22:11:28.574 E/RHWC2   (  376): fox1 func=hwc2_func_validate_display line=1411 
05-27 22:11:28.576 E/RHWC2   (  376): fox1 [rtk_gdma_post 1507 ]
05-27 22:11:28.576 E/RHWC2   (  376): fox1 [rtk_gdma_post 1530 ]name_of_layer = com.redflix.tvmoderno/com.redx.tvbox.ExoPlayerActivity#0 num_of_layers=1
05-27 22:11:28.576 E/RHWC2   (  376): fox 1 [rtk_gdma_post 1531] HAS_FLAG=0
05-27 22:11:28.576 E/RHWC2   (  376): fox1 [rtk_gdma_post 1565 ]
05-27 22:11:28.674 E/RHWC2   (  376): fox1 func=hwc2_func_validate_display line=1291 
05-27 22:11:28.674 E/RHWC2   (  376): fox1 func=hwc2_func_validate_display line=1411 
05-27 22:11:28.676 E/RHWC2   (  376): fox1 [rtk_gdma_post 1507 ]
05-27 22:11:28.676 E/RHWC2   (  376): fox1 [rtk_gdma_post 1530 ]name_of_layer = com.redflix.tvmoderno/com.redx.tvbox.ExoPlayerActivity#0 num_of_layers=1
05-27 22:11:28.676 E/RHWC2   (  376): fox 1 [rtk_gdma_post 1531] HAS_FLAG=0
05-27 22:11:28.676 E/RHWC2   (  376): fox1 [rtk_gdma_post 1565 ]
05-27 22:11:28.716 I/HdmieArc(  394): earc status newStatus 0, oldStatus=EN_TOS_CEC_EARC_STATUS_HANDSHAKE
05-27 22:11:28.716 I/HdmieArc(  394): rhal earc status: 0, error code: 0 
05-27 22:11:28.773 E/RHWC2   (  376): fox1 func=hwc2_func_validate_display line=1291 
05-27 22:11:28.773 E/RHWC2   (  376): fox1 func=hwc2_func_validate_display line=1411 
05-27 22:11:28.775 E/RHWC2   (  376): fox1 [rtk_gdma_post 1507 ]
05-27 22:11:28.775 E/RHWC2   (  376): fox1 [rtk_gdma_post 1530 ]name_of_layer = com.redflix.tvmoderno/com.redx.tvbox.ExoPlayerActivity#0 num_of_layers=1
05-27 22:11:28.775 E/RHWC2   (  376): fox 1 [rtk_gdma_post 1531] HAS_FLAG=0
05-27 22:11:28.775 E/RHWC2   (  376): fox1 [rtk_gdma_post 1565 ]
05-27 22:11:28.874 E/RHWC2   (  376): fox1 func=hwc2_func_validate_display line=1291 
05-27 22:11:28.874 E/RHWC2   (  376): fox1 func=hwc2_func_validate_display line=1411 
05-27 22:11:28.876 E/RHWC2   (  376): fox1 [rtk_gdma_post 1507 ]
05-27 22:11:28.876 E/RHWC2   (  376): fox1 [rtk_gdma_post 1530 ]name_of_layer = com.redflix.tvmoderno/com.redx.tvbox.ExoPlayerActivity#0 num_of_layers=1
05-27 22:11:28.876 E/RHWC2   (  376): fox 1 [rtk_gdma_post 1531] HAS_FLAG=0
05-27 22:11:28.876 E/RHWC2   (  376): fox1 [rtk_gdma_post 1565 ]
05-27 22:11:28.974 E/RHWC2   (  376): fox1 func=hwc2_func_validate_display line=1291 
05-27 22:11:28.974 E/RHWC2   (  376): fox1 func=hwc2_func_validate_display line=1411 
05-27 22:11:28.977 E/RHWC2   (  376): fox1 [rtk_gdma_post 1507 ]
05-27 22:11:28.977 E/RHWC2   (  376): fox1 [rtk_gdma_post 1530 ]name_of_layer = com.redflix.tvmoderno/com.redx.tvbox.ExoPlayerActivity#0 num_of_layers=1
05-27 22:11:28.977 E/RHWC2   (  376): fox 1 [rtk_gdma_post 1531] HAS_FLAG=0
05-27 22:11:28.977 E/RHWC2   (  376): fox1 [rtk_gdma_post 1565 ]
05-27 22:11:29.073 E/RHWC2   (  376): fox1 func=hwc2_func_validate_display line=1291 
05-27 22:11:29.073 E/RHWC2   (  376): fox1 func=hwc2_func_validate_display line=1411 
05-27 22:11:29.075 E/RHWC2   (  376): fox1 [rtk_gdma_post 1507 ]
05-27 22:11:29.075 E/RHWC2   (  376): fox1 [rtk_gdma_post 1530 ]name_of_layer = com.redflix.tvmoderno/com.redx.tvbox.ExoPlayerActivity#0 num_of_layers=1
05-27 22:11:29.075 E/RHWC2   (  376): fox 1 [rtk_gdma_post 1531] HAS_FLAG=0
05-27 22:11:29.075 E/RHWC2   (  376): fox1 [rtk_gdma_post 1565 ]
05-27 22:11:29.173 E/RHWC2   (  376): fox1 func=hwc2_func_validate_display line=1291 
05-27 22:11:29.173 E/RHWC2   (  376): fox1 func=hwc2_func_validate_display line=1411 
05-27 22:11:29.175 E/RHWC2   (  376): fox1 [rtk_gdma_post 1507 ]
05-27 22:11:29.175 E/RHWC2   (  376): fox1 [rtk_gdma_post 1530 ]name_of_layer = com.redflix.tvmoderno/com.redx.tvbox.ExoPlayerActivity#0 num_of_layers=1
05-27 22:11:29.175 E/RHWC2   (  376): fox 1 [rtk_gdma_post 1531] HAS_FLAG=0
05-27 22:11:29.175 E/RHWC2   (  376): fox1 [rtk_gdma_post 1565 ]
05-27 22:11:29.190 D/wpa_supplicant( 1207): wlan_traffic_statistics rx_byte = 1011929414 rx rate = 21 Kb/s
05-27 22:11:29.190 D/wpa_supplicant( 1207): wlan_traffic_statistics tx_byte = 160107888 tx rate = 72 Kb/s
05-27 22:11:29.273 E/RHWC2   (  376): fox1 func=hwc2_func_validate_display line=1291 
05-27 22:11:29.273 E/RHWC2   (  376): fox1 func=hwc2_func_validate_display line=1411 
05-27 22:11:29.275 E/RHWC2   (  376): fox1 [rtk_gdma_post 1507 ]
05-27 22:11:29.275 E/RHWC2   (  376): fox1 [rtk_gdma_post 1530 ]name_of_layer = com.redflix.tvmoderno/com.redx.tvbox.ExoPlayerActivity#0 num_of_layers=1
05-27 22:11:29.275 E/RHWC2   (  376): fox 1 [rtk_gdma_post 1531] HAS_FLAG=0
05-27 22:11:29.275 E/RHWC2   (  376): fox1 [rtk_gdma_post 1565 ]
05-27 22:11:29.375 E/RHWC2   (  376): fox1 func=hwc2_func_validate_display line=1291 
05-27 22:11:29.375 E/RHWC2   (  376): fox1 func=hwc2_func_validate_display line=1411 
05-27 22:11:29.376 E/RHWC2   (  376): fox1 [rtk_gdma_post 1507 ]
05-27 22:11:29.376 E/RHWC2   (  376): fox1 [rtk_gdma_post 1530 ]name_of_layer = com.redflix.tvmoderno/com.redx.tvbox.ExoPlayerActivity#0 num_of_layers=1
05-27 22:11:29.376 E/RHWC2   (  376): fox 1 [rtk_gdma_post 1531] HAS_FLAG=0
05-27 22:11:29.376 E/RHWC2   (  376): fox1 [rtk_gdma_post 1565 ]
05-27 22:11:29.474 E/RHWC2   (  376): fox1 func=hwc2_func_validate_display line=1291 
05-27 22:11:29.474 E/RHWC2   (  376): fox1 func=hwc2_func_validate_display line=1411 
05-27 22:11:29.475 E/RHWC2   (  376): fox1 [rtk_gdma_post 1507 ]
05-27 22:11:29.475 E/RHWC2   (  376): fox1 [rtk_gdma_post 1530 ]name_of_layer = com.redflix.tvmoderno/com.redx.tvbox.ExoPlayerActivity#0 num_of_layers=1
05-27 22:11:29.475 E/RHWC2   (  376): fox 1 [rtk_gdma_post 1531] HAS_FLAG=0
05-27 22:11:29.475 E/RHWC2   (  376): fox1 [rtk_gdma_post 1565 ]
05-27 22:11:29.505 E/WifiVendorHal(  806): getWifiLinkLayerStats_1_3_Internal(l.978) failed {.code = ERROR_NOT_SUPPORTED, .description = }
05-27 22:11:29.510 D/WifiClientModeImpl(  806): fetchRssiLinkSpeedAndFrequencyNative rssi=-70 TxLinkspeed=117 freq=2417 RxLinkSpeed=0
05-27 22:11:29.510 V/WifiConfigManager(  806): Updating scan detail cache freq=2417 BSSID=f8:2d:c0:24:9e:d2 RSSI=-70 for "BOLSONARO2018"WPA_PSK
05-27 22:11:29.511 D/WifiThroughputPredictor(  806):  utilization (BssLoad) -1 utilization (LLStats) 80 isBluetoothConnected: false final utilization: 80
05-27 22:11:29.511 D/WifiThroughputPredictor(  806):  utilization (BssLoad) -1 utilization (LLStats) 80 isBluetoothConnected: false final utilization: 80
05-27 22:11:29.512 D/WifiScoreCard(  806): BSSID update SIGNAL_POLL ID: 398514962 SSID: BOLSONARO2018, BSSID: f8:2d:c0:24:9e:d2, MAC: 64:57:25:8c:68:c1, Supplicant state: COMPLETED, Wi-Fi standard: 0, RSSI: -70, Link speed: 117Mbps, Tx Link speed: 117Mbps, Max Supported Tx Link speed: -1Mbps, Rx Link speed: -1Mbps, Max Supported Rx Link speed: -1Mbps, Frequency: 2417MHz, Net ID: 0, Metered hint: false, score: 60
05-27 22:11:29.512 D/WifiScoreCard(  806): txRate: 63 txSpeed: 117
05-27 22:11:29.512 D/WifiScoreCard(  806): network update SIGNAL_POLL "BOLSONARO2018" ID: 976476524 RSSI -70 txSpeed 117
05-27 22:11:29.512 D/WifiScoreCard(  806): SSID: "BOLSONARO2018"
05-27 22:11:29.512 D/WifiScoreCard(  806):  LastRssiPollTime: 12669576 LastRssiPoll: -70 LastTxSpeedPoll: 117
05-27 22:11:29.512 D/WifiScoreCard(  806):  StatsRecent:  ConnectAttempt: 4 ConnectFailure: 0 ConnectDurSec: 6372708 AssocRej: 0 AssocTimeout: 0 AuthFailure: 0 ShortDiscNonlocal: 6 DisconnectNonlocal: 7 Disconnect: 13 ConsecutiveConnectFailure: 0
05-27 22:11:29.512 D/WifiScoreCard(  806):  StatsCurr:  ConnectAttempt: 54 ConnectFailure: 0 ConnectDurSec: 759544 AssocRej: 0 AssocTimeout: 0 AuthFailure: 0 ShortDiscNonlocal: 39 DisconnectNonlocal: 53 Disconnect: 73 ConsecutiveConnectFailure: 0
05-27 22:11:29.512 D/WifiScoreCard(  806):  StatsPrev:  ConnectAttempt: 15 ConnectFailure: 0 ConnectDurSec: 211923 AssocRej: 0 AssocTimeout: 0 AuthFailure: 0 ShortDiscNonlocal: 10 DisconnectNonlocal: 19 Disconnect: 32 ConsecutiveConnectFailure: 0
05-27 22:11:29.514 D/ConnectivityListener( 1306): updateWifiConnectivityStatus
05-27 22:11:29.514 I/WifiService(  806): getConnectionInfo uid=1000
05-27 22:11:29.514 D/WifiClientModeImpl(  806):  L2ConnectedState screen=on 1 0 "BOLSONARO2018" f8:2d:c0:24:9e:d2 rssi=-70 f=2417 sc=60 link=117 tx=62,4, 0,0, 0,0  rx=45,5 bcn=0 [on:0 tx:0 rx:0 period:3009] from screen [on:0 period:1814228970] score=60
05-27 22:11:29.514 D/ConnectivityListener( 1306): updateWifiConnectivityStatus: AP state = COMPLETED
05-27 22:11:29.514 D/ConnectivityListener( 1306): updateWifiConnectivityStatus: AP is connected
05-27 22:11:29.514 D/ConnectivityListener( 1306): setWifiStatus connected = true
05-27 22:11:29.515 D/ConnectivityListener( 1306): updateWifiConnectivityStatus: ssid = "BOLSONARO2018"
05-27 22:11:29.515 D/ConnectivityListener( 1306): isWireConnected: 
05-27 22:11:29.515 D/ConnectivityListener( 1306): isWireConnected = false
05-27 22:11:29.515 D/ConnectivityListener( 1306): setEthernetStatus = false
05-27 22:11:29.515 D/MainFragment( 1306): updateConnectivity() start
05-27 22:11:29.515 D/MainFragment( 1306): connectedState = true
05-27 22:11:29.516 D/MainFragment( 1306): TextUtils.isEmpty(connectedState) = false
05-27 22:11:29.517 I/WifiService(  806): getWifiEnabledState uid=1000
05-27 22:11:29.517 D/ConnectivityListener( 1306): isWifiEnabledOrEnabling: wifiManager.getWifiState = 3
05-27 22:11:29.517 I/WifiService(  806): getWifiEnabledState uid=1000
05-27 22:11:29.517 D/ConnectivityListener( 1306): isWifiConnected: isWifiConnected = true
05-27 22:11:29.518 I/WifiService(  806): getConnectionInfo uid=1000
05-27 22:11:29.519 I/WifiService(  806): getConnectionInfo uid=1000
05-27 22:11:29.519 D/MainFragment( 1306): updateConnectivity() end
05-27 22:11:29.574 E/RHWC2   (  376): fox1 func=hwc2_func_validate_display line=1291 
05-27 22:11:29.574 E/RHWC2   (  376): fox1 func=hwc2_func_validate_display line=1411 
05-27 22:11:29.577 E/RHWC2   (  376): fox1 [rtk_gdma_post 1507 ]
05-27 22:11:29.577 E/RHWC2   (  376): fox1 [rtk_gdma_post 1530 ]name_of_layer = com.redflix.tvmoderno/com.redx.tvbox.ExoPlayerActivity#0 num_of_layers=1
05-27 22:11:29.577 E/RHWC2   (  376): fox 1 [rtk_gdma_post 1531] HAS_FLAG=0
05-27 22:11:29.577 E/RHWC2   (  376): fox1 [rtk_gdma_post 1565 ]
05-27 22:11:29.673 E/RHWC2   (  376): fox1 func=hwc2_func_validate_display line=1291 
05-27 22:11:29.673 E/RHWC2   (  376): fox1 func=hwc2_func_validate_display line=1411 
05-27 22:11:29.675 E/RHWC2   (  376): fox1 [rtk_gdma_post 1507 ]
05-27 22:11:29.675 E/RHWC2   (  376): fox1 [rtk_gdma_post 1530 ]name_of_layer = com.redflix.tvmoderno/com.redx.tvbox.ExoPlayerActivity#0 num_of_layers=1
05-27 22:11:29.675 E/RHWC2   (  376): fox 1 [rtk_gdma_post 1531] HAS_FLAG=0
05-27 22:11:29.675 E/RHWC2   (  376): fox1 [rtk_gdma_post 1565 ]
05-27 22:11:29.716 I/HdmieArc(  394): earc status newStatus 0, oldStatus=EN_TOS_CEC_EARC_STATUS_HANDSHAKE
05-27 22:11:29.716 I/HdmieArc(  394): rhal earc status: 0, error code: 0 
05-27 22:11:29.773 E/RHWC2   (  376): fox1 func=hwc2_func_validate_display line=1291 
05-27 22:11:29.773 E/RHWC2   (  376): fox1 func=hwc2_func_validate_display line=1411 
05-27 22:11:29.775 E/RHWC2   (  376): fox1 [rtk_gdma_post 1507 ]
05-27 22:11:29.775 E/RHWC2   (  376): fox1 [rtk_gdma_post 1530 ]name_of_layer = com.redflix.tvmoderno/com.redx.tvbox.ExoPlayerActivity#0 num_of_layers=1
05-27 22:11:29.775 E/RHWC2   (  376): fox 1 [rtk_gdma_post 1531] HAS_FLAG=0
05-27 22:11:29.775 E/RHWC2   (  376): fox1 [rtk_gdma_post 1565 ]
05-27 22:11:29.873 E/RHWC2   (  376): fox1 func=hwc2_func_validate_display line=1291 
05-27 22:11:29.873 E/RHWC2   (  376): fox1 func=hwc2_func_validate_display line=1411 
05-27 22:11:29.875 E/RHWC2   (  376): fox1 [rtk_gdma_post 1507 ]
05-27 22:11:29.875 E/RHWC2   (  376): fox1 [rtk_gdma_post 1530 ]name_of_layer = com.redflix.tvmoderno/com.redx.tvbox.ExoPlayerActivity#0 num_of_layers=1
05-27 22:11:29.875 E/RHWC2   (  376): fox 1 [rtk_gdma_post 1531] HAS_FLAG=0
05-27 22:11:29.875 E/RHWC2   (  376): fox1 [rtk_gdma_post 1565 ]
05-27 22:11:29.971 D/TCastPublishOverUdp( 2208): ed8fb9a@sendOnline
05-27 22:11:29.973 E/RHWC2   (  376): fox1 func=hwc2_func_validate_display line=1291 
05-27 22:11:29.973 E/RHWC2   (  376): fox1 func=hwc2_func_validate_display line=1411 
05-27 22:11:29.975 E/RHWC2   (  376): fox1 [rtk_gdma_post 1507 ]
05-27 22:11:29.975 E/RHWC2   (  376): fox1 [rtk_gdma_post 1530 ]name_of_layer = com.redflix.tvmoderno/com.redx.tvbox.ExoPlayerActivity#0 num_of_layers=1
05-27 22:11:29.975 E/RHWC2   (  376): fox 1 [rtk_gdma_post 1531] HAS_FLAG=0
05-27 22:11:29.975 E/RHWC2   (  376): fox1 [rtk_gdma_post 1565 ]
05-27 22:11:29.994 D/TVKitService(  812): getProjectID
05-27 22:11:29.994 D/DeviceInfoImpl(  812): getProjectID from map is 4357
05-27 22:11:29.994 I/TCL_DeviceInfo( 2208): id = 4357
05-27 22:11:29.994 E/TCL_DeviceInfo( 2208): from sita get client type is TCL-LA-RTD51A-S1
05-27 22:11:29.995 D/TVKitService(  812): getSoftwareVersion
05-27 22:11:29.995 D/DeviceInfoImpl(  812): getSoftwareVersion is V8-R51AT01-LF1V126
05-27 22:11:29.995 I/TCL_DeviceInfo( 2208): ret  = V8-R51AT01-LF1V126
05-27 22:11:29.995 I/WifiService(  806): getConnectionInfo uid=1000
05-27 22:11:30.073 E/RHWC2   (  376): fox1 func=hwc2_func_validate_display line=1291 
05-27 22:11:30.073 E/RHWC2   (  376): fox1 func=hwc2_func_validate_display line=1411 
05-27 22:11:30.075 E/RHWC2   (  376): fox1 [rtk_gdma_post 1507 ]
05-27 22:11:30.075 E/RHWC2   (  376): fox1 [rtk_gdma_post 1530 ]name_of_layer = com.redflix.tvmoderno/com.redx.tvbox.ExoPlayerActivity#0 num_of_layers=1
05-27 22:11:30.075 E/RHWC2   (  376): fox 1 [rtk_gdma_post 1531] HAS_FLAG=0
05-27 22:11:30.075 E/RHWC2   (  376): fox1 [rtk_gdma_post 1565 ]
05-27 22:11:30.173 E/RHWC2   (  376): fox1 func=hwc2_func_validate_display line=1291 
05-27 22:11:30.173 E/RHWC2   (  376): fox1 func=hwc2_func_validate_display line=1411 
05-27 22:11:30.175 E/RHWC2   (  376): fox1 [rtk_gdma_post 1507 ]
05-27 22:11:30.175 E/RHWC2   (  376): fox1 [rtk_gdma_post 1530 ]name_of_layer = com.redflix.tvmoderno/com.redx.tvbox.ExoPlayerActivity#0 num_of_layers=1
05-27 22:11:30.175 E/RHWC2   (  376): fox 1 [rtk_gdma_post 1531] HAS_FLAG=0
05-27 22:11:30.175 E/RHWC2   (  376): fox1 [rtk_gdma_post 1565 ]
05-27 22:11:30.274 E/RHWC2   (  376): fox1 func=hwc2_func_validate_display line=1291 
05-27 22:11:30.274 E/RHWC2   (  376): fox1 func=hwc2_func_validate_display line=1411 
05-27 22:11:30.276 E/RHWC2   (  376): fox1 [rtk_gdma_post 1507 ]
05-27 22:11:30.276 E/RHWC2   (  376): fox1 [rtk_gdma_post 1530 ]name_of_layer = com.redflix.tvmoderno/com.redx.tvbox.ExoPlayerActivity#0 num_of_layers=1
05-27 22:11:30.276 E/RHWC2   (  376): fox 1 [rtk_gdma_post 1531] HAS_FLAG=0
05-27 22:11:30.276 E/RHWC2   (  376): fox1 [rtk_gdma_post 1565 ]
05-27 22:11:30.374 E/RHWC2   (  376): fox1 func=hwc2_func_validate_display line=1291 
05-27 22:11:30.374 E/RHWC2   (  376): fox1 func=hwc2_func_validate_display line=1411 
05-27 22:11:30.376 E/RHWC2   (  376): fox1 [rtk_gdma_post 1507 ]
05-27 22:11:30.376 E/RHWC2   (  376): fox1 [rtk_gdma_post 1530 ]name_of_layer = com.redflix.tvmoderno/com.redx.tvbox.ExoPlayerActivity#0 num_of_layers=1
05-27 22:11:30.376 E/RHWC2   (  376): fox 1 [rtk_gdma_post 1531] HAS_FLAG=0
05-27 22:11:30.376 E/RHWC2   (  376): fox1 [rtk_gdma_post 1565 ]
05-27 22:11:30.473 E/RHWC2   (  376): fox1 func=hwc2_func_validate_display line=1291 
05-27 22:11:30.473 E/RHWC2   (  376): fox1 func=hwc2_func_validate_display line=1411 
05-27 22:11:30.475 E/RHWC2   (  376): fox1 [rtk_gdma_post 1507 ]
05-27 22:11:30.475 E/RHWC2   (  376): fox1 [rtk_gdma_post 1530 ]name_of_layer = com.redflix.tvmoderno/com.redx.tvbox.ExoPlayerActivity#0 num_of_layers=1
05-27 22:11:30.475 E/RHWC2   (  376): fox 1 [rtk_gdma_post 1531] HAS_FLAG=0
05-27 22:11:30.475 E/RHWC2   (  376): fox1 [rtk_gdma_post 1565 ]
05-27 22:11:30.573 E/RHWC2   (  376): fox1 func=hwc2_func_validate_display line=1291 
05-27 22:11:30.573 E/RHWC2   (  376): fox1 func=hwc2_func_validate_display line=1411 
05-27 22:11:30.574 E/RHWC2   (  376): fox1 [rtk_gdma_post 1507 ]
05-27 22:11:30.574 E/RHWC2   (  376): fox1 [rtk_gdma_post 1530 ]name_of_layer = com.redflix.tvmoderno/com.redx.tvbox.ExoPlayerActivity#0 num_of_layers=1
05-27 22:11:30.574 E/RHWC2   (  376): fox 1 [rtk_gdma_post 1531] HAS_FLAG=0
05-27 22:11:30.575 E/RHWC2   (  376): fox1 [rtk_gdma_post 1565 ]
05-27 22:11:30.673 E/RHWC2   (  376): fox1 func=hwc2_func_validate_display line=1291 
05-27 22:11:30.673 E/RHWC2   (  376): fox1 func=hwc2_func_validate_display line=1411 
05-27 22:11:30.675 E/RHWC2   (  376): fox1 [rtk_gdma_post 1507 ]
05-27 22:11:30.675 E/RHWC2   (  376): fox1 [rtk_gdma_post 1530 ]name_of_layer = com.redflix.tvmoderno/com.redx.tvbox.ExoPlayerActivity#0 num_of_layers=1
05-27 22:11:30.675 E/RHWC2   (  376): fox 1 [rtk_gdma_post 1531] HAS_FLAG=0
05-27 22:11:30.675 E/RHWC2   (  376): fox1 [rtk_gdma_post 1565 ]
05-27 22:11:30.717 I/HdmieArc(  394): earc status newStatus 0, oldStatus=EN_TOS_CEC_EARC_STATUS_HANDSHAKE
05-27 22:11:30.717 I/HdmieArc(  394): rhal earc status: 0, error code: 0 
05-27 22:11:30.773 E/RHWC2   (  376): fox1 func=hwc2_func_validate_display line=1291 
05-27 22:11:30.773 E/RHWC2   (  376): fox1 func=hwc2_func_validate_display line=1411 
05-27 22:11:30.774 E/RHWC2   (  376): fox1 [rtk_gdma_post 1507 ]
05-27 22:11:30.775 E/RHWC2   (  376): fox1 [rtk_gdma_post 1530 ]name_of_layer = com.redflix.tvmoderno/com.redx.tvbox.ExoPlayerActivity#0 num_of_layers=1
05-27 22:11:30.775 E/RHWC2   (  376): fox 1 [rtk_gdma_post 1531] HAS_FLAG=0
05-27 22:11:30.775 E/RHWC2   (  376): fox1 [rtk_gdma_post 1565 ]
05-27 22:11:30.874 E/RHWC2   (  376): fox1 func=hwc2_func_validate_display line=1291 
05-27 22:11:30.874 E/RHWC2   (  376): fox1 func=hwc2_func_validate_display line=1411 
05-27 22:11:30.876 E/RHWC2   (  376): fox1 [rtk_gdma_post 1507 ]
05-27 22:11:30.876 E/RHWC2   (  376): fox1 [rtk_gdma_post 1530 ]name_of_layer = com.redflix.tvmoderno/com.redx.tvbox.ExoPlayerActivity#0 num_of_layers=1
05-27 22:11:30.876 E/RHWC2   (  376): fox 1 [rtk_gdma_post 1531] HAS_FLAG=0
05-27 22:11:30.876 E/RHWC2   (  376): fox1 [rtk_gdma_post 1565 ]
05-27 22:11:30.974 E/RHWC2   (  376): fox1 func=hwc2_func_validate_display line=1291 
05-27 22:11:30.974 E/RHWC2   (  376): fox1 func=hwc2_func_validate_display line=1411 
05-27 22:11:30.975 E/RHWC2   (  376): fox1 [rtk_gdma_post 1507 ]
05-27 22:11:30.976 E/RHWC2   (  376): fox1 [rtk_gdma_post 1530 ]name_of_layer = com.redflix.tvmoderno/com.redx.tvbox.ExoPlayerActivity#0 num_of_layers=1
05-27 22:11:30.976 E/RHWC2   (  376): fox 1 [rtk_gdma_post 1531] HAS_FLAG=0
05-27 22:11:30.976 E/RHWC2   (  376): fox1 [rtk_gdma_post 1565 ]
05-27 22:11:31.073 E/RHWC2   (  376): fox1 func=hwc2_func_validate_display line=1291 
05-27 22:11:31.073 E/RHWC2   (  376): fox1 func=hwc2_func_validate_display line=1411 
05-27 22:11:31.074 E/RHWC2   (  376): fox1 [rtk_gdma_post 1507 ]
05-27 22:11:31.074 E/RHWC2   (  376): fox1 [rtk_gdma_post 1530 ]name_of_layer = com.redflix.tvmoderno/com.redx.tvbox.ExoPlayerActivity#0 num_of_layers=1
05-27 22:11:31.074 E/RHWC2   (  376): fox 1 [rtk_gdma_post 1531] HAS_FLAG=0
05-27 22:11:31.074 E/RHWC2   (  376): fox1 [rtk_gdma_post 1565 ]
05-27 22:11:31.174 E/RHWC2   (  376): fox1 func=hwc2_func_validate_display line=1291 
05-27 22:11:31.174 E/RHWC2   (  376): fox1 func=hwc2_func_validate_display line=1411 
05-27 22:11:31.176 E/RHWC2   (  376): fox1 [rtk_gdma_post 1507 ]
05-27 22:11:31.176 E/RHWC2   (  376): fox1 [rtk_gdma_post 1530 ]name_of_layer = com.redflix.tvmoderno/com.redx.tvbox.ExoPlayerActivity#0 num_of_layers=1
05-27 22:11:31.176 E/RHWC2   (  376): fox 1 [rtk_gdma_post 1531] HAS_FLAG=0
05-27 22:11:31.176 E/RHWC2   (  376): fox1 [rtk_gdma_post 1565 ]
05-27 22:11:31.191 D/wpa_supplicant( 1207): wlan_traffic_statistics rx_byte = 1011935382 rx rate = 23 Kb/s
05-27 22:11:31.191 D/wpa_supplicant( 1207): wlan_traffic_statistics tx_byte = 160128167 tx rate = 79 Kb/s
05-27 22:11:31.273 E/RHWC2   (  376): fox1 func=hwc2_func_validate_display line=1291 
05-27 22:11:31.273 E/RHWC2   (  376): fox1 func=hwc2_func_validate_display line=1411 
05-27 22:11:31.275 E/RHWC2   (  376): fox1 [rtk_gdma_post 1507 ]
05-27 22:11:31.275 E/RHWC2   (  376): fox1 [rtk_gdma_post 1530 ]name_of_layer = com.redflix.tvmoderno/com.redx.tvbox.ExoPlayerActivity#0 num_of_layers=1
05-27 22:11:31.275 E/RHWC2   (  376): fox 1 [rtk_gdma_post 1531] HAS_FLAG=0
05-27 22:11:31.275 E/RHWC2   (  376): fox1 [rtk_gdma_post 1565 ]
05-27 22:11:31.374 E/RHWC2   (  376): fox1 func=hwc2_func_validate_display line=1291 
05-27 22:11:31.374 E/RHWC2   (  376): fox1 func=hwc2_func_validate_display line=1411 
05-27 22:11:31.376 E/RHWC2   (  376): fox1 [rtk_gdma_post 1507 ]
05-27 22:11:31.376 E/RHWC2   (  376): fox1 [rtk_gdma_post 1530 ]name_of_layer = com.redflix.tvmoderno/com.redx.tvbox.ExoPlayerActivity#0 num_of_layers=1
05-27 22:11:31.376 E/RHWC2   (  376): fox 1 [rtk_gdma_post 1531] HAS_FLAG=0
05-27 22:11:31.376 E/RHWC2   (  376): fox1 [rtk_gdma_post 1565 ]
05-27 22:11:31.474 E/RHWC2   (  376): fox1 func=hwc2_func_validate_display line=1291 
05-27 22:11:31.474 E/RHWC2   (  376): fox1 func=hwc2_func_validate_display line=1411 
05-27 22:11:31.475 E/RHWC2   (  376): fox1 [rtk_gdma_post 1507 ]
05-27 22:11:31.476 E/RHWC2   (  376): fox1 [rtk_gdma_post 1530 ]name_of_layer = com.redflix.tvmoderno/com.redx.tvbox.ExoPlayerActivity#0 num_of_layers=1
05-27 22:11:31.476 E/RHWC2   (  376): fox 1 [rtk_gdma_post 1531] HAS_FLAG=0
05-27 22:11:31.476 E/RHWC2   (  376): fox1 [rtk_gdma_post 1565 ]
05-27 22:11:31.574 E/RHWC2   (  376): fox1 func=hwc2_func_validate_display line=1291 
05-27 22:11:31.574 E/RHWC2   (  376): fox1 func=hwc2_func_validate_display line=1411 
05-27 22:11:31.576 E/RHWC2   (  376): fox1 [rtk_gdma_post 1507 ]
05-27 22:11:31.576 E/RHWC2   (  376): fox1 [rtk_gdma_post 1530 ]name_of_layer = com.redflix.tvmoderno/com.redx.tvbox.ExoPlayerActivity#0 num_of_layers=1
05-27 22:11:31.576 E/RHWC2   (  376): fox 1 [rtk_gdma_post 1531] HAS_FLAG=0
05-27 22:11:31.576 E/RHWC2   (  376): fox1 [rtk_gdma_post 1565 ]
05-27 22:11:31.674 E/RHWC2   (  376): fox1 func=hwc2_func_validate_display line=1291 
05-27 22:11:31.674 E/RHWC2   (  376): fox1 func=hwc2_func_validate_display line=1411 
05-27 22:11:31.675 E/RHWC2   (  376): fox1 [rtk_gdma_post 1507 ]
05-27 22:11:31.675 E/RHWC2   (  376): fox1 [rtk_gdma_post 1530 ]name_of_layer = com.redflix.tvmoderno/com.redx.tvbox.ExoPlayerActivity#0 num_of_layers=1
05-27 22:11:31.675 E/RHWC2   (  376): fox 1 [rtk_gdma_post 1531] HAS_FLAG=0
05-27 22:11:31.675 E/RHWC2   (  376): fox1 [rtk_gdma_post 1565 ]
05-27 22:11:31.717 I/HdmieArc(  394): earc status newStatus 0, oldStatus=EN_TOS_CEC_EARC_STATUS_HANDSHAKE
05-27 22:11:31.717 I/HdmieArc(  394): rhal earc status: 0, error code: 0 
05-27 22:11:31.774 E/RHWC2   (  376): fox1 func=hwc2_func_validate_display line=1291 
05-27 22:11:31.774 E/RHWC2   (  376): fox1 func=hwc2_func_validate_display line=1411 
05-27 22:11:31.775 E/RHWC2   (  376): fox1 [rtk_gdma_post 1507 ]
05-27 22:11:31.775 E/RHWC2   (  376): fox1 [rtk_gdma_post 1530 ]name_of_layer = com.redflix.tvmoderno/com.redx.tvbox.ExoPlayerActivity#0 num_of_layers=1
05-27 22:11:31.775 E/RHWC2   (  376): fox 1 [rtk_gdma_post 1531] HAS_FLAG=0
05-27 22:11:31.775 E/RHWC2   (  376): fox1 [rtk_gdma_post 1565 ]
05-27 22:11:31.874 E/RHWC2   (  376): fox1 func=hwc2_func_validate_display line=1291 
05-27 22:11:31.874 E/RHWC2   (  376): fox1 func=hwc2_func_validate_display line=1411 
05-27 22:11:31.875 E/RHWC2   (  376): fox1 [rtk_gdma_post 1507 ]
05-27 22:11:31.875 E/RHWC2   (  376): fox1 [rtk_gdma_post 1530 ]name_of_layer = com.redflix.tvmoderno/com.redx.tvbox.ExoPlayerActivity#0 num_of_layers=1
05-27 22:11:31.876 E/RHWC2   (  376): fox 1 [rtk_gdma_post 1531] HAS_FLAG=0
05-27 22:11:31.876 E/RHWC2   (  376): fox1 [rtk_gdma_post 1565 ]
05-27 22:11:31.921 D/wpa_supplicant( 1207): P2P: Timeout (state=LISTEN_ONLY)
05-27 22:11:31.921 D/wpa_supplicant( 1207): P2P: Driver is still in listen state - stop it
05-27 22:11:31.921 D/wpa_supplicant( 1207): nl80211: Cancel remain-on-channel with cookie 0x9d2
05-27 22:11:31.921 D/wpa_supplicant( 1207): nl80211: Disable Probe Request reporting nl_preq=0x3c74b859
05-27 22:11:31.922 D/wpa_supplicant( 1207): p2p0: Radio work 'p2p-listen'@0xb4f80f50 done in 5.040940 seconds
05-27 22:11:31.922 D/wpa_supplicant( 1207): p2p0: radio_work_free('p2p-listen'@0xb4f80f50): num_active_works --> 0
05-27 22:11:31.922 D/wpa_supplicant( 1207): nl80211: Drv Event 56 (NL80211_CMD_CANCEL_REMAIN_ON_CHANNEL) received for p2p0
05-27 22:11:31.922 D/wpa_supplicant( 1207): nl80211: Remain-on-channel event (cancel=1 freq=2417 channel_type=0 duration=0 cookie=0x9d2 (match))
05-27 22:11:31.922 D/wpa_supplicant( 1207): p2p0: Event CANCEL_REMAIN_ON_CHANNEL (20) received
05-27 22:11:31.922 D/wpa_supplicant( 1207): P2P: Cancel remain-on-channel callback (p2p_long_listen=1906022704 ms pending_action_tx=0x0)
05-27 22:11:31.922 D/wpa_supplicant( 1207): P2P: Driver ended Listen state (freq=2417)
05-27 22:11:31.922 D/wpa_supplicant( 1207): P2P: Continuing long Listen state
05-27 22:11:31.922 D/wpa_supplicant( 1207): P2P: Going to listen(only) state
05-27 22:11:31.922 D/wpa_supplicant( 1207): STA wpa_state=9 freq=2417
05-27 22:11:31.922 D/wpa_supplicant( 1207): P2P: cfg reg_class(81) channel(2)
05-27 22:11:31.922 D/wpa_supplicant( 1207): P2P: cfg reg_class(81) channel(2)
05-27 22:11:31.922 D/wpa_supplicant( 1207): P2P: Set Listen channel: reg_class 81 channel 2
05-27 22:11:31.922 D/wpa_supplicant( 1207): P2P: Defer setting listen channel
05-27 22:11:31.922 D/wpa_supplicant( 1207): P2P: p2p listen class(81)/channel(2)
05-27 22:11:31.922 D/wpa_supplicant( 1207): WPS:  * Version (hardcoded 0x10)
05-27 22:11:31.922 D/wpa_supplicant( 1207): WPS:  * UUID-E
05-27 22:11:31.922 D/wpa_supplicant( 1207): WPS:  * Version2 (0x20)
05-27 22:11:31.922 D/wpa_supplicant( 1207): P2P: * P2P IE header
05-27 22:11:31.922 D/wpa_supplicant( 1207): P2P: * Capability dev=25 group=00
05-27 22:11:31.922 D/wpa_supplicant( 1207): P2P: * Listen Channel: Regulatory Class 81 Channel 2
05-27 22:11:31.922 D/wpa_supplicant( 1207): P2P: * Device Info
05-27 22:11:31.922 D/wpa_supplicant( 1207): p2p0: Add radio work 'p2p-listen'@0xb4f80f50
05-27 22:11:31.922 D/wpa_supplicant( 1207): p2p0: First radio work item in the queue - schedule start immediately
05-27 22:11:31.922 D/wpa_supplicant( 1207): P2P: State LISTEN_ONLY -> LISTEN_ONLY
05-27 22:11:31.922 D/wpa_supplicant( 1207): p2p0: Starting radio work 'p2p-listen'@0xb4f80f50 after 0.000071 second wait
05-27 22:11:31.922 D/wpa_supplicant( 1207): nl80211: Enable Probe Request reporting nl_preq=0xb4fc30d0
05-27 22:11:31.922 D/wpa_supplicant( 1207): nl80211: Register frame type=0x40 (WLAN_FC_STYPE_PROBE_REQ) nl_handle=0xb4fc30d0 match= multicast=0
05-27 22:11:31.923 D/wpa_supplicant( 1207): nl80211: Remain-on-channel cookie 0x9d3 for freq=2417 MHz duration=5000
05-27 22:11:31.946 D/wpa_supplicant( 1207): nl80211: Drv Event 55 (NL80211_CMD_REMAIN_ON_CHANNEL) received for p2p0
05-27 22:11:31.946 D/wpa_supplicant( 1207): nl80211: Remain-on-channel event (cancel=0 freq=2417 channel_type=0 duration=5000 cookie=0x9d3 (match))
05-27 22:11:31.946 D/wpa_supplicant( 1207): p2p0: Event REMAIN_ON_CHANNEL (19) received
05-27 22:11:31.946 D/wpa_supplicant( 1207): Off-channel: Send Action callback (without_roc=0 pending_action_tx=0x0 pending_action_tx_done=0)
05-27 22:11:31.946 D/wpa_supplicant( 1207): P2P: remain-on-channel callback (off_channel_freq=2417 pending_listen_freq=2417 roc_waiting_drv_freq=0 freq=2417 duration=5000)
05-27 22:11:31.946 D/wpa_supplicant( 1207): STA wpa_state=9 freq=2417
05-27 22:11:31.946 D/wpa_supplicant( 1207): P2P: Starting Listen timeout(5,0) on freq=2417 based on callback
05-27 22:11:31.946 D/wpa_supplicant( 1207): P2P: Set timeout (state=LISTEN_ONLY): 5.020000 sec
05-27 22:11:31.973 E/RHWC2   (  376): fox1 func=hwc2_func_validate_display line=1291 
05-27 22:11:31.973 E/RHWC2   (  376): fox1 func=hwc2_func_validate_display line=1411 
05-27 22:11:31.975 E/RHWC2   (  376): fox1 [rtk_gdma_post 1507 ]
05-27 22:11:31.975 E/RHWC2   (  376): fox1 [rtk_gdma_post 1530 ]name_of_layer = com.redflix.tvmoderno/com.redx.tvbox.ExoPlayerActivity#0 num_of_layers=1
05-27 22:11:31.975 E/RHWC2   (  376): fox 1 [rtk_gdma_post 1531] HAS_FLAG=0
05-27 22:11:31.975 E/RHWC2   (  376): fox1 [rtk_gdma_post 1565 ]
05-27 22:11:32.075 E/RHWC2   (  376): fox1 func=hwc2_func_validate_display line=1291 
05-27 22:11:32.075 E/RHWC2   (  376): fox1 func=hwc2_func_validate_display line=1411 
05-27 22:11:32.077 E/RHWC2   (  376): fox1 [rtk_gdma_post 1507 ]
05-27 22:11:32.077 E/RHWC2   (  376): fox1 [rtk_gdma_post 1530 ]name_of_layer = com.redflix.tvmoderno/com.redx.tvbox.ExoPlayerActivity#0 num_of_layers=1
05-27 22:11:32.077 E/RHWC2   (  376): fox 1 [rtk_gdma_post 1531] HAS_FLAG=0
05-27 22:11:32.077 E/RHWC2   (  376): fox1 [rtk_gdma_post 1565 ]
05-27 22:11:32.174 E/RHWC2   (  376): fox1 func=hwc2_func_validate_display line=1291 
05-27 22:11:32.174 E/RHWC2   (  376): fox1 func=hwc2_func_validate_display line=1411 
05-27 22:11:32.176 E/RHWC2   (  376): fox1 [rtk_gdma_post 1507 ]
05-27 22:11:32.176 E/RHWC2   (  376): fox1 [rtk_gdma_post 1530 ]name_of_layer = com.redflix.tvmoderno/com.redx.tvbox.ExoPlayerActivity#0 num_of_layers=1
05-27 22:11:32.176 E/RHWC2   (  376): fox 1 [rtk_gdma_post 1531] HAS_FLAG=0
05-27 22:11:32.176 E/RHWC2   (  376): fox1 [rtk_gdma_post 1565 ]
05-27 22:11:32.273 E/RHWC2   (  376): fox1 func=hwc2_func_validate_display line=1291 
05-27 22:11:32.273 E/RHWC2   (  376): fox1 func=hwc2_func_validate_display line=1411 
05-27 22:11:32.274 E/RHWC2   (  376): fox1 [rtk_gdma_post 1507 ]
05-27 22:11:32.274 E/RHWC2   (  376): fox1 [rtk_gdma_post 1530 ]name_of_layer = com.redflix.tvmoderno/com.redx.tvbox.ExoPlayerActivity#0 num_of_layers=1
05-27 22:11:32.274 E/RHWC2   (  376): fox 1 [rtk_gdma_post 1531] HAS_FLAG=0
05-27 22:11:32.274 E/RHWC2   (  376): fox1 [rtk_gdma_post 1565 ]
05-27 22:11:32.375 E/RHWC2   (  376): fox1 func=hwc2_func_validate_display line=1291 
05-27 22:11:32.375 E/RHWC2   (  376): fox1 func=hwc2_func_validate_display line=1411 
05-27 22:11:32.377 E/RHWC2   (  376): fox1 [rtk_gdma_post 1507 ]
05-27 22:11:32.377 E/RHWC2   (  376): fox1 [rtk_gdma_post 1530 ]name_of_layer = com.redflix.tvmoderno/com.redx.tvbox.ExoPlayerActivity#0 num_of_layers=1
05-27 22:11:32.377 E/RHWC2   (  376): fox 1 [rtk_gdma_post 1531] HAS_FLAG=0
05-27 22:11:32.377 E/RHWC2   (  376): fox1 [rtk_gdma_post 1565 ]
05-27 22:11:32.473 E/RHWC2   (  376): fox1 func=hwc2_func_validate_display line=1291 
05-27 22:11:32.473 E/RHWC2   (  376): fox1 func=hwc2_func_validate_display line=1411 
05-27 22:11:32.475 E/RHWC2   (  376): fox1 [rtk_gdma_post 1507 ]
05-27 22:11:32.475 E/RHWC2   (  376): fox1 [rtk_gdma_post 1530 ]name_of_layer = com.redflix.tvmoderno/com.redx.tvbox.ExoPlayerActivity#0 num_of_layers=1
05-27 22:11:32.475 E/RHWC2   (  376): fox 1 [rtk_gdma_post 1531] HAS_FLAG=0
05-27 22:11:32.475 E/RHWC2   (  376): fox1 [rtk_gdma_post 1565 ]
05-27 22:11:32.514 E/WifiVendorHal(  806): getWifiLinkLayerStats_1_3_Internal(l.978) failed {.code = ERROR_NOT_SUPPORTED, .description = }
05-27 22:11:32.519 D/WifiClientModeImpl(  806): fetchRssiLinkSpeedAndFrequencyNative rssi=-71 TxLinkspeed=130 freq=2417 RxLinkSpeed=0
05-27 22:11:32.519 V/WifiConfigManager(  806): Updating scan detail cache freq=2417 BSSID=f8:2d:c0:24:9e:d2 RSSI=-70 for "BOLSONARO2018"WPA_PSK
05-27 22:11:32.520 D/WifiThroughputPredictor(  806):  utilization (BssLoad) -1 utilization (LLStats) 80 isBluetoothConnected: false final utilization: 80
05-27 22:11:32.520 D/WifiThroughputPredictor(  806):  utilization (BssLoad) -1 utilization (LLStats) 80 isBluetoothConnected: false final utilization: 80
05-27 22:11:32.521 D/WifiScoreCard(  806): BSSID update SIGNAL_POLL ID: 398514962 SSID: BOLSONARO2018, BSSID: f8:2d:c0:24:9e:d2, MAC: 64:57:25:8c:68:c1, Supplicant state: COMPLETED, Wi-Fi standard: 0, RSSI: -71, Link speed: 130Mbps, Tx Link speed: 130Mbps, Max Supported Tx Link speed: -1Mbps, Rx Link speed: -1Mbps, Max Supported Rx Link speed: -1Mbps, Frequency: 2417MHz, Net ID: 0, Metered hint: false, score: 60
05-27 22:11:32.521 D/WifiScoreCard(  806): txRate: 63 txSpeed: 130
05-27 22:11:32.521 D/WifiScoreCard(  806): network update SIGNAL_POLL "BOLSONARO2018" ID: 976476524 RSSI -71 txSpeed 130
05-27 22:11:32.521 D/WifiScoreCard(  806): SSID: "BOLSONARO2018"
05-27 22:11:32.521 D/WifiScoreCard(  806):  LastRssiPollTime: 12672585 LastRssiPoll: -71 LastTxSpeedPoll: 130
05-27 22:11:32.521 D/WifiScoreCard(  806):  StatsRecent:  ConnectAttempt: 4 ConnectFailure: 0 ConnectDurSec: 6372708 AssocRej: 0 AssocTimeout: 0 AuthFailure: 0 ShortDiscNonlocal: 6 DisconnectNonlocal: 7 Disconnect: 13 ConsecutiveConnectFailure: 0
05-27 22:11:32.521 D/WifiScoreCard(  806):  StatsCurr:  ConnectAttempt: 54 ConnectFailure: 0 ConnectDurSec: 759544 AssocRej: 0 AssocTimeout: 0 AuthFailure: 0 ShortDiscNonlocal: 39 DisconnectNonlocal: 53 Disconnect: 73 ConsecutiveConnectFailure: 0
05-27 22:11:32.521 D/WifiScoreCard(  806):  StatsPrev:  ConnectAttempt: 15 ConnectFailure: 0 ConnectDurSec: 211923 AssocRej: 0 AssocTimeout: 0 AuthFailure: 0 ShortDiscNonlocal: 10 DisconnectNonlocal: 19 Disconnect: 32 ConsecutiveConnectFailure: 0
05-27 22:11:32.523 D/ConnectivityListener( 1306): updateWifiConnectivityStatus
05-27 22:11:32.523 I/WifiService(  806): getConnectionInfo uid=1000
05-27 22:11:32.523 D/WifiClientModeImpl(  806):  L2ConnectedState screen=on 1 0 "BOLSONARO2018" f8:2d:c0:24:9e:d2 rssi=-71 f=2417 sc=60 link=130 tx=62,2, 0,0, 0,0  rx=44,1 bcn=0 [on:0 tx:0 rx:0 period:3006] from screen [on:0 period:1814231979] score=60
05-27 22:11:32.524 D/ConnectivityListener( 1306): updateWifiConnectivityStatus: AP state = COMPLETED
05-27 22:11:32.524 D/ConnectivityListener( 1306): updateWifiConnectivityStatus: AP is connected
05-27 22:11:32.524 D/ConnectivityListener( 1306): setWifiStatus connected = true
05-27 22:11:32.524 D/ConnectivityListener( 1306): updateWifiConnectivityStatus: ssid = "BOLSONARO2018"
05-27 22:11:32.524 D/ConnectivityListener( 1306): isWireConnected: 
05-27 22:11:32.525 D/ConnectivityListener( 1306): isWireConnected = false
05-27 22:11:32.525 D/ConnectivityListener( 1306): setEthernetStatus = false
05-27 22:11:32.525 D/MainFragment( 1306): updateConnectivity() start
05-27 22:11:32.525 D/MainFragment( 1306): connectedState = true
05-27 22:11:32.525 D/MainFragment( 1306): TextUtils.isEmpty(connectedState) = false
05-27 22:11:32.525 I/WifiService(  806): getWifiEnabledState uid=1000
05-27 22:11:32.525 D/ConnectivityListener( 1306): isWifiEnabledOrEnabling: wifiManager.getWifiState = 3
05-27 22:11:32.526 I/WifiService(  806): getWifiEnabledState uid=1000
05-27 22:11:32.526 D/ConnectivityListener( 1306): isWifiConnected: isWifiConnected = true
05-27 22:11:32.526 I/WifiService(  806): getConnectionInfo uid=1000
05-27 22:11:32.526 I/WifiService(  806): getConnectionInfo uid=1000
05-27 22:11:32.527 D/MainFragment( 1306): updateConnectivity() end
05-27 22:11:32.574 E/RHWC2   (  376): fox1 func=hwc2_func_validate_display line=1291 
05-27 22:11:32.574 E/RHWC2   (  376): fox1 func=hwc2_func_validate_display line=1411 
05-27 22:11:32.576 E/RHWC2   (  376): fox1 [rtk_gdma_post 1507 ]
05-27 22:11:32.576 E/RHWC2   (  376): fox1 [rtk_gdma_post 1530 ]name_of_layer = com.redflix.tvmoderno/com.redx.tvbox.ExoPlayerActivity#0 num_of_layers=1
05-27 22:11:32.576 E/RHWC2   (  376): fox 1 [rtk_gdma_post 1531] HAS_FLAG=0
05-27 22:11:32.576 E/RHWC2   (  376): fox1 [rtk_gdma_post 1565 ]
05-27 22:11:32.626 D/BoundBrokerSvc( 1480): onUnbind: Intent { act=com.google.android.gms.libs.gmscorelogger.service.START dat=chimera-action: cmp=com.google.android.gms/.chimera.PersistentDirectBootAwareApiService }
05-27 22:11:32.673 E/RHWC2   (  376): fox1 func=hwc2_func_validate_display line=1291 
05-27 22:11:32.673 E/RHWC2   (  376): fox1 func=hwc2_func_validate_display line=1411 
05-27 22:11:32.675 E/RHWC2   (  376): fox1 [rtk_gdma_post 1507 ]
05-27 22:11:32.675 E/RHWC2   (  376): fox1 [rtk_gdma_post 1530 ]name_of_layer = com.redflix.tvmoderno/com.redx.tvbox.ExoPlayerActivity#0 num_of_layers=1
05-27 22:11:32.675 E/RHWC2   (  376): fox 1 [rtk_gdma_post 1531] HAS_FLAG=0
05-27 22:11:32.675 E/RHWC2   (  376): fox1 [rtk_gdma_post 1565 ]
05-27 22:11:32.717 I/HdmieArc(  394): earc status newStatus 0, oldStatus=EN_TOS_CEC_EARC_STATUS_HANDSHAKE
05-27 22:11:32.718 I/HdmieArc(  394): rhal earc status: 0, error code: 0 
05-27 22:11:32.774 E/RHWC2   (  376): fox1 func=hwc2_func_validate_display line=1291 
05-27 22:11:32.774 E/RHWC2   (  376): fox1 func=hwc2_func_validate_display line=1411 
05-27 22:11:32.776 E/RHWC2   (  376): fox1 [rtk_gdma_post 1507 ]
05-27 22:11:32.777 E/RHWC2   (  376): fox1 [rtk_gdma_post 1530 ]name_of_layer = com.redflix.tvmoderno/com.redx.tvbox.ExoPlayerActivity#0 num_of_layers=1
05-27 22:11:32.777 E/RHWC2   (  376): fox 1 [rtk_gdma_post 1531] HAS_FLAG=0
05-27 22:11:32.777 E/RHWC2   (  376): fox1 [rtk_gdma_post 1565 ]
05-27 22:11:32.875 E/RHWC2   (  376): fox1 func=hwc2_func_validate_display line=1291 
05-27 22:11:32.875 E/RHWC2   (  376): fox1 func=hwc2_func_validate_display line=1411 
05-27 22:11:32.877 E/RHWC2   (  376): fox1 [rtk_gdma_post 1507 ]
05-27 22:11:32.878 E/RHWC2   (  376): fox1 [rtk_gdma_post 1530 ]name_of_layer = com.redflix.tvmoderno/com.redx.tvbox.ExoPlayerActivity#0 num_of_layers=1
05-27 22:11:32.878 E/RHWC2   (  376): fox 1 [rtk_gdma_post 1531] HAS_FLAG=0
05-27 22:11:32.878 E/RHWC2   (  376): fox1 [rtk_gdma_post 1565 ]
05-27 22:11:32.974 E/RHWC2   (  376): fox1 func=hwc2_func_validate_display line=1291 
05-27 22:11:32.974 E/RHWC2   (  376): fox1 func=hwc2_func_validate_display line=1411 
05-27 22:11:32.975 E/RHWC2   (  376): fox1 [rtk_gdma_post 1507 ]
05-27 22:11:32.976 E/RHWC2   (  376): fox1 [rtk_gdma_post 1530 ]name_of_layer = com.redflix.tvmoderno/com.redx.tvbox.ExoPlayerActivity#0 num_of_layers=1
05-27 22:11:32.976 E/RHWC2   (  376): fox 1 [rtk_gdma_post 1531] HAS_FLAG=0
05-27 22:11:32.976 E/RHWC2   (  376): fox1 [rtk_gdma_post 1565 ]
05-27 22:11:33.073 E/RHWC2   (  376): fox1 func=hwc2_func_validate_display line=1291 
05-27 22:11:33.073 E/RHWC2   (  376): fox1 func=hwc2_func_validate_display line=1411 
05-27 22:11:33.075 E/RHWC2   (  376): fox1 [rtk_gdma_post 1507 ]
05-27 22:11:33.075 E/RHWC2   (  376): fox1 [rtk_gdma_post 1530 ]name_of_layer = com.redflix.tvmoderno/com.redx.tvbox.ExoPlayerActivity#0 num_of_layers=1
05-27 22:11:33.075 E/RHWC2   (  376): fox 1 [rtk_gdma_post 1531] HAS_FLAG=0
05-27 22:11:33.075 E/RHWC2   (  376): fox1 [rtk_gdma_post 1565 ]
05-27 22:11:33.173 E/RHWC2   (  376): fox1 func=hwc2_func_validate_display line=1291 
05-27 22:11:33.173 E/RHWC2   (  376): fox1 func=hwc2_func_validate_display line=1411 
05-27 22:11:33.174 E/RHWC2   (  376): fox1 [rtk_gdma_post 1507 ]
05-27 22:11:33.174 E/RHWC2   (  376): fox1 [rtk_gdma_post 1530 ]name_of_layer = com.redflix.tvmoderno/com.redx.tvbox.ExoPlayerActivity#0 num_of_layers=1
05-27 22:11:33.175 E/RHWC2   (  376): fox 1 [rtk_gdma_post 1531] HAS_FLAG=0
05-27 22:11:33.175 E/RHWC2   (  376): fox1 [rtk_gdma_post 1565 ]
05-27 22:11:33.192 D/wpa_supplicant( 1207): wlan_traffic_statistics rx_byte = 1011941641 rx rate = 24 Kb/s
05-27 22:11:33.192 D/wpa_supplicant( 1207): wlan_traffic_statistics tx_byte = 160149284 tx rate = 82 Kb/s
05-27 22:11:33.273 E/RHWC2   (  376): fox1 func=hwc2_func_validate_display line=1291 
05-27 22:11:33.273 E/RHWC2   (  376): fox1 func=hwc2_func_validate_display line=1411 
05-27 22:11:33.275 E/RHWC2   (  376): fox1 [rtk_gdma_post 1507 ]
05-27 22:11:33.275 E/RHWC2   (  376): fox1 [rtk_gdma_post 1530 ]name_of_layer = com.redflix.tvmoderno/com.redx.tvbox.ExoPlayerActivity#0 num_of_layers=1
05-27 22:11:33.275 E/RHWC2   (  376): fox 1 [rtk_gdma_post 1531] HAS_FLAG=0
05-27 22:11:33.275 E/RHWC2   (  376): fox1 [rtk_gdma_post 1565 ]
05-27 22:11:33.373 E/RHWC2   (  376): fox1 func=hwc2_func_validate_display line=1291 
05-27 22:11:33.373 E/RHWC2   (  376): fox1 func=hwc2_func_validate_display line=1411 
05-27 22:11:33.375 E/RHWC2   (  376): fox1 [rtk_gdma_post 1507 ]
05-27 22:11:33.375 E/RHWC2   (  376): fox1 [rtk_gdma_post 1530 ]name_of_layer = com.redflix.tvmoderno/com.redx.tvbox.ExoPlayerActivity#0 num_of_layers=1
05-27 22:11:33.375 E/RHWC2   (  376): fox 1 [rtk_gdma_post 1531] HAS_FLAG=0
05-27 22:11:33.375 E/RHWC2   (  376): fox1 [rtk_gdma_post 1565 ]
05-27 22:11:33.474 E/RHWC2   (  376): fox1 func=hwc2_func_validate_display line=1291 
05-27 22:11:33.474 E/RHWC2   (  376): fox1 func=hwc2_func_validate_display line=1411 
05-27 22:11:33.475 E/RHWC2   (  376): fox1 [rtk_gdma_post 1507 ]
05-27 22:11:33.475 E/RHWC2   (  376): fox1 [rtk_gdma_post 1530 ]name_of_layer = com.redflix.tvmoderno/com.redx.tvbox.ExoPlayerActivity#0 num_of_layers=1
05-27 22:11:33.475 E/RHWC2   (  376): fox 1 [rtk_gdma_post 1531] HAS_FLAG=0
05-27 22:11:33.475 E/RHWC2   (  376): fox1 [rtk_gdma_post 1565 ]
05-27 22:11:33.574 E/RHWC2   (  376): fox1 func=hwc2_func_validate_display line=1291 
05-27 22:11:33.574 E/RHWC2   (  376): fox1 func=hwc2_func_validate_display line=1411 
05-27 22:11:33.576 E/RHWC2   (  376): fox1 [rtk_gdma_post 1507 ]
05-27 22:11:33.576 E/RHWC2   (  376): fox1 [rtk_gdma_post 1530 ]name_of_layer = com.redflix.tvmoderno/com.redx.tvbox.ExoPlayerActivity#0 num_of_layers=1
05-27 22:11:33.576 E/RHWC2   (  376): fox 1 [rtk_gdma_post 1531] HAS_FLAG=0
05-27 22:11:33.576 E/RHWC2   (  376): fox1 [rtk_gdma_post 1565 ]
05-27 22:11:33.673 E/RHWC2   (  376): fox1 func=hwc2_func_validate_display line=1291 
05-27 22:11:33.673 E/RHWC2   (  376): fox1 func=hwc2_func_validate_display line=1411 
05-27 22:11:33.675 E/RHWC2   (  376): fox1 [rtk_gdma_post 1507 ]
05-27 22:11:33.675 E/RHWC2   (  376): fox1 [rtk_gdma_post 1530 ]name_of_layer = com.redflix.tvmoderno/com.redx.tvbox.ExoPlayerActivity#0 num_of_layers=1
05-27 22:11:33.675 E/RHWC2   (  376): fox 1 [rtk_gdma_post 1531] HAS_FLAG=0
05-27 22:11:33.675 E/RHWC2   (  376): fox1 [rtk_gdma_post 1565 ]
05-27 22:11:33.718 I/HdmieArc(  394): earc status newStatus 0, oldStatus=EN_TOS_CEC_EARC_STATUS_HANDSHAKE
05-27 22:11:33.718 I/HdmieArc(  394): rhal earc status: 0, error code: 0 
05-27 22:11:33.774 E/RHWC2   (  376): fox1 func=hwc2_func_validate_display line=1291 
05-27 22:11:33.774 E/RHWC2   (  376): fox1 func=hwc2_func_validate_display line=1411 
05-27 22:11:33.775 E/RHWC2   (  376): fox1 [rtk_gdma_post 1507 ]
05-27 22:11:33.776 E/RHWC2   (  376): fox1 [rtk_gdma_post 1530 ]name_of_layer = com.redflix.tvmoderno/com.redx.tvbox.ExoPlayerActivity#0 num_of_layers=1
05-27 22:11:33.776 E/RHWC2   (  376): fox 1 [rtk_gdma_post 1531] HAS_FLAG=0
05-27 22:11:33.776 E/RHWC2   (  376): fox1 [rtk_gdma_post 1565 ]
05-27 22:11:33.801 D/BoundBrokerSvc( 1480): onUnbind: Intent { act=com.google.android.gms.auth.aang.events.services.START dat=chimera-action: cmp=com.google.android.gms/.chimera.PersistentApiService }
05-27 22:11:33.873 E/RHWC2   (  376): fox1 func=hwc2_func_validate_display line=1291 
05-27 22:11:33.873 E/RHWC2   (  376): fox1 func=hwc2_func_validate_display line=1411 
05-27 22:11:33.875 E/RHWC2   (  376): fox1 [rtk_gdma_post 1507 ]
05-27 22:11:33.875 E/RHWC2   (  376): fox1 [rtk_gdma_post 1530 ]name_of_layer = com.redflix.tvmoderno/com.redx.tvbox.ExoPlayerActivity#0 num_of_layers=1
05-27 22:11:33.875 E/RHWC2   (  376): fox 1 [rtk_gdma_post 1531] HAS_FLAG=0
05-27 22:11:33.875 E/RHWC2   (  376): fox1 [rtk_gdma_post 1565 ]
05-27 22:11:33.974 E/RHWC2   (  376): fox1 func=hwc2_func_validate_display line=1291 
05-27 22:11:33.974 E/RHWC2   (  376): fox1 func=hwc2_func_validate_display line=1411 
05-27 22:11:33.976 E/RHWC2   (  376): fox1 [rtk_gdma_post 1507 ]
05-27 22:11:33.976 E/RHWC2   (  376): fox1 [rtk_gdma_post 1530 ]name_of_layer = com.redflix.tvmoderno/com.redx.tvbox.ExoPlayerActivity#0 num_of_layers=1
05-27 22:11:33.976 E/RHWC2   (  376): fox 1 [rtk_gdma_post 1531] HAS_FLAG=0
05-27 22:11:33.976 E/RHWC2   (  376): fox1 [rtk_gdma_post 1565 ]
05-27 22:11:34.074 E/RHWC2   (  376): fox1 func=hwc2_func_validate_display line=1291 
05-27 22:11:34.074 E/RHWC2   (  376): fox1 func=hwc2_func_validate_display line=1411 
05-27 22:11:34.075 E/RHWC2   (  376): fox1 [rtk_gdma_post 1507 ]
05-27 22:11:34.075 E/RHWC2   (  376): fox1 [rtk_gdma_post 1530 ]name_of_layer = com.redflix.tvmoderno/com.redx.tvbox.ExoPlayerActivity#0 num_of_layers=1
05-27 22:11:34.075 E/RHWC2   (  376): fox 1 [rtk_gdma_post 1531] HAS_FLAG=0
05-27 22:11:34.075 E/RHWC2   (  376): fox1 [rtk_gdma_post 1565 ]
05-27 22:11:34.175 E/RHWC2   (  376): fox1 func=hwc2_func_validate_display line=1291 
05-27 22:11:34.175 E/RHWC2   (  376): fox1 func=hwc2_func_validate_display line=1411 
05-27 22:11:34.177 E/RHWC2   (  376): fox1 [rtk_gdma_post 1507 ]
05-27 22:11:34.177 E/RHWC2   (  376): fox1 [rtk_gdma_post 1530 ]name_of_layer = com.redflix.tvmoderno/com.redx.tvbox.ExoPlayerActivity#0 num_of_layers=1
05-27 22:11:34.177 E/RHWC2   (  376): fox 1 [rtk_gdma_post 1531] HAS_FLAG=0
05-27 22:11:34.177 E/RHWC2   (  376): fox1 [rtk_gdma_post 1565 ]
05-27 22:11:34.273 E/RHWC2   (  376): fox1 func=hwc2_func_validate_display line=1291 
05-27 22:11:34.274 E/RHWC2   (  376): fox1 func=hwc2_func_validate_display line=1411 
05-27 22:11:34.276 E/RHWC2   (  376): fox1 [rtk_gdma_post 1507 ]
05-27 22:11:34.276 E/RHWC2   (  376): fox1 [rtk_gdma_post 1530 ]name_of_layer = com.redflix.tvmoderno/com.redx.tvbox.ExoPlayerActivity#0 num_of_layers=1
05-27 22:11:34.276 E/RHWC2   (  376): fox 1 [rtk_gdma_post 1531] HAS_FLAG=0
05-27 22:11:34.276 E/RHWC2   (  376): fox1 [rtk_gdma_post 1565 ]
05-27 22:11:34.373 E/RHWC2   (  376): fox1 func=hwc2_func_validate_display line=1291 
05-27 22:11:34.373 E/RHWC2   (  376): fox1 func=hwc2_func_validate_display line=1411 
05-27 22:11:34.375 E/RHWC2   (  376): fox1 [rtk_gdma_post 1507 ]
05-27 22:11:34.375 E/RHWC2   (  376): fox1 [rtk_gdma_post 1530 ]name_of_layer = com.redflix.tvmoderno/com.redx.tvbox.ExoPlayerActivity#0 num_of_layers=1
05-27 22:11:34.375 E/RHWC2   (  376): fox 1 [rtk_gdma_post 1531] HAS_FLAG=0
05-27 22:11:34.375 E/RHWC2   (  376): fox1 [rtk_gdma_post 1565 ]
05-27 22:11:34.473 E/RHWC2   (  376): fox1 func=hwc2_func_validate_display line=1291 
05-27 22:11:34.473 E/RHWC2   (  376): fox1 func=hwc2_func_validate_display line=1411 
05-27 22:11:34.475 E/RHWC2   (  376): fox1 [rtk_gdma_post 1507 ]
05-27 22:11:34.475 E/RHWC2   (  376): fox1 [rtk_gdma_post 1530 ]name_of_layer = com.redflix.tvmoderno/com.redx.tvbox.ExoPlayerActivity#0 num_of_layers=1
05-27 22:11:34.475 E/RHWC2   (  376): fox 1 [rtk_gdma_post 1531] HAS_FLAG=0
05-27 22:11:34.475 E/RHWC2   (  376): fox1 [rtk_gdma_post 1565 ]
05-27 22:11:34.573 E/RHWC2   (  376): fox1 func=hwc2_func_validate_display line=1291 
05-27 22:11:34.573 E/RHWC2   (  376): fox1 func=hwc2_func_validate_display line=1411 
05-27 22:11:34.575 E/RHWC2   (  376): fox1 [rtk_gdma_post 1507 ]
05-27 22:11:34.575 E/RHWC2   (  376): fox1 [rtk_gdma_post 1530 ]name_of_layer = com.redflix.tvmoderno/com.redx.tvbox.ExoPlayerActivity#0 num_of_layers=1
05-27 22:11:34.575 E/RHWC2   (  376): fox 1 [rtk_gdma_post 1531] HAS_FLAG=0
05-27 22:11:34.575 E/RHWC2   (  376): fox1 [rtk_gdma_post 1565 ]
05-27 22:11:34.673 E/RHWC2   (  376): fox1 func=hwc2_func_validate_display line=1291 
05-27 22:11:34.673 E/RHWC2   (  376): fox1 func=hwc2_func_validate_display line=1411 
05-27 22:11:34.675 E/RHWC2   (  376): fox1 [rtk_gdma_post 1507 ]
05-27 22:11:34.675 E/RHWC2   (  376): fox1 [rtk_gdma_post 1530 ]name_of_layer = com.redflix.tvmoderno/com.redx.tvbox.ExoPlayerActivity#0 num_of_layers=1
05-27 22:11:34.675 E/RHWC2   (  376): fox 1 [rtk_gdma_post 1531] HAS_FLAG=0
05-27 22:11:34.675 E/RHWC2   (  376): fox1 [rtk_gdma_post 1565 ]
05-27 22:11:34.718 I/HdmieArc(  394): earc status newStatus 0, oldStatus=EN_TOS_CEC_EARC_STATUS_HANDSHAKE
05-27 22:11:34.718 I/HdmieArc(  394): rhal earc status: 0, error code: 0 
05-27 22:11:34.773 E/RHWC2   (  376): fox1 func=hwc2_func_validate_display line=1291 
05-27 22:11:34.773 E/RHWC2   (  376): fox1 func=hwc2_func_validate_display line=1411 
05-27 22:11:34.774 E/RHWC2   (  376): fox1 [rtk_gdma_post 1507 ]
05-27 22:11:34.774 E/RHWC2   (  376): fox1 [rtk_gdma_post 1530 ]name_of_layer = com.redflix.tvmoderno/com.redx.tvbox.ExoPlayerActivity#0 num_of_layers=1
05-27 22:11:34.774 E/RHWC2   (  376): fox 1 [rtk_gdma_post 1531] HAS_FLAG=0
05-27 22:11:34.774 E/RHWC2   (  376): fox1 [rtk_gdma_post 1565 ]
05-27 22:11:34.873 E/RHWC2   (  376): fox1 func=hwc2_func_validate_display line=1291 
05-27 22:11:34.873 E/RHWC2   (  376): fox1 func=hwc2_func_validate_display line=1411 
05-27 22:11:34.874 E/RHWC2   (  376): fox1 [rtk_gdma_post 1507 ]
05-27 22:11:34.874 E/RHWC2   (  376): fox1 [rtk_gdma_post 1530 ]name_of_layer = com.redflix.tvmoderno/com.redx.tvbox.ExoPlayerActivity#0 num_of_layers=1
05-27 22:11:34.874 E/RHWC2   (  376): fox 1 [rtk_gdma_post 1531] HAS_FLAG=0
05-27 22:11:34.874 E/RHWC2   (  376): fox1 [rtk_gdma_post 1565 ]
05-27 22:11:34.974 E/RHWC2   (  376): fox1 func=hwc2_func_validate_display line=1291 
05-27 22:11:34.974 E/RHWC2   (  376): fox1 func=hwc2_func_validate_display line=1411 
05-27 22:11:34.976 E/RHWC2   (  376): fox1 [rtk_gdma_post 1507 ]
05-27 22:11:34.976 E/RHWC2   (  376): fox1 [rtk_gdma_post 1530 ]name_of_layer = com.redflix.tvmoderno/com.redx.tvbox.ExoPlayerActivity#0 num_of_layers=1
05-27 22:11:34.976 E/RHWC2   (  376): fox 1 [rtk_gdma_post 1531] HAS_FLAG=0
05-27 22:11:34.976 E/RHWC2   (  376): fox1 [rtk_gdma_post 1565 ]
05-27 22:11:35.001 D/TVKitService(  812): getProjectID
