05-28 06:21:49.603   376   376 E RHWC2   : fox1 [rtk_gdma_post 1565 ]
05-28 06:21:49.619  2208  3757 D TCastPublishOverUdp: ed8fb9a@sendOnline
05-28 06:21:49.635   376   376 E RHWC2   : fox1 func=hwc2_func_validate_display line=1291 
05-28 06:21:49.636   376   376 E RHWC2   : fox1 func=hwc2_func_validate_display line=1411 
05-28 06:21:49.638   376   376 E RHWC2   : fox1 [rtk_gdma_post 1507 ]
05-28 06:21:49.638   376   376 E RHWC2   : fox1 [rtk_gdma_post 1530 ]name_of_layer = com.redflix.tvmoderno/com.redx.tvbox.MainActivity#0 num_of_layers=1
05-28 06:21:49.638   376   376 E RHWC2   : fox 1 [rtk_gdma_post 1531] HAS_FLAG=0
05-28 06:21:49.638   376   376 E RHWC2   : fox1 [rtk_gdma_post 1565 ]
05-28 06:21:49.669   376   376 E RHWC2   : fox1 func=hwc2_func_validate_display line=1291 
05-28 06:21:49.669   376   376 E RHWC2   : fox1 func=hwc2_func_validate_display line=1411 
05-28 06:21:49.672   376   376 E RHWC2   : fox1 [rtk_gdma_post 1507 ]
05-28 06:21:49.672   376   376 E RHWC2   : fox1 [rtk_gdma_post 1530 ]name_of_layer = com.redflix.tvmoderno/com.redx.tvbox.MainActivity#0 num_of_layers=1
05-28 06:21:49.672   376   376 E RHWC2   : fox 1 [rtk_gdma_post 1531] HAS_FLAG=0
05-28 06:21:49.672   376   376 E RHWC2   : fox1 [rtk_gdma_post 1565 ]
05-28 06:21:49.702   376   376 E RHWC2   : fox1 func=hwc2_func_validate_display line=1291 
05-28 06:21:49.702   376   376 E RHWC2   : fox1 func=hwc2_func_validate_display line=1411 
05-28 06:21:49.704   376   376 E RHWC2   : fox1 [rtk_gdma_post 1507 ]
05-28 06:21:49.704   376   376 E RHWC2   : fox1 [rtk_gdma_post 1530 ]name_of_layer = com.redflix.tvmoderno/com.redx.tvbox.MainActivity#0 num_of_layers=1
05-28 06:21:49.704   376   376 E RHWC2   : fox 1 [rtk_gdma_post 1531] HAS_FLAG=0
05-28 06:21:49.704   376   376 E RHWC2   : fox1 [rtk_gdma_post 1565 ]
05-28 06:21:49.736   376   376 E RHWC2   : fox1 func=hwc2_func_validate_display line=1291 
05-28 06:21:49.736   376   376 E RHWC2   : fox1 func=hwc2_func_validate_display line=1411 
05-28 06:21:49.738   376   376 E RHWC2   : fox1 [rtk_gdma_post 1507 ]
05-28 06:21:49.738   376   376 E RHWC2   : fox1 [rtk_gdma_post 1530 ]name_of_layer = com.redflix.tvmoderno/com.redx.tvbox.MainActivity#0 num_of_layers=1
05-28 06:21:49.738   376   376 E RHWC2   : fox 1 [rtk_gdma_post 1531] HAS_FLAG=0
05-28 06:21:49.738   376   376 E RHWC2   : fox1 [rtk_gdma_post 1565 ]
05-28 06:21:49.769   376   376 E RHWC2   : fox1 func=hwc2_func_validate_display line=1291 
05-28 06:21:49.769   376   376 E RHWC2   : fox1 func=hwc2_func_validate_display line=1411 
05-28 06:21:49.772   376   376 E RHWC2   : fox1 [rtk_gdma_post 1507 ]
05-28 06:21:49.772   376   376 E RHWC2   : fox1 [rtk_gdma_post 1530 ]name_of_layer = com.redflix.tvmoderno/com.redx.tvbox.MainActivity#0 num_of_layers=1
05-28 06:21:49.772   376   376 E RHWC2   : fox 1 [rtk_gdma_post 1531] HAS_FLAG=0
05-28 06:21:49.772   376   376 E RHWC2   : fox1 [rtk_gdma_post 1565 ]
05-28 06:21:49.813   376   376 E RHWC2   : fox1 func=hwc2_func_validate_display line=1291 
05-28 06:21:49.813   376   376 E RHWC2   : fox1 func=hwc2_func_validate_display line=1411 
05-28 06:21:49.816   376   376 E RHWC2   : fox1 [rtk_gdma_post 1507 ]
05-28 06:21:49.816   376   376 E RHWC2   : fox1 [rtk_gdma_post 1530 ]name_of_layer = com.redflix.tvmoderno/com.redx.tvbox.MainActivity#0 num_of_layers=1
05-28 06:21:49.816   376   376 E RHWC2   : fox 1 [rtk_gdma_post 1531] HAS_FLAG=0
05-28 06:21:49.816   376   376 E RHWC2   : fox1 [rtk_gdma_post 1565 ]
05-28 06:21:49.834   376   376 E RHWC2   : fox1 func=hwc2_func_validate_display line=1291 
05-28 06:21:49.834   376   376 E RHWC2   : fox1 func=hwc2_func_validate_display line=1411 
05-28 06:21:49.836   376   376 E RHWC2   : fox1 [rtk_gdma_post 1507 ]
05-28 06:21:49.837   376   376 E RHWC2   : fox1 [rtk_gdma_post 1530 ]name_of_layer = com.redflix.tvmoderno/com.redx.tvbox.MainActivity#0 num_of_layers=1
05-28 06:21:49.837   376   376 E RHWC2   : fox 1 [rtk_gdma_post 1531] HAS_FLAG=0
05-28 06:21:49.837   376   376 E RHWC2   : fox1 [rtk_gdma_post 1565 ]
05-28 06:21:49.868   376   376 E RHWC2   : fox1 func=hwc2_func_validate_display line=1291 
05-28 06:21:49.868   376   376 E RHWC2   : fox1 func=hwc2_func_validate_display line=1411 
05-28 06:21:49.870   376   376 E RHWC2   : fox1 [rtk_gdma_post 1507 ]
05-28 06:21:49.870   376   376 E RHWC2   : fox1 [rtk_gdma_post 1530 ]name_of_layer = com.redflix.tvmoderno/com.redx.tvbox.MainActivity#0 num_of_layers=1
05-28 06:21:49.870   376   376 E RHWC2   : fox 1 [rtk_gdma_post 1531] HAS_FLAG=0
05-28 06:21:49.870   376   376 E RHWC2   : fox1 [rtk_gdma_post 1565 ]
05-28 06:21:49.902   376   376 E RHWC2   : fox1 func=hwc2_func_validate_display line=1291 
05-28 06:21:49.902   376   376 E RHWC2   : fox1 func=hwc2_func_validate_display line=1411 
05-28 06:21:49.904   376   376 E RHWC2   : fox1 [rtk_gdma_post 1507 ]
05-28 06:21:49.904   376   376 E RHWC2   : fox1 [rtk_gdma_post 1530 ]name_of_layer = com.redflix.tvmoderno/com.redx.tvbox.MainActivity#0 num_of_layers=1
05-28 06:21:49.904   376   376 E RHWC2   : fox 1 [rtk_gdma_post 1531] HAS_FLAG=0
05-28 06:21:49.904   376   376 E RHWC2   : fox1 [rtk_gdma_post 1565 ]
05-28 06:21:49.935   376   376 E RHWC2   : fox1 func=hwc2_func_validate_display line=1291 
05-28 06:21:49.935   376   376 E RHWC2   : fox1 func=hwc2_func_validate_display line=1411 
05-28 06:21:49.937   376   376 E RHWC2   : fox1 [rtk_gdma_post 1507 ]
05-28 06:21:49.937   376   376 E RHWC2   : fox1 [rtk_gdma_post 1530 ]name_of_layer = com.redflix.tvmoderno/com.redx.tvbox.MainActivity#0 num_of_layers=1
05-28 06:21:49.937   376   376 E RHWC2   : fox 1 [rtk_gdma_post 1531] HAS_FLAG=0
05-28 06:21:49.937   376   376 E RHWC2   : fox1 [rtk_gdma_post 1565 ]
05-28 06:21:49.970   376   376 E RHWC2   : fox1 func=hwc2_func_validate_display line=1291 
05-28 06:21:49.970   376   376 E RHWC2   : fox1 func=hwc2_func_validate_display line=1411 
05-28 06:21:49.972   376   376 E RHWC2   : fox1 [rtk_gdma_post 1507 ]
05-28 06:21:49.972   376   376 E RHWC2   : fox1 [rtk_gdma_post 1530 ]name_of_layer = com.redflix.tvmoderno/com.redx.tvbox.MainActivity#0 num_of_layers=1
05-28 06:21:49.972   376   376 E RHWC2   : fox 1 [rtk_gdma_post 1531] HAS_FLAG=0
05-28 06:21:49.972   376   376 E RHWC2   : fox1 [rtk_gdma_post 1565 ]
05-28 06:21:50.002   376   376 E RHWC2   : fox1 func=hwc2_func_validate_display line=1291 
05-28 06:21:50.002   376   376 E RHWC2   : fox1 func=hwc2_func_validate_display line=1411 
05-28 06:21:50.005   376   376 E RHWC2   : fox1 [rtk_gdma_post 1507 ]
05-28 06:21:50.005   376   376 E RHWC2   : fox1 [rtk_gdma_post 1530 ]name_of_layer = com.redflix.tvmoderno/com.redx.tvbox.MainActivity#0 num_of_layers=1
05-28 06:21:50.005   376   376 E RHWC2   : fox 1 [rtk_gdma_post 1531] HAS_FLAG=0
05-28 06:21:50.005   376   376 E RHWC2   : fox1 [rtk_gdma_post 1565 ]
05-28 06:21:50.034   376   376 E RHWC2   : fox1 func=hwc2_func_validate_display line=1291 
05-28 06:21:50.034   376   376 E RHWC2   : fox1 func=hwc2_func_validate_display line=1411 
05-28 06:21:50.036   376   376 E RHWC2   : fox1 [rtk_gdma_post 1507 ]
05-28 06:21:50.036   376   376 E RHWC2   : fox1 [rtk_gdma_post 1530 ]name_of_layer = com.redflix.tvmoderno/com.redx.tvbox.MainActivity#0 num_of_layers=1
05-28 06:21:50.036   376   376 E RHWC2   : fox 1 [rtk_gdma_post 1531] HAS_FLAG=0
05-28 06:21:50.036   376   376 E RHWC2   : fox1 [rtk_gdma_post 1565 ]
05-28 06:21:50.069   376   376 E RHWC2   : fox1 func=hwc2_func_validate_display line=1291 
05-28 06:21:50.069   376   376 E RHWC2   : fox1 func=hwc2_func_validate_display line=1411 
05-28 06:21:50.072   376   376 E RHWC2   : fox1 [rtk_gdma_post 1507 ]
05-28 06:21:50.072   376   376 E RHWC2   : fox1 [rtk_gdma_post 1530 ]name_of_layer = com.redflix.tvmoderno/com.redx.tvbox.MainActivity#0 num_of_layers=1
05-28 06:21:50.072   376   376 E RHWC2   : fox 1 [rtk_gdma_post 1531] HAS_FLAG=0
05-28 06:21:50.072   376   376 E RHWC2   : fox1 [rtk_gdma_post 1565 ]
05-28 06:21:50.113   376   376 E RHWC2   : fox1 func=hwc2_func_validate_display line=1291 
05-28 06:21:50.113   376   376 E RHWC2   : fox1 func=hwc2_func_validate_display line=1411 
05-28 06:21:50.115   376   376 E RHWC2   : fox1 [rtk_gdma_post 1507 ]
05-28 06:21:50.115   376   376 E RHWC2   : fox1 [rtk_gdma_post 1530 ]name_of_layer = com.redflix.tvmoderno/com.redx.tvbox.MainActivity#0 num_of_layers=1
05-28 06:21:50.115   376   376 E RHWC2   : fox 1 [rtk_gdma_post 1531] HAS_FLAG=0
05-28 06:21:50.115   376   376 E RHWC2   : fox1 [rtk_gdma_post 1565 ]
05-28 06:21:50.135   376   376 E RHWC2   : fox1 func=hwc2_func_validate_display line=1291 
05-28 06:21:50.135   376   376 E RHWC2   : fox1 func=hwc2_func_validate_display line=1411 
05-28 06:21:50.137   376   376 E RHWC2   : fox1 [rtk_gdma_post 1507 ]
05-28 06:21:50.137   376   376 E RHWC2   : fox1 [rtk_gdma_post 1530 ]name_of_layer = com.redflix.tvmoderno/com.redx.tvbox.MainActivity#0 num_of_layers=1
05-28 06:21:50.137   376   376 E RHWC2   : fox 1 [rtk_gdma_post 1531] HAS_FLAG=0
05-28 06:21:50.137   376   376 E RHWC2   : fox1 [rtk_gdma_post 1565 ]
05-28 06:21:50.169   376   376 E RHWC2   : fox1 func=hwc2_func_validate_display line=1291 
05-28 06:21:50.169   376   376 E RHWC2   : fox1 func=hwc2_func_validate_display line=1411 
05-28 06:21:50.171   376   376 E RHWC2   : fox1 [rtk_gdma_post 1507 ]
05-28 06:21:50.171   376   376 E RHWC2   : fox1 [rtk_gdma_post 1530 ]name_of_layer = com.redflix.tvmoderno/com.redx.tvbox.MainActivity#0 num_of_layers=1
05-28 06:21:50.171   376   376 E RHWC2   : fox 1 [rtk_gdma_post 1531] HAS_FLAG=0
05-28 06:21:50.171   376   376 E RHWC2   : fox1 [rtk_gdma_post 1565 ]
05-28 06:21:50.203   376   376 E RHWC2   : fox1 func=hwc2_func_validate_display line=1291 
05-28 06:21:50.204   376   376 E RHWC2   : fox1 func=hwc2_func_validate_display line=1411 
05-28 06:21:50.205   376   376 E RHWC2   : fox1 [rtk_gdma_post 1507 ]
05-28 06:21:50.206   376   376 E RHWC2   : fox1 [rtk_gdma_post 1530 ]name_of_layer = com.redflix.tvmoderno/com.redx.tvbox.MainActivity#0 num_of_layers=1
05-28 06:21:50.206   376   376 E RHWC2   : fox 1 [rtk_gdma_post 1531] HAS_FLAG=0
05-28 06:21:50.206   376   376 E RHWC2   : fox1 [rtk_gdma_post 1565 ]
05-28 06:21:50.234   376   376 E RHWC2   : fox1 func=hwc2_func_validate_display line=1291 
05-28 06:21:50.234   376   376 E RHWC2   : fox1 func=hwc2_func_validate_display line=1411 
05-28 06:21:50.236   376   376 E RHWC2   : fox1 [rtk_gdma_post 1507 ]
05-28 06:21:50.236   376   376 E RHWC2   : fox1 [rtk_gdma_post 1530 ]name_of_layer = com.redflix.tvmoderno/com.redx.tvbox.MainActivity#0 num_of_layers=1
05-28 06:21:50.236   376   376 E RHWC2   : fox 1 [rtk_gdma_post 1531] HAS_FLAG=0
05-28 06:21:50.236   376   376 E RHWC2   : fox1 [rtk_gdma_post 1565 ]
05-28 06:21:50.269   376   376 E RHWC2   : fox1 func=hwc2_func_validate_display line=1291 
05-28 06:21:50.269   376   376 E RHWC2   : fox1 func=hwc2_func_validate_display line=1411 
05-28 06:21:50.269   394   791 I HdmieArc: earc status newStatus 0, oldStatus=EN_TOS_CEC_EARC_STATUS_HANDSHAKE
05-28 06:21:50.269   394   791 I HdmieArc: rhal earc status: 0, error code: 0 
05-28 06:21:50.271   376   376 E RHWC2   : fox1 [rtk_gdma_post 1507 ]
05-28 06:21:50.271   376   376 E RHWC2   : fox1 [rtk_gdma_post 1530 ]name_of_layer = com.redflix.tvmoderno/com.redx.tvbox.MainActivity#0 num_of_layers=1
05-28 06:21:50.271   376   376 E RHWC2   : fox 1 [rtk_gdma_post 1531] HAS_FLAG=0
05-28 06:21:50.271   376   376 E RHWC2   : fox1 [rtk_gdma_post 1565 ]
05-28 06:21:50.313   376   376 E RHWC2   : fox1 func=hwc2_func_validate_display line=1291 
05-28 06:21:50.313   376   376 E RHWC2   : fox1 func=hwc2_func_validate_display line=1411 
05-28 06:21:50.315   376   376 E RHWC2   : fox1 [rtk_gdma_post 1507 ]
05-28 06:21:50.315   376   376 E RHWC2   : fox1 [rtk_gdma_post 1530 ]name_of_layer = com.redflix.tvmoderno/com.redx.tvbox.MainActivity#0 num_of_layers=1
05-28 06:21:50.315   376   376 E RHWC2   : fox 1 [rtk_gdma_post 1531] HAS_FLAG=0
05-28 06:21:50.315   376   376 E RHWC2   : fox1 [rtk_gdma_post 1565 ]
05-28 06:21:50.335   376   376 E RHWC2   : fox1 func=hwc2_func_validate_display line=1291 
05-28 06:21:50.335   376   376 E RHWC2   : fox1 func=hwc2_func_validate_display line=1411 
05-28 06:21:50.336   376   376 E RHWC2   : fox1 [rtk_gdma_post 1507 ]
05-28 06:21:50.337   376   376 E RHWC2   : fox1 [rtk_gdma_post 1530 ]name_of_layer = com.redflix.tvmoderno/com.redx.tvbox.MainActivity#0 num_of_layers=1
05-28 06:21:50.337   376   376 E RHWC2   : fox 1 [rtk_gdma_post 1531] HAS_FLAG=0
05-28 06:21:50.337   376   376 E RHWC2   : fox1 [rtk_gdma_post 1565 ]
05-28 06:21:50.368   376   376 E RHWC2   : fox1 func=hwc2_func_validate_display line=1291 
05-28 06:21:50.368   376   376 E RHWC2   : fox1 func=hwc2_func_validate_display line=1411 
05-28 06:21:50.370   376   376 E RHWC2   : fox1 [rtk_gdma_post 1507 ]
05-28 06:21:50.370   376   376 E RHWC2   : fox1 [rtk_gdma_post 1530 ]name_of_layer = com.redflix.tvmoderno/com.redx.tvbox.MainActivity#0 num_of_layers=1
05-28 06:21:50.370   376   376 E RHWC2   : fox 1 [rtk_gdma_post 1531] HAS_FLAG=0
05-28 06:21:50.370   376   376 E RHWC2   : fox1 [rtk_gdma_post 1565 ]
05-28 06:21:50.402   376   376 E RHWC2   : fox1 func=hwc2_func_validate_display line=1291 
05-28 06:21:50.402   376   376 E RHWC2   : fox1 func=hwc2_func_validate_display line=1411 
05-28 06:21:50.404   376   376 E RHWC2   : fox1 [rtk_gdma_post 1507 ]
05-28 06:21:50.404   376   376 E RHWC2   : fox1 [rtk_gdma_post 1530 ]name_of_layer = com.redflix.tvmoderno/com.redx.tvbox.MainActivity#0 num_of_layers=1
05-28 06:21:50.404   376   376 E RHWC2   : fox 1 [rtk_gdma_post 1531] HAS_FLAG=0
05-28 06:21:50.404   376   376 E RHWC2   : fox1 [rtk_gdma_post 1565 ]
05-28 06:21:50.446   376   376 E RHWC2   : fox1 func=hwc2_func_validate_display line=1291 
05-28 06:21:50.446   376   376 E RHWC2   : fox1 func=hwc2_func_validate_display line=1411 
05-28 06:21:50.448   376   376 E RHWC2   : fox1 [rtk_gdma_post 1507 ]
05-28 06:21:50.448   376   376 E RHWC2   : fox1 [rtk_gdma_post 1530 ]name_of_layer = com.redflix.tvmoderno/com.redx.tvbox.MainActivity#0 num_of_layers=1
05-28 06:21:50.448   376   376 E RHWC2   : fox 1 [rtk_gdma_post 1531] HAS_FLAG=0
05-28 06:21:50.448   376   376 E RHWC2   : fox1 [rtk_gdma_post 1565 ]
05-28 06:21:50.468   376   376 E RHWC2   : fox1 func=hwc2_func_validate_display line=1291 
05-28 06:21:50.469   376   376 E RHWC2   : fox1 func=hwc2_func_validate_display line=1411 
05-28 06:21:50.471   376   376 E RHWC2   : fox1 [rtk_gdma_post 1507 ]
05-28 06:21:50.471   376   376 E RHWC2   : fox1 [rtk_gdma_post 1530 ]name_of_layer = com.redflix.tvmoderno/com.redx.tvbox.MainActivity#0 num_of_layers=1
05-28 06:21:50.471   376   376 E RHWC2   : fox 1 [rtk_gdma_post 1531] HAS_FLAG=0
05-28 06:21:50.471   376   376 E RHWC2   : fox1 [rtk_gdma_post 1565 ]
05-28 06:21:50.502   376   376 E RHWC2   : fox1 func=hwc2_func_validate_display line=1291 
05-28 06:21:50.502   376   376 E RHWC2   : fox1 func=hwc2_func_validate_display line=1411 
05-28 06:21:50.504   376   376 E RHWC2   : fox1 [rtk_gdma_post 1507 ]
05-28 06:21:50.504   376   376 E RHWC2   : fox1 [rtk_gdma_post 1530 ]name_of_layer = com.redflix.tvmoderno/com.redx.tvbox.MainActivity#0 num_of_layers=1
05-28 06:21:50.504   376   376 E RHWC2   : fox 1 [rtk_gdma_post 1531] HAS_FLAG=0
05-28 06:21:50.504   376   376 E RHWC2   : fox1 [rtk_gdma_post 1565 ]
05-28 06:21:50.536   376   376 E RHWC2   : fox1 func=hwc2_func_validate_display line=1291 
05-28 06:21:50.536   376   376 E RHWC2   : fox1 func=hwc2_func_validate_display line=1411 
05-28 06:21:50.539   376   376 E RHWC2   : fox1 [rtk_gdma_post 1507 ]
05-28 06:21:50.539   376   376 E RHWC2   : fox1 [rtk_gdma_post 1530 ]name_of_layer = com.redflix.tvmoderno/com.redx.tvbox.MainActivity#0 num_of_layers=1
05-28 06:21:50.539   376   376 E RHWC2   : fox 1 [rtk_gdma_post 1531] HAS_FLAG=0
05-28 06:21:50.539   376   376 E RHWC2   : fox1 [rtk_gdma_post 1565 ]
05-28 06:21:50.569   376   376 E RHWC2   : fox1 func=hwc2_func_validate_display line=1291 
05-28 06:21:50.569   376   376 E RHWC2   : fox1 func=hwc2_func_validate_display line=1411 
05-28 06:21:50.572   376   376 E RHWC2   : fox1 [rtk_gdma_post 1507 ]
05-28 06:21:50.572   376   376 E RHWC2   : fox1 [rtk_gdma_post 1530 ]name_of_layer = com.redflix.tvmoderno/com.redx.tvbox.MainActivity#0 num_of_layers=1
05-28 06:21:50.572   376   376 E RHWC2   : fox 1 [rtk_gdma_post 1531] HAS_FLAG=0
05-28 06:21:50.572   376   376 E RHWC2   : fox1 [rtk_gdma_post 1565 ]
05-28 06:21:50.587  1207  1207 D wpa_supplicant: nl80211: Drv Event 56 (NL80211_CMD_CANCEL_REMAIN_ON_CHANNEL) received for p2p0
05-28 06:21:50.587  1207  1207 D wpa_supplicant: nl80211: Remain-on-channel event (cancel=1 freq=2417 channel_type=0 duration=0 cookie=0x20b6 (match))
05-28 06:21:50.587  1207  1207 D wpa_supplicant: p2p0: Event CANCEL_REMAIN_ON_CHANNEL (20) received
05-28 06:21:50.587  1207  1207 D wpa_supplicant: P2P: Cancel remain-on-channel callback (p2p_long_listen=1905442704 ms pending_action_tx=0x0)
05-28 06:21:50.587  1207  1207 D wpa_supplicant: p2p0: Radio work 'p2p-listen'@0xb4f80f50 done in 5.024062 seconds
05-28 06:21:50.587  1207  1207 D wpa_supplicant: p2p0: radio_work_free('p2p-listen'@0xb4f80f50): num_active_works --> 0
05-28 06:21:50.587  1207  1207 D wpa_supplicant: P2P: Driver ended Listen state (freq=2417)
05-28 06:21:50.587  1207  1207 D wpa_supplicant: P2P: Continuing long Listen state
05-28 06:21:50.587  1207  1207 D wpa_supplicant: P2P: Going to listen(only) state
05-28 06:21:50.587  1207  1207 D wpa_supplicant: STA wpa_state=9 freq=2417
05-28 06:21:50.587  1207  1207 D wpa_supplicant: P2P: cfg reg_class(81) channel(2)
05-28 06:21:50.587  1207  1207 D wpa_supplicant: P2P: cfg reg_class(81) channel(2)
05-28 06:21:50.587  1207  1207 D wpa_supplicant: P2P: Set Listen channel: reg_class 81 channel 2
05-28 06:21:50.587  1207  1207 D wpa_supplicant: P2P: Defer setting listen channel
05-28 06:21:50.587  1207  1207 D wpa_supplicant: P2P: p2p listen class(81)/channel(2)
05-28 06:21:50.587  1207  1207 D wpa_supplicant: WPS:  * Version (hardcoded 0x10)
05-28 06:21:50.587  1207  1207 D wpa_supplicant: WPS:  * UUID-E
05-28 06:21:50.587  1207  1207 D wpa_supplicant: WPS:  * Version2 (0x20)
05-28 06:21:50.587  1207  1207 D wpa_supplicant: P2P: * P2P IE header
05-28 06:21:50.587  1207  1207 D wpa_supplicant: P2P: * Capability dev=25 group=00
05-28 06:21:50.587  1207  1207 D wpa_supplicant: P2P: * Listen Channel: Regulatory Class 81 Channel 2
05-28 06:21:50.587  1207  1207 D wpa_supplicant: P2P: * Device Info
05-28 06:21:50.587  1207  1207 D wpa_supplicant: p2p0: Add radio work 'p2p-listen'@0xb4f80f50
05-28 06:21:50.587  1207  1207 D wpa_supplicant: p2p0: First radio work item in the queue - schedule start immediately
05-28 06:21:50.587  1207  1207 D wpa_supplicant: P2P: State LISTEN_ONLY -> LISTEN_ONLY
05-28 06:21:50.588  1207  1207 D wpa_supplicant: p2p0: Starting radio work 'p2p-listen'@0xb4f80f50 after 0.000103 second wait
05-28 06:21:50.588  1207  1207 D wpa_supplicant: nl80211: Probe Request reporting already on! nl_preq=0x3c74b859
05-28 06:21:50.590  1207  1207 D wpa_supplicant: nl80211: Remain-on-channel cookie 0x20b7 for freq=2417 MHz duration=5000
05-28 06:21:50.601   376   376 E RHWC2   : fox1 func=hwc2_func_validate_display line=1291 
05-28 06:21:50.601   376   376 E RHWC2   : fox1 func=hwc2_func_validate_display line=1411 
05-28 06:21:50.604   376   376 E RHWC2   : fox1 [rtk_gdma_post 1507 ]
05-28 06:21:50.604   376   376 E RHWC2   : fox1 [rtk_gdma_post 1530 ]name_of_layer = com.redflix.tvmoderno/com.redx.tvbox.MainActivity#0 num_of_layers=1
05-28 06:21:50.604   376   376 E RHWC2   : fox 1 [rtk_gdma_post 1531] HAS_FLAG=0
05-28 06:21:50.604   376   376 E RHWC2   : fox1 [rtk_gdma_post 1565 ]
05-28 06:21:50.605  1207  1207 D wpa_supplicant: P2P: Timeout (state=LISTEN_ONLY)
05-28 06:21:50.608   806  1066 D AppRecordListenerForFreeze: noteTrafficChanged  pid = 2255 pro = com.redflix.tvmoderno using = true
05-28 06:21:50.608   806  1066 D AppRecordListenerForFreeze: noteTrafficChanged  pid = 2376 pro = com.google.android.webview:sandboxed_process0:org.chromium.content.app.SandboxedProcessService0:0 using = true
05-28 06:21:50.610  1207  1207 D wpa_supplicant: nl80211: Drv Event 55 (NL80211_CMD_REMAIN_ON_CHANNEL) received for p2p0
05-28 06:21:50.610  1207  1207 D wpa_supplicant: nl80211: Remain-on-channel event (cancel=0 freq=2417 channel_type=0 duration=5000 cookie=0x20b7 (match))
05-28 06:21:50.610  1207  1207 D wpa_supplicant: p2p0: Event REMAIN_ON_CHANNEL (19) received
05-28 06:21:50.610  1207  1207 D wpa_supplicant: Off-channel: Send Action callback (without_roc=0 pending_action_tx=0x0 pending_action_tx_done=0)
05-28 06:21:50.610  1207  1207 D wpa_supplicant: P2P: remain-on-channel callback (off_channel_freq=2417 pending_listen_freq=2417 roc_waiting_drv_freq=0 freq=2417 duration=5000)
05-28 06:21:50.610  1207  1207 D wpa_supplicant: STA wpa_state=9 freq=2417
05-28 06:21:50.610  1207  1207 D wpa_supplicant: P2P: Starting Listen timeout(5,0) on freq=2417 based on callback
05-28 06:21:50.610  1207  1207 D wpa_supplicant: P2P: Set timeout (state=LISTEN_ONLY): 5.020000 sec
05-28 06:21:50.646   376   376 E RHWC2   : fox1 func=hwc2_func_validate_display line=1291 
05-28 06:21:50.646   376   376 E RHWC2   : fox1 func=hwc2_func_validate_display line=1411 
05-28 06:21:50.648   376   376 E RHWC2   : fox1 [rtk_gdma_post 1507 ]
05-28 06:21:50.648   376   376 E RHWC2   : fox1 [rtk_gdma_post 1530 ]name_of_layer = com.redflix.tvmoderno/com.redx.tvbox.MainActivity#0 num_of_layers=1
05-28 06:21:50.648   376   376 E RHWC2   : fox 1 [rtk_gdma_post 1531] HAS_FLAG=0
05-28 06:21:50.648   376   376 E RHWC2   : fox1 [rtk_gdma_post 1565 ]
05-28 06:21:50.652  1207  1207 D wpa_supplicant: wlan_traffic_statistics rx_byte = 3116161570 rx rate = 4678 Kb/s
05-28 06:21:50.653  1207  1207 D wpa_supplicant: wlan_traffic_statistics tx_byte = 536865330 tx rate = 278 Kb/s
05-28 06:21:50.669   376   376 E RHWC2   : fox1 func=hwc2_func_validate_display line=1291 
05-28 06:21:50.669   376   376 E RHWC2   : fox1 func=hwc2_func_validate_display line=1411 
05-28 06:21:50.672   376   376 E RHWC2   : fox1 [rtk_gdma_post 1507 ]
05-28 06:21:50.672   376   376 E RHWC2   : fox1 [rtk_gdma_post 1530 ]name_of_layer = com.redflix.tvmoderno/com.redx.tvbox.MainActivity#0 num_of_layers=1
05-28 06:21:50.672   376   376 E RHWC2   : fox 1 [rtk_gdma_post 1531] HAS_FLAG=0
05-28 06:21:50.672   376   376 E RHWC2   : fox1 [rtk_gdma_post 1565 ]
05-28 06:21:50.713   376   376 E RHWC2   : fox1 func=hwc2_func_validate_display line=1291 
05-28 06:21:50.713   376   376 E RHWC2   : fox1 func=hwc2_func_validate_display line=1411 
05-28 06:21:50.716   376   376 E RHWC2   : fox1 [rtk_gdma_post 1507 ]
05-28 06:21:50.716   376   376 E RHWC2   : fox1 [rtk_gdma_post 1530 ]name_of_layer = com.redflix.tvmoderno/com.redx.tvbox.MainActivity#0 num_of_layers=1
05-28 06:21:50.716   376   376 E RHWC2   : fox 1 [rtk_gdma_post 1531] HAS_FLAG=0
05-28 06:21:50.716   376   376 E RHWC2   : fox1 [rtk_gdma_post 1565 ]
05-28 06:21:50.736   376   376 E RHWC2   : fox1 func=hwc2_func_validate_display line=1291 
05-28 06:21:50.736   376   376 E RHWC2   : fox1 func=hwc2_func_validate_display line=1411 
05-28 06:21:50.739   376   376 E RHWC2   : fox1 [rtk_gdma_post 1507 ]
05-28 06:21:50.739   376   376 E RHWC2   : fox1 [rtk_gdma_post 1530 ]name_of_layer = com.redflix.tvmoderno/com.redx.tvbox.MainActivity#0 num_of_layers=1
05-28 06:21:50.739   376   376 E RHWC2   : fox 1 [rtk_gdma_post 1531] HAS_FLAG=0
05-28 06:21:50.739   376   376 E RHWC2   : fox1 [rtk_gdma_post 1565 ]
05-28 06:21:50.779   376   376 E RHWC2   : fox1 func=hwc2_func_validate_display line=1291 
05-28 06:21:50.780   376   376 E RHWC2   : fox1 func=hwc2_func_validate_display line=1411 
05-28 06:21:50.782   376   376 E RHWC2   : fox1 [rtk_gdma_post 1507 ]
05-28 06:21:50.782   376   376 E RHWC2   : fox1 [rtk_gdma_post 1530 ]name_of_layer = com.redflix.tvmoderno/com.redx.tvbox.MainActivity#0 num_of_layers=1
05-28 06:21:50.782   376   376 E RHWC2   : fox 1 [rtk_gdma_post 1531] HAS_FLAG=0
05-28 06:21:50.782   376   376 E RHWC2   : fox1 [rtk_gdma_post 1565 ]
05-28 06:21:50.803   376   376 E RHWC2   : fox1 func=hwc2_func_validate_display line=1291 
05-28 06:21:50.803   376   376 E RHWC2   : fox1 func=hwc2_func_validate_display line=1411 
05-28 06:21:50.805   376   376 E RHWC2   : fox1 [rtk_gdma_post 1507 ]
05-28 06:21:50.805   376   376 E RHWC2   : fox1 [rtk_gdma_post 1530 ]name_of_layer = com.redflix.tvmoderno/com.redx.tvbox.MainActivity#0 num_of_layers=1
05-28 06:21:50.805   376   376 E RHWC2   : fox 1 [rtk_gdma_post 1531] HAS_FLAG=0
05-28 06:21:50.805   376   376 E RHWC2   : fox1 [rtk_gdma_post 1565 ]
05-28 06:21:50.836   376   376 E RHWC2   : fox1 func=hwc2_func_validate_display line=1291 
05-28 06:21:50.836   376   376 E RHWC2   : fox1 func=hwc2_func_validate_display line=1411 
05-28 06:21:50.838   376   376 E RHWC2   : fox1 [rtk_gdma_post 1507 ]
05-28 06:21:50.838   376   376 E RHWC2   : fox1 [rtk_gdma_post 1530 ]name_of_layer = com.redflix.tvmoderno/com.redx.tvbox.MainActivity#0 num_of_layers=1
05-28 06:21:50.838   376   376 E RHWC2   : fox 1 [rtk_gdma_post 1531] HAS_FLAG=0
05-28 06:21:50.838   376   376 E RHWC2   : fox1 [rtk_gdma_post 1565 ]
05-28 06:21:50.868   376   376 E RHWC2   : fox1 func=hwc2_func_validate_display line=1291 
05-28 06:21:50.868   376   376 E RHWC2   : fox1 func=hwc2_func_validate_display line=1411 
05-28 06:21:50.871   376   376 E RHWC2   : fox1 [rtk_gdma_post 1507 ]
05-28 06:21:50.871   376   376 E RHWC2   : fox1 [rtk_gdma_post 1530 ]name_of_layer = com.redflix.tvmoderno/com.redx.tvbox.MainActivity#0 num_of_layers=1
05-28 06:21:50.871   376   376 E RHWC2   : fox 1 [rtk_gdma_post 1531] HAS_FLAG=0
05-28 06:21:50.871   376   376 E RHWC2   : fox1 [rtk_gdma_post 1565 ]
05-28 06:21:50.913   376   376 E RHWC2   : fox1 func=hwc2_func_validate_display line=1291 
05-28 06:21:50.913   376   376 E RHWC2   : fox1 func=hwc2_func_validate_display line=1411 
05-28 06:21:50.915   376   376 E RHWC2   : fox1 [rtk_gdma_post 1507 ]
05-28 06:21:50.915   376   376 E RHWC2   : fox1 [rtk_gdma_post 1530 ]name_of_layer = com.redflix.tvmoderno/com.redx.tvbox.MainActivity#0 num_of_layers=1
05-28 06:21:50.915   376   376 E RHWC2   : fox 1 [rtk_gdma_post 1531] HAS_FLAG=0
05-28 06:21:50.915   376   376 E RHWC2   : fox1 [rtk_gdma_post 1565 ]
05-28 06:21:50.936   376   376 E RHWC2   : fox1 func=hwc2_func_validate_display line=1291 
05-28 06:21:50.936   376   376 E RHWC2   : fox1 func=hwc2_func_validate_display line=1411 
05-28 06:21:50.938   376   376 E RHWC2   : fox1 [rtk_gdma_post 1507 ]
05-28 06:21:50.938   376   376 E RHWC2   : fox1 [rtk_gdma_post 1530 ]name_of_layer = com.redflix.tvmoderno/com.redx.tvbox.MainActivity#0 num_of_layers=1
05-28 06:21:50.938   376   376 E RHWC2   : fox 1 [rtk_gdma_post 1531] HAS_FLAG=0
05-28 06:21:50.938   376   376 E RHWC2   : fox1 [rtk_gdma_post 1565 ]
05-28 06:21:50.969   376   376 E RHWC2   : fox1 func=hwc2_func_validate_display line=1291 
05-28 06:21:50.969   376   376 E RHWC2   : fox1 func=hwc2_func_validate_display line=1411 
05-28 06:21:50.972   376   376 E RHWC2   : fox1 [rtk_gdma_post 1507 ]
05-28 06:21:50.972   376   376 E RHWC2   : fox1 [rtk_gdma_post 1530 ]name_of_layer = com.redflix.tvmoderno/com.redx.tvbox.MainActivity#0 num_of_layers=1
05-28 06:21:50.972   376   376 E RHWC2   : fox 1 [rtk_gdma_post 1531] HAS_FLAG=0
05-28 06:21:50.972   376   376 E RHWC2   : fox1 [rtk_gdma_post 1565 ]
05-28 06:21:51.003   376   376 E RHWC2   : fox1 func=hwc2_func_validate_display line=1291 
05-28 06:21:51.003   376   376 E RHWC2   : fox1 func=hwc2_func_validate_display line=1411 
05-28 06:21:51.005   376   376 E RHWC2   : fox1 [rtk_gdma_post 1507 ]
05-28 06:21:51.005   376   376 E RHWC2   : fox1 [rtk_gdma_post 1530 ]name_of_layer = com.redflix.tvmoderno/com.redx.tvbox.MainActivity#0 num_of_layers=1
05-28 06:21:51.005   376   376 E RHWC2   : fox 1 [rtk_gdma_post 1531] HAS_FLAG=0
05-28 06:21:51.005   376   376 E RHWC2   : fox1 [rtk_gdma_post 1565 ]
05-28 06:21:51.047   376   376 E RHWC2   : fox1 func=hwc2_func_validate_display line=1291 
05-28 06:21:51.047   376   376 E RHWC2   : fox1 func=hwc2_func_validate_display line=1411 
05-28 06:21:51.049   376   376 E RHWC2   : fox1 [rtk_gdma_post 1507 ]
05-28 06:21:51.049   376   376 E RHWC2   : fox1 [rtk_gdma_post 1530 ]name_of_layer = com.redflix.tvmoderno/com.redx.tvbox.MainActivity#0 num_of_layers=1
05-28 06:21:51.049   376   376 E RHWC2   : fox 1 [rtk_gdma_post 1531] HAS_FLAG=0
05-28 06:21:51.049   376   376 E RHWC2   : fox1 [rtk_gdma_post 1565 ]
05-28 06:21:51.070   376   376 E RHWC2   : fox1 func=hwc2_func_validate_display line=1291 
05-28 06:21:51.070   376   376 E RHWC2   : fox1 func=hwc2_func_validate_display line=1411 
05-28 06:21:51.072   376   376 E RHWC2   : fox1 [rtk_gdma_post 1507 ]
05-28 06:21:51.072   376   376 E RHWC2   : fox1 [rtk_gdma_post 1530 ]name_of_layer = com.redflix.tvmoderno/com.redx.tvbox.MainActivity#0 num_of_layers=1
05-28 06:21:51.072   376   376 E RHWC2   : fox 1 [rtk_gdma_post 1531] HAS_FLAG=0
05-28 06:21:51.072   376   376 E RHWC2   : fox1 [rtk_gdma_post 1565 ]
05-28 06:21:51.103   376   376 E RHWC2   : fox1 func=hwc2_func_validate_display line=1291 
05-28 06:21:51.103   376   376 E RHWC2   : fox1 func=hwc2_func_validate_display line=1411 
05-28 06:21:51.105   376   376 E RHWC2   : fox1 [rtk_gdma_post 1507 ]
05-28 06:21:51.105   376   376 E RHWC2   : fox1 [rtk_gdma_post 1530 ]name_of_layer = com.redflix.tvmoderno/com.redx.tvbox.MainActivity#0 num_of_layers=1
05-28 06:21:51.105   376   376 E RHWC2   : fox 1 [rtk_gdma_post 1531] HAS_FLAG=0
05-28 06:21:51.105   376   376 E RHWC2   : fox1 [rtk_gdma_post 1565 ]
05-28 06:21:51.146   376   376 E RHWC2   : fox1 func=hwc2_func_validate_display line=1291 
05-28 06:21:51.147   376   376 E RHWC2   : fox1 func=hwc2_func_validate_display line=1411 
05-28 06:21:51.149   376   376 E RHWC2   : fox1 [rtk_gdma_post 1507 ]
05-28 06:21:51.149   376   376 E RHWC2   : fox1 [rtk_gdma_post 1530 ]name_of_layer = com.redflix.tvmoderno/com.redx.tvbox.MainActivity#0 num_of_layers=1
05-28 06:21:51.149   376   376 E RHWC2   : fox 1 [rtk_gdma_post 1531] HAS_FLAG=0
05-28 06:21:51.149   376   376 E RHWC2   : fox1 [rtk_gdma_post 1565 ]
05-28 06:21:51.160   812   833 D TVKitService: getProjectID
05-28 06:21:51.160   812   833 D DeviceInfoImpl: getProjectID from map is 4357
05-28 06:21:51.160  2208  2208 I TCL_DeviceInfo: id = 4357
05-28 06:21:51.161  2208  2208 E TCL_DeviceInfo: from sita get client type is TCL-LA-RTD51A-S1
05-28 06:21:51.162   812   833 D TVKitService: getSoftwareVersion
05-28 06:21:51.162   812   833 D DeviceInfoImpl: getSoftwareVersion is V8-R51AT01-LF1V126
05-28 06:21:51.163  2208  2208 I TCL_DeviceInfo: ret  = V8-R51AT01-LF1V126
05-28 06:21:51.164   806  1237 I WifiService: getConnectionInfo uid=1000
05-28 06:21:51.170   376   376 E RHWC2   : fox1 func=hwc2_func_validate_display line=1291 
05-28 06:21:51.170   376   376 E RHWC2   : fox1 func=hwc2_func_validate_display line=1411 
05-28 06:21:51.172   376   376 E RHWC2   : fox1 [rtk_gdma_post 1507 ]
05-28 06:21:51.172   376   376 E RHWC2   : fox1 [rtk_gdma_post 1530 ]name_of_layer = com.redflix.tvmoderno/com.redx.tvbox.MainActivity#0 num_of_layers=1
05-28 06:21:51.172   376   376 E RHWC2   : fox 1 [rtk_gdma_post 1531] HAS_FLAG=0
05-28 06:21:51.172   376   376 E RHWC2   : fox1 [rtk_gdma_post 1565 ]
05-28 06:21:51.202   376   376 E RHWC2   : fox1 func=hwc2_func_validate_display line=1291 
05-28 06:21:51.202   376   376 E RHWC2   : fox1 func=hwc2_func_validate_display line=1411 
05-28 06:21:51.204   376   376 E RHWC2   : fox1 [rtk_gdma_post 1507 ]
05-28 06:21:51.204   376   376 E RHWC2   : fox1 [rtk_gdma_post 1530 ]name_of_layer = com.redflix.tvmoderno/com.redx.tvbox.MainActivity#0 num_of_layers=1
05-28 06:21:51.204   376   376 E RHWC2   : fox 1 [rtk_gdma_post 1531] HAS_FLAG=0
05-28 06:21:51.204   376   376 E RHWC2   : fox1 [rtk_gdma_post 1565 ]
05-28 06:21:51.236   376   376 E RHWC2   : fox1 func=hwc2_func_validate_display line=1291 
05-28 06:21:51.236   376   376 E RHWC2   : fox1 func=hwc2_func_validate_display line=1411 
05-28 06:21:51.240   376   376 E RHWC2   : fox1 [rtk_gdma_post 1507 ]
05-28 06:21:51.240   376   376 E RHWC2   : fox1 [rtk_gdma_post 1530 ]name_of_layer = com.redflix.tvmoderno/com.redx.tvbox.MainActivity#0 num_of_layers=1
05-28 06:21:51.240   376   376 E RHWC2   : fox 1 [rtk_gdma_post 1531] HAS_FLAG=0
05-28 06:21:51.240   376   376 E RHWC2   : fox1 [rtk_gdma_post 1565 ]
05-28 06:21:51.269   376   376 E RHWC2   : fox1 func=hwc2_func_validate_display line=1291 
05-28 06:21:51.269   376   376 E RHWC2   : fox1 func=hwc2_func_validate_display line=1411 
05-28 06:21:51.269   394   791 I HdmieArc: earc status newStatus 0, oldStatus=EN_TOS_CEC_EARC_STATUS_HANDSHAKE
05-28 06:21:51.269   394   791 I HdmieArc: rhal earc status: 0, error code: 0 
05-28 06:21:51.272   376   376 E RHWC2   : fox1 [rtk_gdma_post 1507 ]
05-28 06:21:51.272   376   376 E RHWC2   : fox1 [rtk_gdma_post 1530 ]name_of_layer = com.redflix.tvmoderno/com.redx.tvbox.MainActivity#0 num_of_layers=1
05-28 06:21:51.272   376   376 E RHWC2   : fox 1 [rtk_gdma_post 1531] HAS_FLAG=0
05-28 06:21:51.272   376   376 E RHWC2   : fox1 [rtk_gdma_post 1565 ]
05-28 06:21:51.302   376   376 E RHWC2   : fox1 func=hwc2_func_validate_display line=1291 
05-28 06:21:51.302   376   376 E RHWC2   : fox1 func=hwc2_func_validate_display line=1411 
05-28 06:21:51.304   376   376 E RHWC2   : fox1 [rtk_gdma_post 1507 ]
05-28 06:21:51.304   376   376 E RHWC2   : fox1 [rtk_gdma_post 1530 ]name_of_layer = com.redflix.tvmoderno/com.redx.tvbox.MainActivity#0 num_of_layers=1
05-28 06:21:51.304   376   376 E RHWC2   : fox 1 [rtk_gdma_post 1531] HAS_FLAG=0
05-28 06:21:51.304   376   376 E RHWC2   : fox1 [rtk_gdma_post 1565 ]
05-28 06:21:51.335   376   376 E RHWC2   : fox1 func=hwc2_func_validate_display line=1291 
05-28 06:21:51.335   376   376 E RHWC2   : fox1 func=hwc2_func_validate_display line=1411 
05-28 06:21:51.338   376   376 E RHWC2   : fox1 [rtk_gdma_post 1507 ]
05-28 06:21:51.338   376   376 E RHWC2   : fox1 [rtk_gdma_post 1530 ]name_of_layer = com.redflix.tvmoderno/com.redx.tvbox.MainActivity#0 num_of_layers=1
05-28 06:21:51.338   376   376 E RHWC2   : fox 1 [rtk_gdma_post 1531] HAS_FLAG=0
05-28 06:21:51.338   376   376 E RHWC2   : fox1 [rtk_gdma_post 1565 ]
05-28 06:21:51.369   376   376 E RHWC2   : fox1 func=hwc2_func_validate_display line=1291 
05-28 06:21:51.369   376   376 E RHWC2   : fox1 func=hwc2_func_validate_display line=1411 
05-28 06:21:51.372   376   376 E RHWC2   : fox1 [rtk_gdma_post 1507 ]
05-28 06:21:51.372   376   376 E RHWC2   : fox1 [rtk_gdma_post 1530 ]name_of_layer = com.redflix.tvmoderno/com.redx.tvbox.MainActivity#0 num_of_layers=1
05-28 06:21:51.372   376   376 E RHWC2   : fox 1 [rtk_gdma_post 1531] HAS_FLAG=0
05-28 06:21:51.372   376   376 E RHWC2   : fox1 [rtk_gdma_post 1565 ]
05-28 06:21:51.413   376   376 E RHWC2   : fox1 func=hwc2_func_validate_display line=1291 
05-28 06:21:51.413   376   376 E RHWC2   : fox1 func=hwc2_func_validate_display line=1411 
05-28 06:21:51.416   376   376 E RHWC2   : fox1 [rtk_gdma_post 1507 ]
05-28 06:21:51.416   376   376 E RHWC2   : fox1 [rtk_gdma_post 1530 ]name_of_layer = com.redflix.tvmoderno/com.redx.tvbox.MainActivity#0 num_of_layers=1
05-28 06:21:51.416   376   376 E RHWC2   : fox 1 [rtk_gdma_post 1531] HAS_FLAG=0
05-28 06:21:51.416   376   376 E RHWC2   : fox1 [rtk_gdma_post 1565 ]
05-28 06:21:51.437   376   376 E RHWC2   : fox1 func=hwc2_func_validate_display line=1291 
05-28 06:21:51.437   376   376 E RHWC2   : fox1 func=hwc2_func_validate_display line=1411 
05-28 06:21:51.439   376   376 E RHWC2   : fox1 [rtk_gdma_post 1507 ]
05-28 06:21:51.439   376   376 E RHWC2   : fox1 [rtk_gdma_post 1530 ]name_of_layer = com.redflix.tvmoderno/com.redx.tvbox.MainActivity#0 num_of_layers=1
05-28 06:21:51.439   376   376 E RHWC2   : fox 1 [rtk_gdma_post 1531] HAS_FLAG=0
05-28 06:21:51.439   376   376 E RHWC2   : fox1 [rtk_gdma_post 1565 ]
05-28 06:21:51.469   376   376 E RHWC2   : fox1 func=hwc2_func_validate_display line=1291 
05-28 06:21:51.469   376   376 E RHWC2   : fox1 func=hwc2_func_validate_display line=1411 
05-28 06:21:51.472   376   376 E RHWC2   : fox1 [rtk_gdma_post 1507 ]
05-28 06:21:51.472   376   376 E RHWC2   : fox1 [rtk_gdma_post 1530 ]name_of_layer = com.redflix.tvmoderno/com.redx.tvbox.MainActivity#0 num_of_layers=1
05-28 06:21:51.472   376   376 E RHWC2   : fox 1 [rtk_gdma_post 1531] HAS_FLAG=0
05-28 06:21:51.472   376   376 E RHWC2   : fox1 [rtk_gdma_post 1565 ]
05-28 06:21:51.513   376   376 E RHWC2   : fox1 func=hwc2_func_validate_display line=1291 
05-28 06:21:51.513   376   376 E RHWC2   : fox1 func=hwc2_func_validate_display line=1411 
05-28 06:21:51.516   376   376 E RHWC2   : fox1 [rtk_gdma_post 1507 ]
05-28 06:21:51.516   376   376 E RHWC2   : fox1 [rtk_gdma_post 1530 ]name_of_layer = com.redflix.tvmoderno/com.redx.tvbox.MainActivity#0 num_of_layers=1
05-28 06:21:51.516   376   376 E RHWC2   : fox 1 [rtk_gdma_post 1531] HAS_FLAG=0
05-28 06:21:51.516   376   376 E RHWC2   : fox1 [rtk_gdma_post 1565 ]
05-28 06:21:51.534   806  1022 E Traffic : performPollLocked:java.lang.Throwable
05-28 06:21:51.540   806  1023 I WifiService: getConnectionInfo uid=1000
05-28 06:21:51.544   376   376 E RHWC2   : fox1 func=hwc2_func_validate_display line=1291 
05-28 06:21:51.544   376   376 E RHWC2   : fox1 func=hwc2_func_validate_display line=1411 
05-28 06:21:51.547   376   376 E RHWC2   : fox1 [rtk_gdma_post 1507 ]
05-28 06:21:51.547   376   376 E RHWC2   : fox1 [rtk_gdma_post 1530 ]name_of_layer = com.redflix.tvmoderno/com.redx.tvbox.MainActivity#0 num_of_layers=1
05-28 06:21:51.547   376   376 E RHWC2   : fox 1 [rtk_gdma_post 1531] HAS_FLAG=0
05-28 06:21:51.547   376   376 E RHWC2   : fox1 [rtk_gdma_post 1565 ]
05-28 06:21:51.577   376   376 E RHWC2   : fox1 func=hwc2_func_validate_display line=1291 
05-28 06:21:51.578   376   376 E RHWC2   : fox1 func=hwc2_func_validate_display line=1411 
05-28 06:21:51.580   376   376 E RHWC2   : fox1 [rtk_gdma_post 1507 ]
05-28 06:21:51.580   376   376 E RHWC2   : fox1 [rtk_gdma_post 1530 ]name_of_layer = com.redflix.tvmoderno/com.redx.tvbox.MainActivity#0 num_of_layers=1
05-28 06:21:51.580   376   376 E RHWC2   : fox 1 [rtk_gdma_post 1531] HAS_FLAG=0
05-28 06:21:51.580   376   376 E RHWC2   : fox1 [rtk_gdma_post 1565 ]
05-28 06:21:51.606   376   376 E RHWC2   : fox1 func=hwc2_func_validate_display line=1291 
05-28 06:21:51.606   376   376 E RHWC2   : fox1 func=hwc2_func_validate_display line=1411 
05-28 06:21:51.609   376   376 E RHWC2   : fox1 [rtk_gdma_post 1507 ]
05-28 06:21:51.609   376   376 E RHWC2   : fox1 [rtk_gdma_post 1530 ]name_of_layer = com.redflix.tvmoderno/com.redx.tvbox.MainActivity#0 num_of_layers=1
05-28 06:21:51.609   376   376 E RHWC2   : fox 1 [rtk_gdma_post 1531] HAS_FLAG=0
05-28 06:21:51.609   376   376 E RHWC2   : fox1 [rtk_gdma_post 1565 ]
05-28 06:21:51.636   376   376 E RHWC2   : fox1 func=hwc2_func_validate_display line=1291 
05-28 06:21:51.637   376   376 E RHWC2   : fox1 func=hwc2_func_validate_display line=1411 
05-28 06:21:51.639   376   376 E RHWC2   : fox1 [rtk_gdma_post 1507 ]
05-28 06:21:51.639   376   376 E RHWC2   : fox1 [rtk_gdma_post 1530 ]name_of_layer = com.redflix.tvmoderno/com.redx.tvbox.MainActivity#0 num_of_layers=1
05-28 06:21:51.639   376   376 E RHWC2   : fox 1 [rtk_gdma_post 1531] HAS_FLAG=0
05-28 06:21:51.639   376   376 E RHWC2   : fox1 [rtk_gdma_post 1565 ]
05-28 06:21:51.642   806  1026 E WifiVendorHal: getWifiLinkLayerStats_1_3_Internal(l.978) failed {.code = ERROR_NOT_SUPPORTED, .description = }
05-28 06:21:51.652   806  1026 D WifiClientModeImpl: fetchRssiLinkSpeedAndFrequencyNative rssi=-70 TxLinkspeed=78 freq=2417 RxLinkSpeed=0
05-28 06:21:51.652   806  1026 V WifiConfigManager: Updating scan detail cache freq=2417 BSSID=f8:2d:c0:24:9e:d2 RSSI=-70 for "BOLSONARO2018"WPA_PSK
05-28 06:21:51.654   806  1026 D WifiThroughputPredictor:  utilization (BssLoad) -1 utilization (LLStats) 80 isBluetoothConnected: false final utilization: 80
05-28 06:21:51.654   806  1026 D WifiThroughputPredictor:  utilization (BssLoad) -1 utilization (LLStats) 80 isBluetoothConnected: false final utilization: 80
05-28 06:21:51.657   806  1026 D WifiScoreCard: BSSID update SIGNAL_POLL ID: 398514962 SSID: BOLSONARO2018, BSSID: f8:2d:c0:24:9e:d2, MAC: 64:57:25:8c:68:c1, Supplicant state: COMPLETED, Wi-Fi standard: 0, RSSI: -70, Link speed: 78Mbps, Tx Link speed: 78Mbps, Max Supported Tx Link speed: -1Mbps, Rx Link speed: -1Mbps, Max Supported Rx Link speed: -1Mbps, Frequency: 2417MHz, Net ID: 0, Metered hint: false, score: 60
05-28 06:21:51.657   806  1026 D WifiScoreCard: txRate: 338 txSpeed: 78
05-28 06:21:51.657   806  1026 D WifiScoreCard: network update SIGNAL_POLL "BOLSONARO2018" ID: 976476524 RSSI -70 txSpeed 78
05-28 06:21:51.658   806  1026 D WifiScoreCard: SSID: "BOLSONARO2018"
05-28 06:21:51.658   806  1026 D WifiScoreCard:  LastRssiPollTime: 42091722 LastRssiPoll: -70 LastTxSpeedPoll: 78
05-28 06:21:51.658   806  1026 D WifiScoreCard:  StatsRecent:  ConnectAttempt: 4 ConnectFailure: 0 ConnectDurSec: 6372708 AssocRej: 0 AssocTimeout: 0 AuthFailure: 0 ShortDiscNonlocal: 6 DisconnectNonlocal: 7 Disconnect: 13 ConsecutiveConnectFailure: 0
05-28 06:21:51.658   806  1026 D WifiScoreCard:  StatsCurr:  ConnectAttempt: 54 ConnectFailure: 0 ConnectDurSec: 759544 AssocRej: 0 AssocTimeout: 0 AuthFailure: 0 ShortDiscNonlocal: 39 DisconnectNonlocal: 53 Disconnect: 73 ConsecutiveConnectFailure: 0
05-28 06:21:51.658   806  1026 D WifiScoreCard:  StatsPrev:  ConnectAttempt: 15 ConnectFailure: 0 ConnectDurSec: 211923 AssocRej: 0 AssocTimeout: 0 AuthFailure: 0 ShortDiscNonlocal: 10 DisconnectNonlocal: 19 Disconnect: 32 ConsecutiveConnectFailure: 0
05-28 06:21:51.671   806  1026 D WifiClientModeImpl:  L2ConnectedState screen=on 5 0 "BOLSONARO2018" f8:2d:c0:24:9e:d2 rssi=-70 f=2417 sc=60 link=78 tx=337,2, 0,0, 0,0  rx=483,0 bcn=0 [on:0 tx:0 rx:0 period:3028] from screen [on:0 period:25691625] score=60
05-28 06:21:51.680   376   376 E RHWC2   : fox1 func=hwc2_func_validate_display line=1291 
05-28 06:21:51.680   376   376 E RHWC2   : fox1 func=hwc2_func_validate_display line=1411 
05-28 06:21:51.682   376   376 E RHWC2   : fox1 [rtk_gdma_post 1507 ]
05-28 06:21:51.682   376   376 E RHWC2   : fox1 [rtk_gdma_post 1530 ]name_of_layer = com.redflix.tvmoderno/com.redx.tvbox.MainActivity#0 num_of_layers=1
05-28 06:21:51.682   376   376 E RHWC2   : fox 1 [rtk_gdma_post 1531] HAS_FLAG=0
05-28 06:21:51.682   376   376 E RHWC2   : fox1 [rtk_gdma_post 1565 ]
05-28 06:21:51.712   376   376 E RHWC2   : fox1 func=hwc2_func_validate_display line=1291 
05-28 06:21:51.712   376   376 E RHWC2   : fox1 func=hwc2_func_validate_display line=1411 
05-28 06:21:51.714   376   376 E RHWC2   : fox1 [rtk_gdma_post 1507 ]
05-28 06:21:51.714   376   376 E RHWC2   : fox1 [rtk_gdma_post 1530 ]name_of_layer = com.redflix.tvmoderno/com.redx.tvbox.MainActivity#0 num_of_layers=1
05-28 06:21:51.714   376   376 E RHWC2   : fox 1 [rtk_gdma_post 1531] HAS_FLAG=0
05-28 06:21:51.714   376   376 E RHWC2   : fox1 [rtk_gdma_post 1565 ]
05-28 06:21:51.737   376   376 E RHWC2   : fox1 func=hwc2_func_validate_display line=1291 
05-28 06:21:51.737   376   376 E RHWC2   : fox1 func=hwc2_func_validate_display line=1411 
05-28 06:21:51.740   376   376 E RHWC2   : fox1 [rtk_gdma_post 1507 ]
05-28 06:21:51.740   376   376 E RHWC2   : fox1 [rtk_gdma_post 1530 ]name_of_layer = com.redflix.tvmoderno/com.redx.tvbox.MainActivity#0 num_of_layers=1
05-28 06:21:51.740   376   376 E RHWC2   : fox 1 [rtk_gdma_post 1531] HAS_FLAG=0
05-28 06:21:51.740   376   376 E RHWC2   : fox1 [rtk_gdma_post 1565 ]
05-28 06:21:51.780   376   376 E RHWC2   : fox1 func=hwc2_func_validate_display line=1291 
05-28 06:21:51.780   376   376 E RHWC2   : fox1 func=hwc2_func_validate_display line=1411 
05-28 06:21:51.782   376   376 E RHWC2   : fox1 [rtk_gdma_post 1507 ]
05-28 06:21:51.782   376   376 E RHWC2   : fox1 [rtk_gdma_post 1530 ]name_of_layer = com.redflix.tvmoderno/com.redx.tvbox.MainActivity#0 num_of_layers=1
05-28 06:21:51.782   376   376 E RHWC2   : fox 1 [rtk_gdma_post 1531] HAS_FLAG=0
05-28 06:21:51.782   376   376 E RHWC2   : fox1 [rtk_gdma_post 1565 ]
05-28 06:21:51.803   376   376 E RHWC2   : fox1 func=hwc2_func_validate_display line=1291 
05-28 06:21:51.803   376   376 E RHWC2   : fox1 func=hwc2_func_validate_display line=1411 
05-28 06:21:51.805   376   376 E RHWC2   : fox1 [rtk_gdma_post 1507 ]
05-28 06:21:51.805   376   376 E RHWC2   : fox1 [rtk_gdma_post 1530 ]name_of_layer = com.redflix.tvmoderno/com.redx.tvbox.MainActivity#0 num_of_layers=1
05-28 06:21:51.805   376   376 E RHWC2   : fox 1 [rtk_gdma_post 1531] HAS_FLAG=0
05-28 06:21:51.805   376   376 E RHWC2   : fox1 [rtk_gdma_post 1565 ]
05-28 06:21:51.846   376   376 E RHWC2   : fox1 func=hwc2_func_validate_display line=1291 
05-28 06:21:51.847   376   376 E RHWC2   : fox1 func=hwc2_func_validate_display line=1411 
05-28 06:21:51.849   376   376 E RHWC2   : fox1 [rtk_gdma_post 1507 ]
05-28 06:21:51.849   376   376 E RHWC2   : fox1 [rtk_gdma_post 1530 ]name_of_layer = com.redflix.tvmoderno/com.redx.tvbox.MainActivity#0 num_of_layers=1
05-28 06:21:51.849   376   376 E RHWC2   : fox 1 [rtk_gdma_post 1531] HAS_FLAG=0
05-28 06:21:51.849   376   376 E RHWC2   : fox1 [rtk_gdma_post 1565 ]
05-28 06:21:51.869   376   376 E RHWC2   : fox1 func=hwc2_func_validate_display line=1291 
05-28 06:21:51.869   376   376 E RHWC2   : fox1 func=hwc2_func_validate_display line=1411 
05-28 06:21:51.872   376   376 E RHWC2   : fox1 [rtk_gdma_post 1507 ]
05-28 06:21:51.872   376   376 E RHWC2   : fox1 [rtk_gdma_post 1530 ]name_of_layer = com.redflix.tvmoderno/com.redx.tvbox.MainActivity#0 num_of_layers=1
05-28 06:21:51.872   376   376 E RHWC2   : fox 1 [rtk_gdma_post 1531] HAS_FLAG=0
05-28 06:21:51.872   376   376 E RHWC2   : fox1 [rtk_gdma_post 1565 ]
05-28 06:21:51.913   376   376 E RHWC2   : fox1 func=hwc2_func_validate_display line=1291 
05-28 06:21:51.913   376   376 E RHWC2   : fox1 func=hwc2_func_validate_display line=1411 
05-28 06:21:51.916   376   376 E RHWC2   : fox1 [rtk_gdma_post 1507 ]
05-28 06:21:51.916   376   376 E RHWC2   : fox1 [rtk_gdma_post 1530 ]name_of_layer = com.redflix.tvmoderno/com.redx.tvbox.MainActivity#0 num_of_layers=1
05-28 06:21:51.916   376   376 E RHWC2   : fox 1 [rtk_gdma_post 1531] HAS_FLAG=0
05-28 06:21:51.916   376   376 E RHWC2   : fox1 [rtk_gdma_post 1565 ]
05-28 06:21:51.937   376   376 E RHWC2   : fox1 func=hwc2_func_validate_display line=1291 
05-28 06:21:51.937   376   376 E RHWC2   : fox1 func=hwc2_func_validate_display line=1411 
05-28 06:21:51.939   376   376 E RHWC2   : fox1 [rtk_gdma_post 1507 ]
05-28 06:21:51.940   376   376 E RHWC2   : fox1 [rtk_gdma_post 1530 ]name_of_layer = com.redflix.tvmoderno/com.redx.tvbox.MainActivity#0 num_of_layers=1
05-28 06:21:51.940   376   376 E RHWC2   : fox 1 [rtk_gdma_post 1531] HAS_FLAG=0
05-28 06:21:51.940   376   376 E RHWC2   : fox1 [rtk_gdma_post 1565 ]
05-28 06:21:51.980   376   376 E RHWC2   : fox1 func=hwc2_func_validate_display line=1291 
05-28 06:21:51.980   376   376 E RHWC2   : fox1 func=hwc2_func_validate_display line=1411 
05-28 06:21:51.982   376   376 E RHWC2   : fox1 [rtk_gdma_post 1507 ]
05-28 06:21:51.982   376   376 E RHWC2   : fox1 [rtk_gdma_post 1530 ]name_of_layer = com.redflix.tvmoderno/com.redx.tvbox.MainActivity#0 num_of_layers=1
05-28 06:21:51.982   376   376 E RHWC2   : fox 1 [rtk_gdma_post 1531] HAS_FLAG=0
05-28 06:21:51.982   376   376 E RHWC2   : fox1 [rtk_gdma_post 1565 ]
05-28 06:21:52.003   376   376 E RHWC2   : fox1 func=hwc2_func_validate_display line=1291 
05-28 06:21:52.003   376   376 E RHWC2   : fox1 func=hwc2_func_validate_display line=1411 
05-28 06:21:52.005   376   376 E RHWC2   : fox1 [rtk_gdma_post 1507 ]
05-28 06:21:52.005   376   376 E RHWC2   : fox1 [rtk_gdma_post 1530 ]name_of_layer = com.redflix.tvmoderno/com.redx.tvbox.MainActivity#0 num_of_layers=1
05-28 06:21:52.005   376   376 E RHWC2   : fox 1 [rtk_gdma_post 1531] HAS_FLAG=0
05-28 06:21:52.005   376   376 E RHWC2   : fox1 [rtk_gdma_post 1565 ]
05-28 06:21:52.046   376   376 E RHWC2   : fox1 func=hwc2_func_validate_display line=1291 
05-28 06:21:52.046   376   376 E RHWC2   : fox1 func=hwc2_func_validate_display line=1411 
05-28 06:21:52.048   376   376 E RHWC2   : fox1 [rtk_gdma_post 1507 ]
05-28 06:21:52.048   376   376 E RHWC2   : fox1 [rtk_gdma_post 1530 ]name_of_layer = com.redflix.tvmoderno/com.redx.tvbox.MainActivity#0 num_of_layers=1
05-28 06:21:52.048   376   376 E RHWC2   : fox 1 [rtk_gdma_post 1531] HAS_FLAG=0
05-28 06:21:52.048   376   376 E RHWC2   : fox1 [rtk_gdma_post 1565 ]
05-28 06:21:52.079   376   376 E RHWC2   : fox1 func=hwc2_func_validate_display line=1291 
05-28 06:21:52.080   376   376 E RHWC2   : fox1 func=hwc2_func_validate_display line=1411 
05-28 06:21:52.082   376   376 E RHWC2   : fox1 [rtk_gdma_post 1507 ]
05-28 06:21:52.082   376   376 E RHWC2   : fox1 [rtk_gdma_post 1530 ]name_of_layer = com.redflix.tvmoderno/com.redx.tvbox.MainActivity#0 num_of_layers=1
05-28 06:21:52.082   376   376 E RHWC2   : fox 1 [rtk_gdma_post 1531] HAS_FLAG=0
05-28 06:21:52.082   376   376 E RHWC2   : fox1 [rtk_gdma_post 1565 ]
05-28 06:21:52.103   376   376 E RHWC2   : fox1 func=hwc2_func_validate_display line=1291 
05-28 06:21:52.103   376   376 E RHWC2   : fox1 func=hwc2_func_validate_display line=1411 
05-28 06:21:52.105   376   376 E RHWC2   : fox1 [rtk_gdma_post 1507 ]
05-28 06:21:52.105   376   376 E RHWC2   : fox1 [rtk_gdma_post 1530 ]name_of_layer = com.redflix.tvmoderno/com.redx.tvbox.MainActivity#0 num_of_layers=1
05-28 06:21:52.105   376   376 E RHWC2   : fox 1 [rtk_gdma_post 1531] HAS_FLAG=0
05-28 06:21:52.105   376   376 E RHWC2   : fox1 [rtk_gdma_post 1565 ]
05-28 06:21:52.137   376   376 E RHWC2   : fox1 func=hwc2_func_validate_display line=1291 
