05-28 06:21:46.868   376   376 E RHWC2   : fox1 func=hwc2_func_validate_display line=1411 
05-28 06:21:46.871   376   376 E RHWC2   : fox1 [rtk_gdma_post 1507 ]
05-28 06:21:46.871   376   376 E RHWC2   : fox1 [rtk_gdma_post 1530 ]name_of_layer = com.redflix.tvmoderno/com.redx.tvbox.MainActivity#0 num_of_layers=1
05-28 06:21:46.871   376   376 E RHWC2   : fox 1 [rtk_gdma_post 1531] HAS_FLAG=0
05-28 06:21:46.871   376   376 E RHWC2   : fox1 [rtk_gdma_post 1565 ]
05-28 06:21:46.901   376   376 E RHWC2   : fox1 func=hwc2_func_validate_display line=1291 
05-28 06:21:46.901   376   376 E RHWC2   : fox1 func=hwc2_func_validate_display line=1411 
05-28 06:21:46.903   376   376 E RHWC2   : fox1 [rtk_gdma_post 1507 ]
05-28 06:21:46.903   376   376 E RHWC2   : fox1 [rtk_gdma_post 1530 ]name_of_layer = com.redflix.tvmoderno/com.redx.tvbox.MainActivity#0 num_of_layers=1
05-28 06:21:46.903   376   376 E RHWC2   : fox 1 [rtk_gdma_post 1531] HAS_FLAG=0
05-28 06:21:46.903   376   376 E RHWC2   : fox1 [rtk_gdma_post 1565 ]
05-28 06:21:46.934   376   376 E RHWC2   : fox1 func=hwc2_func_validate_display line=1291 
05-28 06:21:46.935   376   376 E RHWC2   : fox1 func=hwc2_func_validate_display line=1411 
05-28 06:21:46.936   376   376 E RHWC2   : fox1 [rtk_gdma_post 1507 ]
05-28 06:21:46.936   376   376 E RHWC2   : fox1 [rtk_gdma_post 1530 ]name_of_layer = com.redflix.tvmoderno/com.redx.tvbox.MainActivity#0 num_of_layers=1
05-28 06:21:46.937   376   376 E RHWC2   : fox 1 [rtk_gdma_post 1531] HAS_FLAG=0
05-28 06:21:46.937   376   376 E RHWC2   : fox1 [rtk_gdma_post 1565 ]
05-28 06:21:46.967   376   376 E RHWC2   : fox1 func=hwc2_func_validate_display line=1291 
05-28 06:21:46.968   376   376 E RHWC2   : fox1 func=hwc2_func_validate_display line=1411 
05-28 06:21:46.969   376   376 E RHWC2   : fox1 [rtk_gdma_post 1507 ]
05-28 06:21:46.969   376   376 E RHWC2   : fox1 [rtk_gdma_post 1530 ]name_of_layer = com.redflix.tvmoderno/com.redx.tvbox.MainActivity#0 num_of_layers=1
05-28 06:21:46.969   376   376 E RHWC2   : fox 1 [rtk_gdma_post 1531] HAS_FLAG=0
05-28 06:21:46.969   376   376 E RHWC2   : fox1 [rtk_gdma_post 1565 ]
05-28 06:21:46.989  2255  2255 W Capacitor/Console: File: https://localhost/assets/vendor-hls-rhxmDbYf.js - Line 1 - Msg: Mixed Content: The page at 'https://localhost/canais' was loaded over HTTPS, but requested an insecure XMLHttpRequest endpoint 'http://23.95.79.65/hls/4794547_1370.ts?token=ujbzD0vIUxmFP-cDuCrYwHsxfbhcdLA2NMIH8NTwu_QqNnoKWPJpSX3NjbaDxVvhS0aruq99KkdXxCmmTGx4uxLhI3P9tMNsfklgXRrK3eyhWavgejt3U6_FG5l6lifpK9_95wQmWtAOHegt3FMl6w'. This content should also be served over HTTPS.
05-28 06:21:47.001   376   376 E RHWC2   : fox1 func=hwc2_func_validate_display line=1291 
05-28 06:21:47.001   376   376 E RHWC2   : fox1 func=hwc2_func_validate_display line=1411 
05-28 06:21:47.003   376   376 E RHWC2   : fox1 [rtk_gdma_post 1507 ]
05-28 06:21:47.003   376   376 E RHWC2   : fox1 [rtk_gdma_post 1530 ]name_of_layer = com.redflix.tvmoderno/com.redx.tvbox.MainActivity#0 num_of_layers=1
05-28 06:21:47.003   376   376 E RHWC2   : fox 1 [rtk_gdma_post 1531] HAS_FLAG=0
05-28 06:21:47.003   376   376 E RHWC2   : fox1 [rtk_gdma_post 1565 ]
05-28 06:21:47.035   376   376 E RHWC2   : fox1 func=hwc2_func_validate_display line=1291 
05-28 06:21:47.035   376   376 E RHWC2   : fox1 func=hwc2_func_validate_display line=1411 
05-28 06:21:47.037   376   376 E RHWC2   : fox1 [rtk_gdma_post 1507 ]
05-28 06:21:47.037   376   376 E RHWC2   : fox1 [rtk_gdma_post 1530 ]name_of_layer = com.redflix.tvmoderno/com.redx.tvbox.MainActivity#0 num_of_layers=1
05-28 06:21:47.037   376   376 E RHWC2   : fox 1 [rtk_gdma_post 1531] HAS_FLAG=0
05-28 06:21:47.037   376   376 E RHWC2   : fox1 [rtk_gdma_post 1565 ]
05-28 06:21:47.068   376   376 E RHWC2   : fox1 func=hwc2_func_validate_display line=1291 
05-28 06:21:47.068   376   376 E RHWC2   : fox1 func=hwc2_func_validate_display line=1411 
05-28 06:21:47.070   376   376 E RHWC2   : fox1 [rtk_gdma_post 1507 ]
05-28 06:21:47.070   376   376 E RHWC2   : fox1 [rtk_gdma_post 1530 ]name_of_layer = com.redflix.tvmoderno/com.redx.tvbox.MainActivity#0 num_of_layers=1
05-28 06:21:47.070   376   376 E RHWC2   : fox 1 [rtk_gdma_post 1531] HAS_FLAG=0
05-28 06:21:47.070   376   376 E RHWC2   : fox1 [rtk_gdma_post 1565 ]
05-28 06:21:47.101   376   376 E RHWC2   : fox1 func=hwc2_func_validate_display line=1291 
05-28 06:21:47.101   376   376 E RHWC2   : fox1 func=hwc2_func_validate_display line=1411 
05-28 06:21:47.104   376   376 E RHWC2   : fox1 [rtk_gdma_post 1507 ]
05-28 06:21:47.104   376   376 E RHWC2   : fox1 [rtk_gdma_post 1530 ]name_of_layer = com.redflix.tvmoderno/com.redx.tvbox.MainActivity#0 num_of_layers=1
05-28 06:21:47.104   376   376 E RHWC2   : fox 1 [rtk_gdma_post 1531] HAS_FLAG=0
05-28 06:21:47.104   376   376 E RHWC2   : fox1 [rtk_gdma_post 1565 ]
05-28 06:21:47.135   376   376 E RHWC2   : fox1 func=hwc2_func_validate_display line=1291 
05-28 06:21:47.135   376   376 E RHWC2   : fox1 func=hwc2_func_validate_display line=1411 
05-28 06:21:47.137   376   376 E RHWC2   : fox1 [rtk_gdma_post 1507 ]
05-28 06:21:47.137   376   376 E RHWC2   : fox1 [rtk_gdma_post 1530 ]name_of_layer = com.redflix.tvmoderno/com.redx.tvbox.MainActivity#0 num_of_layers=1
05-28 06:21:47.137   376   376 E RHWC2   : fox 1 [rtk_gdma_post 1531] HAS_FLAG=0
05-28 06:21:47.137   376   376 E RHWC2   : fox1 [rtk_gdma_post 1565 ]
05-28 06:21:47.168   376   376 E RHWC2   : fox1 func=hwc2_func_validate_display line=1291 
05-28 06:21:47.168   376   376 E RHWC2   : fox1 func=hwc2_func_validate_display line=1411 
05-28 06:21:47.169   376   376 E RHWC2   : fox1 [rtk_gdma_post 1507 ]
05-28 06:21:47.169   376   376 E RHWC2   : fox1 [rtk_gdma_post 1530 ]name_of_layer = com.redflix.tvmoderno/com.redx.tvbox.MainActivity#0 num_of_layers=1
05-28 06:21:47.170   376   376 E RHWC2   : fox 1 [rtk_gdma_post 1531] HAS_FLAG=0
05-28 06:21:47.170   376   376 E RHWC2   : fox1 [rtk_gdma_post 1565 ]
05-28 06:21:47.201   376   376 E RHWC2   : fox1 func=hwc2_func_validate_display line=1291 
05-28 06:21:47.201   376   376 E RHWC2   : fox1 func=hwc2_func_validate_display line=1411 
05-28 06:21:47.203   376   376 E RHWC2   : fox1 [rtk_gdma_post 1507 ]
05-28 06:21:47.203   376   376 E RHWC2   : fox1 [rtk_gdma_post 1530 ]name_of_layer = com.redflix.tvmoderno/com.redx.tvbox.MainActivity#0 num_of_layers=1
05-28 06:21:47.203   376   376 E RHWC2   : fox 1 [rtk_gdma_post 1531] HAS_FLAG=0
05-28 06:21:47.203   376   376 E RHWC2   : fox1 [rtk_gdma_post 1565 ]
05-28 06:21:47.234   376   376 E RHWC2   : fox1 func=hwc2_func_validate_display line=1291 
05-28 06:21:47.234   376   376 E RHWC2   : fox1 func=hwc2_func_validate_display line=1411 
05-28 06:21:47.236   376   376 E RHWC2   : fox1 [rtk_gdma_post 1507 ]
05-28 06:21:47.236   376   376 E RHWC2   : fox1 [rtk_gdma_post 1530 ]name_of_layer = com.redflix.tvmoderno/com.redx.tvbox.MainActivity#0 num_of_layers=1
05-28 06:21:47.236   376   376 E RHWC2   : fox 1 [rtk_gdma_post 1531] HAS_FLAG=0
05-28 06:21:47.236   376   376 E RHWC2   : fox1 [rtk_gdma_post 1565 ]
05-28 06:21:47.267   376   376 E RHWC2   : fox1 func=hwc2_func_validate_display line=1291 
05-28 06:21:47.267   376   376 E RHWC2   : fox1 func=hwc2_func_validate_display line=1411 
05-28 06:21:47.268   394   791 I HdmieArc: earc status newStatus 0, oldStatus=EN_TOS_CEC_EARC_STATUS_HANDSHAKE
05-28 06:21:47.268   394   791 I HdmieArc: rhal earc status: 0, error code: 0 
05-28 06:21:47.269   376   376 E RHWC2   : fox1 [rtk_gdma_post 1507 ]
05-28 06:21:47.269   376   376 E RHWC2   : fox1 [rtk_gdma_post 1530 ]name_of_layer = com.redflix.tvmoderno/com.redx.tvbox.MainActivity#0 num_of_layers=1
05-28 06:21:47.269   376   376 E RHWC2   : fox 1 [rtk_gdma_post 1531] HAS_FLAG=0
05-28 06:21:47.269   376   376 E RHWC2   : fox1 [rtk_gdma_post 1565 ]
05-28 06:21:47.313   376   376 E RHWC2   : fox1 func=hwc2_func_validate_display line=1291 
05-28 06:21:47.313   376   376 E RHWC2   : fox1 func=hwc2_func_validate_display line=1411 
05-28 06:21:47.315   376   376 E RHWC2   : fox1 [rtk_gdma_post 1507 ]
05-28 06:21:47.315   376   376 E RHWC2   : fox1 [rtk_gdma_post 1530 ]name_of_layer = com.redflix.tvmoderno/com.redx.tvbox.MainActivity#0 num_of_layers=1
05-28 06:21:47.315   376   376 E RHWC2   : fox 1 [rtk_gdma_post 1531] HAS_FLAG=0
05-28 06:21:47.315   376   376 E RHWC2   : fox1 [rtk_gdma_post 1565 ]
05-28 06:21:47.334   376   376 E RHWC2   : fox1 func=hwc2_func_validate_display line=1291 
05-28 06:21:47.334   376   376 E RHWC2   : fox1 func=hwc2_func_validate_display line=1411 
05-28 06:21:47.336   376   376 E RHWC2   : fox1 [rtk_gdma_post 1507 ]
05-28 06:21:47.336   376   376 E RHWC2   : fox1 [rtk_gdma_post 1530 ]name_of_layer = com.redflix.tvmoderno/com.redx.tvbox.MainActivity#0 num_of_layers=1
05-28 06:21:47.336   376   376 E RHWC2   : fox 1 [rtk_gdma_post 1531] HAS_FLAG=0
05-28 06:21:47.336   376   376 E RHWC2   : fox1 [rtk_gdma_post 1565 ]
05-28 06:21:47.368   376   376 E RHWC2   : fox1 func=hwc2_func_validate_display line=1291 
05-28 06:21:47.368   376   376 E RHWC2   : fox1 func=hwc2_func_validate_display line=1411 
05-28 06:21:47.369   376   376 E RHWC2   : fox1 [rtk_gdma_post 1507 ]
05-28 06:21:47.369   376   376 E RHWC2   : fox1 [rtk_gdma_post 1530 ]name_of_layer = com.redflix.tvmoderno/com.redx.tvbox.MainActivity#0 num_of_layers=1
05-28 06:21:47.369   376   376 E RHWC2   : fox 1 [rtk_gdma_post 1531] HAS_FLAG=0
05-28 06:21:47.369   376   376 E RHWC2   : fox1 [rtk_gdma_post 1565 ]
05-28 06:21:47.401   376   376 E RHWC2   : fox1 func=hwc2_func_validate_display line=1291 
05-28 06:21:47.401   376   376 E RHWC2   : fox1 func=hwc2_func_validate_display line=1411 
05-28 06:21:47.403   376   376 E RHWC2   : fox1 [rtk_gdma_post 1507 ]
05-28 06:21:47.403   376   376 E RHWC2   : fox1 [rtk_gdma_post 1530 ]name_of_layer = com.redflix.tvmoderno/com.redx.tvbox.MainActivity#0 num_of_layers=1
05-28 06:21:47.403   376   376 E RHWC2   : fox 1 [rtk_gdma_post 1531] HAS_FLAG=0
05-28 06:21:47.403   376   376 E RHWC2   : fox1 [rtk_gdma_post 1565 ]
05-28 06:21:47.434   376   376 E RHWC2   : fox1 func=hwc2_func_validate_display line=1291 
05-28 06:21:47.434   376   376 E RHWC2   : fox1 func=hwc2_func_validate_display line=1411 
05-28 06:21:47.436   376   376 E RHWC2   : fox1 [rtk_gdma_post 1507 ]
05-28 06:21:47.436   376   376 E RHWC2   : fox1 [rtk_gdma_post 1530 ]name_of_layer = com.redflix.tvmoderno/com.redx.tvbox.MainActivity#0 num_of_layers=1
05-28 06:21:47.436   376   376 E RHWC2   : fox 1 [rtk_gdma_post 1531] HAS_FLAG=0
05-28 06:21:47.436   376   376 E RHWC2   : fox1 [rtk_gdma_post 1565 ]
05-28 06:21:47.468   376   376 E RHWC2   : fox1 func=hwc2_func_validate_display line=1291 
05-28 06:21:47.468   376   376 E RHWC2   : fox1 func=hwc2_func_validate_display line=1411 
05-28 06:21:47.470   376   376 E RHWC2   : fox1 [rtk_gdma_post 1507 ]
05-28 06:21:47.470   376   376 E RHWC2   : fox1 [rtk_gdma_post 1530 ]name_of_layer = com.redflix.tvmoderno/com.redx.tvbox.MainActivity#0 num_of_layers=1
05-28 06:21:47.470   376   376 E RHWC2   : fox 1 [rtk_gdma_post 1531] HAS_FLAG=0
05-28 06:21:47.470   376   376 E RHWC2   : fox1 [rtk_gdma_post 1565 ]
05-28 06:21:47.501   376   376 E RHWC2   : fox1 func=hwc2_func_validate_display line=1291 
05-28 06:21:47.501   376   376 E RHWC2   : fox1 func=hwc2_func_validate_display line=1411 
05-28 06:21:47.503   376   376 E RHWC2   : fox1 [rtk_gdma_post 1507 ]
05-28 06:21:47.503   376   376 E RHWC2   : fox1 [rtk_gdma_post 1530 ]name_of_layer = com.redflix.tvmoderno/com.redx.tvbox.MainActivity#0 num_of_layers=1
05-28 06:21:47.503   376   376 E RHWC2   : fox 1 [rtk_gdma_post 1531] HAS_FLAG=0
05-28 06:21:47.503   376   376 E RHWC2   : fox1 [rtk_gdma_post 1565 ]
05-28 06:21:47.534   376   376 E RHWC2   : fox1 func=hwc2_func_validate_display line=1291 
05-28 06:21:47.534   376   376 E RHWC2   : fox1 func=hwc2_func_validate_display line=1411 
05-28 06:21:47.536   376   376 E RHWC2   : fox1 [rtk_gdma_post 1507 ]
05-28 06:21:47.536   376   376 E RHWC2   : fox1 [rtk_gdma_post 1530 ]name_of_layer = com.redflix.tvmoderno/com.redx.tvbox.MainActivity#0 num_of_layers=1
05-28 06:21:47.536   376   376 E RHWC2   : fox 1 [rtk_gdma_post 1531] HAS_FLAG=0
05-28 06:21:47.536   376   376 E RHWC2   : fox1 [rtk_gdma_post 1565 ]
05-28 06:21:47.579   376   376 E RHWC2   : fox1 func=hwc2_func_validate_display line=1291 
05-28 06:21:47.579   376   376 E RHWC2   : fox1 func=hwc2_func_validate_display line=1411 
05-28 06:21:47.581   376   376 E RHWC2   : fox1 [rtk_gdma_post 1507 ]
05-28 06:21:47.582   376   376 E RHWC2   : fox1 [rtk_gdma_post 1530 ]name_of_layer = com.redflix.tvmoderno/com.redx.tvbox.MainActivity#0 num_of_layers=1
05-28 06:21:47.582   376   376 E RHWC2   : fox 1 [rtk_gdma_post 1531] HAS_FLAG=0
05-28 06:21:47.582   376   376 E RHWC2   : fox1 [rtk_gdma_post 1565 ]
05-28 06:21:47.603   376   376 E RHWC2   : fox1 func=hwc2_func_validate_display line=1291 
05-28 06:21:47.603   376   376 E RHWC2   : fox1 func=hwc2_func_validate_display line=1411 
05-28 06:21:47.605   376   376 E RHWC2   : fox1 [rtk_gdma_post 1507 ]
05-28 06:21:47.605   376   376 E RHWC2   : fox1 [rtk_gdma_post 1530 ]name_of_layer = com.redflix.tvmoderno/com.redx.tvbox.MainActivity#0 num_of_layers=1
05-28 06:21:47.605   376   376 E RHWC2   : fox 1 [rtk_gdma_post 1531] HAS_FLAG=0
05-28 06:21:47.605   376   376 E RHWC2   : fox1 [rtk_gdma_post 1565 ]
05-28 06:21:47.635   376   376 E RHWC2   : fox1 func=hwc2_func_validate_display line=1291 
05-28 06:21:47.635   376   376 E RHWC2   : fox1 func=hwc2_func_validate_display line=1411 
05-28 06:21:47.637   376   376 E RHWC2   : fox1 [rtk_gdma_post 1507 ]
05-28 06:21:47.637   376   376 E RHWC2   : fox1 [rtk_gdma_post 1530 ]name_of_layer = com.redflix.tvmoderno/com.redx.tvbox.MainActivity#0 num_of_layers=1
05-28 06:21:47.637   376   376 E RHWC2   : fox 1 [rtk_gdma_post 1531] HAS_FLAG=0
05-28 06:21:47.637   376   376 E RHWC2   : fox1 [rtk_gdma_post 1565 ]
05-28 06:21:47.669   376   376 E RHWC2   : fox1 func=hwc2_func_validate_display line=1291 
05-28 06:21:47.669   376   376 E RHWC2   : fox1 func=hwc2_func_validate_display line=1411 
05-28 06:21:47.671   376   376 E RHWC2   : fox1 [rtk_gdma_post 1507 ]
05-28 06:21:47.671   376   376 E RHWC2   : fox1 [rtk_gdma_post 1530 ]name_of_layer = com.redflix.tvmoderno/com.redx.tvbox.MainActivity#0 num_of_layers=1
05-28 06:21:47.671   376   376 E RHWC2   : fox 1 [rtk_gdma_post 1531] HAS_FLAG=0
05-28 06:21:47.671   376   376 E RHWC2   : fox1 [rtk_gdma_post 1565 ]
05-28 06:21:47.701   376   376 E RHWC2   : fox1 func=hwc2_func_validate_display line=1291 
05-28 06:21:47.701   376   376 E RHWC2   : fox1 func=hwc2_func_validate_display line=1411 
05-28 06:21:47.703   376   376 E RHWC2   : fox1 [rtk_gdma_post 1507 ]
05-28 06:21:47.703   376   376 E RHWC2   : fox1 [rtk_gdma_post 1530 ]name_of_layer = com.redflix.tvmoderno/com.redx.tvbox.MainActivity#0 num_of_layers=1
05-28 06:21:47.703   376   376 E RHWC2   : fox 1 [rtk_gdma_post 1531] HAS_FLAG=0
05-28 06:21:47.703   376   376 E RHWC2   : fox1 [rtk_gdma_post 1565 ]
05-28 06:21:47.735   376   376 E RHWC2   : fox1 func=hwc2_func_validate_display line=1291 
05-28 06:21:47.736   376   376 E RHWC2   : fox1 func=hwc2_func_validate_display line=1411 
05-28 06:21:47.738   376   376 E RHWC2   : fox1 [rtk_gdma_post 1507 ]
05-28 06:21:47.738   376   376 E RHWC2   : fox1 [rtk_gdma_post 1530 ]name_of_layer = com.redflix.tvmoderno/com.redx.tvbox.MainActivity#0 num_of_layers=1
05-28 06:21:47.738   376   376 E RHWC2   : fox 1 [rtk_gdma_post 1531] HAS_FLAG=0
05-28 06:21:47.738   376   376 E RHWC2   : fox1 [rtk_gdma_post 1565 ]
05-28 06:21:47.769   376   376 E RHWC2   : fox1 func=hwc2_func_validate_display line=1291 
05-28 06:21:47.769   376   376 E RHWC2   : fox1 func=hwc2_func_validate_display line=1411 
05-28 06:21:47.772   376   376 E RHWC2   : fox1 [rtk_gdma_post 1507 ]
05-28 06:21:47.772   376   376 E RHWC2   : fox1 [rtk_gdma_post 1530 ]name_of_layer = com.redflix.tvmoderno/com.redx.tvbox.MainActivity#0 num_of_layers=1
05-28 06:21:47.772   376   376 E RHWC2   : fox 1 [rtk_gdma_post 1531] HAS_FLAG=0
05-28 06:21:47.772   376   376 E RHWC2   : fox1 [rtk_gdma_post 1565 ]
05-28 06:21:47.801   376   376 E RHWC2   : fox1 func=hwc2_func_validate_display line=1291 
05-28 06:21:47.801   376   376 E RHWC2   : fox1 func=hwc2_func_validate_display line=1411 
05-28 06:21:47.804   376   376 E RHWC2   : fox1 [rtk_gdma_post 1507 ]
05-28 06:21:47.804   376   376 E RHWC2   : fox1 [rtk_gdma_post 1530 ]name_of_layer = com.redflix.tvmoderno/com.redx.tvbox.MainActivity#0 num_of_layers=1
05-28 06:21:47.804   376   376 E RHWC2   : fox 1 [rtk_gdma_post 1531] HAS_FLAG=0
05-28 06:21:47.804   376   376 E RHWC2   : fox1 [rtk_gdma_post 1565 ]
05-28 06:21:47.835   376   376 E RHWC2   : fox1 func=hwc2_func_validate_display line=1291 
05-28 06:21:47.835   376   376 E RHWC2   : fox1 func=hwc2_func_validate_display line=1411 
05-28 06:21:47.837   376   376 E RHWC2   : fox1 [rtk_gdma_post 1507 ]
05-28 06:21:47.837   376   376 E RHWC2   : fox1 [rtk_gdma_post 1530 ]name_of_layer = com.redflix.tvmoderno/com.redx.tvbox.MainActivity#0 num_of_layers=1
05-28 06:21:47.837   376   376 E RHWC2   : fox 1 [rtk_gdma_post 1531] HAS_FLAG=0
05-28 06:21:47.837   376   376 E RHWC2   : fox1 [rtk_gdma_post 1565 ]
05-28 06:21:47.868   376   376 E RHWC2   : fox1 func=hwc2_func_validate_display line=1291 
05-28 06:21:47.868   376   376 E RHWC2   : fox1 func=hwc2_func_validate_display line=1411 
05-28 06:21:47.870   376   376 E RHWC2   : fox1 [rtk_gdma_post 1507 ]
05-28 06:21:47.870   376   376 E RHWC2   : fox1 [rtk_gdma_post 1530 ]name_of_layer = com.redflix.tvmoderno/com.redx.tvbox.MainActivity#0 num_of_layers=1
05-28 06:21:47.870   376   376 E RHWC2   : fox 1 [rtk_gdma_post 1531] HAS_FLAG=0
05-28 06:21:47.870   376   376 E RHWC2   : fox1 [rtk_gdma_post 1565 ]
05-28 06:21:47.902   376   376 E RHWC2   : fox1 func=hwc2_func_validate_display line=1291 
05-28 06:21:47.902   376   376 E RHWC2   : fox1 func=hwc2_func_validate_display line=1411 
05-28 06:21:47.904   376   376 E RHWC2   : fox1 [rtk_gdma_post 1507 ]
05-28 06:21:47.904   376   376 E RHWC2   : fox1 [rtk_gdma_post 1530 ]name_of_layer = com.redflix.tvmoderno/com.redx.tvbox.MainActivity#0 num_of_layers=1
05-28 06:21:47.904   376   376 E RHWC2   : fox 1 [rtk_gdma_post 1531] HAS_FLAG=0
05-28 06:21:47.904   376   376 E RHWC2   : fox1 [rtk_gdma_post 1565 ]
05-28 06:21:47.935   376   376 E RHWC2   : fox1 func=hwc2_func_validate_display line=1291 
05-28 06:21:47.935   376   376 E RHWC2   : fox1 func=hwc2_func_validate_display line=1411 
05-28 06:21:47.937   376   376 E RHWC2   : fox1 [rtk_gdma_post 1507 ]
05-28 06:21:47.937   376   376 E RHWC2   : fox1 [rtk_gdma_post 1530 ]name_of_layer = com.redflix.tvmoderno/com.redx.tvbox.MainActivity#0 num_of_layers=1
05-28 06:21:47.937   376   376 E RHWC2   : fox 1 [rtk_gdma_post 1531] HAS_FLAG=0
05-28 06:21:47.937   376   376 E RHWC2   : fox1 [rtk_gdma_post 1565 ]
05-28 06:21:47.969   376   376 E RHWC2   : fox1 func=hwc2_func_validate_display line=1291 
05-28 06:21:47.969   376   376 E RHWC2   : fox1 func=hwc2_func_validate_display line=1411 
05-28 06:21:47.971   376   376 E RHWC2   : fox1 [rtk_gdma_post 1507 ]
05-28 06:21:47.971   376   376 E RHWC2   : fox1 [rtk_gdma_post 1530 ]name_of_layer = com.redflix.tvmoderno/com.redx.tvbox.MainActivity#0 num_of_layers=1
05-28 06:21:47.971   376   376 E RHWC2   : fox 1 [rtk_gdma_post 1531] HAS_FLAG=0
05-28 06:21:47.971   376   376 E RHWC2   : fox1 [rtk_gdma_post 1565 ]
05-28 06:21:48.001   376   376 E RHWC2   : fox1 func=hwc2_func_validate_display line=1291 
05-28 06:21:48.002   376   376 E RHWC2   : fox1 func=hwc2_func_validate_display line=1411 
05-28 06:21:48.003   376   376 E RHWC2   : fox1 [rtk_gdma_post 1507 ]
05-28 06:21:48.003   376   376 E RHWC2   : fox1 [rtk_gdma_post 1530 ]name_of_layer = com.redflix.tvmoderno/com.redx.tvbox.MainActivity#0 num_of_layers=1
05-28 06:21:48.003   376   376 E RHWC2   : fox 1 [rtk_gdma_post 1531] HAS_FLAG=0
05-28 06:21:48.003   376   376 E RHWC2   : fox1 [rtk_gdma_post 1565 ]
05-28 06:21:48.036   376   376 E RHWC2   : fox1 func=hwc2_func_validate_display line=1291 
05-28 06:21:48.036   376   376 E RHWC2   : fox1 func=hwc2_func_validate_display line=1411 
05-28 06:21:48.038   376   376 E RHWC2   : fox1 [rtk_gdma_post 1507 ]
05-28 06:21:48.038   376   376 E RHWC2   : fox1 [rtk_gdma_post 1530 ]name_of_layer = com.redflix.tvmoderno/com.redx.tvbox.MainActivity#0 num_of_layers=1
05-28 06:21:48.038   376   376 E RHWC2   : fox 1 [rtk_gdma_post 1531] HAS_FLAG=0
05-28 06:21:48.038   376   376 E RHWC2   : fox1 [rtk_gdma_post 1565 ]
05-28 06:21:48.069   376   376 E RHWC2   : fox1 func=hwc2_func_validate_display line=1291 
05-28 06:21:48.069   376   376 E RHWC2   : fox1 func=hwc2_func_validate_display line=1411 
05-28 06:21:48.071   376   376 E RHWC2   : fox1 [rtk_gdma_post 1507 ]
05-28 06:21:48.071   376   376 E RHWC2   : fox1 [rtk_gdma_post 1530 ]name_of_layer = com.redflix.tvmoderno/com.redx.tvbox.MainActivity#0 num_of_layers=1
05-28 06:21:48.071   376   376 E RHWC2   : fox 1 [rtk_gdma_post 1531] HAS_FLAG=0
05-28 06:21:48.071   376   376 E RHWC2   : fox1 [rtk_gdma_post 1565 ]
05-28 06:21:48.101   376   376 E RHWC2   : fox1 func=hwc2_func_validate_display line=1291 
05-28 06:21:48.101   376   376 E RHWC2   : fox1 func=hwc2_func_validate_display line=1411 
05-28 06:21:48.103   376   376 E RHWC2   : fox1 [rtk_gdma_post 1507 ]
05-28 06:21:48.103   376   376 E RHWC2   : fox1 [rtk_gdma_post 1530 ]name_of_layer = com.redflix.tvmoderno/com.redx.tvbox.MainActivity#0 num_of_layers=1
05-28 06:21:48.103   376   376 E RHWC2   : fox 1 [rtk_gdma_post 1531] HAS_FLAG=0
05-28 06:21:48.103   376   376 E RHWC2   : fox1 [rtk_gdma_post 1565 ]
05-28 06:21:48.134   376   376 E RHWC2   : fox1 func=hwc2_func_validate_display line=1291 
05-28 06:21:48.135   376   376 E RHWC2   : fox1 func=hwc2_func_validate_display line=1411 
05-28 06:21:48.136   376   376 E RHWC2   : fox1 [rtk_gdma_post 1507 ]
05-28 06:21:48.136   376   376 E RHWC2   : fox1 [rtk_gdma_post 1530 ]name_of_layer = com.redflix.tvmoderno/com.redx.tvbox.MainActivity#0 num_of_layers=1
05-28 06:21:48.136   376   376 E RHWC2   : fox 1 [rtk_gdma_post 1531] HAS_FLAG=0
05-28 06:21:48.136   376   376 E RHWC2   : fox1 [rtk_gdma_post 1565 ]
05-28 06:21:48.168   376   376 E RHWC2   : fox1 func=hwc2_func_validate_display line=1291 
05-28 06:21:48.168   376   376 E RHWC2   : fox1 func=hwc2_func_validate_display line=1411 
05-28 06:21:48.170   376   376 E RHWC2   : fox1 [rtk_gdma_post 1507 ]
05-28 06:21:48.170   376   376 E RHWC2   : fox1 [rtk_gdma_post 1530 ]name_of_layer = com.redflix.tvmoderno/com.redx.tvbox.MainActivity#0 num_of_layers=1
05-28 06:21:48.170   376   376 E RHWC2   : fox 1 [rtk_gdma_post 1531] HAS_FLAG=0
05-28 06:21:48.170   376   376 E RHWC2   : fox1 [rtk_gdma_post 1565 ]
05-28 06:21:48.201   376   376 E RHWC2   : fox1 func=hwc2_func_validate_display line=1291 
05-28 06:21:48.201   376   376 E RHWC2   : fox1 func=hwc2_func_validate_display line=1411 
05-28 06:21:48.202   376   376 E RHWC2   : fox1 [rtk_gdma_post 1507 ]
05-28 06:21:48.202   376   376 E RHWC2   : fox1 [rtk_gdma_post 1530 ]name_of_layer = com.redflix.tvmoderno/com.redx.tvbox.MainActivity#0 num_of_layers=1
05-28 06:21:48.202   376   376 E RHWC2   : fox 1 [rtk_gdma_post 1531] HAS_FLAG=0
05-28 06:21:48.202   376   376 E RHWC2   : fox1 [rtk_gdma_post 1565 ]
05-28 06:21:48.234   376   376 E RHWC2   : fox1 func=hwc2_func_validate_display line=1291 
05-28 06:21:48.235   376   376 E RHWC2   : fox1 func=hwc2_func_validate_display line=1411 
05-28 06:21:48.237   376   376 E RHWC2   : fox1 [rtk_gdma_post 1507 ]
05-28 06:21:48.237   376   376 E RHWC2   : fox1 [rtk_gdma_post 1530 ]name_of_layer = com.redflix.tvmoderno/com.redx.tvbox.MainActivity#0 num_of_layers=1
05-28 06:21:48.237   376   376 E RHWC2   : fox 1 [rtk_gdma_post 1531] HAS_FLAG=0
05-28 06:21:48.237   376   376 E RHWC2   : fox1 [rtk_gdma_post 1565 ]
05-28 06:21:48.268   376   376 E RHWC2   : fox1 func=hwc2_func_validate_display line=1291 
05-28 06:21:48.268   376   376 E RHWC2   : fox1 func=hwc2_func_validate_display line=1411 
05-28 06:21:48.268   394   791 I HdmieArc: earc status newStatus 0, oldStatus=EN_TOS_CEC_EARC_STATUS_HANDSHAKE
05-28 06:21:48.268   394   791 I HdmieArc: rhal earc status: 0, error code: 0 
05-28 06:21:48.270   376   376 E RHWC2   : fox1 [rtk_gdma_post 1507 ]
05-28 06:21:48.270   376   376 E RHWC2   : fox1 [rtk_gdma_post 1530 ]name_of_layer = com.redflix.tvmoderno/com.redx.tvbox.MainActivity#0 num_of_layers=1
05-28 06:21:48.270   376   376 E RHWC2   : fox 1 [rtk_gdma_post 1531] HAS_FLAG=0
05-28 06:21:48.270   376   376 E RHWC2   : fox1 [rtk_gdma_post 1565 ]
05-28 06:21:48.313   376   376 E RHWC2   : fox1 func=hwc2_func_validate_display line=1291 
05-28 06:21:48.313   376   376 E RHWC2   : fox1 func=hwc2_func_validate_display line=1411 
05-28 06:21:48.315   376   376 E RHWC2   : fox1 [rtk_gdma_post 1507 ]
05-28 06:21:48.315   376   376 E RHWC2   : fox1 [rtk_gdma_post 1530 ]name_of_layer = com.redflix.tvmoderno/com.redx.tvbox.MainActivity#0 num_of_layers=1
05-28 06:21:48.315   376   376 E RHWC2   : fox 1 [rtk_gdma_post 1531] HAS_FLAG=0
05-28 06:21:48.315   376   376 E RHWC2   : fox1 [rtk_gdma_post 1565 ]
05-28 06:21:48.335   376   376 E RHWC2   : fox1 func=hwc2_func_validate_display line=1291 
05-28 06:21:48.335   376   376 E RHWC2   : fox1 func=hwc2_func_validate_display line=1411 
05-28 06:21:48.336   376   376 E RHWC2   : fox1 [rtk_gdma_post 1507 ]
05-28 06:21:48.337   376   376 E RHWC2   : fox1 [rtk_gdma_post 1530 ]name_of_layer = com.redflix.tvmoderno/com.redx.tvbox.MainActivity#0 num_of_layers=1
05-28 06:21:48.337   376   376 E RHWC2   : fox 1 [rtk_gdma_post 1531] HAS_FLAG=0
05-28 06:21:48.337   376   376 E RHWC2   : fox1 [rtk_gdma_post 1565 ]
05-28 06:21:48.369   376   376 E RHWC2   : fox1 func=hwc2_func_validate_display line=1291 
05-28 06:21:48.369   376   376 E RHWC2   : fox1 func=hwc2_func_validate_display line=1411 
05-28 06:21:48.371   376   376 E RHWC2   : fox1 [rtk_gdma_post 1507 ]
05-28 06:21:48.371   376   376 E RHWC2   : fox1 [rtk_gdma_post 1530 ]name_of_layer = com.redflix.tvmoderno/com.redx.tvbox.MainActivity#0 num_of_layers=1
05-28 06:21:48.371   376   376 E RHWC2   : fox 1 [rtk_gdma_post 1531] HAS_FLAG=0
05-28 06:21:48.371   376   376 E RHWC2   : fox1 [rtk_gdma_post 1565 ]
05-28 06:21:48.402   376   376 E RHWC2   : fox1 func=hwc2_func_validate_display line=1291 
05-28 06:21:48.402   376   376 E RHWC2   : fox1 func=hwc2_func_validate_display line=1411 
05-28 06:21:48.404   376   376 E RHWC2   : fox1 [rtk_gdma_post 1507 ]
05-28 06:21:48.404   376   376 E RHWC2   : fox1 [rtk_gdma_post 1530 ]name_of_layer = com.redflix.tvmoderno/com.redx.tvbox.MainActivity#0 num_of_layers=1
05-28 06:21:48.404   376   376 E RHWC2   : fox 1 [rtk_gdma_post 1531] HAS_FLAG=0
05-28 06:21:48.404   376   376 E RHWC2   : fox1 [rtk_gdma_post 1565 ]
05-28 06:21:48.422   364  4066 D rtk_audio_hw: [PCM] PTS >= 0, in samples 54710832 [54714368, 3536,   0] 42085.000
05-28 06:21:48.435   376   376 E RHWC2   : fox1 func=hwc2_func_validate_display line=1291 
05-28 06:21:48.435   376   376 E RHWC2   : fox1 func=hwc2_func_validate_display line=1411 
05-28 06:21:48.437   376   376 E RHWC2   : fox1 [rtk_gdma_post 1507 ]
05-28 06:21:48.437   376   376 E RHWC2   : fox1 [rtk_gdma_post 1530 ]name_of_layer = com.redflix.tvmoderno/com.redx.tvbox.MainActivity#0 num_of_layers=1
05-28 06:21:48.437   376   376 E RHWC2   : fox 1 [rtk_gdma_post 1531] HAS_FLAG=0
05-28 06:21:48.437   376   376 E RHWC2   : fox1 [rtk_gdma_post 1565 ]
05-28 06:21:48.469   376   376 E RHWC2   : fox1 func=hwc2_func_validate_display line=1291 
05-28 06:21:48.469   376   376 E RHWC2   : fox1 func=hwc2_func_validate_display line=1411 
05-28 06:21:48.471   376   376 E RHWC2   : fox1 [rtk_gdma_post 1507 ]
05-28 06:21:48.471   376   376 E RHWC2   : fox1 [rtk_gdma_post 1530 ]name_of_layer = com.redflix.tvmoderno/com.redx.tvbox.MainActivity#0 num_of_layers=1
05-28 06:21:48.471   376   376 E RHWC2   : fox 1 [rtk_gdma_post 1531] HAS_FLAG=0
05-28 06:21:48.471   376   376 E RHWC2   : fox1 [rtk_gdma_post 1565 ]
05-28 06:21:48.501   376   376 E RHWC2   : fox1 func=hwc2_func_validate_display line=1291 
05-28 06:21:48.501   376   376 E RHWC2   : fox1 func=hwc2_func_validate_display line=1411 
05-28 06:21:48.503   376   376 E RHWC2   : fox1 [rtk_gdma_post 1507 ]
05-28 06:21:48.504   376   376 E RHWC2   : fox1 [rtk_gdma_post 1530 ]name_of_layer = com.redflix.tvmoderno/com.redx.tvbox.MainActivity#0 num_of_layers=1
05-28 06:21:48.504   376   376 E RHWC2   : fox 1 [rtk_gdma_post 1531] HAS_FLAG=0
05-28 06:21:48.504   376   376 E RHWC2   : fox1 [rtk_gdma_post 1565 ]
05-28 06:21:48.536   376   376 E RHWC2   : fox1 func=hwc2_func_validate_display line=1291 
05-28 06:21:48.536   376   376 E RHWC2   : fox1 func=hwc2_func_validate_display line=1411 
05-28 06:21:48.538   376   376 E RHWC2   : fox1 [rtk_gdma_post 1507 ]
05-28 06:21:48.538   376   376 E RHWC2   : fox1 [rtk_gdma_post 1530 ]name_of_layer = com.redflix.tvmoderno/com.redx.tvbox.MainActivity#0 num_of_layers=1
05-28 06:21:48.538   376   376 E RHWC2   : fox 1 [rtk_gdma_post 1531] HAS_FLAG=0
05-28 06:21:48.538   376   376 E RHWC2   : fox1 [rtk_gdma_post 1565 ]
05-28 06:21:48.568   376   376 E RHWC2   : fox1 func=hwc2_func_validate_display line=1291 
05-28 06:21:48.568   376   376 E RHWC2   : fox1 func=hwc2_func_validate_display line=1411 
05-28 06:21:48.570   376   376 E RHWC2   : fox1 [rtk_gdma_post 1507 ]
05-28 06:21:48.570   376   376 E RHWC2   : fox1 [rtk_gdma_post 1530 ]name_of_layer = com.redflix.tvmoderno/com.redx.tvbox.MainActivity#0 num_of_layers=1
05-28 06:21:48.570   376   376 E RHWC2   : fox 1 [rtk_gdma_post 1531] HAS_FLAG=0
05-28 06:21:48.570   376   376 E RHWC2   : fox1 [rtk_gdma_post 1565 ]
05-28 06:21:48.601   376   376 E RHWC2   : fox1 func=hwc2_func_validate_display line=1291 
05-28 06:21:48.601   376   376 E RHWC2   : fox1 func=hwc2_func_validate_display line=1411 
05-28 06:21:48.603   376   376 E RHWC2   : fox1 [rtk_gdma_post 1507 ]
05-28 06:21:48.603   376   376 E RHWC2   : fox1 [rtk_gdma_post 1530 ]name_of_layer = com.redflix.tvmoderno/com.redx.tvbox.MainActivity#0 num_of_layers=1
05-28 06:21:48.603   376   376 E RHWC2   : fox 1 [rtk_gdma_post 1531] HAS_FLAG=0
05-28 06:21:48.603   376   376 E RHWC2   : fox1 [rtk_gdma_post 1565 ]
05-28 06:21:48.627   806  1026 E WifiVendorHal: getWifiLinkLayerStats_1_3_Internal(l.978) failed {.code = ERROR_NOT_SUPPORTED, .description = }
05-28 06:21:48.634   376   376 E RHWC2   : fox1 func=hwc2_func_validate_display line=1291 
05-28 06:21:48.634   376   376 E RHWC2   : fox1 func=hwc2_func_validate_display line=1411 
05-28 06:21:48.635   806  1026 D WifiClientModeImpl: fetchRssiLinkSpeedAndFrequencyNative rssi=-70 TxLinkspeed=78 freq=2417 RxLinkSpeed=0
05-28 06:21:48.635   806  1026 V WifiConfigManager: Updating scan detail cache freq=2417 BSSID=f8:2d:c0:24:9e:d2 RSSI=-70 for "BOLSONARO2018"WPA_PSK
05-28 06:21:48.636   376   376 E RHWC2   : fox1 [rtk_gdma_post 1507 ]
05-28 06:21:48.636   376   376 E RHWC2   : fox1 [rtk_gdma_post 1530 ]name_of_layer = com.redflix.tvmoderno/com.redx.tvbox.MainActivity#0 num_of_layers=1
05-28 06:21:48.636   376   376 E RHWC2   : fox 1 [rtk_gdma_post 1531] HAS_FLAG=0
05-28 06:21:48.636   376   376 E RHWC2   : fox1 [rtk_gdma_post 1565 ]
05-28 06:21:48.636   806  1026 D WifiThroughputPredictor:  utilization (BssLoad) -1 utilization (LLStats) 80 isBluetoothConnected: false final utilization: 80
05-28 06:21:48.636   806  1026 D WifiThroughputPredictor:  utilization (BssLoad) -1 utilization (LLStats) 80 isBluetoothConnected: false final utilization: 80
05-28 06:21:48.638   806  1026 D WifiScoreCard: BSSID update SIGNAL_POLL ID: 398514962 SSID: BOLSONARO2018, BSSID: f8:2d:c0:24:9e:d2, MAC: 64:57:25:8c:68:c1, Supplicant state: COMPLETED, Wi-Fi standard: 0, RSSI: -70, Link speed: 78Mbps, Tx Link speed: 78Mbps, Max Supported Tx Link speed: -1Mbps, Rx Link speed: -1Mbps, Max Supported Rx Link speed: -1Mbps, Frequency: 2417MHz, Net ID: 0, Metered hint: false, score: 60
05-28 06:21:48.638   806  1026 D WifiScoreCard: txRate: 103 txSpeed: 78
05-28 06:21:48.638   806  1026 D WifiScoreCard: network update SIGNAL_POLL "BOLSONARO2018" ID: 976476524 RSSI -70 txSpeed 78
05-28 06:21:48.638   806  1026 D WifiScoreCard: SSID: "BOLSONARO2018"
05-28 06:21:48.638   806  1026 D WifiScoreCard:  LastRssiPollTime: 42088702 LastRssiPoll: -70 LastTxSpeedPoll: 78
05-28 06:21:48.638   806  1026 D WifiScoreCard:  StatsRecent:  ConnectAttempt: 4 ConnectFailure: 0 ConnectDurSec: 6372708 AssocRej: 0 AssocTimeout: 0 AuthFailure: 0 ShortDiscNonlocal: 6 DisconnectNonlocal: 7 Disconnect: 13 ConsecutiveConnectFailure: 0
05-28 06:21:48.638   806  1026 D WifiScoreCard:  StatsCurr:  ConnectAttempt: 54 ConnectFailure: 0 ConnectDurSec: 759544 AssocRej: 0 AssocTimeout: 0 AuthFailure: 0 ShortDiscNonlocal: 39 DisconnectNonlocal: 53 Disconnect: 73 ConsecutiveConnectFailure: 0
05-28 06:21:48.638   806  1026 D WifiScoreCard:  StatsPrev:  ConnectAttempt: 15 ConnectFailure: 0 ConnectDurSec: 211923 AssocRej: 0 AssocTimeout: 0 AuthFailure: 0 ShortDiscNonlocal: 10 DisconnectNonlocal: 19 Disconnect: 32 ConsecutiveConnectFailure: 0
05-28 06:21:48.641   806  1026 D WifiClientModeImpl:  L2ConnectedState screen=on 5 0 "BOLSONARO2018" f8:2d:c0:24:9e:d2 rssi=-70 f=2417 sc=60 link=78 tx=102,7, 0,0, 0,0  rx=165,9 bcn=0 [on:0 tx:0 rx:0 period:3014] from screen [on:0 period:25688595] score=60
05-28 06:21:48.652  1207  1207 D wpa_supplicant: wlan_traffic_statistics rx_byte = 3114963964 rx rate = 2345 Kb/s
05-28 06:21:48.652  1207  1207 D wpa_supplicant: wlan_traffic_statistics tx_byte = 536793922 tx rate = 86 Kb/s
05-28 06:21:48.668   376   376 E RHWC2   : fox1 func=hwc2_func_validate_display line=1291 
05-28 06:21:48.668   376   376 E RHWC2   : fox1 func=hwc2_func_validate_display line=1411 
05-28 06:21:48.669   376   376 E RHWC2   : fox1 [rtk_gdma_post 1507 ]
05-28 06:21:48.669   376   376 E RHWC2   : fox1 [rtk_gdma_post 1530 ]name_of_layer = com.redflix.tvmoderno/com.redx.tvbox.MainActivity#0 num_of_layers=1
05-28 06:21:48.669   376   376 E RHWC2   : fox 1 [rtk_gdma_post 1531] HAS_FLAG=0
05-28 06:21:48.669   376   376 E RHWC2   : fox1 [rtk_gdma_post 1565 ]
05-28 06:21:48.702   376   376 E RHWC2   : fox1 func=hwc2_func_validate_display line=1291 
05-28 06:21:48.702   376   376 E RHWC2   : fox1 func=hwc2_func_validate_display line=1411 
05-28 06:21:48.704   376   376 E RHWC2   : fox1 [rtk_gdma_post 1507 ]
05-28 06:21:48.704   376   376 E RHWC2   : fox1 [rtk_gdma_post 1530 ]name_of_layer = com.redflix.tvmoderno/com.redx.tvbox.MainActivity#0 num_of_layers=1
05-28 06:21:48.704   376   376 E RHWC2   : fox 1 [rtk_gdma_post 1531] HAS_FLAG=0
05-28 06:21:48.704   376   376 E RHWC2   : fox1 [rtk_gdma_post 1565 ]
05-28 06:21:48.736   376   376 E RHWC2   : fox1 func=hwc2_func_validate_display line=1291 
05-28 06:21:48.736   376   376 E RHWC2   : fox1 func=hwc2_func_validate_display line=1411 
05-28 06:21:48.738   376   376 E RHWC2   : fox1 [rtk_gdma_post 1507 ]
05-28 06:21:48.738   376   376 E RHWC2   : fox1 [rtk_gdma_post 1530 ]name_of_layer = com.redflix.tvmoderno/com.redx.tvbox.MainActivity#0 num_of_layers=1
05-28 06:21:48.738   376   376 E RHWC2   : fox 1 [rtk_gdma_post 1531] HAS_FLAG=0
05-28 06:21:48.738   376   376 E RHWC2   : fox1 [rtk_gdma_post 1565 ]
05-28 06:21:48.768   376   376 E RHWC2   : fox1 func=hwc2_func_validate_display line=1291 
05-28 06:21:48.768   376   376 E RHWC2   : fox1 func=hwc2_func_validate_display line=1411 
05-28 06:21:48.770   376   376 E RHWC2   : fox1 [rtk_gdma_post 1507 ]
05-28 06:21:48.771   376   376 E RHWC2   : fox1 [rtk_gdma_post 1530 ]name_of_layer = com.redflix.tvmoderno/com.redx.tvbox.MainActivity#0 num_of_layers=1
05-28 06:21:48.771   376   376 E RHWC2   : fox 1 [rtk_gdma_post 1531] HAS_FLAG=0
05-28 06:21:48.771   376   376 E RHWC2   : fox1 [rtk_gdma_post 1565 ]
05-28 06:21:48.803   376   376 E RHWC2   : fox1 func=hwc2_func_validate_display line=1291 
05-28 06:21:48.803   376   376 E RHWC2   : fox1 func=hwc2_func_validate_display line=1411 
05-28 06:21:48.805   376   376 E RHWC2   : fox1 [rtk_gdma_post 1507 ]
05-28 06:21:48.805   376   376 E RHWC2   : fox1 [rtk_gdma_post 1530 ]name_of_layer = com.redflix.tvmoderno/com.redx.tvbox.MainActivity#0 num_of_layers=1
05-28 06:21:48.805   376   376 E RHWC2   : fox 1 [rtk_gdma_post 1531] HAS_FLAG=0
05-28 06:21:48.805   376   376 E RHWC2   : fox1 [rtk_gdma_post 1565 ]
05-28 06:21:48.835   376   376 E RHWC2   : fox1 func=hwc2_func_validate_display line=1291 
05-28 06:21:48.835   376   376 E RHWC2   : fox1 func=hwc2_func_validate_display line=1411 
05-28 06:21:48.837   376   376 E RHWC2   : fox1 [rtk_gdma_post 1507 ]
05-28 06:21:48.837   376   376 E RHWC2   : fox1 [rtk_gdma_post 1530 ]name_of_layer = com.redflix.tvmoderno/com.redx.tvbox.MainActivity#0 num_of_layers=1
05-28 06:21:48.837   376   376 E RHWC2   : fox 1 [rtk_gdma_post 1531] HAS_FLAG=0
05-28 06:21:48.837   376   376 E RHWC2   : fox1 [rtk_gdma_post 1565 ]
05-28 06:21:48.868   376   376 E RHWC2   : fox1 func=hwc2_func_validate_display line=1291 
05-28 06:21:48.868   376   376 E RHWC2   : fox1 func=hwc2_func_validate_display line=1411 
05-28 06:21:48.870   376   376 E RHWC2   : fox1 [rtk_gdma_post 1507 ]
05-28 06:21:48.870   376   376 E RHWC2   : fox1 [rtk_gdma_post 1530 ]name_of_layer = com.redflix.tvmoderno/com.redx.tvbox.MainActivity#0 num_of_layers=1
05-28 06:21:48.870   376   376 E RHWC2   : fox 1 [rtk_gdma_post 1531] HAS_FLAG=0
05-28 06:21:48.870   376   376 E RHWC2   : fox1 [rtk_gdma_post 1565 ]
05-28 06:21:48.901   376   376 E RHWC2   : fox1 func=hwc2_func_validate_display line=1291 
05-28 06:21:48.902   376   376 E RHWC2   : fox1 func=hwc2_func_validate_display line=1411 
05-28 06:21:48.904   376   376 E RHWC2   : fox1 [rtk_gdma_post 1507 ]
05-28 06:21:48.904   376   376 E RHWC2   : fox1 [rtk_gdma_post 1530 ]name_of_layer = com.redflix.tvmoderno/com.redx.tvbox.MainActivity#0 num_of_layers=1
05-28 06:21:48.904   376   376 E RHWC2   : fox 1 [rtk_gdma_post 1531] HAS_FLAG=0
05-28 06:21:48.904   376   376 E RHWC2   : fox1 [rtk_gdma_post 1565 ]
05-28 06:21:48.935   376   376 E RHWC2   : fox1 func=hwc2_func_validate_display line=1291 
05-28 06:21:48.935   376   376 E RHWC2   : fox1 func=hwc2_func_validate_display line=1411 
05-28 06:21:48.937   376   376 E RHWC2   : fox1 [rtk_gdma_post 1507 ]
05-28 06:21:48.937   376   376 E RHWC2   : fox1 [rtk_gdma_post 1530 ]name_of_layer = com.redflix.tvmoderno/com.redx.tvbox.MainActivity#0 num_of_layers=1
05-28 06:21:48.937   376   376 E RHWC2   : fox 1 [rtk_gdma_post 1531] HAS_FLAG=0
05-28 06:21:48.937   376   376 E RHWC2   : fox1 [rtk_gdma_post 1565 ]
05-28 06:21:48.968   376   376 E RHWC2   : fox1 func=hwc2_func_validate_display line=1291 
05-28 06:21:48.968   376   376 E RHWC2   : fox1 func=hwc2_func_validate_display line=1411 
05-28 06:21:48.970   376   376 E RHWC2   : fox1 [rtk_gdma_post 1507 ]
05-28 06:21:48.970   376   376 E RHWC2   : fox1 [rtk_gdma_post 1530 ]name_of_layer = com.redflix.tvmoderno/com.redx.tvbox.MainActivity#0 num_of_layers=1
05-28 06:21:48.970   376   376 E RHWC2   : fox 1 [rtk_gdma_post 1531] HAS_FLAG=0
05-28 06:21:48.970   376   376 E RHWC2   : fox1 [rtk_gdma_post 1565 ]
05-28 06:21:49.002   376   376 E RHWC2   : fox1 func=hwc2_func_validate_display line=1291 
05-28 06:21:49.002   376   376 E RHWC2   : fox1 func=hwc2_func_validate_display line=1411 
05-28 06:21:49.004   376   376 E RHWC2   : fox1 [rtk_gdma_post 1507 ]
05-28 06:21:49.004   376   376 E RHWC2   : fox1 [rtk_gdma_post 1530 ]name_of_layer = com.redflix.tvmoderno/com.redx.tvbox.MainActivity#0 num_of_layers=1
05-28 06:21:49.004   376   376 E RHWC2   : fox 1 [rtk_gdma_post 1531] HAS_FLAG=0
05-28 06:21:49.004   376   376 E RHWC2   : fox1 [rtk_gdma_post 1565 ]
05-28 06:21:49.046   376   376 E RHWC2   : fox1 func=hwc2_func_validate_display line=1291 
05-28 06:21:49.046   376   376 E RHWC2   : fox1 func=hwc2_func_validate_display line=1411 
05-28 06:21:49.048   376   376 E RHWC2   : fox1 [rtk_gdma_post 1507 ]
05-28 06:21:49.048   376   376 E RHWC2   : fox1 [rtk_gdma_post 1530 ]name_of_layer = com.redflix.tvmoderno/com.redx.tvbox.MainActivity#0 num_of_layers=1
05-28 06:21:49.048   376   376 E RHWC2   : fox 1 [rtk_gdma_post 1531] HAS_FLAG=0
05-28 06:21:49.048   376   376 E RHWC2   : fox1 [rtk_gdma_post 1565 ]
05-28 06:21:49.069   376   376 E RHWC2   : fox1 func=hwc2_func_validate_display line=1291 
05-28 06:21:49.069   376   376 E RHWC2   : fox1 func=hwc2_func_validate_display line=1411 
05-28 06:21:49.071   376   376 E RHWC2   : fox1 [rtk_gdma_post 1507 ]
05-28 06:21:49.071   376   376 E RHWC2   : fox1 [rtk_gdma_post 1530 ]name_of_layer = com.redflix.tvmoderno/com.redx.tvbox.MainActivity#0 num_of_layers=1
05-28 06:21:49.071   376   376 E RHWC2   : fox 1 [rtk_gdma_post 1531] HAS_FLAG=0
05-28 06:21:49.071   376   376 E RHWC2   : fox1 [rtk_gdma_post 1565 ]
05-28 06:21:49.102   376   376 E RHWC2   : fox1 func=hwc2_func_validate_display line=1291 
05-28 06:21:49.102   376   376 E RHWC2   : fox1 func=hwc2_func_validate_display line=1411 
05-28 06:21:49.104   376   376 E RHWC2   : fox1 [rtk_gdma_post 1507 ]
05-28 06:21:49.104   376   376 E RHWC2   : fox1 [rtk_gdma_post 1530 ]name_of_layer = com.redflix.tvmoderno/com.redx.tvbox.MainActivity#0 num_of_layers=1
05-28 06:21:49.104   376   376 E RHWC2   : fox 1 [rtk_gdma_post 1531] HAS_FLAG=0
05-28 06:21:49.104   376   376 E RHWC2   : fox1 [rtk_gdma_post 1565 ]
05-28 06:21:49.136   376   376 E RHWC2   : fox1 func=hwc2_func_validate_display line=1291 
05-28 06:21:49.136   376   376 E RHWC2   : fox1 func=hwc2_func_validate_display line=1411 
05-28 06:21:49.137   376   376 E RHWC2   : fox1 [rtk_gdma_post 1507 ]
05-28 06:21:49.137   376   376 E RHWC2   : fox1 [rtk_gdma_post 1530 ]name_of_layer = com.redflix.tvmoderno/com.redx.tvbox.MainActivity#0 num_of_layers=1
05-28 06:21:49.137   376   376 E RHWC2   : fox 1 [rtk_gdma_post 1531] HAS_FLAG=0
05-28 06:21:49.137   376   376 E RHWC2   : fox1 [rtk_gdma_post 1565 ]
05-28 06:21:49.168   376   376 E RHWC2   : fox1 func=hwc2_func_validate_display line=1291 
05-28 06:21:49.168   376   376 E RHWC2   : fox1 func=hwc2_func_validate_display line=1411 
05-28 06:21:49.170   376   376 E RHWC2   : fox1 [rtk_gdma_post 1507 ]
05-28 06:21:49.170   376   376 E RHWC2   : fox1 [rtk_gdma_post 1530 ]name_of_layer = com.redflix.tvmoderno/com.redx.tvbox.MainActivity#0 num_of_layers=1
05-28 06:21:49.170   376   376 E RHWC2   : fox 1 [rtk_gdma_post 1531] HAS_FLAG=0
05-28 06:21:49.170   376   376 E RHWC2   : fox1 [rtk_gdma_post 1565 ]
05-28 06:21:49.201   376   376 E RHWC2   : fox1 func=hwc2_func_validate_display line=1291 
05-28 06:21:49.201   376   376 E RHWC2   : fox1 func=hwc2_func_validate_display line=1411 
05-28 06:21:49.203   376   376 E RHWC2   : fox1 [rtk_gdma_post 1507 ]
05-28 06:21:49.203   376   376 E RHWC2   : fox1 [rtk_gdma_post 1530 ]name_of_layer = com.redflix.tvmoderno/com.redx.tvbox.MainActivity#0 num_of_layers=1
05-28 06:21:49.203   376   376 E RHWC2   : fox 1 [rtk_gdma_post 1531] HAS_FLAG=0
05-28 06:21:49.203   376   376 E RHWC2   : fox1 [rtk_gdma_post 1565 ]
05-28 06:21:49.236   376   376 E RHWC2   : fox1 func=hwc2_func_validate_display line=1291 
05-28 06:21:49.236   376   376 E RHWC2   : fox1 func=hwc2_func_validate_display line=1411 
05-28 06:21:49.238   376   376 E RHWC2   : fox1 [rtk_gdma_post 1507 ]
05-28 06:21:49.238   376   376 E RHWC2   : fox1 [rtk_gdma_post 1530 ]name_of_layer = com.redflix.tvmoderno/com.redx.tvbox.MainActivity#0 num_of_layers=1
05-28 06:21:49.238   376   376 E RHWC2   : fox 1 [rtk_gdma_post 1531] HAS_FLAG=0
05-28 06:21:49.238   376   376 E RHWC2   : fox1 [rtk_gdma_post 1565 ]
05-28 06:21:49.268   376   376 E RHWC2   : fox1 func=hwc2_func_validate_display line=1291 
05-28 06:21:49.268   376   376 E RHWC2   : fox1 func=hwc2_func_validate_display line=1411 
05-28 06:21:49.269   394   791 I HdmieArc: earc status newStatus 0, oldStatus=EN_TOS_CEC_EARC_STATUS_HANDSHAKE
05-28 06:21:49.269   394   791 I HdmieArc: rhal earc status: 0, error code: 0 
05-28 06:21:49.269   376   376 E RHWC2   : fox1 [rtk_gdma_post 1507 ]
05-28 06:21:49.269   376   376 E RHWC2   : fox1 [rtk_gdma_post 1530 ]name_of_layer = com.redflix.tvmoderno/com.redx.tvbox.MainActivity#0 num_of_layers=1
05-28 06:21:49.269   376   376 E RHWC2   : fox 1 [rtk_gdma_post 1531] HAS_FLAG=0
05-28 06:21:49.270   376   376 E RHWC2   : fox1 [rtk_gdma_post 1565 ]
05-28 06:21:49.302   376   376 E RHWC2   : fox1 func=hwc2_func_validate_display line=1291 
05-28 06:21:49.302   376   376 E RHWC2   : fox1 func=hwc2_func_validate_display line=1411 
05-28 06:21:49.304   376   376 E RHWC2   : fox1 [rtk_gdma_post 1507 ]
05-28 06:21:49.304   376   376 E RHWC2   : fox1 [rtk_gdma_post 1530 ]name_of_layer = com.redflix.tvmoderno/com.redx.tvbox.MainActivity#0 num_of_layers=1
05-28 06:21:49.304   376   376 E RHWC2   : fox 1 [rtk_gdma_post 1531] HAS_FLAG=0
05-28 06:21:49.304   376   376 E RHWC2   : fox1 [rtk_gdma_post 1565 ]
05-28 06:21:49.334   376   376 E RHWC2   : fox1 func=hwc2_func_validate_display line=1291 
05-28 06:21:49.334   376   376 E RHWC2   : fox1 func=hwc2_func_validate_display line=1411 
05-28 06:21:49.336   376   376 E RHWC2   : fox1 [rtk_gdma_post 1507 ]
05-28 06:21:49.336   376   376 E RHWC2   : fox1 [rtk_gdma_post 1530 ]name_of_layer = com.redflix.tvmoderno/com.redx.tvbox.MainActivity#0 num_of_layers=1
05-28 06:21:49.336   376   376 E RHWC2   : fox 1 [rtk_gdma_post 1531] HAS_FLAG=0
05-28 06:21:49.336   376   376 E RHWC2   : fox1 [rtk_gdma_post 1565 ]
05-28 06:21:49.369   376   376 E RHWC2   : fox1 func=hwc2_func_validate_display line=1291 
05-28 06:21:49.369   376   376 E RHWC2   : fox1 func=hwc2_func_validate_display line=1411 
05-28 06:21:49.371   376   376 E RHWC2   : fox1 [rtk_gdma_post 1507 ]
05-28 06:21:49.371   376   376 E RHWC2   : fox1 [rtk_gdma_post 1530 ]name_of_layer = com.redflix.tvmoderno/com.redx.tvbox.MainActivity#0 num_of_layers=1
05-28 06:21:49.371   376   376 E RHWC2   : fox 1 [rtk_gdma_post 1531] HAS_FLAG=0
05-28 06:21:49.371   376   376 E RHWC2   : fox1 [rtk_gdma_post 1565 ]
05-28 06:21:49.403   376   376 E RHWC2   : fox1 func=hwc2_func_validate_display line=1291 
05-28 06:21:49.403   376   376 E RHWC2   : fox1 func=hwc2_func_validate_display line=1411 
05-28 06:21:49.405   376   376 E RHWC2   : fox1 [rtk_gdma_post 1507 ]
05-28 06:21:49.405   376   376 E RHWC2   : fox1 [rtk_gdma_post 1530 ]name_of_layer = com.redflix.tvmoderno/com.redx.tvbox.MainActivity#0 num_of_layers=1
05-28 06:21:49.405   376   376 E RHWC2   : fox 1 [rtk_gdma_post 1531] HAS_FLAG=0
05-28 06:21:49.405   376   376 E RHWC2   : fox1 [rtk_gdma_post 1565 ]
05-28 06:21:49.434   376   376 E RHWC2   : fox1 func=hwc2_func_validate_display line=1291 
05-28 06:21:49.434   376   376 E RHWC2   : fox1 func=hwc2_func_validate_display line=1411 
05-28 06:21:49.436   376   376 E RHWC2   : fox1 [rtk_gdma_post 1507 ]
05-28 06:21:49.436   376   376 E RHWC2   : fox1 [rtk_gdma_post 1530 ]name_of_layer = com.redflix.tvmoderno/com.redx.tvbox.MainActivity#0 num_of_layers=1
05-28 06:21:49.436   376   376 E RHWC2   : fox 1 [rtk_gdma_post 1531] HAS_FLAG=0
05-28 06:21:49.436   376   376 E RHWC2   : fox1 [rtk_gdma_post 1565 ]
05-28 06:21:49.469   376   376 E RHWC2   : fox1 func=hwc2_func_validate_display line=1291 
05-28 06:21:49.469   376   376 E RHWC2   : fox1 func=hwc2_func_validate_display line=1411 
05-28 06:21:49.471   376   376 E RHWC2   : fox1 [rtk_gdma_post 1507 ]
05-28 06:21:49.471   376   376 E RHWC2   : fox1 [rtk_gdma_post 1530 ]name_of_layer = com.redflix.tvmoderno/com.redx.tvbox.MainActivity#0 num_of_layers=1
05-28 06:21:49.471   376   376 E RHWC2   : fox 1 [rtk_gdma_post 1531] HAS_FLAG=0
05-28 06:21:49.471   376   376 E RHWC2   : fox1 [rtk_gdma_post 1565 ]
05-28 06:21:49.502   376   376 E RHWC2   : fox1 func=hwc2_func_validate_display line=1291 
05-28 06:21:49.502   376   376 E RHWC2   : fox1 func=hwc2_func_validate_display line=1411 
05-28 06:21:49.504   376   376 E RHWC2   : fox1 [rtk_gdma_post 1507 ]
05-28 06:21:49.504   376   376 E RHWC2   : fox1 [rtk_gdma_post 1530 ]name_of_layer = com.redflix.tvmoderno/com.redx.tvbox.MainActivity#0 num_of_layers=1
05-28 06:21:49.504   376   376 E RHWC2   : fox 1 [rtk_gdma_post 1531] HAS_FLAG=0
05-28 06:21:49.504   376   376 E RHWC2   : fox1 [rtk_gdma_post 1565 ]
05-28 06:21:49.536   376   376 E RHWC2   : fox1 func=hwc2_func_validate_display line=1291 
05-28 06:21:49.536   376   376 E RHWC2   : fox1 func=hwc2_func_validate_display line=1411 
05-28 06:21:49.538   376   376 E RHWC2   : fox1 [rtk_gdma_post 1507 ]
05-28 06:21:49.538   376   376 E RHWC2   : fox1 [rtk_gdma_post 1530 ]name_of_layer = com.redflix.tvmoderno/com.redx.tvbox.MainActivity#0 num_of_layers=1
05-28 06:21:49.538   376   376 E RHWC2   : fox 1 [rtk_gdma_post 1531] HAS_FLAG=0
05-28 06:21:49.538   376   376 E RHWC2   : fox1 [rtk_gdma_post 1565 ]
05-28 06:21:49.569   376   376 E RHWC2   : fox1 func=hwc2_func_validate_display line=1291 
05-28 06:21:49.569   376   376 E RHWC2   : fox1 func=hwc2_func_validate_display line=1411 
05-28 06:21:49.571   376   376 E RHWC2   : fox1 [rtk_gdma_post 1507 ]
05-28 06:21:49.571   376   376 E RHWC2   : fox1 [rtk_gdma_post 1530 ]name_of_layer = com.redflix.tvmoderno/com.redx.tvbox.MainActivity#0 num_of_layers=1
05-28 06:21:49.571   376   376 E RHWC2   : fox 1 [rtk_gdma_post 1531] HAS_FLAG=0
05-28 06:21:49.571   376   376 E RHWC2   : fox1 [rtk_gdma_post 1565 ]
05-28 06:21:49.601   376   376 E RHWC2   : fox1 func=hwc2_func_validate_display line=1291 
05-28 06:21:49.601   376   376 E RHWC2   : fox1 func=hwc2_func_validate_display line=1411 
05-28 06:21:49.603   376   376 E RHWC2   : fox1 [rtk_gdma_post 1507 ]
05-28 06:21:49.603   376   376 E RHWC2   : fox1 [rtk_gdma_post 1530 ]name_of_layer = com.redflix.tvmoderno/com.redx.tvbox.MainActivity#0 num_of_layers=1
05-28 06:21:49.603   376   376 E RHWC2   : fox 1 [rtk_gdma_post 1531] HAS_FLAG=0
