05-28 06:21:39.139   376   376 E RHWC2   : fox1 [rtk_gdma_post 1530 ]name_of_layer = com.redflix.tvmoderno/com.redx.tvbox.MainActivity#0 num_of_layers=1
05-28 06:21:39.139   376   376 E RHWC2   : fox 1 [rtk_gdma_post 1531] HAS_FLAG=0
05-28 06:21:39.139   376   376 E RHWC2   : fox1 [rtk_gdma_post 1565 ]
05-28 06:21:39.179   376   376 E RHWC2   : fox1 func=hwc2_func_validate_display line=1291 
05-28 06:21:39.179   376   376 E RHWC2   : fox1 func=hwc2_func_validate_display line=1411 
05-28 06:21:39.182   376   376 E RHWC2   : fox1 [rtk_gdma_post 1507 ]
05-28 06:21:39.182   376   376 E RHWC2   : fox1 [rtk_gdma_post 1530 ]name_of_layer = com.redflix.tvmoderno/com.redx.tvbox.MainActivity#0 num_of_layers=1
05-28 06:21:39.182   376   376 E RHWC2   : fox 1 [rtk_gdma_post 1531] HAS_FLAG=0
05-28 06:21:39.182   376   376 E RHWC2   : fox1 [rtk_gdma_post 1565 ]
05-28 06:21:39.202   376   376 E RHWC2   : fox1 func=hwc2_func_validate_display line=1291 
05-28 06:21:39.202   376   376 E RHWC2   : fox1 func=hwc2_func_validate_display line=1411 
05-28 06:21:39.204   376   376 E RHWC2   : fox1 [rtk_gdma_post 1507 ]
05-28 06:21:39.204   376   376 E RHWC2   : fox1 [rtk_gdma_post 1530 ]name_of_layer = com.redflix.tvmoderno/com.redx.tvbox.MainActivity#0 num_of_layers=1
05-28 06:21:39.204   376   376 E RHWC2   : fox 1 [rtk_gdma_post 1531] HAS_FLAG=0
05-28 06:21:39.204   376   376 E RHWC2   : fox1 [rtk_gdma_post 1565 ]
05-28 06:21:39.231   806  1022 E Traffic : performPollLocked:java.lang.Throwable
05-28 06:21:39.236   376   376 E RHWC2   : fox1 func=hwc2_func_validate_display line=1291 
05-28 06:21:39.236   376   376 E RHWC2   : fox1 func=hwc2_func_validate_display line=1411 
05-28 06:21:39.238   376   376 E RHWC2   : fox1 [rtk_gdma_post 1507 ]
05-28 06:21:39.238   376   376 E RHWC2   : fox1 [rtk_gdma_post 1530 ]name_of_layer = com.redflix.tvmoderno/com.redx.tvbox.MainActivity#0 num_of_layers=1
05-28 06:21:39.238   376   376 E RHWC2   : fox 1 [rtk_gdma_post 1531] HAS_FLAG=0
05-28 06:21:39.238   376   376 E RHWC2   : fox1 [rtk_gdma_post 1565 ]
05-28 06:21:39.245   806  1023 I WifiService: getConnectionInfo uid=1000
05-28 06:21:39.265   394   791 I HdmieArc: earc status newStatus 0, oldStatus=EN_TOS_CEC_EARC_STATUS_HANDSHAKE
05-28 06:21:39.265   394   791 I HdmieArc: rhal earc status: 0, error code: 0 
05-28 06:21:39.279   376   376 E RHWC2   : fox1 func=hwc2_func_validate_display line=1291 
05-28 06:21:39.279   376   376 E RHWC2   : fox1 func=hwc2_func_validate_display line=1411 
05-28 06:21:39.281   376   376 E RHWC2   : fox1 [rtk_gdma_post 1507 ]
05-28 06:21:39.281   376   376 E RHWC2   : fox1 [rtk_gdma_post 1530 ]name_of_layer = com.redflix.tvmoderno/com.redx.tvbox.MainActivity#0 num_of_layers=1
05-28 06:21:39.281   376   376 E RHWC2   : fox 1 [rtk_gdma_post 1531] HAS_FLAG=0
05-28 06:21:39.281   376   376 E RHWC2   : fox1 [rtk_gdma_post 1565 ]
05-28 06:21:39.303   376   376 E RHWC2   : fox1 func=hwc2_func_validate_display line=1291 
05-28 06:21:39.303   376   376 E RHWC2   : fox1 func=hwc2_func_validate_display line=1411 
05-28 06:21:39.305   376   376 E RHWC2   : fox1 [rtk_gdma_post 1507 ]
05-28 06:21:39.305   376   376 E RHWC2   : fox1 [rtk_gdma_post 1530 ]name_of_layer = com.redflix.tvmoderno/com.redx.tvbox.MainActivity#0 num_of_layers=1
05-28 06:21:39.305   376   376 E RHWC2   : fox 1 [rtk_gdma_post 1531] HAS_FLAG=0
05-28 06:21:39.305   376   376 E RHWC2   : fox1 [rtk_gdma_post 1565 ]
05-28 06:21:39.346   376   376 E RHWC2   : fox1 func=hwc2_func_validate_display line=1291 
05-28 06:21:39.346   376   376 E RHWC2   : fox1 func=hwc2_func_validate_display line=1411 
05-28 06:21:39.348   376   376 E RHWC2   : fox1 [rtk_gdma_post 1507 ]
05-28 06:21:39.348   376   376 E RHWC2   : fox1 [rtk_gdma_post 1530 ]name_of_layer = com.redflix.tvmoderno/com.redx.tvbox.MainActivity#0 num_of_layers=1
05-28 06:21:39.348   376   376 E RHWC2   : fox 1 [rtk_gdma_post 1531] HAS_FLAG=0
05-28 06:21:39.348   376   376 E RHWC2   : fox1 [rtk_gdma_post 1565 ]
05-28 06:21:39.369   376   376 E RHWC2   : fox1 func=hwc2_func_validate_display line=1291 
05-28 06:21:39.369   376   376 E RHWC2   : fox1 func=hwc2_func_validate_display line=1411 
05-28 06:21:39.371   376   376 E RHWC2   : fox1 [rtk_gdma_post 1507 ]
05-28 06:21:39.371   376   376 E RHWC2   : fox1 [rtk_gdma_post 1530 ]name_of_layer = com.redflix.tvmoderno/com.redx.tvbox.MainActivity#0 num_of_layers=1
05-28 06:21:39.371   376   376 E RHWC2   : fox 1 [rtk_gdma_post 1531] HAS_FLAG=0
05-28 06:21:39.371   376   376 E RHWC2   : fox1 [rtk_gdma_post 1565 ]
05-28 06:21:39.402   376   376 E RHWC2   : fox1 func=hwc2_func_validate_display line=1291 
05-28 06:21:39.402   376   376 E RHWC2   : fox1 func=hwc2_func_validate_display line=1411 
05-28 06:21:39.404   376   376 E RHWC2   : fox1 [rtk_gdma_post 1507 ]
05-28 06:21:39.404   376   376 E RHWC2   : fox1 [rtk_gdma_post 1530 ]name_of_layer = com.redflix.tvmoderno/com.redx.tvbox.MainActivity#0 num_of_layers=1
05-28 06:21:39.404   376   376 E RHWC2   : fox 1 [rtk_gdma_post 1531] HAS_FLAG=0
05-28 06:21:39.404   376   376 E RHWC2   : fox1 [rtk_gdma_post 1565 ]
05-28 06:21:39.435   376   376 E RHWC2   : fox1 func=hwc2_func_validate_display line=1291 
05-28 06:21:39.435   376   376 E RHWC2   : fox1 func=hwc2_func_validate_display line=1411 
05-28 06:21:39.437   376   376 E RHWC2   : fox1 [rtk_gdma_post 1507 ]
05-28 06:21:39.437   376   376 E RHWC2   : fox1 [rtk_gdma_post 1530 ]name_of_layer = com.redflix.tvmoderno/com.redx.tvbox.MainActivity#0 num_of_layers=1
05-28 06:21:39.437   376   376 E RHWC2   : fox 1 [rtk_gdma_post 1531] HAS_FLAG=0
05-28 06:21:39.437   376   376 E RHWC2   : fox1 [rtk_gdma_post 1565 ]
05-28 06:21:39.479   376   376 E RHWC2   : fox1 func=hwc2_func_validate_display line=1291 
05-28 06:21:39.479   376   376 E RHWC2   : fox1 func=hwc2_func_validate_display line=1411 
05-28 06:21:39.481   376   376 E RHWC2   : fox1 [rtk_gdma_post 1507 ]
05-28 06:21:39.481   376   376 E RHWC2   : fox1 [rtk_gdma_post 1530 ]name_of_layer = com.redflix.tvmoderno/com.redx.tvbox.MainActivity#0 num_of_layers=1
05-28 06:21:39.481   376   376 E RHWC2   : fox 1 [rtk_gdma_post 1531] HAS_FLAG=0
05-28 06:21:39.481   376   376 E RHWC2   : fox1 [rtk_gdma_post 1565 ]
05-28 06:21:39.502   376   376 E RHWC2   : fox1 func=hwc2_func_validate_display line=1291 
05-28 06:21:39.502   376   376 E RHWC2   : fox1 func=hwc2_func_validate_display line=1411 
05-28 06:21:39.504   376   376 E RHWC2   : fox1 [rtk_gdma_post 1507 ]
05-28 06:21:39.504   376   376 E RHWC2   : fox1 [rtk_gdma_post 1530 ]name_of_layer = com.redflix.tvmoderno/com.redx.tvbox.MainActivity#0 num_of_layers=1
05-28 06:21:39.504   376   376 E RHWC2   : fox 1 [rtk_gdma_post 1531] HAS_FLAG=0
05-28 06:21:39.504   376   376 E RHWC2   : fox1 [rtk_gdma_post 1565 ]
05-28 06:21:39.546   376   376 E RHWC2   : fox1 func=hwc2_func_validate_display line=1291 
05-28 06:21:39.546   376   376 E RHWC2   : fox1 func=hwc2_func_validate_display line=1411 
05-28 06:21:39.548   376   376 E RHWC2   : fox1 [rtk_gdma_post 1507 ]
05-28 06:21:39.548   376   376 E RHWC2   : fox1 [rtk_gdma_post 1530 ]name_of_layer = com.redflix.tvmoderno/com.redx.tvbox.MainActivity#0 num_of_layers=1
05-28 06:21:39.548   376   376 E RHWC2   : fox 1 [rtk_gdma_post 1531] HAS_FLAG=0
05-28 06:21:39.548   376   376 E RHWC2   : fox1 [rtk_gdma_post 1565 ]
05-28 06:21:39.563   806  1022 E Traffic : performPollLocked:java.lang.Throwable
05-28 06:21:39.569   376   376 E RHWC2   : fox1 func=hwc2_func_validate_display line=1291 
05-28 06:21:39.569   376   376 E RHWC2   : fox1 func=hwc2_func_validate_display line=1411 
05-28 06:21:39.570   806  1023 I WifiService: getConnectionInfo uid=1000
05-28 06:21:39.572   376   376 E RHWC2   : fox1 [rtk_gdma_post 1507 ]
05-28 06:21:39.572   376   376 E RHWC2   : fox1 [rtk_gdma_post 1530 ]name_of_layer = com.redflix.tvmoderno/com.redx.tvbox.MainActivity#0 num_of_layers=1
05-28 06:21:39.572   376   376 E RHWC2   : fox 1 [rtk_gdma_post 1531] HAS_FLAG=0
05-28 06:21:39.572   376   376 E RHWC2   : fox1 [rtk_gdma_post 1565 ]
05-28 06:21:39.584   806  1026 E WifiVendorHal: getWifiLinkLayerStats_1_3_Internal(l.978) failed {.code = ERROR_NOT_SUPPORTED, .description = }
05-28 06:21:39.591   806  1026 D WifiClientModeImpl: fetchRssiLinkSpeedAndFrequencyNative rssi=-72 TxLinkspeed=78 freq=2417 RxLinkSpeed=0
05-28 06:21:39.591   806  1026 V WifiConfigManager: Updating scan detail cache freq=2417 BSSID=f8:2d:c0:24:9e:d2 RSSI=-71 for "BOLSONARO2018"WPA_PSK
05-28 06:21:39.592   806  1026 D WifiThroughputPredictor:  utilization (BssLoad) -1 utilization (LLStats) 80 isBluetoothConnected: false final utilization: 80
05-28 06:21:39.592   806  1026 D WifiThroughputPredictor:  utilization (BssLoad) -1 utilization (LLStats) 80 isBluetoothConnected: false final utilization: 80
05-28 06:21:39.592   806  1026 D WifiScoreCard: BSSID update SIGNAL_POLL ID: 398514962 SSID: BOLSONARO2018, BSSID: f8:2d:c0:24:9e:d2, MAC: 64:57:25:8c:68:c1, Supplicant state: COMPLETED, Wi-Fi standard: 0, RSSI: -72, Link speed: 78Mbps, Tx Link speed: 78Mbps, Max Supported Tx Link speed: -1Mbps, Rx Link speed: -1Mbps, Max Supported Rx Link speed: -1Mbps, Frequency: 2417MHz, Net ID: 0, Metered hint: false, score: 60
05-28 06:21:39.593   806  1026 D WifiScoreCard: txRate: 262 txSpeed: 78
05-28 06:21:39.593   806  1026 D WifiScoreCard: network update SIGNAL_POLL "BOLSONARO2018" ID: 976476524 RSSI -72 txSpeed 78
05-28 06:21:39.593   806  1026 D WifiScoreCard: SSID: "BOLSONARO2018"
05-28 06:21:39.593   806  1026 D WifiScoreCard:  LastRssiPollTime: 42079657 LastRssiPoll: -72 LastTxSpeedPoll: 78
05-28 06:21:39.593   806  1026 D WifiScoreCard:  StatsRecent:  ConnectAttempt: 4 ConnectFailure: 0 ConnectDurSec: 6372708 AssocRej: 0 AssocTimeout: 0 AuthFailure: 0 ShortDiscNonlocal: 6 DisconnectNonlocal: 7 Disconnect: 13 ConsecutiveConnectFailure: 0
05-28 06:21:39.593   806  1026 D WifiScoreCard:  StatsCurr:  ConnectAttempt: 54 ConnectFailure: 0 ConnectDurSec: 759544 AssocRej: 0 AssocTimeout: 0 AuthFailure: 0 ShortDiscNonlocal: 39 DisconnectNonlocal: 53 Disconnect: 73 ConsecutiveConnectFailure: 0
05-28 06:21:39.593   806  1026 D WifiScoreCard:  StatsPrev:  ConnectAttempt: 15 ConnectFailure: 0 ConnectDurSec: 211923 AssocRej: 0 AssocTimeout: 0 AuthFailure: 0 ShortDiscNonlocal: 10 DisconnectNonlocal: 19 Disconnect: 32 ConsecutiveConnectFailure: 0
05-28 06:21:39.595   806  1026 D WifiClientModeImpl:  L2ConnectedState screen=on 5 0 "BOLSONARO2018" f8:2d:c0:24:9e:d2 rssi=-72 f=2417 sc=60 link=78 tx=261,7, 0,0, 0,0  rx=485,6 bcn=0 [on:0 tx:0 rx:0 period:3009] from screen [on:0 period:25679550] score=60
05-28 06:21:39.602   376   376 E RHWC2   : fox1 func=hwc2_func_validate_display line=1291 
05-28 06:21:39.603   376   376 E RHWC2   : fox1 func=hwc2_func_validate_display line=1411 
05-28 06:21:39.604   376   376 E RHWC2   : fox1 [rtk_gdma_post 1507 ]
05-28 06:21:39.604   376   376 E RHWC2   : fox1 [rtk_gdma_post 1530 ]name_of_layer = com.redflix.tvmoderno/com.redx.tvbox.MainActivity#0 num_of_layers=1
05-28 06:21:39.604   376   376 E RHWC2   : fox 1 [rtk_gdma_post 1531] HAS_FLAG=0
05-28 06:21:39.604   376   376 E RHWC2   : fox1 [rtk_gdma_post 1565 ]
05-28 06:21:39.636   376   376 E RHWC2   : fox1 func=hwc2_func_validate_display line=1291 
05-28 06:21:39.636   376   376 E RHWC2   : fox1 func=hwc2_func_validate_display line=1411 
05-28 06:21:39.638   376   376 E RHWC2   : fox1 [rtk_gdma_post 1507 ]
05-28 06:21:39.638   376   376 E RHWC2   : fox1 [rtk_gdma_post 1530 ]name_of_layer = com.redflix.tvmoderno/com.redx.tvbox.MainActivity#0 num_of_layers=1
05-28 06:21:39.638   376   376 E RHWC2   : fox 1 [rtk_gdma_post 1531] HAS_FLAG=0
05-28 06:21:39.638   376   376 E RHWC2   : fox1 [rtk_gdma_post 1565 ]
05-28 06:21:39.669   376   376 E RHWC2   : fox1 func=hwc2_func_validate_display line=1291 
05-28 06:21:39.669   376   376 E RHWC2   : fox1 func=hwc2_func_validate_display line=1411 
05-28 06:21:39.671   376   376 E RHWC2   : fox1 [rtk_gdma_post 1507 ]
05-28 06:21:39.671   376   376 E RHWC2   : fox1 [rtk_gdma_post 1530 ]name_of_layer = com.redflix.tvmoderno/com.redx.tvbox.MainActivity#0 num_of_layers=1
05-28 06:21:39.671   376   376 E RHWC2   : fox 1 [rtk_gdma_post 1531] HAS_FLAG=0
05-28 06:21:39.671   376   376 E RHWC2   : fox1 [rtk_gdma_post 1565 ]
05-28 06:21:39.702   376   376 E RHWC2   : fox1 func=hwc2_func_validate_display line=1291 
05-28 06:21:39.702   376   376 E RHWC2   : fox1 func=hwc2_func_validate_display line=1411 
05-28 06:21:39.704   376   376 E RHWC2   : fox1 [rtk_gdma_post 1507 ]
05-28 06:21:39.704   376   376 E RHWC2   : fox1 [rtk_gdma_post 1530 ]name_of_layer = com.redflix.tvmoderno/com.redx.tvbox.MainActivity#0 num_of_layers=1
05-28 06:21:39.704   376   376 E RHWC2   : fox 1 [rtk_gdma_post 1531] HAS_FLAG=0
05-28 06:21:39.704   376   376 E RHWC2   : fox1 [rtk_gdma_post 1565 ]
05-28 06:21:39.735   376   376 E RHWC2   : fox1 func=hwc2_func_validate_display line=1291 
05-28 06:21:39.735   376   376 E RHWC2   : fox1 func=hwc2_func_validate_display line=1411 
05-28 06:21:39.737   376   376 E RHWC2   : fox1 [rtk_gdma_post 1507 ]
05-28 06:21:39.737   376   376 E RHWC2   : fox1 [rtk_gdma_post 1530 ]name_of_layer = com.redflix.tvmoderno/com.redx.tvbox.MainActivity#0 num_of_layers=1
05-28 06:21:39.737   376   376 E RHWC2   : fox 1 [rtk_gdma_post 1531] HAS_FLAG=0
05-28 06:21:39.737   376   376 E RHWC2   : fox1 [rtk_gdma_post 1565 ]
05-28 06:21:39.768   376   376 E RHWC2   : fox1 func=hwc2_func_validate_display line=1291 
05-28 06:21:39.768   376   376 E RHWC2   : fox1 func=hwc2_func_validate_display line=1411 
05-28 06:21:39.770   376   376 E RHWC2   : fox1 [rtk_gdma_post 1507 ]
05-28 06:21:39.770   376   376 E RHWC2   : fox1 [rtk_gdma_post 1530 ]name_of_layer = com.redflix.tvmoderno/com.redx.tvbox.MainActivity#0 num_of_layers=1
05-28 06:21:39.770   376   376 E RHWC2   : fox 1 [rtk_gdma_post 1531] HAS_FLAG=0
05-28 06:21:39.770   376   376 E RHWC2   : fox1 [rtk_gdma_post 1565 ]
05-28 06:21:39.813   376   376 E RHWC2   : fox1 func=hwc2_func_validate_display line=1291 
05-28 06:21:39.813   376   376 E RHWC2   : fox1 func=hwc2_func_validate_display line=1411 
05-28 06:21:39.815   376   376 E RHWC2   : fox1 [rtk_gdma_post 1507 ]
05-28 06:21:39.815   376   376 E RHWC2   : fox1 [rtk_gdma_post 1530 ]name_of_layer = com.redflix.tvmoderno/com.redx.tvbox.MainActivity#0 num_of_layers=1
05-28 06:21:39.815   376   376 E RHWC2   : fox 1 [rtk_gdma_post 1531] HAS_FLAG=0
05-28 06:21:39.815   376   376 E RHWC2   : fox1 [rtk_gdma_post 1565 ]
05-28 06:21:39.835   376   376 E RHWC2   : fox1 func=hwc2_func_validate_display line=1291 
05-28 06:21:39.835   376   376 E RHWC2   : fox1 func=hwc2_func_validate_display line=1411 
05-28 06:21:39.836   376   376 E RHWC2   : fox1 [rtk_gdma_post 1507 ]
05-28 06:21:39.837   376   376 E RHWC2   : fox1 [rtk_gdma_post 1530 ]name_of_layer = com.redflix.tvmoderno/com.redx.tvbox.MainActivity#0 num_of_layers=1
05-28 06:21:39.837   376   376 E RHWC2   : fox 1 [rtk_gdma_post 1531] HAS_FLAG=0
05-28 06:21:39.837   376   376 E RHWC2   : fox1 [rtk_gdma_post 1565 ]
05-28 06:21:39.869   376   376 E RHWC2   : fox1 func=hwc2_func_validate_display line=1291 
05-28 06:21:39.869   376   376 E RHWC2   : fox1 func=hwc2_func_validate_display line=1411 
05-28 06:21:39.871   376   376 E RHWC2   : fox1 [rtk_gdma_post 1507 ]
05-28 06:21:39.871   376   376 E RHWC2   : fox1 [rtk_gdma_post 1530 ]name_of_layer = com.redflix.tvmoderno/com.redx.tvbox.MainActivity#0 num_of_layers=1
05-28 06:21:39.871   376   376 E RHWC2   : fox 1 [rtk_gdma_post 1531] HAS_FLAG=0
05-28 06:21:39.871   376   376 E RHWC2   : fox1 [rtk_gdma_post 1565 ]
05-28 06:21:39.902   376   376 E RHWC2   : fox1 func=hwc2_func_validate_display line=1291 
05-28 06:21:39.902   376   376 E RHWC2   : fox1 func=hwc2_func_validate_display line=1411 
05-28 06:21:39.904   376   376 E RHWC2   : fox1 [rtk_gdma_post 1507 ]
05-28 06:21:39.904   376   376 E RHWC2   : fox1 [rtk_gdma_post 1530 ]name_of_layer = com.redflix.tvmoderno/com.redx.tvbox.MainActivity#0 num_of_layers=1
05-28 06:21:39.904   376   376 E RHWC2   : fox 1 [rtk_gdma_post 1531] HAS_FLAG=0
05-28 06:21:39.904   376   376 E RHWC2   : fox1 [rtk_gdma_post 1565 ]
05-28 06:21:39.936   376   376 E RHWC2   : fox1 func=hwc2_func_validate_display line=1291 
05-28 06:21:39.936   376   376 E RHWC2   : fox1 func=hwc2_func_validate_display line=1411 
05-28 06:21:39.938   376   376 E RHWC2   : fox1 [rtk_gdma_post 1507 ]
05-28 06:21:39.938   376   376 E RHWC2   : fox1 [rtk_gdma_post 1530 ]name_of_layer = com.redflix.tvmoderno/com.redx.tvbox.MainActivity#0 num_of_layers=1
05-28 06:21:39.938   376   376 E RHWC2   : fox 1 [rtk_gdma_post 1531] HAS_FLAG=0
05-28 06:21:39.938   376   376 E RHWC2   : fox1 [rtk_gdma_post 1565 ]
05-28 06:21:39.979   376   376 E RHWC2   : fox1 func=hwc2_func_validate_display line=1291 
05-28 06:21:39.979   376   376 E RHWC2   : fox1 func=hwc2_func_validate_display line=1411 
05-28 06:21:39.982   376   376 E RHWC2   : fox1 [rtk_gdma_post 1507 ]
05-28 06:21:39.982   376   376 E RHWC2   : fox1 [rtk_gdma_post 1530 ]name_of_layer = com.redflix.tvmoderno/com.redx.tvbox.MainActivity#0 num_of_layers=1
05-28 06:21:39.982   376   376 E RHWC2   : fox 1 [rtk_gdma_post 1531] HAS_FLAG=0
05-28 06:21:39.982   376   376 E RHWC2   : fox1 [rtk_gdma_post 1565 ]
05-28 06:21:40.001   376   376 E RHWC2   : fox1 func=hwc2_func_validate_display line=1291 
05-28 06:21:40.001   376   376 E RHWC2   : fox1 func=hwc2_func_validate_display line=1411 
05-28 06:21:40.003   376   376 E RHWC2   : fox1 [rtk_gdma_post 1507 ]
05-28 06:21:40.003   376   376 E RHWC2   : fox1 [rtk_gdma_post 1530 ]name_of_layer = com.redflix.tvmoderno/com.redx.tvbox.MainActivity#0 num_of_layers=1
05-28 06:21:40.003   376   376 E RHWC2   : fox 1 [rtk_gdma_post 1531] HAS_FLAG=0
05-28 06:21:40.003   376   376 E RHWC2   : fox1 [rtk_gdma_post 1565 ]
05-28 06:21:40.036   376   376 E RHWC2   : fox1 func=hwc2_func_validate_display line=1291 
05-28 06:21:40.036   376   376 E RHWC2   : fox1 func=hwc2_func_validate_display line=1411 
05-28 06:21:40.039   376   376 E RHWC2   : fox1 [rtk_gdma_post 1507 ]
05-28 06:21:40.039   376   376 E RHWC2   : fox1 [rtk_gdma_post 1530 ]name_of_layer = com.redflix.tvmoderno/com.redx.tvbox.MainActivity#0 num_of_layers=1
05-28 06:21:40.039   376   376 E RHWC2   : fox 1 [rtk_gdma_post 1531] HAS_FLAG=0
05-28 06:21:40.039   376   376 E RHWC2   : fox1 [rtk_gdma_post 1565 ]
05-28 06:21:40.067   376   376 E RHWC2   : fox1 func=hwc2_func_validate_display line=1291 
05-28 06:21:40.067   376   376 E RHWC2   : fox1 func=hwc2_func_validate_display line=1411 
05-28 06:21:40.069   376   376 E RHWC2   : fox1 [rtk_gdma_post 1507 ]
05-28 06:21:40.069   376   376 E RHWC2   : fox1 [rtk_gdma_post 1530 ]name_of_layer = com.redflix.tvmoderno/com.redx.tvbox.MainActivity#0 num_of_layers=1
05-28 06:21:40.069   376   376 E RHWC2   : fox 1 [rtk_gdma_post 1531] HAS_FLAG=0
05-28 06:21:40.069   376   376 E RHWC2   : fox1 [rtk_gdma_post 1565 ]
05-28 06:21:40.101   376   376 E RHWC2   : fox1 func=hwc2_func_validate_display line=1291 
05-28 06:21:40.101   376   376 E RHWC2   : fox1 func=hwc2_func_validate_display line=1411 
05-28 06:21:40.103   376   376 E RHWC2   : fox1 [rtk_gdma_post 1507 ]
05-28 06:21:40.103   376   376 E RHWC2   : fox1 [rtk_gdma_post 1530 ]name_of_layer = com.redflix.tvmoderno/com.redx.tvbox.MainActivity#0 num_of_layers=1
05-28 06:21:40.103   376   376 E RHWC2   : fox 1 [rtk_gdma_post 1531] HAS_FLAG=0
05-28 06:21:40.103   376   376 E RHWC2   : fox1 [rtk_gdma_post 1565 ]
05-28 06:21:40.135   376   376 E RHWC2   : fox1 func=hwc2_func_validate_display line=1291 
05-28 06:21:40.135   376   376 E RHWC2   : fox1 func=hwc2_func_validate_display line=1411 
05-28 06:21:40.136   376   376 E RHWC2   : fox1 [rtk_gdma_post 1507 ]
05-28 06:21:40.136   376   376 E RHWC2   : fox1 [rtk_gdma_post 1530 ]name_of_layer = com.redflix.tvmoderno/com.redx.tvbox.MainActivity#0 num_of_layers=1
05-28 06:21:40.136   376   376 E RHWC2   : fox 1 [rtk_gdma_post 1531] HAS_FLAG=0
05-28 06:21:40.136   376   376 E RHWC2   : fox1 [rtk_gdma_post 1565 ]
05-28 06:21:40.168   376   376 E RHWC2   : fox1 func=hwc2_func_validate_display line=1291 
05-28 06:21:40.168   376   376 E RHWC2   : fox1 func=hwc2_func_validate_display line=1411 
05-28 06:21:40.169   376   376 E RHWC2   : fox1 [rtk_gdma_post 1507 ]
05-28 06:21:40.169   376   376 E RHWC2   : fox1 [rtk_gdma_post 1530 ]name_of_layer = com.redflix.tvmoderno/com.redx.tvbox.MainActivity#0 num_of_layers=1
05-28 06:21:40.169   376   376 E RHWC2   : fox 1 [rtk_gdma_post 1531] HAS_FLAG=0
05-28 06:21:40.169   376   376 E RHWC2   : fox1 [rtk_gdma_post 1565 ]
05-28 06:21:40.201   376   376 E RHWC2   : fox1 func=hwc2_func_validate_display line=1291 
05-28 06:21:40.201   376   376 E RHWC2   : fox1 func=hwc2_func_validate_display line=1411 
05-28 06:21:40.203   376   376 E RHWC2   : fox1 [rtk_gdma_post 1507 ]
05-28 06:21:40.203   376   376 E RHWC2   : fox1 [rtk_gdma_post 1530 ]name_of_layer = com.redflix.tvmoderno/com.redx.tvbox.MainActivity#0 num_of_layers=1
05-28 06:21:40.203   376   376 E RHWC2   : fox 1 [rtk_gdma_post 1531] HAS_FLAG=0
05-28 06:21:40.203   376   376 E RHWC2   : fox1 [rtk_gdma_post 1565 ]
05-28 06:21:40.234   376   376 E RHWC2   : fox1 func=hwc2_func_validate_display line=1291 
05-28 06:21:40.234   376   376 E RHWC2   : fox1 func=hwc2_func_validate_display line=1411 
05-28 06:21:40.236   376   376 E RHWC2   : fox1 [rtk_gdma_post 1507 ]
05-28 06:21:40.236   376   376 E RHWC2   : fox1 [rtk_gdma_post 1530 ]name_of_layer = com.redflix.tvmoderno/com.redx.tvbox.MainActivity#0 num_of_layers=1
05-28 06:21:40.236   376   376 E RHWC2   : fox 1 [rtk_gdma_post 1531] HAS_FLAG=0
05-28 06:21:40.236   376   376 E RHWC2   : fox1 [rtk_gdma_post 1565 ]
05-28 06:21:40.265   394   791 I HdmieArc: earc status newStatus 0, oldStatus=EN_TOS_CEC_EARC_STATUS_HANDSHAKE
05-28 06:21:40.265   394   791 I HdmieArc: rhal earc status: 0, error code: 0 
05-28 06:21:40.269   376   376 E RHWC2   : fox1 func=hwc2_func_validate_display line=1291 
05-28 06:21:40.269   376   376 E RHWC2   : fox1 func=hwc2_func_validate_display line=1411 
05-28 06:21:40.271   376   376 E RHWC2   : fox1 [rtk_gdma_post 1507 ]
05-28 06:21:40.271   376   376 E RHWC2   : fox1 [rtk_gdma_post 1530 ]name_of_layer = com.redflix.tvmoderno/com.redx.tvbox.MainActivity#0 num_of_layers=1
05-28 06:21:40.271   376   376 E RHWC2   : fox 1 [rtk_gdma_post 1531] HAS_FLAG=0
05-28 06:21:40.271   376   376 E RHWC2   : fox1 [rtk_gdma_post 1565 ]
05-28 06:21:40.302   376   376 E RHWC2   : fox1 func=hwc2_func_validate_display line=1291 
05-28 06:21:40.302   376   376 E RHWC2   : fox1 func=hwc2_func_validate_display line=1411 
05-28 06:21:40.304   376   376 E RHWC2   : fox1 [rtk_gdma_post 1507 ]
05-28 06:21:40.304   376   376 E RHWC2   : fox1 [rtk_gdma_post 1530 ]name_of_layer = com.redflix.tvmoderno/com.redx.tvbox.MainActivity#0 num_of_layers=1
05-28 06:21:40.304   376   376 E RHWC2   : fox 1 [rtk_gdma_post 1531] HAS_FLAG=0
05-28 06:21:40.304   376   376 E RHWC2   : fox1 [rtk_gdma_post 1565 ]
05-28 06:21:40.337   376   376 E RHWC2   : fox1 func=hwc2_func_validate_display line=1291 
05-28 06:21:40.337   376   376 E RHWC2   : fox1 func=hwc2_func_validate_display line=1411 
05-28 06:21:40.339   376   376 E RHWC2   : fox1 [rtk_gdma_post 1507 ]
05-28 06:21:40.339   376   376 E RHWC2   : fox1 [rtk_gdma_post 1530 ]name_of_layer = com.redflix.tvmoderno/com.redx.tvbox.MainActivity#0 num_of_layers=1
05-28 06:21:40.339   376   376 E RHWC2   : fox 1 [rtk_gdma_post 1531] HAS_FLAG=0
05-28 06:21:40.339   376   376 E RHWC2   : fox1 [rtk_gdma_post 1565 ]
05-28 06:21:40.370   376   376 E RHWC2   : fox1 func=hwc2_func_validate_display line=1291 
05-28 06:21:40.370   376   376 E RHWC2   : fox1 func=hwc2_func_validate_display line=1411 
05-28 06:21:40.372   376   376 E RHWC2   : fox1 [rtk_gdma_post 1507 ]
05-28 06:21:40.372   376   376 E RHWC2   : fox1 [rtk_gdma_post 1530 ]name_of_layer = com.redflix.tvmoderno/com.redx.tvbox.MainActivity#0 num_of_layers=1
05-28 06:21:40.372   376   376 E RHWC2   : fox 1 [rtk_gdma_post 1531] HAS_FLAG=0
05-28 06:21:40.372   376   376 E RHWC2   : fox1 [rtk_gdma_post 1565 ]
05-28 06:21:40.403   376   376 E RHWC2   : fox1 func=hwc2_func_validate_display line=1291 
05-28 06:21:40.403   376   376 E RHWC2   : fox1 func=hwc2_func_validate_display line=1411 
05-28 06:21:40.405   376   376 E RHWC2   : fox1 [rtk_gdma_post 1507 ]
05-28 06:21:40.405   376   376 E RHWC2   : fox1 [rtk_gdma_post 1530 ]name_of_layer = com.redflix.tvmoderno/com.redx.tvbox.MainActivity#0 num_of_layers=1
05-28 06:21:40.405   376   376 E RHWC2   : fox 1 [rtk_gdma_post 1531] HAS_FLAG=0
05-28 06:21:40.405   376   376 E RHWC2   : fox1 [rtk_gdma_post 1565 ]
05-28 06:21:40.437   376   376 E RHWC2   : fox1 func=hwc2_func_validate_display line=1291 
05-28 06:21:40.437   376   376 E RHWC2   : fox1 func=hwc2_func_validate_display line=1411 
05-28 06:21:40.439   376   376 E RHWC2   : fox1 [rtk_gdma_post 1507 ]
05-28 06:21:40.439   376   376 E RHWC2   : fox1 [rtk_gdma_post 1530 ]name_of_layer = com.redflix.tvmoderno/com.redx.tvbox.MainActivity#0 num_of_layers=1
05-28 06:21:40.439   376   376 E RHWC2   : fox 1 [rtk_gdma_post 1531] HAS_FLAG=0
05-28 06:21:40.439   376   376 E RHWC2   : fox1 [rtk_gdma_post 1565 ]
05-28 06:21:40.469   376   376 E RHWC2   : fox1 func=hwc2_func_validate_display line=1291 
05-28 06:21:40.469   376   376 E RHWC2   : fox1 func=hwc2_func_validate_display line=1411 
05-28 06:21:40.471   376   376 E RHWC2   : fox1 [rtk_gdma_post 1507 ]
05-28 06:21:40.471   376   376 E RHWC2   : fox1 [rtk_gdma_post 1530 ]name_of_layer = com.redflix.tvmoderno/com.redx.tvbox.MainActivity#0 num_of_layers=1
05-28 06:21:40.471   376   376 E RHWC2   : fox 1 [rtk_gdma_post 1531] HAS_FLAG=0
05-28 06:21:40.471   376   376 E RHWC2   : fox1 [rtk_gdma_post 1565 ]
05-28 06:21:40.503   376   376 E RHWC2   : fox1 func=hwc2_func_validate_display line=1291 
05-28 06:21:40.503   376   376 E RHWC2   : fox1 func=hwc2_func_validate_display line=1411 
05-28 06:21:40.505   376   376 E RHWC2   : fox1 [rtk_gdma_post 1507 ]
05-28 06:21:40.505   376   376 E RHWC2   : fox1 [rtk_gdma_post 1530 ]name_of_layer = com.redflix.tvmoderno/com.redx.tvbox.MainActivity#0 num_of_layers=1
05-28 06:21:40.505   376   376 E RHWC2   : fox 1 [rtk_gdma_post 1531] HAS_FLAG=0
05-28 06:21:40.505   376   376 E RHWC2   : fox1 [rtk_gdma_post 1565 ]
05-28 06:21:40.535   376   376 E RHWC2   : fox1 func=hwc2_func_validate_display line=1291 
05-28 06:21:40.536   376   376 E RHWC2   : fox1 func=hwc2_func_validate_display line=1411 
05-28 06:21:40.537   376   376 E RHWC2   : fox1 [rtk_gdma_post 1507 ]
05-28 06:21:40.538   376   376 E RHWC2   : fox1 [rtk_gdma_post 1530 ]name_of_layer = com.redflix.tvmoderno/com.redx.tvbox.MainActivity#0 num_of_layers=1
05-28 06:21:40.538   376   376 E RHWC2   : fox 1 [rtk_gdma_post 1531] HAS_FLAG=0
05-28 06:21:40.538   376   376 E RHWC2   : fox1 [rtk_gdma_post 1565 ]
05-28 06:21:40.538  1207  1207 D wpa_supplicant: nl80211: Drv Event 56 (NL80211_CMD_CANCEL_REMAIN_ON_CHANNEL) received for p2p0
05-28 06:21:40.538  1207  1207 D wpa_supplicant: nl80211: Remain-on-channel event (cancel=1 freq=2417 channel_type=0 duration=0 cookie=0x20b4 (match))
05-28 06:21:40.538  1207  1207 D wpa_supplicant: p2p0: Event CANCEL_REMAIN_ON_CHANNEL (20) received
05-28 06:21:40.538  1207  1207 D wpa_supplicant: P2P: Cancel remain-on-channel callback (p2p_long_listen=1905452704 ms pending_action_tx=0x0)
05-28 06:21:40.539  1207  1207 D wpa_supplicant: p2p0: Radio work 'p2p-listen'@0xb4f80f50 done in 5.023888 seconds
05-28 06:21:40.539  1207  1207 D wpa_supplicant: p2p0: radio_work_free('p2p-listen'@0xb4f80f50): num_active_works --> 0
05-28 06:21:40.539  1207  1207 D wpa_supplicant: P2P: Driver ended Listen state (freq=2417)
05-28 06:21:40.539  1207  1207 D wpa_supplicant: P2P: Continuing long Listen state
05-28 06:21:40.539  1207  1207 D wpa_supplicant: P2P: Going to listen(only) state
05-28 06:21:40.539  1207  1207 D wpa_supplicant: STA wpa_state=9 freq=2417
05-28 06:21:40.539  1207  1207 D wpa_supplicant: P2P: cfg reg_class(81) channel(2)
05-28 06:21:40.539  1207  1207 D wpa_supplicant: P2P: cfg reg_class(81) channel(2)
05-28 06:21:40.539  1207  1207 D wpa_supplicant: P2P: Set Listen channel: reg_class 81 channel 2
05-28 06:21:40.539  1207  1207 D wpa_supplicant: P2P: Defer setting listen channel
05-28 06:21:40.539  1207  1207 D wpa_supplicant: P2P: p2p listen class(81)/channel(2)
05-28 06:21:40.539  1207  1207 D wpa_supplicant: WPS:  * Version (hardcoded 0x10)
05-28 06:21:40.539  1207  1207 D wpa_supplicant: WPS:  * UUID-E
05-28 06:21:40.539  1207  1207 D wpa_supplicant: WPS:  * Version2 (0x20)
05-28 06:21:40.539  1207  1207 D wpa_supplicant: P2P: * P2P IE header
05-28 06:21:40.539  1207  1207 D wpa_supplicant: P2P: * Capability dev=25 group=00
05-28 06:21:40.539  1207  1207 D wpa_supplicant: P2P: * Listen Channel: Regulatory Class 81 Channel 2
05-28 06:21:40.539  1207  1207 D wpa_supplicant: P2P: * Device Info
05-28 06:21:40.539  1207  1207 D wpa_supplicant: p2p0: Add radio work 'p2p-listen'@0xb4f80f50
05-28 06:21:40.539  1207  1207 D wpa_supplicant: p2p0: First radio work item in the queue - schedule start immediately
05-28 06:21:40.539  1207  1207 D wpa_supplicant: P2P: State LISTEN_ONLY -> LISTEN_ONLY
05-28 06:21:40.539  1207  1207 D wpa_supplicant: p2p0: Starting radio work 'p2p-listen'@0xb4f80f50 after 0.000088 second wait
05-28 06:21:40.539  1207  1207 D wpa_supplicant: nl80211: Probe Request reporting already on! nl_preq=0x3c74b859
05-28 06:21:40.539  1207  1207 D wpa_supplicant: nl80211: Remain-on-channel cookie 0x20b5 for freq=2417 MHz duration=5000
05-28 06:21:40.558  1207  1207 D wpa_supplicant: P2P: Timeout (state=LISTEN_ONLY)
05-28 06:21:40.561  1207  1207 D wpa_supplicant: nl80211: Drv Event 55 (NL80211_CMD_REMAIN_ON_CHANNEL) received for p2p0
05-28 06:21:40.561  1207  1207 D wpa_supplicant: nl80211: Remain-on-channel event (cancel=0 freq=2417 channel_type=0 duration=5000 cookie=0x20b5 (match))
05-28 06:21:40.561  1207  1207 D wpa_supplicant: p2p0: Event REMAIN_ON_CHANNEL (19) received
05-28 06:21:40.561  1207  1207 D wpa_supplicant: Off-channel: Send Action callback (without_roc=0 pending_action_tx=0x0 pending_action_tx_done=0)
05-28 06:21:40.561  1207  1207 D wpa_supplicant: P2P: remain-on-channel callback (off_channel_freq=2417 pending_listen_freq=2417 roc_waiting_drv_freq=0 freq=2417 duration=5000)
05-28 06:21:40.561  1207  1207 D wpa_supplicant: STA wpa_state=9 freq=2417
05-28 06:21:40.561  1207  1207 D wpa_supplicant: P2P: Starting Listen timeout(5,0) on freq=2417 based on callback
05-28 06:21:40.561  1207  1207 D wpa_supplicant: P2P: Set timeout (state=LISTEN_ONLY): 5.020000 sec
05-28 06:21:40.568   376   376 E RHWC2   : fox1 func=hwc2_func_validate_display line=1291 
05-28 06:21:40.568   376   376 E RHWC2   : fox1 func=hwc2_func_validate_display line=1411 
05-28 06:21:40.570   376   376 E RHWC2   : fox1 [rtk_gdma_post 1507 ]
05-28 06:21:40.571   376   376 E RHWC2   : fox1 [rtk_gdma_post 1530 ]name_of_layer = com.redflix.tvmoderno/com.redx.tvbox.MainActivity#0 num_of_layers=1
05-28 06:21:40.571   376   376 E RHWC2   : fox 1 [rtk_gdma_post 1531] HAS_FLAG=0
05-28 06:21:40.571   376   376 E RHWC2   : fox1 [rtk_gdma_post 1565 ]
05-28 06:21:40.601   806  1066 D AppRecordListenerForFreeze: noteTrafficChanged  pid = 2255 pro = com.redflix.tvmoderno using = true
05-28 06:21:40.601   806  1066 D AppRecordListenerForFreeze: noteTrafficChanged  pid = 2376 pro = com.google.android.webview:sandboxed_process0:org.chromium.content.app.SandboxedProcessService0:0 using = true
05-28 06:21:40.602   376   376 E RHWC2   : fox1 func=hwc2_func_validate_display line=1291 
05-28 06:21:40.602   376   376 E RHWC2   : fox1 func=hwc2_func_validate_display line=1411 
05-28 06:21:40.604   376   376 E RHWC2   : fox1 [rtk_gdma_post 1507 ]
05-28 06:21:40.604   376   376 E RHWC2   : fox1 [rtk_gdma_post 1530 ]name_of_layer = com.redflix.tvmoderno/com.redx.tvbox.MainActivity#0 num_of_layers=1
05-28 06:21:40.604   376   376 E RHWC2   : fox 1 [rtk_gdma_post 1531] HAS_FLAG=0
05-28 06:21:40.604   376   376 E RHWC2   : fox1 [rtk_gdma_post 1565 ]
05-28 06:21:40.635   376   376 E RHWC2   : fox1 func=hwc2_func_validate_display line=1291 
05-28 06:21:40.635   376   376 E RHWC2   : fox1 func=hwc2_func_validate_display line=1411 
05-28 06:21:40.637   376   376 E RHWC2   : fox1 [rtk_gdma_post 1507 ]
05-28 06:21:40.637   376   376 E RHWC2   : fox1 [rtk_gdma_post 1530 ]name_of_layer = com.redflix.tvmoderno/com.redx.tvbox.MainActivity#0 num_of_layers=1
05-28 06:21:40.637   376   376 E RHWC2   : fox 1 [rtk_gdma_post 1531] HAS_FLAG=0
05-28 06:21:40.637   376   376 E RHWC2   : fox1 [rtk_gdma_post 1565 ]
05-28 06:21:40.647  1207  1207 D wpa_supplicant: wlan_traffic_statistics rx_byte = 3114016911 rx rate = 3743 Kb/s
05-28 06:21:40.647  1207  1207 D wpa_supplicant: wlan_traffic_statistics tx_byte = 536716572 tx rate = 146 Kb/s
05-28 06:21:40.668   376   376 E RHWC2   : fox1 func=hwc2_func_validate_display line=1291 
05-28 06:21:40.668   376   376 E RHWC2   : fox1 func=hwc2_func_validate_display line=1411 
05-28 06:21:40.670   376   376 E RHWC2   : fox1 [rtk_gdma_post 1507 ]
05-28 06:21:40.670   376   376 E RHWC2   : fox1 [rtk_gdma_post 1530 ]name_of_layer = com.redflix.tvmoderno/com.redx.tvbox.MainActivity#0 num_of_layers=1
05-28 06:21:40.670   376   376 E RHWC2   : fox 1 [rtk_gdma_post 1531] HAS_FLAG=0
05-28 06:21:40.670   376   376 E RHWC2   : fox1 [rtk_gdma_post 1565 ]
05-28 06:21:40.703   376   376 E RHWC2   : fox1 func=hwc2_func_validate_display line=1291 
05-28 06:21:40.703   376   376 E RHWC2   : fox1 func=hwc2_func_validate_display line=1411 
05-28 06:21:40.705   376   376 E RHWC2   : fox1 [rtk_gdma_post 1507 ]
05-28 06:21:40.705   376   376 E RHWC2   : fox1 [rtk_gdma_post 1530 ]name_of_layer = com.redflix.tvmoderno/com.redx.tvbox.MainActivity#0 num_of_layers=1
05-28 06:21:40.705   376   376 E RHWC2   : fox 1 [rtk_gdma_post 1531] HAS_FLAG=0
05-28 06:21:40.705   376   376 E RHWC2   : fox1 [rtk_gdma_post 1565 ]
05-28 06:21:40.736   376   376 E RHWC2   : fox1 func=hwc2_func_validate_display line=1291 
05-28 06:21:40.736   376   376 E RHWC2   : fox1 func=hwc2_func_validate_display line=1411 
05-28 06:21:40.738   376   376 E RHWC2   : fox1 [rtk_gdma_post 1507 ]
05-28 06:21:40.738   376   376 E RHWC2   : fox1 [rtk_gdma_post 1530 ]name_of_layer = com.redflix.tvmoderno/com.redx.tvbox.MainActivity#0 num_of_layers=1
05-28 06:21:40.738   376   376 E RHWC2   : fox 1 [rtk_gdma_post 1531] HAS_FLAG=0
05-28 06:21:40.738   376   376 E RHWC2   : fox1 [rtk_gdma_post 1565 ]
05-28 06:21:40.769   376   376 E RHWC2   : fox1 func=hwc2_func_validate_display line=1291 
05-28 06:21:40.770   376   376 E RHWC2   : fox1 func=hwc2_func_validate_display line=1411 
05-28 06:21:40.772   376   376 E RHWC2   : fox1 [rtk_gdma_post 1507 ]
05-28 06:21:40.772   376   376 E RHWC2   : fox1 [rtk_gdma_post 1530 ]name_of_layer = com.redflix.tvmoderno/com.redx.tvbox.MainActivity#0 num_of_layers=1
05-28 06:21:40.772   376   376 E RHWC2   : fox 1 [rtk_gdma_post 1531] HAS_FLAG=0
05-28 06:21:40.772   376   376 E RHWC2   : fox1 [rtk_gdma_post 1565 ]
05-28 06:21:40.813   376   376 E RHWC2   : fox1 func=hwc2_func_validate_display line=1291 
05-28 06:21:40.813   376   376 E RHWC2   : fox1 func=hwc2_func_validate_display line=1411 
05-28 06:21:40.815   376   376 E RHWC2   : fox1 [rtk_gdma_post 1507 ]
05-28 06:21:40.815   376   376 E RHWC2   : fox1 [rtk_gdma_post 1530 ]name_of_layer = com.redflix.tvmoderno/com.redx.tvbox.MainActivity#0 num_of_layers=1
05-28 06:21:40.815   376   376 E RHWC2   : fox 1 [rtk_gdma_post 1531] HAS_FLAG=0
05-28 06:21:40.815   376   376 E RHWC2   : fox1 [rtk_gdma_post 1565 ]
05-28 06:21:40.835   376   376 E RHWC2   : fox1 func=hwc2_func_validate_display line=1291 
05-28 06:21:40.835   376   376 E RHWC2   : fox1 func=hwc2_func_validate_display line=1411 
05-28 06:21:40.837   376   376 E RHWC2   : fox1 [rtk_gdma_post 1507 ]
05-28 06:21:40.837   376   376 E RHWC2   : fox1 [rtk_gdma_post 1530 ]name_of_layer = com.redflix.tvmoderno/com.redx.tvbox.MainActivity#0 num_of_layers=1
05-28 06:21:40.837   376   376 E RHWC2   : fox 1 [rtk_gdma_post 1531] HAS_FLAG=0
05-28 06:21:40.837   376   376 E RHWC2   : fox1 [rtk_gdma_post 1565 ]
05-28 06:21:40.869   376   376 E RHWC2   : fox1 func=hwc2_func_validate_display line=1291 
05-28 06:21:40.869   376   376 E RHWC2   : fox1 func=hwc2_func_validate_display line=1411 
05-28 06:21:40.871   376   376 E RHWC2   : fox1 [rtk_gdma_post 1507 ]
05-28 06:21:40.871   376   376 E RHWC2   : fox1 [rtk_gdma_post 1530 ]name_of_layer = com.redflix.tvmoderno/com.redx.tvbox.MainActivity#0 num_of_layers=1
05-28 06:21:40.871   376   376 E RHWC2   : fox 1 [rtk_gdma_post 1531] HAS_FLAG=0
05-28 06:21:40.871   376   376 E RHWC2   : fox1 [rtk_gdma_post 1565 ]
05-28 06:21:40.903   376   376 E RHWC2   : fox1 func=hwc2_func_validate_display line=1291 
05-28 06:21:40.903   376   376 E RHWC2   : fox1 func=hwc2_func_validate_display line=1411 
05-28 06:21:40.905   376   376 E RHWC2   : fox1 [rtk_gdma_post 1507 ]
05-28 06:21:40.905   376   376 E RHWC2   : fox1 [rtk_gdma_post 1530 ]name_of_layer = com.redflix.tvmoderno/com.redx.tvbox.MainActivity#0 num_of_layers=1
05-28 06:21:40.905   376   376 E RHWC2   : fox 1 [rtk_gdma_post 1531] HAS_FLAG=0
05-28 06:21:40.905   376   376 E RHWC2   : fox1 [rtk_gdma_post 1565 ]
05-28 06:21:40.935   376   376 E RHWC2   : fox1 func=hwc2_func_validate_display line=1291 
05-28 06:21:40.935   376   376 E RHWC2   : fox1 func=hwc2_func_validate_display line=1411 
05-28 06:21:40.936   376   376 E RHWC2   : fox1 [rtk_gdma_post 1507 ]
05-28 06:21:40.937   376   376 E RHWC2   : fox1 [rtk_gdma_post 1530 ]name_of_layer = com.redflix.tvmoderno/com.redx.tvbox.MainActivity#0 num_of_layers=1
05-28 06:21:40.937   376   376 E RHWC2   : fox 1 [rtk_gdma_post 1531] HAS_FLAG=0
05-28 06:21:40.937   376   376 E RHWC2   : fox1 [rtk_gdma_post 1565 ]
05-28 06:21:40.968   376   376 E RHWC2   : fox1 func=hwc2_func_validate_display line=1291 
05-28 06:21:40.968   376   376 E RHWC2   : fox1 func=hwc2_func_validate_display line=1411 
05-28 06:21:40.970   376   376 E RHWC2   : fox1 [rtk_gdma_post 1507 ]
05-28 06:21:40.970   376   376 E RHWC2   : fox1 [rtk_gdma_post 1530 ]name_of_layer = com.redflix.tvmoderno/com.redx.tvbox.MainActivity#0 num_of_layers=1
05-28 06:21:40.970   376   376 E RHWC2   : fox 1 [rtk_gdma_post 1531] HAS_FLAG=0
05-28 06:21:40.970   376   376 E RHWC2   : fox1 [rtk_gdma_post 1565 ]
05-28 06:21:41.001   376   376 E RHWC2   : fox1 func=hwc2_func_validate_display line=1291 
05-28 06:21:41.001   376   376 E RHWC2   : fox1 func=hwc2_func_validate_display line=1411 
05-28 06:21:41.003   376   376 E RHWC2   : fox1 [rtk_gdma_post 1507 ]
05-28 06:21:41.003   376   376 E RHWC2   : fox1 [rtk_gdma_post 1530 ]name_of_layer = com.redflix.tvmoderno/com.redx.tvbox.MainActivity#0 num_of_layers=1
05-28 06:21:41.003   376   376 E RHWC2   : fox 1 [rtk_gdma_post 1531] HAS_FLAG=0
05-28 06:21:41.003   376   376 E RHWC2   : fox1 [rtk_gdma_post 1565 ]
05-28 06:21:41.036   376   376 E RHWC2   : fox1 func=hwc2_func_validate_display line=1291 
05-28 06:21:41.037   376   376 E RHWC2   : fox1 func=hwc2_func_validate_display line=1411 
05-28 06:21:41.039   376   376 E RHWC2   : fox1 [rtk_gdma_post 1507 ]
05-28 06:21:41.039   376   376 E RHWC2   : fox1 [rtk_gdma_post 1530 ]name_of_layer = com.redflix.tvmoderno/com.redx.tvbox.MainActivity#0 num_of_layers=1
05-28 06:21:41.039   376   376 E RHWC2   : fox 1 [rtk_gdma_post 1531] HAS_FLAG=0
05-28 06:21:41.039   376   376 E RHWC2   : fox1 [rtk_gdma_post 1565 ]
05-28 06:21:41.069   376   376 E RHWC2   : fox1 func=hwc2_func_validate_display line=1291 
05-28 06:21:41.069   376   376 E RHWC2   : fox1 func=hwc2_func_validate_display line=1411 
05-28 06:21:41.071   376   376 E RHWC2   : fox1 [rtk_gdma_post 1507 ]
05-28 06:21:41.071   376   376 E RHWC2   : fox1 [rtk_gdma_post 1530 ]name_of_layer = com.redflix.tvmoderno/com.redx.tvbox.MainActivity#0 num_of_layers=1
05-28 06:21:41.071   376   376 E RHWC2   : fox 1 [rtk_gdma_post 1531] HAS_FLAG=0
05-28 06:21:41.071   376   376 E RHWC2   : fox1 [rtk_gdma_post 1565 ]
05-28 06:21:41.102   376   376 E RHWC2   : fox1 func=hwc2_func_validate_display line=1291 
05-28 06:21:41.102   376   376 E RHWC2   : fox1 func=hwc2_func_validate_display line=1411 
05-28 06:21:41.104   376   376 E RHWC2   : fox1 [rtk_gdma_post 1507 ]
05-28 06:21:41.104   376   376 E RHWC2   : fox1 [rtk_gdma_post 1530 ]name_of_layer = com.redflix.tvmoderno/com.redx.tvbox.MainActivity#0 num_of_layers=1
05-28 06:21:41.104   376   376 E RHWC2   : fox 1 [rtk_gdma_post 1531] HAS_FLAG=0
05-28 06:21:41.104   376   376 E RHWC2   : fox1 [rtk_gdma_post 1565 ]
05-28 06:21:41.134   812   833 D TVKitService: getProjectID
05-28 06:21:41.134   812   833 D DeviceInfoImpl: getProjectID from map is 4357
05-28 06:21:41.135  2208  2208 I TCL_DeviceInfo: id = 4357
05-28 06:21:41.135  2208  2208 E TCL_DeviceInfo: from sita get client type is TCL-LA-RTD51A-S1
05-28 06:21:41.136   812   833 D TVKitService: getSoftwareVersion
05-28 06:21:41.136   812   833 D DeviceInfoImpl: getSoftwareVersion is V8-R51AT01-LF1V126
05-28 06:21:41.136  2208  2208 I TCL_DeviceInfo: ret  = V8-R51AT01-LF1V126
05-28 06:21:41.136   806  1774 I WifiService: getConnectionInfo uid=1000
05-28 06:21:41.146   376   376 E RHWC2   : fox1 func=hwc2_func_validate_display line=1291 
05-28 06:21:41.146   376   376 E RHWC2   : fox1 func=hwc2_func_validate_display line=1411 
05-28 06:21:41.148   376   376 E RHWC2   : fox1 [rtk_gdma_post 1507 ]
05-28 06:21:41.148   376   376 E RHWC2   : fox1 [rtk_gdma_post 1530 ]name_of_layer = com.redflix.tvmoderno/com.redx.tvbox.MainActivity#0 num_of_layers=1
05-28 06:21:41.148   376   376 E RHWC2   : fox 1 [rtk_gdma_post 1531] HAS_FLAG=0
05-28 06:21:41.148   376   376 E RHWC2   : fox1 [rtk_gdma_post 1565 ]
05-28 06:21:41.178   376   376 E RHWC2   : fox1 func=hwc2_func_validate_display line=1291 
05-28 06:21:41.178   376   376 E RHWC2   : fox1 func=hwc2_func_validate_display line=1411 
05-28 06:21:41.180   376   376 E RHWC2   : fox1 [rtk_gdma_post 1507 ]
05-28 06:21:41.180   376   376 E RHWC2   : fox1 [rtk_gdma_post 1530 ]name_of_layer = com.redflix.tvmoderno/com.redx.tvbox.MainActivity#0 num_of_layers=1
05-28 06:21:41.180   376   376 E RHWC2   : fox 1 [rtk_gdma_post 1531] HAS_FLAG=0
05-28 06:21:41.180   376   376 E RHWC2   : fox1 [rtk_gdma_post 1565 ]
05-28 06:21:41.202   376   376 E RHWC2   : fox1 func=hwc2_func_validate_display line=1291 
05-28 06:21:41.202   376   376 E RHWC2   : fox1 func=hwc2_func_validate_display line=1411 
05-28 06:21:41.204   376   376 E RHWC2   : fox1 [rtk_gdma_post 1507 ]
05-28 06:21:41.204   376   376 E RHWC2   : fox1 [rtk_gdma_post 1530 ]name_of_layer = com.redflix.tvmoderno/com.redx.tvbox.MainActivity#0 num_of_layers=1
05-28 06:21:41.204   376   376 E RHWC2   : fox 1 [rtk_gdma_post 1531] HAS_FLAG=0
05-28 06:21:41.204   376   376 E RHWC2   : fox1 [rtk_gdma_post 1565 ]
05-28 06:21:41.234   376   376 E RHWC2   : fox1 func=hwc2_func_validate_display line=1291 
05-28 06:21:41.235   376   376 E RHWC2   : fox1 func=hwc2_func_validate_display line=1411 
05-28 06:21:41.236   376   376 E RHWC2   : fox1 [rtk_gdma_post 1507 ]
05-28 06:21:41.236   376   376 E RHWC2   : fox1 [rtk_gdma_post 1530 ]name_of_layer = com.redflix.tvmoderno/com.redx.tvbox.MainActivity#0 num_of_layers=1
05-28 06:21:41.236   376   376 E RHWC2   : fox 1 [rtk_gdma_post 1531] HAS_FLAG=0
05-28 06:21:41.236   376   376 E RHWC2   : fox1 [rtk_gdma_post 1565 ]
05-28 06:21:41.265   394   791 I HdmieArc: earc status newStatus 0, oldStatus=EN_TOS_CEC_EARC_STATUS_HANDSHAKE
05-28 06:21:41.266   394   791 I HdmieArc: rhal earc status: 0, error code: 0 
05-28 06:21:41.269   376   376 E RHWC2   : fox1 func=hwc2_func_validate_display line=1291 
05-28 06:21:41.269   376   376 E RHWC2   : fox1 func=hwc2_func_validate_display line=1411 
05-28 06:21:41.272   376   376 E RHWC2   : fox1 [rtk_gdma_post 1507 ]
05-28 06:21:41.272   376   376 E RHWC2   : fox1 [rtk_gdma_post 1530 ]name_of_layer = com.redflix.tvmoderno/com.redx.tvbox.MainActivity#0 num_of_layers=1
05-28 06:21:41.272   376   376 E RHWC2   : fox 1 [rtk_gdma_post 1531] HAS_FLAG=0
05-28 06:21:41.272   376   376 E RHWC2   : fox1 [rtk_gdma_post 1565 ]
05-28 06:21:41.301   376   376 E RHWC2   : fox1 func=hwc2_func_validate_display line=1291 
05-28 06:21:41.301   376   376 E RHWC2   : fox1 func=hwc2_func_validate_display line=1411 
05-28 06:21:41.303   376   376 E RHWC2   : fox1 [rtk_gdma_post 1507 ]
05-28 06:21:41.303   376   376 E RHWC2   : fox1 [rtk_gdma_post 1530 ]name_of_layer = com.redflix.tvmoderno/com.redx.tvbox.MainActivity#0 num_of_layers=1
05-28 06:21:41.303   376   376 E RHWC2   : fox 1 [rtk_gdma_post 1531] HAS_FLAG=0
05-28 06:21:41.303   376   376 E RHWC2   : fox1 [rtk_gdma_post 1565 ]
05-28 06:21:41.334   376   376 E RHWC2   : fox1 func=hwc2_func_validate_display line=1291 
05-28 06:21:41.334   376   376 E RHWC2   : fox1 func=hwc2_func_validate_display line=1411 
05-28 06:21:41.336   376   376 E RHWC2   : fox1 [rtk_gdma_post 1507 ]
05-28 06:21:41.336   376   376 E RHWC2   : fox1 [rtk_gdma_post 1530 ]name_of_layer = com.redflix.tvmoderno/com.redx.tvbox.MainActivity#0 num_of_layers=1
05-28 06:21:41.336   376   376 E RHWC2   : fox 1 [rtk_gdma_post 1531] HAS_FLAG=0
05-28 06:21:41.336   376   376 E RHWC2   : fox1 [rtk_gdma_post 1565 ]
05-28 06:21:41.368   376   376 E RHWC2   : fox1 func=hwc2_func_validate_display line=1291 
05-28 06:21:41.369   376   376 E RHWC2   : fox1 func=hwc2_func_validate_display line=1411 
05-28 06:21:41.370   376   376 E RHWC2   : fox1 [rtk_gdma_post 1507 ]
05-28 06:21:41.371   376   376 E RHWC2   : fox1 [rtk_gdma_post 1530 ]name_of_layer = com.redflix.tvmoderno/com.redx.tvbox.MainActivity#0 num_of_layers=1
05-28 06:21:41.371   376   376 E RHWC2   : fox 1 [rtk_gdma_post 1531] HAS_FLAG=0
05-28 06:21:41.371   376   376 E RHWC2   : fox1 [rtk_gdma_post 1565 ]
05-28 06:21:41.401   376   376 E RHWC2   : fox1 func=hwc2_func_validate_display line=1291 
05-28 06:21:41.401   376   376 E RHWC2   : fox1 func=hwc2_func_validate_display line=1411 
05-28 06:21:41.403   376   376 E RHWC2   : fox1 [rtk_gdma_post 1507 ]
05-28 06:21:41.403   376   376 E RHWC2   : fox1 [rtk_gdma_post 1530 ]name_of_layer = com.redflix.tvmoderno/com.redx.tvbox.MainActivity#0 num_of_layers=1
05-28 06:21:41.403   376   376 E RHWC2   : fox 1 [rtk_gdma_post 1531] HAS_FLAG=0
05-28 06:21:41.403   376   376 E RHWC2   : fox1 [rtk_gdma_post 1565 ]
05-28 06:21:41.434   376   376 E RHWC2   : fox1 func=hwc2_func_validate_display line=1291 
05-28 06:21:41.435   376   376 E RHWC2   : fox1 func=hwc2_func_validate_display line=1411 
05-28 06:21:41.436   376   376 E RHWC2   : fox1 [rtk_gdma_post 1507 ]
05-28 06:21:41.436   376   376 E RHWC2   : fox1 [rtk_gdma_post 1530 ]name_of_layer = com.redflix.tvmoderno/com.redx.tvbox.MainActivity#0 num_of_layers=1
05-28 06:21:41.436   376   376 E RHWC2   : fox 1 [rtk_gdma_post 1531] HAS_FLAG=0
05-28 06:21:41.436   376   376 E RHWC2   : fox1 [rtk_gdma_post 1565 ]
05-28 06:21:41.468   376   376 E RHWC2   : fox1 func=hwc2_func_validate_display line=1291 
05-28 06:21:41.468   376   376 E RHWC2   : fox1 func=hwc2_func_validate_display line=1411 
05-28 06:21:41.470   376   376 E RHWC2   : fox1 [rtk_gdma_post 1507 ]
05-28 06:21:41.470   376   376 E RHWC2   : fox1 [rtk_gdma_post 1530 ]name_of_layer = com.redflix.tvmoderno/com.redx.tvbox.MainActivity#0 num_of_layers=1
05-28 06:21:41.470   376   376 E RHWC2   : fox 1 [rtk_gdma_post 1531] HAS_FLAG=0
05-28 06:21:41.470   376   376 E RHWC2   : fox1 [rtk_gdma_post 1565 ]
05-28 06:21:41.502   376   376 E RHWC2   : fox1 func=hwc2_func_validate_display line=1291 
05-28 06:21:41.502   376   376 E RHWC2   : fox1 func=hwc2_func_validate_display line=1411 
05-28 06:21:41.503   376   376 E RHWC2   : fox1 [rtk_gdma_post 1507 ]
05-28 06:21:41.503   376   376 E RHWC2   : fox1 [rtk_gdma_post 1530 ]name_of_layer = com.redflix.tvmoderno/com.redx.tvbox.MainActivity#0 num_of_layers=1
05-28 06:21:41.503   376   376 E RHWC2   : fox 1 [rtk_gdma_post 1531] HAS_FLAG=0
05-28 06:21:41.503   376   376 E RHWC2   : fox1 [rtk_gdma_post 1565 ]
05-28 06:21:41.536   376   376 E RHWC2   : fox1 func=hwc2_func_validate_display line=1291 
05-28 06:21:41.536   376   376 E RHWC2   : fox1 func=hwc2_func_validate_display line=1411 
05-28 06:21:41.538   376   376 E RHWC2   : fox1 [rtk_gdma_post 1507 ]
05-28 06:21:41.538   376   376 E RHWC2   : fox1 [rtk_gdma_post 1530 ]name_of_layer = com.redflix.tvmoderno/com.redx.tvbox.MainActivity#0 num_of_layers=1
05-28 06:21:41.538   376   376 E RHWC2   : fox 1 [rtk_gdma_post 1531] HAS_FLAG=0
05-28 06:21:41.538   376   376 E RHWC2   : fox1 [rtk_gdma_post 1565 ]
05-28 06:21:41.569   376   376 E RHWC2   : fox1 func=hwc2_func_validate_display line=1291 
05-28 06:21:41.569   376   376 E RHWC2   : fox1 func=hwc2_func_validate_display line=1411 
05-28 06:21:41.571   376   376 E RHWC2   : fox1 [rtk_gdma_post 1507 ]
05-28 06:21:41.571   376   376 E RHWC2   : fox1 [rtk_gdma_post 1530 ]name_of_layer = com.redflix.tvmoderno/com.redx.tvbox.MainActivity#0 num_of_layers=1
05-28 06:21:41.571   376   376 E RHWC2   : fox 1 [rtk_gdma_post 1531] HAS_FLAG=0
05-28 06:21:41.571   376   376 E RHWC2   : fox1 [rtk_gdma_post 1565 ]
05-28 06:21:41.602   376   376 E RHWC2   : fox1 func=hwc2_func_validate_display line=1291 
05-28 06:21:41.602   376   376 E RHWC2   : fox1 func=hwc2_func_validate_display line=1411 
05-28 06:21:41.604   376   376 E RHWC2   : fox1 [rtk_gdma_post 1507 ]
05-28 06:21:41.604   376   376 E RHWC2   : fox1 [rtk_gdma_post 1530 ]name_of_layer = com.redflix.tvmoderno/com.redx.tvbox.MainActivity#0 num_of_layers=1
05-28 06:21:41.604   376   376 E RHWC2   : fox 1 [rtk_gdma_post 1531] HAS_FLAG=0
05-28 06:21:41.604   376   376 E RHWC2   : fox1 [rtk_gdma_post 1565 ]
05-28 06:21:41.635   376   376 E RHWC2   : fox1 func=hwc2_func_validate_display line=1291 
