05-28 06:21:36.372   376   376 E RHWC2   : fox1 [rtk_gdma_post 1565 ]
05-28 06:21:36.413   376   376 E RHWC2   : fox1 func=hwc2_func_validate_display line=1291 
05-28 06:21:36.413   376   376 E RHWC2   : fox1 func=hwc2_func_validate_display line=1411 
05-28 06:21:36.415   376   376 E RHWC2   : fox1 [rtk_gdma_post 1507 ]
05-28 06:21:36.415   376   376 E RHWC2   : fox1 [rtk_gdma_post 1530 ]name_of_layer = com.redflix.tvmoderno/com.redx.tvbox.MainActivity#0 num_of_layers=1
05-28 06:21:36.415   376   376 E RHWC2   : fox 1 [rtk_gdma_post 1531] HAS_FLAG=0
05-28 06:21:36.415   376   376 E RHWC2   : fox1 [rtk_gdma_post 1565 ]
05-28 06:21:36.435   376   376 E RHWC2   : fox1 func=hwc2_func_validate_display line=1291 
05-28 06:21:36.435   376   376 E RHWC2   : fox1 func=hwc2_func_validate_display line=1411 
05-28 06:21:36.437   376   376 E RHWC2   : fox1 [rtk_gdma_post 1507 ]
05-28 06:21:36.437   376   376 E RHWC2   : fox1 [rtk_gdma_post 1530 ]name_of_layer = com.redflix.tvmoderno/com.redx.tvbox.MainActivity#0 num_of_layers=1
05-28 06:21:36.437   376   376 E RHWC2   : fox 1 [rtk_gdma_post 1531] HAS_FLAG=0
05-28 06:21:36.437   376   376 E RHWC2   : fox1 [rtk_gdma_post 1565 ]
05-28 06:21:36.468   376   376 E RHWC2   : fox1 func=hwc2_func_validate_display line=1291 
05-28 06:21:36.468   376   376 E RHWC2   : fox1 func=hwc2_func_validate_display line=1411 
05-28 06:21:36.470   376   376 E RHWC2   : fox1 [rtk_gdma_post 1507 ]
05-28 06:21:36.470   376   376 E RHWC2   : fox1 [rtk_gdma_post 1530 ]name_of_layer = com.redflix.tvmoderno/com.redx.tvbox.MainActivity#0 num_of_layers=1
05-28 06:21:36.470   376   376 E RHWC2   : fox 1 [rtk_gdma_post 1531] HAS_FLAG=0
05-28 06:21:36.470   376   376 E RHWC2   : fox1 [rtk_gdma_post 1565 ]
05-28 06:21:36.503   376   376 E RHWC2   : fox1 func=hwc2_func_validate_display line=1291 
05-28 06:21:36.503   376   376 E RHWC2   : fox1 func=hwc2_func_validate_display line=1411 
05-28 06:21:36.505   376   376 E RHWC2   : fox1 [rtk_gdma_post 1507 ]
05-28 06:21:36.505   376   376 E RHWC2   : fox1 [rtk_gdma_post 1530 ]name_of_layer = com.redflix.tvmoderno/com.redx.tvbox.MainActivity#0 num_of_layers=1
05-28 06:21:36.505   376   376 E RHWC2   : fox 1 [rtk_gdma_post 1531] HAS_FLAG=0
05-28 06:21:36.505   376   376 E RHWC2   : fox1 [rtk_gdma_post 1565 ]
05-28 06:21:36.535   376   376 E RHWC2   : fox1 func=hwc2_func_validate_display line=1291 
05-28 06:21:36.535   376   376 E RHWC2   : fox1 func=hwc2_func_validate_display line=1411 
05-28 06:21:36.537   376   376 E RHWC2   : fox1 [rtk_gdma_post 1507 ]
05-28 06:21:36.537   376   376 E RHWC2   : fox1 [rtk_gdma_post 1530 ]name_of_layer = com.redflix.tvmoderno/com.redx.tvbox.MainActivity#0 num_of_layers=1
05-28 06:21:36.537   376   376 E RHWC2   : fox 1 [rtk_gdma_post 1531] HAS_FLAG=0
05-28 06:21:36.538   376   376 E RHWC2   : fox1 [rtk_gdma_post 1565 ]
05-28 06:21:36.569   376   376 E RHWC2   : fox1 func=hwc2_func_validate_display line=1291 
05-28 06:21:36.569   376   376 E RHWC2   : fox1 func=hwc2_func_validate_display line=1411 
05-28 06:21:36.571   376   376 E RHWC2   : fox1 [rtk_gdma_post 1507 ]
05-28 06:21:36.571   376   376 E RHWC2   : fox1 [rtk_gdma_post 1530 ]name_of_layer = com.redflix.tvmoderno/com.redx.tvbox.MainActivity#0 num_of_layers=1
05-28 06:21:36.571   376   376 E RHWC2   : fox 1 [rtk_gdma_post 1531] HAS_FLAG=0
05-28 06:21:36.571   376   376 E RHWC2   : fox1 [rtk_gdma_post 1565 ]
05-28 06:21:36.573   806  1026 E WifiVendorHal: getWifiLinkLayerStats_1_3_Internal(l.978) failed {.code = ERROR_NOT_SUPPORTED, .description = }
05-28 06:21:36.580   806  1026 D WifiClientModeImpl: fetchRssiLinkSpeedAndFrequencyNative rssi=-70 TxLinkspeed=86 freq=2417 RxLinkSpeed=0
05-28 06:21:36.580   806  1026 V WifiConfigManager: Updating scan detail cache freq=2417 BSSID=f8:2d:c0:24:9e:d2 RSSI=-70 for "BOLSONARO2018"WPA_PSK
05-28 06:21:36.581   806  1026 D WifiThroughputPredictor:  utilization (BssLoad) -1 utilization (LLStats) 80 isBluetoothConnected: false final utilization: 80
05-28 06:21:36.581   806  1026 D WifiThroughputPredictor:  utilization (BssLoad) -1 utilization (LLStats) 80 isBluetoothConnected: false final utilization: 80
05-28 06:21:36.581   806  1026 D WifiScoreCard: BSSID update SIGNAL_POLL ID: 398514962 SSID: BOLSONARO2018, BSSID: f8:2d:c0:24:9e:d2, MAC: 64:57:25:8c:68:c1, Supplicant state: COMPLETED, Wi-Fi standard: 0, RSSI: -70, Link speed: 86Mbps, Tx Link speed: 86Mbps, Max Supported Tx Link speed: -1Mbps, Rx Link speed: -1Mbps, Max Supported Rx Link speed: -1Mbps, Frequency: 2417MHz, Net ID: 0, Metered hint: false, score: 60
05-28 06:21:36.581   806  1026 D WifiScoreCard: txRate: 86 txSpeed: 86
05-28 06:21:36.582   806  1026 D WifiScoreCard: network update SIGNAL_POLL "BOLSONARO2018" ID: 976476524 RSSI -70 txSpeed 86
05-28 06:21:36.582   806  1026 D WifiScoreCard: SSID: "BOLSONARO2018"
05-28 06:21:36.582   806  1026 D WifiScoreCard:  LastRssiPollTime: 42076646 LastRssiPoll: -70 LastTxSpeedPoll: 86
05-28 06:21:36.582   806  1026 D WifiScoreCard:  StatsRecent:  ConnectAttempt: 4 ConnectFailure: 0 ConnectDurSec: 6372708 AssocRej: 0 AssocTimeout: 0 AuthFailure: 0 ShortDiscNonlocal: 6 DisconnectNonlocal: 7 Disconnect: 13 ConsecutiveConnectFailure: 0
05-28 06:21:36.582   806  1026 D WifiScoreCard:  StatsCurr:  ConnectAttempt: 54 ConnectFailure: 0 ConnectDurSec: 759544 AssocRej: 0 AssocTimeout: 0 AuthFailure: 0 ShortDiscNonlocal: 39 DisconnectNonlocal: 53 Disconnect: 73 ConsecutiveConnectFailure: 0
05-28 06:21:36.582   806  1026 D WifiScoreCard:  StatsPrev:  ConnectAttempt: 15 ConnectFailure: 0 ConnectDurSec: 211923 AssocRej: 0 AssocTimeout: 0 AuthFailure: 0 ShortDiscNonlocal: 10 DisconnectNonlocal: 19 Disconnect: 32 ConsecutiveConnectFailure: 0
05-28 06:21:36.585   806  1026 D WifiClientModeImpl:  L2ConnectedState screen=on 5 0 "BOLSONARO2018" f8:2d:c0:24:9e:d2 rssi=-70 f=2417 sc=60 link=86 tx=85,0, 0,0, 0,0  rx=126,3 bcn=0 [on:0 tx:0 rx:0 period:3009] from screen [on:0 period:25676539] score=60
05-28 06:21:36.602   376   376 E RHWC2   : fox1 func=hwc2_func_validate_display line=1291 
05-28 06:21:36.602   376   376 E RHWC2   : fox1 func=hwc2_func_validate_display line=1411 
05-28 06:21:36.604   376   376 E RHWC2   : fox1 [rtk_gdma_post 1507 ]
05-28 06:21:36.604   376   376 E RHWC2   : fox1 [rtk_gdma_post 1530 ]name_of_layer = com.redflix.tvmoderno/com.redx.tvbox.MainActivity#0 num_of_layers=1
05-28 06:21:36.604   376   376 E RHWC2   : fox 1 [rtk_gdma_post 1531] HAS_FLAG=0
05-28 06:21:36.604   376   376 E RHWC2   : fox1 [rtk_gdma_post 1565 ]
05-28 06:21:36.636   376   376 E RHWC2   : fox1 func=hwc2_func_validate_display line=1291 
05-28 06:21:36.636   376   376 E RHWC2   : fox1 func=hwc2_func_validate_display line=1411 
05-28 06:21:36.638   376   376 E RHWC2   : fox1 [rtk_gdma_post 1507 ]
05-28 06:21:36.638   376   376 E RHWC2   : fox1 [rtk_gdma_post 1530 ]name_of_layer = com.redflix.tvmoderno/com.redx.tvbox.MainActivity#0 num_of_layers=1
05-28 06:21:36.639   376   376 E RHWC2   : fox 1 [rtk_gdma_post 1531] HAS_FLAG=0
05-28 06:21:36.639   376   376 E RHWC2   : fox1 [rtk_gdma_post 1565 ]
05-28 06:21:36.645  1207  1207 D wpa_supplicant: wlan_traffic_statistics rx_byte = 3111102547 rx rate = 413 Kb/s
05-28 06:21:36.645  1207  1207 D wpa_supplicant: wlan_traffic_statistics tx_byte = 536623667 tx rate = 75 Kb/s
05-28 06:21:36.670   376   376 E RHWC2   : fox1 func=hwc2_func_validate_display line=1291 
05-28 06:21:36.670   376   376 E RHWC2   : fox1 func=hwc2_func_validate_display line=1411 
05-28 06:21:36.672   376   376 E RHWC2   : fox1 [rtk_gdma_post 1507 ]
05-28 06:21:36.672   376   376 E RHWC2   : fox1 [rtk_gdma_post 1530 ]name_of_layer = com.redflix.tvmoderno/com.redx.tvbox.MainActivity#0 num_of_layers=1
05-28 06:21:36.672   376   376 E RHWC2   : fox 1 [rtk_gdma_post 1531] HAS_FLAG=0
05-28 06:21:36.672   376   376 E RHWC2   : fox1 [rtk_gdma_post 1565 ]
05-28 06:21:36.702   376   376 E RHWC2   : fox1 func=hwc2_func_validate_display line=1291 
05-28 06:21:36.702   376   376 E RHWC2   : fox1 func=hwc2_func_validate_display line=1411 
05-28 06:21:36.704   376   376 E RHWC2   : fox1 [rtk_gdma_post 1507 ]
05-28 06:21:36.704   376   376 E RHWC2   : fox1 [rtk_gdma_post 1530 ]name_of_layer = com.redflix.tvmoderno/com.redx.tvbox.MainActivity#0 num_of_layers=1
05-28 06:21:36.704   376   376 E RHWC2   : fox 1 [rtk_gdma_post 1531] HAS_FLAG=0
05-28 06:21:36.704   376   376 E RHWC2   : fox1 [rtk_gdma_post 1565 ]
05-28 06:21:36.735   376   376 E RHWC2   : fox1 func=hwc2_func_validate_display line=1291 
05-28 06:21:36.735   376   376 E RHWC2   : fox1 func=hwc2_func_validate_display line=1411 
05-28 06:21:36.737   376   376 E RHWC2   : fox1 [rtk_gdma_post 1507 ]
05-28 06:21:36.737   376   376 E RHWC2   : fox1 [rtk_gdma_post 1530 ]name_of_layer = com.redflix.tvmoderno/com.redx.tvbox.MainActivity#0 num_of_layers=1
05-28 06:21:36.737   376   376 E RHWC2   : fox 1 [rtk_gdma_post 1531] HAS_FLAG=0
05-28 06:21:36.737   376   376 E RHWC2   : fox1 [rtk_gdma_post 1565 ]
05-28 06:21:36.770   376   376 E RHWC2   : fox1 func=hwc2_func_validate_display line=1291 
05-28 06:21:36.770   376   376 E RHWC2   : fox1 func=hwc2_func_validate_display line=1411 
05-28 06:21:36.772   376   376 E RHWC2   : fox1 [rtk_gdma_post 1507 ]
05-28 06:21:36.772   376   376 E RHWC2   : fox1 [rtk_gdma_post 1530 ]name_of_layer = com.redflix.tvmoderno/com.redx.tvbox.MainActivity#0 num_of_layers=1
05-28 06:21:36.772   376   376 E RHWC2   : fox 1 [rtk_gdma_post 1531] HAS_FLAG=0
05-28 06:21:36.772   376   376 E RHWC2   : fox1 [rtk_gdma_post 1565 ]
05-28 06:21:36.803   376   376 E RHWC2   : fox1 func=hwc2_func_validate_display line=1291 
05-28 06:21:36.803   376   376 E RHWC2   : fox1 func=hwc2_func_validate_display line=1411 
05-28 06:21:36.805   376   376 E RHWC2   : fox1 [rtk_gdma_post 1507 ]
05-28 06:21:36.805   376   376 E RHWC2   : fox1 [rtk_gdma_post 1530 ]name_of_layer = com.redflix.tvmoderno/com.redx.tvbox.MainActivity#0 num_of_layers=1
05-28 06:21:36.805   376   376 E RHWC2   : fox 1 [rtk_gdma_post 1531] HAS_FLAG=0
05-28 06:21:36.805   376   376 E RHWC2   : fox1 [rtk_gdma_post 1565 ]
05-28 06:21:36.835   376   376 E RHWC2   : fox1 func=hwc2_func_validate_display line=1291 
05-28 06:21:36.835   376   376 E RHWC2   : fox1 func=hwc2_func_validate_display line=1411 
05-28 06:21:36.837   376   376 E RHWC2   : fox1 [rtk_gdma_post 1507 ]
05-28 06:21:36.837   376   376 E RHWC2   : fox1 [rtk_gdma_post 1530 ]name_of_layer = com.redflix.tvmoderno/com.redx.tvbox.MainActivity#0 num_of_layers=1
05-28 06:21:36.837   376   376 E RHWC2   : fox 1 [rtk_gdma_post 1531] HAS_FLAG=0
05-28 06:21:36.837   376   376 E RHWC2   : fox1 [rtk_gdma_post 1565 ]
05-28 06:21:36.869   376   376 E RHWC2   : fox1 func=hwc2_func_validate_display line=1291 
05-28 06:21:36.869   376   376 E RHWC2   : fox1 func=hwc2_func_validate_display line=1411 
05-28 06:21:36.871   376   376 E RHWC2   : fox1 [rtk_gdma_post 1507 ]
05-28 06:21:36.871   376   376 E RHWC2   : fox1 [rtk_gdma_post 1530 ]name_of_layer = com.redflix.tvmoderno/com.redx.tvbox.MainActivity#0 num_of_layers=1
05-28 06:21:36.871   376   376 E RHWC2   : fox 1 [rtk_gdma_post 1531] HAS_FLAG=0
05-28 06:21:36.871   376   376 E RHWC2   : fox1 [rtk_gdma_post 1565 ]
05-28 06:21:36.901   376   376 E RHWC2   : fox1 func=hwc2_func_validate_display line=1291 
05-28 06:21:36.901   376   376 E RHWC2   : fox1 func=hwc2_func_validate_display line=1411 
05-28 06:21:36.903   376   376 E RHWC2   : fox1 [rtk_gdma_post 1507 ]
05-28 06:21:36.903   376   376 E RHWC2   : fox1 [rtk_gdma_post 1530 ]name_of_layer = com.redflix.tvmoderno/com.redx.tvbox.MainActivity#0 num_of_layers=1
05-28 06:21:36.903   376   376 E RHWC2   : fox 1 [rtk_gdma_post 1531] HAS_FLAG=0
05-28 06:21:36.903   376   376 E RHWC2   : fox1 [rtk_gdma_post 1565 ]
05-28 06:21:36.934   376   376 E RHWC2   : fox1 func=hwc2_func_validate_display line=1291 
05-28 06:21:36.934   376   376 E RHWC2   : fox1 func=hwc2_func_validate_display line=1411 
05-28 06:21:36.936   376   376 E RHWC2   : fox1 [rtk_gdma_post 1507 ]
05-28 06:21:36.936   376   376 E RHWC2   : fox1 [rtk_gdma_post 1530 ]name_of_layer = com.redflix.tvmoderno/com.redx.tvbox.MainActivity#0 num_of_layers=1
05-28 06:21:36.936   376   376 E RHWC2   : fox 1 [rtk_gdma_post 1531] HAS_FLAG=0
05-28 06:21:36.936   376   376 E RHWC2   : fox1 [rtk_gdma_post 1565 ]
05-28 06:21:36.968   376   376 E RHWC2   : fox1 func=hwc2_func_validate_display line=1291 
05-28 06:21:36.968   376   376 E RHWC2   : fox1 func=hwc2_func_validate_display line=1411 
05-28 06:21:36.970   376   376 E RHWC2   : fox1 [rtk_gdma_post 1507 ]
05-28 06:21:36.970   376   376 E RHWC2   : fox1 [rtk_gdma_post 1530 ]name_of_layer = com.redflix.tvmoderno/com.redx.tvbox.MainActivity#0 num_of_layers=1
05-28 06:21:36.970   376   376 E RHWC2   : fox 1 [rtk_gdma_post 1531] HAS_FLAG=0
05-28 06:21:36.970   376   376 E RHWC2   : fox1 [rtk_gdma_post 1565 ]
05-28 06:21:36.988  2255  2255 W Capacitor/Console: File: https://localhost/assets/vendor-hls-rhxmDbYf.js - Line 1 - Msg: Mixed Content: The page at 'https://localhost/canais' was loaded over HTTPS, but requested an insecure XMLHttpRequest endpoint 'http://23.95.79.65/hls/4794547_1369.ts?token=ujbzD0vIUxmFP-cDuCrYwHsxfbhcdLA2NMIH8NTwu_QqNnoKWPJpSX3NjbaDxVvhsYVUs5Zn1bM0gXnU0ckljysdbKPHs8CuE7d-zwSqsv59LVkno0e9zPrDw6DrPGBys8I-HI1wBlJJDAKBzwM31w'. This content should also be served over HTTPS.
05-28 06:21:37.002   376   376 E RHWC2   : fox1 func=hwc2_func_validate_display line=1291 
05-28 06:21:37.002   376   376 E RHWC2   : fox1 func=hwc2_func_validate_display line=1411 
05-28 06:21:37.004   376   376 E RHWC2   : fox1 [rtk_gdma_post 1507 ]
05-28 06:21:37.004   376   376 E RHWC2   : fox1 [rtk_gdma_post 1530 ]name_of_layer = com.redflix.tvmoderno/com.redx.tvbox.MainActivity#0 num_of_layers=1
05-28 06:21:37.004   376   376 E RHWC2   : fox 1 [rtk_gdma_post 1531] HAS_FLAG=0
05-28 06:21:37.004   376   376 E RHWC2   : fox1 [rtk_gdma_post 1565 ]
05-28 06:21:37.046   376   376 E RHWC2   : fox1 func=hwc2_func_validate_display line=1291 
05-28 06:21:37.046   376   376 E RHWC2   : fox1 func=hwc2_func_validate_display line=1411 
05-28 06:21:37.048   376   376 E RHWC2   : fox1 [rtk_gdma_post 1507 ]
05-28 06:21:37.048   376   376 E RHWC2   : fox1 [rtk_gdma_post 1530 ]name_of_layer = com.redflix.tvmoderno/com.redx.tvbox.MainActivity#0 num_of_layers=1
05-28 06:21:37.048   376   376 E RHWC2   : fox 1 [rtk_gdma_post 1531] HAS_FLAG=0
05-28 06:21:37.048   376   376 E RHWC2   : fox1 [rtk_gdma_post 1565 ]
05-28 06:21:37.068   376   376 E RHWC2   : fox1 func=hwc2_func_validate_display line=1291 
05-28 06:21:37.068   376   376 E RHWC2   : fox1 func=hwc2_func_validate_display line=1411 
05-28 06:21:37.070   376   376 E RHWC2   : fox1 [rtk_gdma_post 1507 ]
05-28 06:21:37.070   376   376 E RHWC2   : fox1 [rtk_gdma_post 1530 ]name_of_layer = com.redflix.tvmoderno/com.redx.tvbox.MainActivity#0 num_of_layers=1
05-28 06:21:37.070   376   376 E RHWC2   : fox 1 [rtk_gdma_post 1531] HAS_FLAG=0
05-28 06:21:37.070   376   376 E RHWC2   : fox1 [rtk_gdma_post 1565 ]
05-28 06:21:37.102   376   376 E RHWC2   : fox1 func=hwc2_func_validate_display line=1291 
05-28 06:21:37.102   376   376 E RHWC2   : fox1 func=hwc2_func_validate_display line=1411 
05-28 06:21:37.104   376   376 E RHWC2   : fox1 [rtk_gdma_post 1507 ]
05-28 06:21:37.104   376   376 E RHWC2   : fox1 [rtk_gdma_post 1530 ]name_of_layer = com.redflix.tvmoderno/com.redx.tvbox.MainActivity#0 num_of_layers=1
05-28 06:21:37.104   376   376 E RHWC2   : fox 1 [rtk_gdma_post 1531] HAS_FLAG=0
05-28 06:21:37.104   376   376 E RHWC2   : fox1 [rtk_gdma_post 1565 ]
05-28 06:21:37.136   376   376 E RHWC2   : fox1 func=hwc2_func_validate_display line=1291 
05-28 06:21:37.136   376   376 E RHWC2   : fox1 func=hwc2_func_validate_display line=1411 
05-28 06:21:37.138   376   376 E RHWC2   : fox1 [rtk_gdma_post 1507 ]
05-28 06:21:37.138   376   376 E RHWC2   : fox1 [rtk_gdma_post 1530 ]name_of_layer = com.redflix.tvmoderno/com.redx.tvbox.MainActivity#0 num_of_layers=1
05-28 06:21:37.138   376   376 E RHWC2   : fox 1 [rtk_gdma_post 1531] HAS_FLAG=0
05-28 06:21:37.138   376   376 E RHWC2   : fox1 [rtk_gdma_post 1565 ]
05-28 06:21:37.179   376   376 E RHWC2   : fox1 func=hwc2_func_validate_display line=1291 
05-28 06:21:37.179   376   376 E RHWC2   : fox1 func=hwc2_func_validate_display line=1411 
05-28 06:21:37.182   376   376 E RHWC2   : fox1 [rtk_gdma_post 1507 ]
05-28 06:21:37.182   376   376 E RHWC2   : fox1 [rtk_gdma_post 1530 ]name_of_layer = com.redflix.tvmoderno/com.redx.tvbox.MainActivity#0 num_of_layers=1
05-28 06:21:37.182   376   376 E RHWC2   : fox 1 [rtk_gdma_post 1531] HAS_FLAG=0
05-28 06:21:37.182   376   376 E RHWC2   : fox1 [rtk_gdma_post 1565 ]
05-28 06:21:37.203   376   376 E RHWC2   : fox1 func=hwc2_func_validate_display line=1291 
05-28 06:21:37.203   376   376 E RHWC2   : fox1 func=hwc2_func_validate_display line=1411 
05-28 06:21:37.206   376   376 E RHWC2   : fox1 [rtk_gdma_post 1507 ]
05-28 06:21:37.206   376   376 E RHWC2   : fox1 [rtk_gdma_post 1530 ]name_of_layer = com.redflix.tvmoderno/com.redx.tvbox.MainActivity#0 num_of_layers=1
05-28 06:21:37.206   376   376 E RHWC2   : fox 1 [rtk_gdma_post 1531] HAS_FLAG=0
05-28 06:21:37.206   376   376 E RHWC2   : fox1 [rtk_gdma_post 1565 ]
05-28 06:21:37.235   376   376 E RHWC2   : fox1 func=hwc2_func_validate_display line=1291 
05-28 06:21:37.235   376   376 E RHWC2   : fox1 func=hwc2_func_validate_display line=1411 
05-28 06:21:37.237   376   376 E RHWC2   : fox1 [rtk_gdma_post 1507 ]
05-28 06:21:37.237   376   376 E RHWC2   : fox1 [rtk_gdma_post 1530 ]name_of_layer = com.redflix.tvmoderno/com.redx.tvbox.MainActivity#0 num_of_layers=1
05-28 06:21:37.237   376   376 E RHWC2   : fox 1 [rtk_gdma_post 1531] HAS_FLAG=0
05-28 06:21:37.237   376   376 E RHWC2   : fox1 [rtk_gdma_post 1565 ]
05-28 06:21:37.264   394   791 I HdmieArc: earc status newStatus 0, oldStatus=EN_TOS_CEC_EARC_STATUS_HANDSHAKE
05-28 06:21:37.264   394   791 I HdmieArc: rhal earc status: 0, error code: 0 
05-28 06:21:37.269   376   376 E RHWC2   : fox1 func=hwc2_func_validate_display line=1291 
05-28 06:21:37.269   376   376 E RHWC2   : fox1 func=hwc2_func_validate_display line=1411 
05-28 06:21:37.271   376   376 E RHWC2   : fox1 [rtk_gdma_post 1507 ]
05-28 06:21:37.271   376   376 E RHWC2   : fox1 [rtk_gdma_post 1530 ]name_of_layer = com.redflix.tvmoderno/com.redx.tvbox.MainActivity#0 num_of_layers=1
05-28 06:21:37.271   376   376 E RHWC2   : fox 1 [rtk_gdma_post 1531] HAS_FLAG=0
05-28 06:21:37.271   376   376 E RHWC2   : fox1 [rtk_gdma_post 1565 ]
05-28 06:21:37.303   376   376 E RHWC2   : fox1 func=hwc2_func_validate_display line=1291 
05-28 06:21:37.303   376   376 E RHWC2   : fox1 func=hwc2_func_validate_display line=1411 
05-28 06:21:37.304   376   376 E RHWC2   : fox1 [rtk_gdma_post 1507 ]
05-28 06:21:37.304   376   376 E RHWC2   : fox1 [rtk_gdma_post 1530 ]name_of_layer = com.redflix.tvmoderno/com.redx.tvbox.MainActivity#0 num_of_layers=1
05-28 06:21:37.304   376   376 E RHWC2   : fox 1 [rtk_gdma_post 1531] HAS_FLAG=0
05-28 06:21:37.304   376   376 E RHWC2   : fox1 [rtk_gdma_post 1565 ]
05-28 06:21:37.336   376   376 E RHWC2   : fox1 func=hwc2_func_validate_display line=1291 
05-28 06:21:37.336   376   376 E RHWC2   : fox1 func=hwc2_func_validate_display line=1411 
05-28 06:21:37.338   376   376 E RHWC2   : fox1 [rtk_gdma_post 1507 ]
05-28 06:21:37.338   376   376 E RHWC2   : fox1 [rtk_gdma_post 1530 ]name_of_layer = com.redflix.tvmoderno/com.redx.tvbox.MainActivity#0 num_of_layers=1
05-28 06:21:37.338   376   376 E RHWC2   : fox 1 [rtk_gdma_post 1531] HAS_FLAG=0
05-28 06:21:37.338   376   376 E RHWC2   : fox1 [rtk_gdma_post 1565 ]
05-28 06:21:37.379   376   376 E RHWC2   : fox1 func=hwc2_func_validate_display line=1291 
05-28 06:21:37.379   376   376 E RHWC2   : fox1 func=hwc2_func_validate_display line=1411 
05-28 06:21:37.382   376   376 E RHWC2   : fox1 [rtk_gdma_post 1507 ]
05-28 06:21:37.382   376   376 E RHWC2   : fox1 [rtk_gdma_post 1530 ]name_of_layer = com.redflix.tvmoderno/com.redx.tvbox.MainActivity#0 num_of_layers=1
05-28 06:21:37.382   376   376 E RHWC2   : fox 1 [rtk_gdma_post 1531] HAS_FLAG=0
05-28 06:21:37.382   376   376 E RHWC2   : fox1 [rtk_gdma_post 1565 ]
05-28 06:21:37.402   376   376 E RHWC2   : fox1 func=hwc2_func_validate_display line=1291 
05-28 06:21:37.402   376   376 E RHWC2   : fox1 func=hwc2_func_validate_display line=1411 
05-28 06:21:37.404   376   376 E RHWC2   : fox1 [rtk_gdma_post 1507 ]
05-28 06:21:37.404   376   376 E RHWC2   : fox1 [rtk_gdma_post 1530 ]name_of_layer = com.redflix.tvmoderno/com.redx.tvbox.MainActivity#0 num_of_layers=1
05-28 06:21:37.404   376   376 E RHWC2   : fox 1 [rtk_gdma_post 1531] HAS_FLAG=0
05-28 06:21:37.404   376   376 E RHWC2   : fox1 [rtk_gdma_post 1565 ]
05-28 06:21:37.435   376   376 E RHWC2   : fox1 func=hwc2_func_validate_display line=1291 
05-28 06:21:37.435   376   376 E RHWC2   : fox1 func=hwc2_func_validate_display line=1411 
05-28 06:21:37.437   376   376 E RHWC2   : fox1 [rtk_gdma_post 1507 ]
05-28 06:21:37.437   376   376 E RHWC2   : fox1 [rtk_gdma_post 1530 ]name_of_layer = com.redflix.tvmoderno/com.redx.tvbox.MainActivity#0 num_of_layers=1
05-28 06:21:37.437   376   376 E RHWC2   : fox 1 [rtk_gdma_post 1531] HAS_FLAG=0
05-28 06:21:37.437   376   376 E RHWC2   : fox1 [rtk_gdma_post 1565 ]
05-28 06:21:37.469   376   376 E RHWC2   : fox1 func=hwc2_func_validate_display line=1291 
05-28 06:21:37.469   376   376 E RHWC2   : fox1 func=hwc2_func_validate_display line=1411 
05-28 06:21:37.471   376   376 E RHWC2   : fox1 [rtk_gdma_post 1507 ]
05-28 06:21:37.472   376   376 E RHWC2   : fox1 [rtk_gdma_post 1530 ]name_of_layer = com.redflix.tvmoderno/com.redx.tvbox.MainActivity#0 num_of_layers=1
05-28 06:21:37.472   376   376 E RHWC2   : fox 1 [rtk_gdma_post 1531] HAS_FLAG=0
05-28 06:21:37.472   376   376 E RHWC2   : fox1 [rtk_gdma_post 1565 ]
05-28 06:21:37.503   376   376 E RHWC2   : fox1 func=hwc2_func_validate_display line=1291 
05-28 06:21:37.503   376   376 E RHWC2   : fox1 func=hwc2_func_validate_display line=1411 
05-28 06:21:37.505   376   376 E RHWC2   : fox1 [rtk_gdma_post 1507 ]
05-28 06:21:37.505   376   376 E RHWC2   : fox1 [rtk_gdma_post 1530 ]name_of_layer = com.redflix.tvmoderno/com.redx.tvbox.MainActivity#0 num_of_layers=1
05-28 06:21:37.505   376   376 E RHWC2   : fox 1 [rtk_gdma_post 1531] HAS_FLAG=0
05-28 06:21:37.505   376   376 E RHWC2   : fox1 [rtk_gdma_post 1565 ]
05-28 06:21:37.546   376   376 E RHWC2   : fox1 func=hwc2_func_validate_display line=1291 
05-28 06:21:37.546   376   376 E RHWC2   : fox1 func=hwc2_func_validate_display line=1411 
05-28 06:21:37.548   376   376 E RHWC2   : fox1 [rtk_gdma_post 1507 ]
05-28 06:21:37.548   376   376 E RHWC2   : fox1 [rtk_gdma_post 1530 ]name_of_layer = com.redflix.tvmoderno/com.redx.tvbox.MainActivity#0 num_of_layers=1
05-28 06:21:37.548   376   376 E RHWC2   : fox 1 [rtk_gdma_post 1531] HAS_FLAG=0
05-28 06:21:37.548   376   376 E RHWC2   : fox1 [rtk_gdma_post 1565 ]
05-28 06:21:37.579   376   376 E RHWC2   : fox1 func=hwc2_func_validate_display line=1291 
05-28 06:21:37.579   376   376 E RHWC2   : fox1 func=hwc2_func_validate_display line=1411 
05-28 06:21:37.582   376   376 E RHWC2   : fox1 [rtk_gdma_post 1507 ]
05-28 06:21:37.582   376   376 E RHWC2   : fox1 [rtk_gdma_post 1530 ]name_of_layer = com.redflix.tvmoderno/com.redx.tvbox.MainActivity#0 num_of_layers=1
05-28 06:21:37.582   376   376 E RHWC2   : fox 1 [rtk_gdma_post 1531] HAS_FLAG=0
05-28 06:21:37.582   376   376 E RHWC2   : fox1 [rtk_gdma_post 1565 ]
05-28 06:21:37.602   376   376 E RHWC2   : fox1 func=hwc2_func_validate_display line=1291 
05-28 06:21:37.602   376   376 E RHWC2   : fox1 func=hwc2_func_validate_display line=1411 
05-28 06:21:37.604   376   376 E RHWC2   : fox1 [rtk_gdma_post 1507 ]
05-28 06:21:37.604   376   376 E RHWC2   : fox1 [rtk_gdma_post 1530 ]name_of_layer = com.redflix.tvmoderno/com.redx.tvbox.MainActivity#0 num_of_layers=1
05-28 06:21:37.604   376   376 E RHWC2   : fox 1 [rtk_gdma_post 1531] HAS_FLAG=0
05-28 06:21:37.604   376   376 E RHWC2   : fox1 [rtk_gdma_post 1565 ]
05-28 06:21:37.635   376   376 E RHWC2   : fox1 func=hwc2_func_validate_display line=1291 
05-28 06:21:37.635   376   376 E RHWC2   : fox1 func=hwc2_func_validate_display line=1411 
05-28 06:21:37.636   376   376 E RHWC2   : fox1 [rtk_gdma_post 1507 ]
05-28 06:21:37.637   376   376 E RHWC2   : fox1 [rtk_gdma_post 1530 ]name_of_layer = com.redflix.tvmoderno/com.redx.tvbox.MainActivity#0 num_of_layers=1
05-28 06:21:37.637   376   376 E RHWC2   : fox 1 [rtk_gdma_post 1531] HAS_FLAG=0
05-28 06:21:37.637   376   376 E RHWC2   : fox1 [rtk_gdma_post 1565 ]
05-28 06:21:37.668   376   376 E RHWC2   : fox1 func=hwc2_func_validate_display line=1291 
05-28 06:21:37.668   376   376 E RHWC2   : fox1 func=hwc2_func_validate_display line=1411 
05-28 06:21:37.671   376   376 E RHWC2   : fox1 [rtk_gdma_post 1507 ]
05-28 06:21:37.671   376   376 E RHWC2   : fox1 [rtk_gdma_post 1530 ]name_of_layer = com.redflix.tvmoderno/com.redx.tvbox.MainActivity#0 num_of_layers=1
05-28 06:21:37.671   376   376 E RHWC2   : fox 1 [rtk_gdma_post 1531] HAS_FLAG=0
05-28 06:21:37.671   376   376 E RHWC2   : fox1 [rtk_gdma_post 1565 ]
05-28 06:21:37.702   376   376 E RHWC2   : fox1 func=hwc2_func_validate_display line=1291 
05-28 06:21:37.702   376   376 E RHWC2   : fox1 func=hwc2_func_validate_display line=1411 
05-28 06:21:37.704   376   376 E RHWC2   : fox1 [rtk_gdma_post 1507 ]
05-28 06:21:37.704   376   376 E RHWC2   : fox1 [rtk_gdma_post 1530 ]name_of_layer = com.redflix.tvmoderno/com.redx.tvbox.MainActivity#0 num_of_layers=1
05-28 06:21:37.704   376   376 E RHWC2   : fox 1 [rtk_gdma_post 1531] HAS_FLAG=0
05-28 06:21:37.704   376   376 E RHWC2   : fox1 [rtk_gdma_post 1565 ]
05-28 06:21:37.735   376   376 E RHWC2   : fox1 func=hwc2_func_validate_display line=1291 
05-28 06:21:37.735   376   376 E RHWC2   : fox1 func=hwc2_func_validate_display line=1411 
05-28 06:21:37.737   376   376 E RHWC2   : fox1 [rtk_gdma_post 1507 ]
05-28 06:21:37.737   376   376 E RHWC2   : fox1 [rtk_gdma_post 1530 ]name_of_layer = com.redflix.tvmoderno/com.redx.tvbox.MainActivity#0 num_of_layers=1
05-28 06:21:37.737   376   376 E RHWC2   : fox 1 [rtk_gdma_post 1531] HAS_FLAG=0
05-28 06:21:37.737   376   376 E RHWC2   : fox1 [rtk_gdma_post 1565 ]
05-28 06:21:37.769   376   376 E RHWC2   : fox1 func=hwc2_func_validate_display line=1291 
05-28 06:21:37.769   376   376 E RHWC2   : fox1 func=hwc2_func_validate_display line=1411 
05-28 06:21:37.771   376   376 E RHWC2   : fox1 [rtk_gdma_post 1507 ]
05-28 06:21:37.771   376   376 E RHWC2   : fox1 [rtk_gdma_post 1530 ]name_of_layer = com.redflix.tvmoderno/com.redx.tvbox.MainActivity#0 num_of_layers=1
05-28 06:21:37.771   376   376 E RHWC2   : fox 1 [rtk_gdma_post 1531] HAS_FLAG=0
05-28 06:21:37.771   376   376 E RHWC2   : fox1 [rtk_gdma_post 1565 ]
05-28 06:21:37.802   376   376 E RHWC2   : fox1 func=hwc2_func_validate_display line=1291 
05-28 06:21:37.802   376   376 E RHWC2   : fox1 func=hwc2_func_validate_display line=1411 
05-28 06:21:37.804   376   376 E RHWC2   : fox1 [rtk_gdma_post 1507 ]
05-28 06:21:37.804   376   376 E RHWC2   : fox1 [rtk_gdma_post 1530 ]name_of_layer = com.redflix.tvmoderno/com.redx.tvbox.MainActivity#0 num_of_layers=1
05-28 06:21:37.804   376   376 E RHWC2   : fox 1 [rtk_gdma_post 1531] HAS_FLAG=0
05-28 06:21:37.804   376   376 E RHWC2   : fox1 [rtk_gdma_post 1565 ]
05-28 06:21:37.846   376   376 E RHWC2   : fox1 func=hwc2_func_validate_display line=1291 
05-28 06:21:37.846   376   376 E RHWC2   : fox1 func=hwc2_func_validate_display line=1411 
05-28 06:21:37.849   376   376 E RHWC2   : fox1 [rtk_gdma_post 1507 ]
05-28 06:21:37.849   376   376 E RHWC2   : fox1 [rtk_gdma_post 1530 ]name_of_layer = com.redflix.tvmoderno/com.redx.tvbox.MainActivity#0 num_of_layers=1
05-28 06:21:37.849   376   376 E RHWC2   : fox 1 [rtk_gdma_post 1531] HAS_FLAG=0
05-28 06:21:37.849   376   376 E RHWC2   : fox1 [rtk_gdma_post 1565 ]
05-28 06:21:37.870   376   376 E RHWC2   : fox1 func=hwc2_func_validate_display line=1291 
05-28 06:21:37.870   376   376 E RHWC2   : fox1 func=hwc2_func_validate_display line=1411 
05-28 06:21:37.872   376   376 E RHWC2   : fox1 [rtk_gdma_post 1507 ]
05-28 06:21:37.872   376   376 E RHWC2   : fox1 [rtk_gdma_post 1530 ]name_of_layer = com.redflix.tvmoderno/com.redx.tvbox.MainActivity#0 num_of_layers=1
05-28 06:21:37.872   376   376 E RHWC2   : fox 1 [rtk_gdma_post 1531] HAS_FLAG=0
05-28 06:21:37.873   376   376 E RHWC2   : fox1 [rtk_gdma_post 1565 ]
05-28 06:21:37.903   376   376 E RHWC2   : fox1 func=hwc2_func_validate_display line=1291 
05-28 06:21:37.903   376   376 E RHWC2   : fox1 func=hwc2_func_validate_display line=1411 
05-28 06:21:37.905   376   376 E RHWC2   : fox1 [rtk_gdma_post 1507 ]
05-28 06:21:37.905   376   376 E RHWC2   : fox1 [rtk_gdma_post 1530 ]name_of_layer = com.redflix.tvmoderno/com.redx.tvbox.MainActivity#0 num_of_layers=1
05-28 06:21:37.905   376   376 E RHWC2   : fox 1 [rtk_gdma_post 1531] HAS_FLAG=0
05-28 06:21:37.905   376   376 E RHWC2   : fox1 [rtk_gdma_post 1565 ]
05-28 06:21:37.936   376   376 E RHWC2   : fox1 func=hwc2_func_validate_display line=1291 
05-28 06:21:37.936   376   376 E RHWC2   : fox1 func=hwc2_func_validate_display line=1411 
05-28 06:21:37.938   376   376 E RHWC2   : fox1 [rtk_gdma_post 1507 ]
05-28 06:21:37.938   376   376 E RHWC2   : fox1 [rtk_gdma_post 1530 ]name_of_layer = com.redflix.tvmoderno/com.redx.tvbox.MainActivity#0 num_of_layers=1
05-28 06:21:37.938   376   376 E RHWC2   : fox 1 [rtk_gdma_post 1531] HAS_FLAG=0
05-28 06:21:37.938   376   376 E RHWC2   : fox1 [rtk_gdma_post 1565 ]
05-28 06:21:37.979   376   376 E RHWC2   : fox1 func=hwc2_func_validate_display line=1291 
05-28 06:21:37.980   376   376 E RHWC2   : fox1 func=hwc2_func_validate_display line=1411 
05-28 06:21:37.982   376   376 E RHWC2   : fox1 [rtk_gdma_post 1507 ]
05-28 06:21:37.982   376   376 E RHWC2   : fox1 [rtk_gdma_post 1530 ]name_of_layer = com.redflix.tvmoderno/com.redx.tvbox.MainActivity#0 num_of_layers=1
05-28 06:21:37.982   376   376 E RHWC2   : fox 1 [rtk_gdma_post 1531] HAS_FLAG=0
05-28 06:21:37.982   376   376 E RHWC2   : fox1 [rtk_gdma_post 1565 ]
05-28 06:21:38.013   376   376 E RHWC2   : fox1 func=hwc2_func_validate_display line=1291 
05-28 06:21:38.013   376   376 E RHWC2   : fox1 func=hwc2_func_validate_display line=1411 
05-28 06:21:38.015   376   376 E RHWC2   : fox1 [rtk_gdma_post 1507 ]
05-28 06:21:38.015   376   376 E RHWC2   : fox1 [rtk_gdma_post 1530 ]name_of_layer = com.redflix.tvmoderno/com.redx.tvbox.MainActivity#0 num_of_layers=1
05-28 06:21:38.015   376   376 E RHWC2   : fox 1 [rtk_gdma_post 1531] HAS_FLAG=0
05-28 06:21:38.015   376   376 E RHWC2   : fox1 [rtk_gdma_post 1565 ]
05-28 06:21:38.034   376   376 E RHWC2   : fox1 func=hwc2_func_validate_display line=1291 
05-28 06:21:38.035   376   376 E RHWC2   : fox1 func=hwc2_func_validate_display line=1411 
05-28 06:21:38.036   376   376 E RHWC2   : fox1 [rtk_gdma_post 1507 ]
05-28 06:21:38.036   376   376 E RHWC2   : fox1 [rtk_gdma_post 1530 ]name_of_layer = com.redflix.tvmoderno/com.redx.tvbox.MainActivity#0 num_of_layers=1
05-28 06:21:38.036   376   376 E RHWC2   : fox 1 [rtk_gdma_post 1531] HAS_FLAG=0
05-28 06:21:38.036   376   376 E RHWC2   : fox1 [rtk_gdma_post 1565 ]
05-28 06:21:38.068   376   376 E RHWC2   : fox1 func=hwc2_func_validate_display line=1291 
05-28 06:21:38.068   376   376 E RHWC2   : fox1 func=hwc2_func_validate_display line=1411 
05-28 06:21:38.069   376   376 E RHWC2   : fox1 [rtk_gdma_post 1507 ]
05-28 06:21:38.069   376   376 E RHWC2   : fox1 [rtk_gdma_post 1530 ]name_of_layer = com.redflix.tvmoderno/com.redx.tvbox.MainActivity#0 num_of_layers=1
05-28 06:21:38.069   376   376 E RHWC2   : fox 1 [rtk_gdma_post 1531] HAS_FLAG=0
05-28 06:21:38.069   376   376 E RHWC2   : fox1 [rtk_gdma_post 1565 ]
05-28 06:21:38.101   376   376 E RHWC2   : fox1 func=hwc2_func_validate_display line=1291 
05-28 06:21:38.101   376   376 E RHWC2   : fox1 func=hwc2_func_validate_display line=1411 
05-28 06:21:38.104   376   376 E RHWC2   : fox1 [rtk_gdma_post 1507 ]
05-28 06:21:38.104   376   376 E RHWC2   : fox1 [rtk_gdma_post 1530 ]name_of_layer = com.redflix.tvmoderno/com.redx.tvbox.MainActivity#0 num_of_layers=1
05-28 06:21:38.104   376   376 E RHWC2   : fox 1 [rtk_gdma_post 1531] HAS_FLAG=0
05-28 06:21:38.104   376   376 E RHWC2   : fox1 [rtk_gdma_post 1565 ]
05-28 06:21:38.135   376   376 E RHWC2   : fox1 func=hwc2_func_validate_display line=1291 
05-28 06:21:38.135   376   376 E RHWC2   : fox1 func=hwc2_func_validate_display line=1411 
05-28 06:21:38.137   376   376 E RHWC2   : fox1 [rtk_gdma_post 1507 ]
05-28 06:21:38.137   376   376 E RHWC2   : fox1 [rtk_gdma_post 1530 ]name_of_layer = com.redflix.tvmoderno/com.redx.tvbox.MainActivity#0 num_of_layers=1
05-28 06:21:38.137   376   376 E RHWC2   : fox 1 [rtk_gdma_post 1531] HAS_FLAG=0
05-28 06:21:38.137   376   376 E RHWC2   : fox1 [rtk_gdma_post 1565 ]
05-28 06:21:38.168   376   376 E RHWC2   : fox1 func=hwc2_func_validate_display line=1291 
05-28 06:21:38.168   376   376 E RHWC2   : fox1 func=hwc2_func_validate_display line=1411 
05-28 06:21:38.171   376   376 E RHWC2   : fox1 [rtk_gdma_post 1507 ]
05-28 06:21:38.171   376   376 E RHWC2   : fox1 [rtk_gdma_post 1530 ]name_of_layer = com.redflix.tvmoderno/com.redx.tvbox.MainActivity#0 num_of_layers=1
05-28 06:21:38.171   376   376 E RHWC2   : fox 1 [rtk_gdma_post 1531] HAS_FLAG=0
05-28 06:21:38.171   376   376 E RHWC2   : fox1 [rtk_gdma_post 1565 ]
05-28 06:21:38.202   376   376 E RHWC2   : fox1 func=hwc2_func_validate_display line=1291 
05-28 06:21:38.202   376   376 E RHWC2   : fox1 func=hwc2_func_validate_display line=1411 
05-28 06:21:38.204   376   376 E RHWC2   : fox1 [rtk_gdma_post 1507 ]
05-28 06:21:38.204   376   376 E RHWC2   : fox1 [rtk_gdma_post 1530 ]name_of_layer = com.redflix.tvmoderno/com.redx.tvbox.MainActivity#0 num_of_layers=1
05-28 06:21:38.205   376   376 E RHWC2   : fox 1 [rtk_gdma_post 1531] HAS_FLAG=0
05-28 06:21:38.205   376   376 E RHWC2   : fox1 [rtk_gdma_post 1565 ]
05-28 06:21:38.234   376   376 E RHWC2   : fox1 func=hwc2_func_validate_display line=1291 
05-28 06:21:38.234   376   376 E RHWC2   : fox1 func=hwc2_func_validate_display line=1411 
05-28 06:21:38.236   376   376 E RHWC2   : fox1 [rtk_gdma_post 1507 ]
05-28 06:21:38.236   376   376 E RHWC2   : fox1 [rtk_gdma_post 1530 ]name_of_layer = com.redflix.tvmoderno/com.redx.tvbox.MainActivity#0 num_of_layers=1
05-28 06:21:38.236   376   376 E RHWC2   : fox 1 [rtk_gdma_post 1531] HAS_FLAG=0
05-28 06:21:38.236   376   376 E RHWC2   : fox1 [rtk_gdma_post 1565 ]
05-28 06:21:38.264   394   791 I HdmieArc: earc status newStatus 0, oldStatus=EN_TOS_CEC_EARC_STATUS_HANDSHAKE
05-28 06:21:38.264   394   791 I HdmieArc: rhal earc status: 0, error code: 0 
05-28 06:21:38.268   376   376 E RHWC2   : fox1 func=hwc2_func_validate_display line=1291 
05-28 06:21:38.268   376   376 E RHWC2   : fox1 func=hwc2_func_validate_display line=1411 
05-28 06:21:38.270   376   376 E RHWC2   : fox1 [rtk_gdma_post 1507 ]
05-28 06:21:38.270   376   376 E RHWC2   : fox1 [rtk_gdma_post 1530 ]name_of_layer = com.redflix.tvmoderno/com.redx.tvbox.MainActivity#0 num_of_layers=1
05-28 06:21:38.270   376   376 E RHWC2   : fox 1 [rtk_gdma_post 1531] HAS_FLAG=0
05-28 06:21:38.270   376   376 E RHWC2   : fox1 [rtk_gdma_post 1565 ]
05-28 06:21:38.302   376   376 E RHWC2   : fox1 func=hwc2_func_validate_display line=1291 
05-28 06:21:38.302   376   376 E RHWC2   : fox1 func=hwc2_func_validate_display line=1411 
05-28 06:21:38.304   376   376 E RHWC2   : fox1 [rtk_gdma_post 1507 ]
05-28 06:21:38.304   376   376 E RHWC2   : fox1 [rtk_gdma_post 1530 ]name_of_layer = com.redflix.tvmoderno/com.redx.tvbox.MainActivity#0 num_of_layers=1
05-28 06:21:38.304   376   376 E RHWC2   : fox 1 [rtk_gdma_post 1531] HAS_FLAG=0
05-28 06:21:38.304   376   376 E RHWC2   : fox1 [rtk_gdma_post 1565 ]
05-28 06:21:38.346   376   376 E RHWC2   : fox1 func=hwc2_func_validate_display line=1291 
05-28 06:21:38.346   376   376 E RHWC2   : fox1 func=hwc2_func_validate_display line=1411 
05-28 06:21:38.348   376   376 E RHWC2   : fox1 [rtk_gdma_post 1507 ]
05-28 06:21:38.348   376   376 E RHWC2   : fox1 [rtk_gdma_post 1530 ]name_of_layer = com.redflix.tvmoderno/com.redx.tvbox.MainActivity#0 num_of_layers=1
05-28 06:21:38.348   376   376 E RHWC2   : fox 1 [rtk_gdma_post 1531] HAS_FLAG=0
05-28 06:21:38.348   376   376 E RHWC2   : fox1 [rtk_gdma_post 1565 ]
05-28 06:21:38.369   376   376 E RHWC2   : fox1 func=hwc2_func_validate_display line=1291 
05-28 06:21:38.369   376   376 E RHWC2   : fox1 func=hwc2_func_validate_display line=1411 
05-28 06:21:38.371   376   376 E RHWC2   : fox1 [rtk_gdma_post 1507 ]
05-28 06:21:38.371   376   376 E RHWC2   : fox1 [rtk_gdma_post 1530 ]name_of_layer = com.redflix.tvmoderno/com.redx.tvbox.MainActivity#0 num_of_layers=1
05-28 06:21:38.371   376   376 E RHWC2   : fox 1 [rtk_gdma_post 1531] HAS_FLAG=0
05-28 06:21:38.371   376   376 E RHWC2   : fox1 [rtk_gdma_post 1565 ]
05-28 06:21:38.402   376   376 E RHWC2   : fox1 func=hwc2_func_validate_display line=1291 
05-28 06:21:38.402   376   376 E RHWC2   : fox1 func=hwc2_func_validate_display line=1411 
05-28 06:21:38.404   376   376 E RHWC2   : fox1 [rtk_gdma_post 1507 ]
05-28 06:21:38.404   376   376 E RHWC2   : fox1 [rtk_gdma_post 1530 ]name_of_layer = com.redflix.tvmoderno/com.redx.tvbox.MainActivity#0 num_of_layers=1
05-28 06:21:38.404   376   376 E RHWC2   : fox 1 [rtk_gdma_post 1531] HAS_FLAG=0
05-28 06:21:38.404   376   376 E RHWC2   : fox1 [rtk_gdma_post 1565 ]
05-28 06:21:38.422   364  4066 D rtk_audio_hw: [PCM] PTS >= 0, in samples 54230832 [54234368, 3536,   0] 42075.000
05-28 06:21:38.436   376   376 E RHWC2   : fox1 func=hwc2_func_validate_display line=1291 
05-28 06:21:38.436   376   376 E RHWC2   : fox1 func=hwc2_func_validate_display line=1411 
05-28 06:21:38.439   376   376 E RHWC2   : fox1 [rtk_gdma_post 1507 ]
05-28 06:21:38.439   376   376 E RHWC2   : fox1 [rtk_gdma_post 1530 ]name_of_layer = com.redflix.tvmoderno/com.redx.tvbox.MainActivity#0 num_of_layers=1
05-28 06:21:38.439   376   376 E RHWC2   : fox 1 [rtk_gdma_post 1531] HAS_FLAG=0
05-28 06:21:38.439   376   376 E RHWC2   : fox1 [rtk_gdma_post 1565 ]
05-28 06:21:38.468   376   376 E RHWC2   : fox1 func=hwc2_func_validate_display line=1291 
05-28 06:21:38.468   376   376 E RHWC2   : fox1 func=hwc2_func_validate_display line=1411 
05-28 06:21:38.470   376   376 E RHWC2   : fox1 [rtk_gdma_post 1507 ]
05-28 06:21:38.470   376   376 E RHWC2   : fox1 [rtk_gdma_post 1530 ]name_of_layer = com.redflix.tvmoderno/com.redx.tvbox.MainActivity#0 num_of_layers=1
05-28 06:21:38.470   376   376 E RHWC2   : fox 1 [rtk_gdma_post 1531] HAS_FLAG=0
05-28 06:21:38.470   376   376 E RHWC2   : fox1 [rtk_gdma_post 1565 ]
05-28 06:21:38.502   376   376 E RHWC2   : fox1 func=hwc2_func_validate_display line=1291 
05-28 06:21:38.502   376   376 E RHWC2   : fox1 func=hwc2_func_validate_display line=1411 
05-28 06:21:38.505   376   376 E RHWC2   : fox1 [rtk_gdma_post 1507 ]
05-28 06:21:38.505   376   376 E RHWC2   : fox1 [rtk_gdma_post 1530 ]name_of_layer = com.redflix.tvmoderno/com.redx.tvbox.MainActivity#0 num_of_layers=1
05-28 06:21:38.505   376   376 E RHWC2   : fox 1 [rtk_gdma_post 1531] HAS_FLAG=0
05-28 06:21:38.505   376   376 E RHWC2   : fox1 [rtk_gdma_post 1565 ]
05-28 06:21:38.536   376   376 E RHWC2   : fox1 func=hwc2_func_validate_display line=1291 
05-28 06:21:38.536   376   376 E RHWC2   : fox1 func=hwc2_func_validate_display line=1411 
05-28 06:21:38.539   376   376 E RHWC2   : fox1 [rtk_gdma_post 1507 ]
05-28 06:21:38.539   376   376 E RHWC2   : fox1 [rtk_gdma_post 1530 ]name_of_layer = com.redflix.tvmoderno/com.redx.tvbox.MainActivity#0 num_of_layers=1
05-28 06:21:38.539   376   376 E RHWC2   : fox 1 [rtk_gdma_post 1531] HAS_FLAG=0
05-28 06:21:38.539   376   376 E RHWC2   : fox1 [rtk_gdma_post 1565 ]
05-28 06:21:38.579   376   376 E RHWC2   : fox1 func=hwc2_func_validate_display line=1291 
05-28 06:21:38.579   376   376 E RHWC2   : fox1 func=hwc2_func_validate_display line=1411 
05-28 06:21:38.582   376   376 E RHWC2   : fox1 [rtk_gdma_post 1507 ]
05-28 06:21:38.582   376   376 E RHWC2   : fox1 [rtk_gdma_post 1530 ]name_of_layer = com.redflix.tvmoderno/com.redx.tvbox.MainActivity#0 num_of_layers=1
05-28 06:21:38.582   376   376 E RHWC2   : fox 1 [rtk_gdma_post 1531] HAS_FLAG=0
05-28 06:21:38.582   376   376 E RHWC2   : fox1 [rtk_gdma_post 1565 ]
05-28 06:21:38.603   376   376 E RHWC2   : fox1 func=hwc2_func_validate_display line=1291 
05-28 06:21:38.603   376   376 E RHWC2   : fox1 func=hwc2_func_validate_display line=1411 
05-28 06:21:38.605   376   376 E RHWC2   : fox1 [rtk_gdma_post 1507 ]
05-28 06:21:38.605   376   376 E RHWC2   : fox1 [rtk_gdma_post 1530 ]name_of_layer = com.redflix.tvmoderno/com.redx.tvbox.MainActivity#0 num_of_layers=1
05-28 06:21:38.605   376   376 E RHWC2   : fox 1 [rtk_gdma_post 1531] HAS_FLAG=0
05-28 06:21:38.605   376   376 E RHWC2   : fox1 [rtk_gdma_post 1565 ]
05-28 06:21:38.635   376   376 E RHWC2   : fox1 func=hwc2_func_validate_display line=1291 
05-28 06:21:38.635   376   376 E RHWC2   : fox1 func=hwc2_func_validate_display line=1411 
05-28 06:21:38.637   376   376 E RHWC2   : fox1 [rtk_gdma_post 1507 ]
05-28 06:21:38.637   376   376 E RHWC2   : fox1 [rtk_gdma_post 1530 ]name_of_layer = com.redflix.tvmoderno/com.redx.tvbox.MainActivity#0 num_of_layers=1
05-28 06:21:38.637   376   376 E RHWC2   : fox 1 [rtk_gdma_post 1531] HAS_FLAG=0
05-28 06:21:38.637   376   376 E RHWC2   : fox1 [rtk_gdma_post 1565 ]
05-28 06:21:38.646  1207  1207 D wpa_supplicant: wlan_traffic_statistics rx_byte = 3113058549 rx rate = 7640 Kb/s
05-28 06:21:38.647  1207  1207 D wpa_supplicant: wlan_traffic_statistics tx_byte = 536678974 tx rate = 216 Kb/s
05-28 06:21:38.668   376   376 E RHWC2   : fox1 func=hwc2_func_validate_display line=1291 
05-28 06:21:38.668   376   376 E RHWC2   : fox1 func=hwc2_func_validate_display line=1411 
05-28 06:21:38.671   376   376 E RHWC2   : fox1 [rtk_gdma_post 1507 ]
05-28 06:21:38.671   376   376 E RHWC2   : fox1 [rtk_gdma_post 1530 ]name_of_layer = com.redflix.tvmoderno/com.redx.tvbox.MainActivity#0 num_of_layers=1
05-28 06:21:38.671   376   376 E RHWC2   : fox 1 [rtk_gdma_post 1531] HAS_FLAG=0
05-28 06:21:38.671   376   376 E RHWC2   : fox1 [rtk_gdma_post 1565 ]
05-28 06:21:38.703   376   376 E RHWC2   : fox1 func=hwc2_func_validate_display line=1291 
05-28 06:21:38.703   376   376 E RHWC2   : fox1 func=hwc2_func_validate_display line=1411 
05-28 06:21:38.706   376   376 E RHWC2   : fox1 [rtk_gdma_post 1507 ]
05-28 06:21:38.706   376   376 E RHWC2   : fox1 [rtk_gdma_post 1530 ]name_of_layer = com.redflix.tvmoderno/com.redx.tvbox.MainActivity#0 num_of_layers=1
05-28 06:21:38.706   376   376 E RHWC2   : fox 1 [rtk_gdma_post 1531] HAS_FLAG=0
05-28 06:21:38.706   376   376 E RHWC2   : fox1 [rtk_gdma_post 1565 ]
05-28 06:21:38.736   376   376 E RHWC2   : fox1 func=hwc2_func_validate_display line=1291 
05-28 06:21:38.736   376   376 E RHWC2   : fox1 func=hwc2_func_validate_display line=1411 
05-28 06:21:38.738   376   376 E RHWC2   : fox1 [rtk_gdma_post 1507 ]
05-28 06:21:38.738   376   376 E RHWC2   : fox1 [rtk_gdma_post 1530 ]name_of_layer = com.redflix.tvmoderno/com.redx.tvbox.MainActivity#0 num_of_layers=1
05-28 06:21:38.738   376   376 E RHWC2   : fox 1 [rtk_gdma_post 1531] HAS_FLAG=0
05-28 06:21:38.738   376   376 E RHWC2   : fox1 [rtk_gdma_post 1565 ]
05-28 06:21:38.770   376   376 E RHWC2   : fox1 func=hwc2_func_validate_display line=1291 
05-28 06:21:38.770   376   376 E RHWC2   : fox1 func=hwc2_func_validate_display line=1411 
05-28 06:21:38.772   376   376 E RHWC2   : fox1 [rtk_gdma_post 1507 ]
05-28 06:21:38.772   376   376 E RHWC2   : fox1 [rtk_gdma_post 1530 ]name_of_layer = com.redflix.tvmoderno/com.redx.tvbox.MainActivity#0 num_of_layers=1
05-28 06:21:38.772   376   376 E RHWC2   : fox 1 [rtk_gdma_post 1531] HAS_FLAG=0
05-28 06:21:38.772   376   376 E RHWC2   : fox1 [rtk_gdma_post 1565 ]
05-28 06:21:38.813   376   376 E RHWC2   : fox1 func=hwc2_func_validate_display line=1291 
05-28 06:21:38.813   376   376 E RHWC2   : fox1 func=hwc2_func_validate_display line=1411 
05-28 06:21:38.814  2208  3757 D TCastPublishOverUdp: ed8fb9a@sendOnline
05-28 06:21:38.816   376   376 E RHWC2   : fox1 [rtk_gdma_post 1507 ]
05-28 06:21:38.816   376   376 E RHWC2   : fox1 [rtk_gdma_post 1530 ]name_of_layer = com.redflix.tvmoderno/com.redx.tvbox.MainActivity#0 num_of_layers=1
05-28 06:21:38.816   376   376 E RHWC2   : fox 1 [rtk_gdma_post 1531] HAS_FLAG=0
05-28 06:21:38.816   376   376 E RHWC2   : fox1 [rtk_gdma_post 1565 ]
05-28 06:21:38.846   376   376 E RHWC2   : fox1 func=hwc2_func_validate_display line=1291 
05-28 06:21:38.846   376   376 E RHWC2   : fox1 func=hwc2_func_validate_display line=1411 
05-28 06:21:38.850   376   376 E RHWC2   : fox1 [rtk_gdma_post 1507 ]
05-28 06:21:38.850   376   376 E RHWC2   : fox1 [rtk_gdma_post 1530 ]name_of_layer = com.redflix.tvmoderno/com.redx.tvbox.MainActivity#0 num_of_layers=1
05-28 06:21:38.850   376   376 E RHWC2   : fox 1 [rtk_gdma_post 1531] HAS_FLAG=0
05-28 06:21:38.850   376   376 E RHWC2   : fox1 [rtk_gdma_post 1565 ]
05-28 06:21:38.879   376   376 E RHWC2   : fox1 func=hwc2_func_validate_display line=1291 
05-28 06:21:38.879   376   376 E RHWC2   : fox1 func=hwc2_func_validate_display line=1411 
05-28 06:21:38.882   376   376 E RHWC2   : fox1 [rtk_gdma_post 1507 ]
05-28 06:21:38.882   376   376 E RHWC2   : fox1 [rtk_gdma_post 1530 ]name_of_layer = com.redflix.tvmoderno/com.redx.tvbox.MainActivity#0 num_of_layers=1
05-28 06:21:38.882   376   376 E RHWC2   : fox 1 [rtk_gdma_post 1531] HAS_FLAG=0
05-28 06:21:38.882   376   376 E RHWC2   : fox1 [rtk_gdma_post 1565 ]
05-28 06:21:38.903   376   376 E RHWC2   : fox1 func=hwc2_func_validate_display line=1291 
05-28 06:21:38.903   376   376 E RHWC2   : fox1 func=hwc2_func_validate_display line=1411 
05-28 06:21:38.905   376   376 E RHWC2   : fox1 [rtk_gdma_post 1507 ]
05-28 06:21:38.905   376   376 E RHWC2   : fox1 [rtk_gdma_post 1530 ]name_of_layer = com.redflix.tvmoderno/com.redx.tvbox.MainActivity#0 num_of_layers=1
05-28 06:21:38.905   376   376 E RHWC2   : fox 1 [rtk_gdma_post 1531] HAS_FLAG=0
05-28 06:21:38.905   376   376 E RHWC2   : fox1 [rtk_gdma_post 1565 ]
05-28 06:21:38.936   376   376 E RHWC2   : fox1 func=hwc2_func_validate_display line=1291 
05-28 06:21:38.936   376   376 E RHWC2   : fox1 func=hwc2_func_validate_display line=1411 
05-28 06:21:38.938   376   376 E RHWC2   : fox1 [rtk_gdma_post 1507 ]
05-28 06:21:38.938   376   376 E RHWC2   : fox1 [rtk_gdma_post 1530 ]name_of_layer = com.redflix.tvmoderno/com.redx.tvbox.MainActivity#0 num_of_layers=1
05-28 06:21:38.938   376   376 E RHWC2   : fox 1 [rtk_gdma_post 1531] HAS_FLAG=0
05-28 06:21:38.938   376   376 E RHWC2   : fox1 [rtk_gdma_post 1565 ]
05-28 06:21:38.979   376   376 E RHWC2   : fox1 func=hwc2_func_validate_display line=1291 
05-28 06:21:38.979   376   376 E RHWC2   : fox1 func=hwc2_func_validate_display line=1411 
05-28 06:21:38.982   376   376 E RHWC2   : fox1 [rtk_gdma_post 1507 ]
05-28 06:21:38.982   376   376 E RHWC2   : fox1 [rtk_gdma_post 1530 ]name_of_layer = com.redflix.tvmoderno/com.redx.tvbox.MainActivity#0 num_of_layers=1
05-28 06:21:38.982   376   376 E RHWC2   : fox 1 [rtk_gdma_post 1531] HAS_FLAG=0
05-28 06:21:38.982   376   376 E RHWC2   : fox1 [rtk_gdma_post 1565 ]
05-28 06:21:39.003   376   376 E RHWC2   : fox1 func=hwc2_func_validate_display line=1291 
05-28 06:21:39.003   376   376 E RHWC2   : fox1 func=hwc2_func_validate_display line=1411 
05-28 06:21:39.005   376   376 E RHWC2   : fox1 [rtk_gdma_post 1507 ]
05-28 06:21:39.005   376   376 E RHWC2   : fox1 [rtk_gdma_post 1530 ]name_of_layer = com.redflix.tvmoderno/com.redx.tvbox.MainActivity#0 num_of_layers=1
05-28 06:21:39.005   376   376 E RHWC2   : fox 1 [rtk_gdma_post 1531] HAS_FLAG=0
05-28 06:21:39.005   376   376 E RHWC2   : fox1 [rtk_gdma_post 1565 ]
05-28 06:21:39.036   376   376 E RHWC2   : fox1 func=hwc2_func_validate_display line=1291 
05-28 06:21:39.036   376   376 E RHWC2   : fox1 func=hwc2_func_validate_display line=1411 
05-28 06:21:39.039   376   376 E RHWC2   : fox1 [rtk_gdma_post 1507 ]
05-28 06:21:39.039   376   376 E RHWC2   : fox1 [rtk_gdma_post 1530 ]name_of_layer = com.redflix.tvmoderno/com.redx.tvbox.MainActivity#0 num_of_layers=1
05-28 06:21:39.039   376   376 E RHWC2   : fox 1 [rtk_gdma_post 1531] HAS_FLAG=0
05-28 06:21:39.039   376   376 E RHWC2   : fox1 [rtk_gdma_post 1565 ]
05-28 06:21:39.069   376   376 E RHWC2   : fox1 func=hwc2_func_validate_display line=1291 
05-28 06:21:39.069   376   376 E RHWC2   : fox1 func=hwc2_func_validate_display line=1411 
05-28 06:21:39.071   376   376 E RHWC2   : fox1 [rtk_gdma_post 1507 ]
05-28 06:21:39.071   376   376 E RHWC2   : fox1 [rtk_gdma_post 1530 ]name_of_layer = com.redflix.tvmoderno/com.redx.tvbox.MainActivity#0 num_of_layers=1
05-28 06:21:39.071   376   376 E RHWC2   : fox 1 [rtk_gdma_post 1531] HAS_FLAG=0
05-28 06:21:39.071   376   376 E RHWC2   : fox1 [rtk_gdma_post 1565 ]
05-28 06:21:39.103   376   376 E RHWC2   : fox1 func=hwc2_func_validate_display line=1291 
05-28 06:21:39.103   376   376 E RHWC2   : fox1 func=hwc2_func_validate_display line=1411 
05-28 06:21:39.105   376   376 E RHWC2   : fox1 [rtk_gdma_post 1507 ]
05-28 06:21:39.105   376   376 E RHWC2   : fox1 [rtk_gdma_post 1530 ]name_of_layer = com.redflix.tvmoderno/com.redx.tvbox.MainActivity#0 num_of_layers=1
05-28 06:21:39.105   376   376 E RHWC2   : fox 1 [rtk_gdma_post 1531] HAS_FLAG=0
05-28 06:21:39.105   376   376 E RHWC2   : fox1 [rtk_gdma_post 1565 ]
05-28 06:21:39.136   376   376 E RHWC2   : fox1 func=hwc2_func_validate_display line=1291 
05-28 06:21:39.136   376   376 E RHWC2   : fox1 func=hwc2_func_validate_display line=1411 
05-28 06:21:39.138   376   376 E RHWC2   : fox1 [rtk_gdma_post 1507 ]
